
> portfolio-multi-page@1.0.0 test
> jest

FAIL app/__tests__/providers.property.test.tsx
  ● Console

    console.error
      Error: Uncaught [Error: useTheme must be used within Providers]
          at reportException (C:\Users\Rosaire\Desktop\Portfolio\node_modules\jsdom\lib\jsdom\living\helpers\runtime-script-errors.js:66:24)
          at innerInvokeEventListeners (C:\Users\Rosaire\Desktop\Portfolio\node_modules\jsdom\lib\jsdom\living\events\EventTarget-impl.js:353:9)
          at invokeEventListeners (C:\Users\Rosaire\Desktop\Portfolio\node_modules\jsdom\lib\jsdom\living\events\EventTarget-impl.js:286:3)
          at HTMLUnknownElementImpl._dispatch (C:\Users\Rosaire\Desktop\Portfolio\node_modules\jsdom\lib\jsdom\living\events\EventTarget-impl.js:233:9)
          at HTMLUnknownElementImpl.dispatchEvent (C:\Users\Rosaire\Desktop\Portfolio\node_modules\jsdom\lib\jsdom\living\events\EventTarget-impl.js:104:17)
          at HTMLUnknownElement.dispatchEvent (C:\Users\Rosaire\Desktop\Portfolio\node_modules\jsdom\lib\jsdom\living\generated\EventTarget.js:241:34)
          at Object.invokeGuardedCallbackDev (C:\Users\Rosaire\Desktop\Portfolio\node_modules\react-dom\cjs\react-dom.development.js:4213:16)
          at invokeGuardedCallback (C:\Users\Rosaire\Desktop\Portfolio\node_modules\react-dom\cjs\react-dom.development.js:4277:31)
          at beginWork$1 (C:\Users\Rosaire\Desktop\Portfolio\node_modules\react-dom\cjs\react-dom.development.js:27490:7)
          at performUnitOfWork (C:\Users\Rosaire\Desktop\Portfolio\node_modules\react-dom\cjs\react-dom.development.js:26599:12)
          at workLoopSync (C:\Users\Rosaire\Desktop\Portfolio\node_modules\react-dom\cjs\react-dom.development.js:26505:5)
          at renderRootSync (C:\Users\Rosaire\Desktop\Portfolio\node_modules\react-dom\cjs\react-dom.development.js:26473:7)
          at performConcurrentWorkOnRoot (C:\Users\Rosaire\Desktop\Portfolio\node_modules\react-dom\cjs\react-dom.development.js:25777:74)
          at flushActQueue (C:\Users\Rosaire\Desktop\Portfolio\node_modules\react\cjs\react.development.js:2667:24)
          at act (C:\Users\Rosaire\Desktop\Portfolio\node_modules\react\cjs\react.development.js:2582:11)
          at C:\Users\Rosaire\Desktop\Portfolio\node_modules\@testing-library\react\dist\act-compat.js:47:25
          at renderRoot (C:\Users\Rosaire\Desktop\Portfolio\node_modules\@testing-library\react\dist\pure.js:180:26)
          at render (C:\Users\Rosaire\Desktop\Portfolio\node_modules\@testing-library\react\dist\pure.js:271:10)
          at Object.<anonymous> (C:\Users\Rosaire\Desktop\Portfolio\app\__tests__\providers.property.test.tsx:42:11)
          at Promise.then.completed (C:\Users\Rosaire\Desktop\Portfolio\node_modules\jest-circus\build\utils.js:298:28)
          at new Promise (<anonymous>)
          at callAsyncCircusFn (C:\Users\Rosaire\Desktop\Portfolio\node_modules\jest-circus\build\utils.js:231:10)
          at _callCircusTest (C:\Users\Rosaire\Desktop\Portfolio\node_modules\jest-circus\build\run.js:316:40)
          at processTicksAndRejections (node:internal/process/task_queues:104:5)
          at _runTest (C:\Users\Rosaire\Desktop\Portfolio\node_modules\jest-circus\build\run.js:252:3)
          at _runTestsForDescribeBlock (C:\Users\Rosaire\Desktop\Portfolio\node_modules\jest-circus\build\run.js:126:9)
          at _runTestsForDescribeBlock (C:\Users\Rosaire\Desktop\Portfolio\node_modules\jest-circus\build\run.js:121:9)
          at run (C:\Users\Rosaire\Desktop\Portfolio\node_modules\jest-circus\build\run.js:71:3)
          at runAndTransformResultsToJestFormat (C:\Users\Rosaire\Desktop\Portfolio\node_modules\jest-circus\build\legacy-code-todo-rewrite\jestAdapterInit.js:122:21)
          at jestAdapter (C:\Users\Rosaire\Desktop\Portfolio\node_modules\jest-circus\build\legacy-code-todo-rewrite\jestAdapter.js:79:19)
          at runTestInternal (C:\Users\Rosaire\Desktop\Portfolio\node_modules\jest-runner\build\runTest.js:367:16)
          at runTest (C:\Users\Rosaire\Desktop\Portfolio\node_modules\jest-runner\build\runTest.js:444:34)
          at Object.worker (C:\Users\Rosaire\Desktop\Portfolio\node_modules\jest-runner\build\testWorker.js:106:12) {
        detail: Error: useTheme must be used within Providers
            at useTheme (C:\Users\Rosaire\Desktop\Portfolio\app\providers.tsx:81:11)
            at TestComponent (C:\Users\Rosaire\Desktop\Portfolio\app\__tests__\providers.property.test.tsx:9:42)
            at renderWithHooks (C:\Users\Rosaire\Desktop\Portfolio\node_modules\react-dom\cjs\react-dom.development.js:15486:18)
            at mountIndeterminateComponent (C:\Users\Rosaire\Desktop\Portfolio\node_modules\react-dom\cjs\react-dom.development.js:20103:13)
            at beginWork (C:\Users\Rosaire\Desktop\Portfolio\node_modules\react-dom\cjs\react-dom.development.js:21626:16)
            at HTMLUnknownElement.callCallback (C:\Users\Rosaire\Desktop\Portfolio\node_modules\react-dom\cjs\react-dom.development.js:4164:14)
            at HTMLUnknownElement.callTheUserObjectsOperation (C:\Users\Rosaire\Desktop\Portfolio\node_modules\jsdom\lib\jsdom\living\generated\EventListener.js:26:30)
            at innerInvokeEventListeners (C:\Users\Rosaire\Desktop\Portfolio\node_modules\jsdom\lib\jsdom\living\events\EventTarget-impl.js:350:25)
            at invokeEventListeners (C:\Users\Rosaire\Desktop\Portfolio\node_modules\jsdom\lib\jsdom\living\events\EventTarget-impl.js:286:3)
            at HTMLUnknownElementImpl._dispatch (C:\Users\Rosaire\Desktop\Portfolio\node_modules\jsdom\lib\jsdom\living\events\EventTarget-impl.js:233:9)
            at HTMLUnknownElementImpl.dispatchEvent (C:\Users\Rosaire\Desktop\Portfolio\node_modules\jsdom\lib\jsdom\living\events\EventTarget-impl.js:104:17)
            at HTMLUnknownElement.dispatchEvent (C:\Users\Rosaire\Desktop\Portfolio\node_modules\jsdom\lib\jsdom\living\generated\EventTarget.js:241:34)
            at Object.invokeGuardedCallbackDev (C:\Users\Rosaire\Desktop\Portfolio\node_modules\react-dom\cjs\react-dom.development.js:4213:16)
            at invokeGuardedCallback (C:\Users\Rosaire\Desktop\Portfolio\node_modules\react-dom\cjs\react-dom.development.js:4277:31)
            at beginWork$1 (C:\Users\Rosaire\Desktop\Portfolio\node_modules\react-dom\cjs\react-dom.development.js:27490:7)
            at performUnitOfWork (C:\Users\Rosaire\Desktop\Portfolio\node_modules\react-dom\cjs\react-dom.development.js:26599:12)
            at workLoopSync (C:\Users\Rosaire\Desktop\Portfolio\node_modules\react-dom\cjs\react-dom.development.js:26505:5)
            at renderRootSync (C:\Users\Rosaire\Desktop\Portfolio\node_modules\react-dom\cjs\react-dom.development.js:26473:7)
            at performConcurrentWorkOnRoot (C:\Users\Rosaire\Desktop\Portfolio\node_modules\react-dom\cjs\react-dom.development.js:25777:74)
            at flushActQueue (C:\Users\Rosaire\Desktop\Portfolio\node_modules\react\cjs\react.development.js:2667:24)
            at act (C:\Users\Rosaire\Desktop\Portfolio\node_modules\react\cjs\react.development.js:2582:11)
            at C:\Users\Rosaire\Desktop\Portfolio\node_modules\@testing-library\react\dist\act-compat.js:47:25
            at renderRoot (C:\Users\Rosaire\Desktop\Portfolio\node_modules\@testing-library\react\dist\pure.js:180:26)
            at render (C:\Users\Rosaire\Desktop\Portfolio\node_modules\@testing-library\react\dist\pure.js:271:10)
            at Object.<anonymous> (C:\Users\Rosaire\Desktop\Portfolio\app\__tests__\providers.property.test.tsx:42:11)
            at Promise.then.completed (C:\Users\Rosaire\Desktop\Portfolio\node_modules\jest-circus\build\utils.js:298:28)
            at new Promise (<anonymous>)
            at callAsyncCircusFn (C:\Users\Rosaire\Desktop\Portfolio\node_modules\jest-circus\build\utils.js:231:10)
            at _callCircusTest (C:\Users\Rosaire\Desktop\Portfolio\node_modules\jest-circus\build\run.js:316:40)
            at processTicksAndRejections (node:internal/process/task_queues:104:5)
            at _runTest (C:\Users\Rosaire\Desktop\Portfolio\node_modules\jest-circus\build\run.js:252:3)
            at _runTestsForDescribeBlock (C:\Users\Rosaire\Desktop\Portfolio\node_modules\jest-circus\build\run.js:126:9)
            at _runTestsForDescribeBlock (C:\Users\Rosaire\Desktop\Portfolio\node_modules\jest-circus\build\run.js:121:9)
            at run (C:\Users\Rosaire\Desktop\Portfolio\node_modules\jest-circus\build\run.js:71:3)
            at runAndTransformResultsToJestFormat (C:\Users\Rosaire\Desktop\Portfolio\node_modules\jest-circus\build\legacy-code-todo-rewrite\jestAdapterInit.js:122:21)
            at jestAdapter (C:\Users\Rosaire\Desktop\Portfolio\node_modules\jest-circus\build\legacy-code-todo-rewrite\jestAdapter.js:79:19)
            at runTestInternal (C:\Users\Rosaire\Desktop\Portfolio\node_modules\jest-runner\build\runTest.js:367:16)
            at runTest (C:\Users\Rosaire\Desktop\Portfolio\node_modules\jest-runner\build\runTest.js:444:34)
            at Object.worker (C:\Users\Rosaire\Desktop\Portfolio\node_modules\jest-runner\build\testWorker.js:106:12),
        type: 'unhandled exception'
      }

    [0m [90m 40 |[39m
     [90m 41 |[39m   it([32m'should toggle theme from light to dark'[39m[33m,[39m [36masync[39m () [33m=>[39m {
    [31m[1m>[22m[39m[90m 42 |[39m     render(
     [90m    |[39m           [31m[1m^[22m[39m
     [90m 43 |[39m       [33m<[39m[33mProviders[39m[33m>[39m
     [90m 44 |[39m         [33m<[39m[33mTestComponent[39m [33m/[39m[33m>[39m
     [90m 45 |[39m       [33m<[39m[33m/[39m[33mProviders[39m[33m>[39m[0m

      at VirtualConsole.<anonymous> (node_modules/@jest/environment-jsdom-abstract/build/index.js:87:23)
      at reportException (node_modules/jsdom/lib/jsdom/living/helpers/runtime-script-errors.js:70:28)
      at innerInvokeEventListeners (node_modules/jsdom/lib/jsdom/living/events/EventTarget-impl.js:353:9)
      at invokeEventListeners (node_modules/jsdom/lib/jsdom/living/events/EventTarget-impl.js:286:3)
      at HTMLUnknownElementImpl._dispatch (node_modules/jsdom/lib/jsdom/living/events/EventTarget-impl.js:233:9)
      at HTMLUnknownElementImpl.dispatchEvent (node_modules/jsdom/lib/jsdom/living/events/EventTarget-impl.js:104:17)
      at HTMLUnknownElement.dispatchEvent (node_modules/jsdom/lib/jsdom/living/generated/EventTarget.js:241:34)
      at Object.invokeGuardedCallbackDev (node_modules/react-dom/cjs/react-dom.development.js:4213:16)
      at invokeGuardedCallback (node_modules/react-dom/cjs/react-dom.development.js:4277:31)
      at beginWork$1 (node_modules/react-dom/cjs/react-dom.development.js:27490:7)
      at performUnitOfWork (node_modules/react-dom/cjs/react-dom.development.js:26599:12)
      at workLoopSync (node_modules/react-dom/cjs/react-dom.development.js:26505:5)
      at renderRootSync (node_modules/react-dom/cjs/react-dom.development.js:26473:7)
      at performConcurrentWorkOnRoot (node_modules/react-dom/cjs/react-dom.development.js:25777:74)
      at flushActQueue (node_modules/react/cjs/react.development.js:2667:24)
      at act (node_modules/react/cjs/react.development.js:2582:11)
      at node_modules/@testing-library/react/dist/act-compat.js:47:25
      at renderRoot (node_modules/@testing-library/react/dist/pure.js:180:26)
      at render (node_modules/@testing-library/react/dist/pure.js:271:10)
      at Object.<anonymous> (app/__tests__/providers.property.test.tsx:42:11)

    console.error
      Error: Uncaught [Error: useTheme must be used within Providers]
          at reportException (C:\Users\Rosaire\Desktop\Portfolio\node_modules\jsdom\lib\jsdom\living\helpers\runtime-script-errors.js:66:24)
          at innerInvokeEventListeners (C:\Users\Rosaire\Desktop\Portfolio\node_modules\jsdom\lib\jsdom\living\events\EventTarget-impl.js:353:9)
          at invokeEventListeners (C:\Users\Rosaire\Desktop\Portfolio\node_modules\jsdom\lib\jsdom\living\events\EventTarget-impl.js:286:3)
          at HTMLUnknownElementImpl._dispatch (C:\Users\Rosaire\Desktop\Portfolio\node_modules\jsdom\lib\jsdom\living\events\EventTarget-impl.js:233:9)
          at HTMLUnknownElementImpl.dispatchEvent (C:\Users\Rosaire\Desktop\Portfolio\node_modules\jsdom\lib\jsdom\living\events\EventTarget-impl.js:104:17)
          at HTMLUnknownElement.dispatchEvent (C:\Users\Rosaire\Desktop\Portfolio\node_modules\jsdom\lib\jsdom\living\generated\EventTarget.js:241:34)
          at Object.invokeGuardedCallbackDev (C:\Users\Rosaire\Desktop\Portfolio\node_modules\react-dom\cjs\react-dom.development.js:4213:16)
          at invokeGuardedCallback (C:\Users\Rosaire\Desktop\Portfolio\node_modules\react-dom\cjs\react-dom.development.js:4277:31)
          at beginWork$1 (C:\Users\Rosaire\Desktop\Portfolio\node_modules\react-dom\cjs\react-dom.development.js:27490:7)
          at performUnitOfWork (C:\Users\Rosaire\Desktop\Portfolio\node_modules\react-dom\cjs\react-dom.development.js:26599:12)
          at workLoopSync (C:\Users\Rosaire\Desktop\Portfolio\node_modules\react-dom\cjs\react-dom.development.js:26505:5)
          at renderRootSync (C:\Users\Rosaire\Desktop\Portfolio\node_modules\react-dom\cjs\react-dom.development.js:26473:7)
          at recoverFromConcurrentError (C:\Users\Rosaire\Desktop\Portfolio\node_modules\react-dom\cjs\react-dom.development.js:25889:20)
          at performConcurrentWorkOnRoot (C:\Users\Rosaire\Desktop\Portfolio\node_modules\react-dom\cjs\react-dom.development.js:25789:22)
          at flushActQueue (C:\Users\Rosaire\Desktop\Portfolio\node_modules\react\cjs\react.development.js:2667:24)
          at act (C:\Users\Rosaire\Desktop\Portfolio\node_modules\react\cjs\react.development.js:2582:11)
          at C:\Users\Rosaire\Desktop\Portfolio\node_modules\@testing-library\react\dist\act-compat.js:47:25
          at renderRoot (C:\Users\Rosaire\Desktop\Portfolio\node_modules\@testing-library\react\dist\pure.js:180:26)
          at render (C:\Users\Rosaire\Desktop\Portfolio\node_modules\@testing-library\react\dist\pure.js:271:10)
          at Object.<anonymous> (C:\Users\Rosaire\Desktop\Portfolio\app\__tests__\providers.property.test.tsx:42:11)
          at Promise.then.completed (C:\Users\Rosaire\Desktop\Portfolio\node_modules\jest-circus\build\utils.js:298:28)
          at new Promise (<anonymous>)
          at callAsyncCircusFn (C:\Users\Rosaire\Desktop\Portfolio\node_modules\jest-circus\build\utils.js:231:10)
          at _callCircusTest (C:\Users\Rosaire\Desktop\Portfolio\node_modules\jest-circus\build\run.js:316:40)
          at processTicksAndRejections (node:internal/process/task_queues:104:5)
          at _runTest (C:\Users\Rosaire\Desktop\Portfolio\node_modules\jest-circus\build\run.js:252:3)
          at _runTestsForDescribeBlock (C:\Users\Rosaire\Desktop\Portfolio\node_modules\jest-circus\build\run.js:126:9)
          at _runTestsForDescribeBlock (C:\Users\Rosaire\Desktop\Portfolio\node_modules\jest-circus\build\run.js:121:9)
          at run (C:\Users\Rosaire\Desktop\Portfolio\node_modules\jest-circus\build\run.js:71:3)
          at runAndTransformResultsToJestFormat (C:\Users\Rosaire\Desktop\Portfolio\node_modules\jest-circus\build\legacy-code-todo-rewrite\jestAdapterInit.js:122:21)
          at jestAdapter (C:\Users\Rosaire\Desktop\Portfolio\node_modules\jest-circus\build\legacy-code-todo-rewrite\jestAdapter.js:79:19)
          at runTestInternal (C:\Users\Rosaire\Desktop\Portfolio\node_modules\jest-runner\build\runTest.js:367:16)
          at runTest (C:\Users\Rosaire\Desktop\Portfolio\node_modules\jest-runner\build\runTest.js:444:34)
          at Object.worker (C:\Users\Rosaire\Desktop\Portfolio\node_modules\jest-runner\build\testWorker.js:106:12) {
        detail: Error: useTheme must be used within Providers
            at useTheme (C:\Users\Rosaire\Desktop\Portfolio\app\providers.tsx:81:11)
            at TestComponent (C:\Users\Rosaire\Desktop\Portfolio\app\__tests__\providers.property.test.tsx:9:42)
            at renderWithHooks (C:\Users\Rosaire\Desktop\Portfolio\node_modules\react-dom\cjs\react-dom.development.js:15486:18)
            at mountIndeterminateComponent (C:\Users\Rosaire\Desktop\Portfolio\node_modules\react-dom\cjs\react-dom.development.js:20103:13)
            at beginWork (C:\Users\Rosaire\Desktop\Portfolio\node_modules\react-dom\cjs\react-dom.development.js:21626:16)
            at HTMLUnknownElement.callCallback (C:\Users\Rosaire\Desktop\Portfolio\node_modules\react-dom\cjs\react-dom.development.js:4164:14)
            at HTMLUnknownElement.callTheUserObjectsOperation (C:\Users\Rosaire\Desktop\Portfolio\node_modules\jsdom\lib\jsdom\living\generated\EventListener.js:26:30)
            at innerInvokeEventListeners (C:\Users\Rosaire\Desktop\Portfolio\node_modules\jsdom\lib\jsdom\living\events\EventTarget-impl.js:350:25)
            at invokeEventListeners (C:\Users\Rosaire\Desktop\Portfolio\node_modules\jsdom\lib\jsdom\living\events\EventTarget-impl.js:286:3)
            at HTMLUnknownElementImpl._dispatch (C:\Users\Rosaire\Desktop\Portfolio\node_modules\jsdom\lib\jsdom\living\events\EventTarget-impl.js:233:9)
            at HTMLUnknownElementImpl.dispatchEvent (C:\Users\Rosaire\Desktop\Portfolio\node_modules\jsdom\lib\jsdom\living\events\EventTarget-impl.js:104:17)
            at HTMLUnknownElement.dispatchEvent (C:\Users\Rosaire\Desktop\Portfolio\node_modules\jsdom\lib\jsdom\living\generated\EventTarget.js:241:34)
            at Object.invokeGuardedCallbackDev (C:\Users\Rosaire\Desktop\Portfolio\node_modules\react-dom\cjs\react-dom.development.js:4213:16)
            at invokeGuardedCallback (C:\Users\Rosaire\Desktop\Portfolio\node_modules\react-dom\cjs\react-dom.development.js:4277:31)
            at beginWork$1 (C:\Users\Rosaire\Desktop\Portfolio\node_modules\react-dom\cjs\react-dom.development.js:27490:7)
            at performUnitOfWork (C:\Users\Rosaire\Desktop\Portfolio\node_modules\react-dom\cjs\react-dom.development.js:26599:12)
            at workLoopSync (C:\Users\Rosaire\Desktop\Portfolio\node_modules\react-dom\cjs\react-dom.development.js:26505:5)
            at renderRootSync (C:\Users\Rosaire\Desktop\Portfolio\node_modules\react-dom\cjs\react-dom.development.js:26473:7)
            at recoverFromConcurrentError (C:\Users\Rosaire\Desktop\Portfolio\node_modules\react-dom\cjs\react-dom.development.js:25889:20)
            at performConcurrentWorkOnRoot (C:\Users\Rosaire\Desktop\Portfolio\node_modules\react-dom\cjs\react-dom.development.js:25789:22)
            at flushActQueue (C:\Users\Rosaire\Desktop\Portfolio\node_modules\react\cjs\react.development.js:2667:24)
            at act (C:\Users\Rosaire\Desktop\Portfolio\node_modules\react\cjs\react.development.js:2582:11)
            at C:\Users\Rosaire\Desktop\Portfolio\node_modules\@testing-library\react\dist\act-compat.js:47:25
            at renderRoot (C:\Users\Rosaire\Desktop\Portfolio\node_modules\@testing-library\react\dist\pure.js:180:26)
            at render (C:\Users\Rosaire\Desktop\Portfolio\node_modules\@testing-library\react\dist\pure.js:271:10)
            at Object.<anonymous> (C:\Users\Rosaire\Desktop\Portfolio\app\__tests__\providers.property.test.tsx:42:11)
            at Promise.then.completed (C:\Users\Rosaire\Desktop\Portfolio\node_modules\jest-circus\build\utils.js:298:28)
            at new Promise (<anonymous>)
            at callAsyncCircusFn (C:\Users\Rosaire\Desktop\Portfolio\node_modules\jest-circus\build\utils.js:231:10)
            at _callCircusTest (C:\Users\Rosaire\Desktop\Portfolio\node_modules\jest-circus\build\run.js:316:40)
            at processTicksAndRejections (node:internal/process/task_queues:104:5)
            at _runTest (C:\Users\Rosaire\Desktop\Portfolio\node_modules\jest-circus\build\run.js:252:3)
            at _runTestsForDescribeBlock (C:\Users\Rosaire\Desktop\Portfolio\node_modules\jest-circus\build\run.js:126:9)
            at _runTestsForDescribeBlock (C:\Users\Rosaire\Desktop\Portfolio\node_modules\jest-circus\build\run.js:121:9)
            at run (C:\Users\Rosaire\Desktop\Portfolio\node_modules\jest-circus\build\run.js:71:3)
            at runAndTransformResultsToJestFormat (C:\Users\Rosaire\Desktop\Portfolio\node_modules\jest-circus\build\legacy-code-todo-rewrite\jestAdapterInit.js:122:21)
            at jestAdapter (C:\Users\Rosaire\Desktop\Portfolio\node_modules\jest-circus\build\legacy-code-todo-rewrite\jestAdapter.js:79:19)
            at runTestInternal (C:\Users\Rosaire\Desktop\Portfolio\node_modules\jest-runner\build\runTest.js:367:16)
            at runTest (C:\Users\Rosaire\Desktop\Portfolio\node_modules\jest-runner\build\runTest.js:444:34)
            at Object.worker (C:\Users\Rosaire\Desktop\Portfolio\node_modules\jest-runner\build\testWorker.js:106:12),
        type: 'unhandled exception'
      }

    [0m [90m 40 |[39m
     [90m 41 |[39m   it([32m'should toggle theme from light to dark'[39m[33m,[39m [36masync[39m () [33m=>[39m {
    [31m[1m>[22m[39m[90m 42 |[39m     render(
     [90m    |[39m           [31m[1m^[22m[39m
     [90m 43 |[39m       [33m<[39m[33mProviders[39m[33m>[39m
     [90m 44 |[39m         [33m<[39m[33mTestComponent[39m [33m/[39m[33m>[39m
     [90m 45 |[39m       [33m<[39m[33m/[39m[33mProviders[39m[33m>[39m[0m

      at VirtualConsole.<anonymous> (node_modules/@jest/environment-jsdom-abstract/build/index.js:87:23)
      at reportException (node_modules/jsdom/lib/jsdom/living/helpers/runtime-script-errors.js:70:28)
      at innerInvokeEventListeners (node_modules/jsdom/lib/jsdom/living/events/EventTarget-impl.js:353:9)
      at invokeEventListeners (node_modules/jsdom/lib/jsdom/living/events/EventTarget-impl.js:286:3)
      at HTMLUnknownElementImpl._dispatch (node_modules/jsdom/lib/jsdom/living/events/EventTarget-impl.js:233:9)
      at HTMLUnknownElementImpl.dispatchEvent (node_modules/jsdom/lib/jsdom/living/events/EventTarget-impl.js:104:17)
      at HTMLUnknownElement.dispatchEvent (node_modules/jsdom/lib/jsdom/living/generated/EventTarget.js:241:34)
      at Object.invokeGuardedCallbackDev (node_modules/react-dom/cjs/react-dom.development.js:4213:16)
      at invokeGuardedCallback (node_modules/react-dom/cjs/react-dom.development.js:4277:31)
      at beginWork$1 (node_modules/react-dom/cjs/react-dom.development.js:27490:7)
      at performUnitOfWork (node_modules/react-dom/cjs/react-dom.development.js:26599:12)
      at workLoopSync (node_modules/react-dom/cjs/react-dom.development.js:26505:5)
      at renderRootSync (node_modules/react-dom/cjs/react-dom.development.js:26473:7)
      at recoverFromConcurrentError (node_modules/react-dom/cjs/react-dom.development.js:25889:20)
      at performConcurrentWorkOnRoot (node_modules/react-dom/cjs/react-dom.development.js:25789:22)
      at flushActQueue (node_modules/react/cjs/react.development.js:2667:24)
      at act (node_modules/react/cjs/react.development.js:2582:11)
      at node_modules/@testing-library/react/dist/act-compat.js:47:25
      at renderRoot (node_modules/@testing-library/react/dist/pure.js:180:26)
      at render (node_modules/@testing-library/react/dist/pure.js:271:10)
      at Object.<anonymous> (app/__tests__/providers.property.test.tsx:42:11)

    console.error
      The above error occurred in the <TestComponent> component:
      
          at TestComponent (C:\Users\Rosaire\Desktop\Portfolio\app\__tests__\providers.property.test.tsx:9:42)
          at children (C:\Users\Rosaire\Desktop\Portfolio\app\providers.tsx:21:29)
      
      Consider adding an error boundary to your tree to customize error handling behavior.
      Visit https://reactjs.org/link/error-boundaries to learn more about error boundaries.

    [0m [90m 40 |[39m
     [90m 41 |[39m   it([32m'should toggle theme from light to dark'[39m[33m,[39m [36masync[39m () [33m=>[39m {
    [31m[1m>[22m[39m[90m 42 |[39m     render(
     [90m    |[39m           [31m[1m^[22m[39m
     [90m 43 |[39m       [33m<[39m[33mProviders[39m[33m>[39m
     [90m 44 |[39m         [33m<[39m[33mTestComponent[39m [33m/[39m[33m>[39m
     [90m 45 |[39m       [33m<[39m[33m/[39m[33mProviders[39m[33m>[39m[0m

      at logCapturedError (node_modules/react-dom/cjs/react-dom.development.js:18704:23)
      at update.callback (node_modules/react-dom/cjs/react-dom.development.js:18737:5)
      at callCallback (node_modules/react-dom/cjs/react-dom.development.js:15036:12)
      at commitUpdateQueue (node_modules/react-dom/cjs/react-dom.development.js:15057:9)
      at commitLayoutEffectOnFiber (node_modules/react-dom/cjs/react-dom.development.js:23430:13)
      at commitLayoutMountEffects_complete (node_modules/react-dom/cjs/react-dom.development.js:24727:9)
      at commitLayoutEffects_begin (node_modules/react-dom/cjs/react-dom.development.js:24713:7)
      at commitLayoutEffects (node_modules/react-dom/cjs/react-dom.development.js:24651:3)
      at commitRootImpl (node_modules/react-dom/cjs/react-dom.development.js:26862:5)
      at commitRoot (node_modules/react-dom/cjs/react-dom.development.js:26721:5)
      at finishConcurrentRender (node_modules/react-dom/cjs/react-dom.development.js:25931:9)
      at performConcurrentWorkOnRoot (node_modules/react-dom/cjs/react-dom.development.js:25848:7)
      at flushActQueue (node_modules/react/cjs/react.development.js:2667:24)
      at act (node_modules/react/cjs/react.development.js:2582:11)
      at node_modules/@testing-library/react/dist/act-compat.js:47:25
      at renderRoot (node_modules/@testing-library/react/dist/pure.js:180:26)
      at render (node_modules/@testing-library/react/dist/pure.js:271:10)
      at Object.<anonymous> (app/__tests__/providers.property.test.tsx:42:11)

    console.error
      Error: Uncaught [Error: useTheme must be used within Providers]
          at reportException (C:\Users\Rosaire\Desktop\Portfolio\node_modules\jsdom\lib\jsdom\living\helpers\runtime-script-errors.js:66:24)
          at innerInvokeEventListeners (C:\Users\Rosaire\Desktop\Portfolio\node_modules\jsdom\lib\jsdom\living\events\EventTarget-impl.js:353:9)
          at invokeEventListeners (C:\Users\Rosaire\Desktop\Portfolio\node_modules\jsdom\lib\jsdom\living\events\EventTarget-impl.js:286:3)
          at HTMLUnknownElementImpl._dispatch (C:\Users\Rosaire\Desktop\Portfolio\node_modules\jsdom\lib\jsdom\living\events\EventTarget-impl.js:233:9)
          at HTMLUnknownElementImpl.dispatchEvent (C:\Users\Rosaire\Desktop\Portfolio\node_modules\jsdom\lib\jsdom\living\events\EventTarget-impl.js:104:17)
          at HTMLUnknownElement.dispatchEvent (C:\Users\Rosaire\Desktop\Portfolio\node_modules\jsdom\lib\jsdom\living\generated\EventTarget.js:241:34)
          at Object.invokeGuardedCallbackDev (C:\Users\Rosaire\Desktop\Portfolio\node_modules\react-dom\cjs\react-dom.development.js:4213:16)
          at invokeGuardedCallback (C:\Users\Rosaire\Desktop\Portfolio\node_modules\react-dom\cjs\react-dom.development.js:4277:31)
          at beginWork$1 (C:\Users\Rosaire\Desktop\Portfolio\node_modules\react-dom\cjs\react-dom.development.js:27490:7)
          at performUnitOfWork (C:\Users\Rosaire\Desktop\Portfolio\node_modules\react-dom\cjs\react-dom.development.js:26599:12)
          at workLoopSync (C:\Users\Rosaire\Desktop\Portfolio\node_modules\react-dom\cjs\react-dom.development.js:26505:5)
          at renderRootSync (C:\Users\Rosaire\Desktop\Portfolio\node_modules\react-dom\cjs\react-dom.development.js:26473:7)
          at performConcurrentWorkOnRoot (C:\Users\Rosaire\Desktop\Portfolio\node_modules\react-dom\cjs\react-dom.development.js:25777:74)
          at flushActQueue (C:\Users\Rosaire\Desktop\Portfolio\node_modules\react\cjs\react.development.js:2667:24)
          at act (C:\Users\Rosaire\Desktop\Portfolio\node_modules\react\cjs\react.development.js:2582:11)
          at C:\Users\Rosaire\Desktop\Portfolio\node_modules\@testing-library\react\dist\act-compat.js:47:25
          at renderRoot (C:\Users\Rosaire\Desktop\Portfolio\node_modules\@testing-library\react\dist\pure.js:180:26)
          at render (C:\Users\Rosaire\Desktop\Portfolio\node_modules\@testing-library\react\dist\pure.js:271:10)
          at Object.<anonymous> (C:\Users\Rosaire\Desktop\Portfolio\app\__tests__\providers.property.test.tsx:68:11)
          at Promise.then.completed (C:\Users\Rosaire\Desktop\Portfolio\node_modules\jest-circus\build\utils.js:298:28)
          at new Promise (<anonymous>)
          at callAsyncCircusFn (C:\Users\Rosaire\Desktop\Portfolio\node_modules\jest-circus\build\utils.js:231:10)
          at _callCircusTest (C:\Users\Rosaire\Desktop\Portfolio\node_modules\jest-circus\build\run.js:316:40)
          at processTicksAndRejections (node:internal/process/task_queues:104:5)
          at _runTest (C:\Users\Rosaire\Desktop\Portfolio\node_modules\jest-circus\build\run.js:252:3)
          at _runTestsForDescribeBlock (C:\Users\Rosaire\Desktop\Portfolio\node_modules\jest-circus\build\run.js:126:9)
          at _runTestsForDescribeBlock (C:\Users\Rosaire\Desktop\Portfolio\node_modules\jest-circus\build\run.js:121:9)
          at run (C:\Users\Rosaire\Desktop\Portfolio\node_modules\jest-circus\build\run.js:71:3)
          at runAndTransformResultsToJestFormat (C:\Users\Rosaire\Desktop\Portfolio\node_modules\jest-circus\build\legacy-code-todo-rewrite\jestAdapterInit.js:122:21)
          at jestAdapter (C:\Users\Rosaire\Desktop\Portfolio\node_modules\jest-circus\build\legacy-code-todo-rewrite\jestAdapter.js:79:19)
          at runTestInternal (C:\Users\Rosaire\Desktop\Portfolio\node_modules\jest-runner\build\runTest.js:367:16)
          at runTest (C:\Users\Rosaire\Desktop\Portfolio\node_modules\jest-runner\build\runTest.js:444:34)
          at Object.worker (C:\Users\Rosaire\Desktop\Portfolio\node_modules\jest-runner\build\testWorker.js:106:12) {
        detail: Error: useTheme must be used within Providers
            at useTheme (C:\Users\Rosaire\Desktop\Portfolio\app\providers.tsx:81:11)
            at TestComponent (C:\Users\Rosaire\Desktop\Portfolio\app\__tests__\providers.property.test.tsx:9:42)
            at renderWithHooks (C:\Users\Rosaire\Desktop\Portfolio\node_modules\react-dom\cjs\react-dom.development.js:15486:18)
            at mountIndeterminateComponent (C:\Users\Rosaire\Desktop\Portfolio\node_modules\react-dom\cjs\react-dom.development.js:20103:13)
            at beginWork (C:\Users\Rosaire\Desktop\Portfolio\node_modules\react-dom\cjs\react-dom.development.js:21626:16)
            at HTMLUnknownElement.callCallback (C:\Users\Rosaire\Desktop\Portfolio\node_modules\react-dom\cjs\react-dom.development.js:4164:14)
            at HTMLUnknownElement.callTheUserObjectsOperation (C:\Users\Rosaire\Desktop\Portfolio\node_modules\jsdom\lib\jsdom\living\generated\EventListener.js:26:30)
            at innerInvokeEventListeners (C:\Users\Rosaire\Desktop\Portfolio\node_modules\jsdom\lib\jsdom\living\events\EventTarget-impl.js:350:25)
            at invokeEventListeners (C:\Users\Rosaire\Desktop\Portfolio\node_modules\jsdom\lib\jsdom\living\events\EventTarget-impl.js:286:3)
            at HTMLUnknownElementImpl._dispatch (C:\Users\Rosaire\Desktop\Portfolio\node_modules\jsdom\lib\jsdom\living\events\EventTarget-impl.js:233:9)
            at HTMLUnknownElementImpl.dispatchEvent (C:\Users\Rosaire\Desktop\Portfolio\node_modules\jsdom\lib\jsdom\living\events\EventTarget-impl.js:104:17)
            at HTMLUnknownElement.dispatchEvent (C:\Users\Rosaire\Desktop\Portfolio\node_modules\jsdom\lib\jsdom\living\generated\EventTarget.js:241:34)
            at Object.invokeGuardedCallbackDev (C:\Users\Rosaire\Desktop\Portfolio\node_modules\react-dom\cjs\react-dom.development.js:4213:16)
            at invokeGuardedCallback (C:\Users\Rosaire\Desktop\Portfolio\node_modules\react-dom\cjs\react-dom.development.js:4277:31)
            at beginWork$1 (C:\Users\Rosaire\Desktop\Portfolio\node_modules\react-dom\cjs\react-dom.development.js:27490:7)
            at performUnitOfWork (C:\Users\Rosaire\Desktop\Portfolio\node_modules\react-dom\cjs\react-dom.development.js:26599:12)
            at workLoopSync (C:\Users\Rosaire\Desktop\Portfolio\node_modules\react-dom\cjs\react-dom.development.js:26505:5)
            at renderRootSync (C:\Users\Rosaire\Desktop\Portfolio\node_modules\react-dom\cjs\react-dom.development.js:26473:7)
            at performConcurrentWorkOnRoot (C:\Users\Rosaire\Desktop\Portfolio\node_modules\react-dom\cjs\react-dom.development.js:25777:74)
            at flushActQueue (C:\Users\Rosaire\Desktop\Portfolio\node_modules\react\cjs\react.development.js:2667:24)
            at act (C:\Users\Rosaire\Desktop\Portfolio\node_modules\react\cjs\react.development.js:2582:11)
            at C:\Users\Rosaire\Desktop\Portfolio\node_modules\@testing-library\react\dist\act-compat.js:47:25
            at renderRoot (C:\Users\Rosaire\Desktop\Portfolio\node_modules\@testing-library\react\dist\pure.js:180:26)
            at render (C:\Users\Rosaire\Desktop\Portfolio\node_modules\@testing-library\react\dist\pure.js:271:10)
            at Object.<anonymous> (C:\Users\Rosaire\Desktop\Portfolio\app\__tests__\providers.property.test.tsx:68:11)
            at Promise.then.completed (C:\Users\Rosaire\Desktop\Portfolio\node_modules\jest-circus\build\utils.js:298:28)
            at new Promise (<anonymous>)
            at callAsyncCircusFn (C:\Users\Rosaire\Desktop\Portfolio\node_modules\jest-circus\build\utils.js:231:10)
            at _callCircusTest (C:\Users\Rosaire\Desktop\Portfolio\node_modules\jest-circus\build\run.js:316:40)
            at processTicksAndRejections (node:internal/process/task_queues:104:5)
            at _runTest (C:\Users\Rosaire\Desktop\Portfolio\node_modules\jest-circus\build\run.js:252:3)
            at _runTestsForDescribeBlock (C:\Users\Rosaire\Desktop\Portfolio\node_modules\jest-circus\build\run.js:126:9)
            at _runTestsForDescribeBlock (C:\Users\Rosaire\Desktop\Portfolio\node_modules\jest-circus\build\run.js:121:9)
            at run (C:\Users\Rosaire\Desktop\Portfolio\node_modules\jest-circus\build\run.js:71:3)
            at runAndTransformResultsToJestFormat (C:\Users\Rosaire\Desktop\Portfolio\node_modules\jest-circus\build\legacy-code-todo-rewrite\jestAdapterInit.js:122:21)
            at jestAdapter (C:\Users\Rosaire\Desktop\Portfolio\node_modules\jest-circus\build\legacy-code-todo-rewrite\jestAdapter.js:79:19)
            at runTestInternal (C:\Users\Rosaire\Desktop\Portfolio\node_modules\jest-runner\build\runTest.js:367:16)
            at runTest (C:\Users\Rosaire\Desktop\Portfolio\node_modules\jest-runner\build\runTest.js:444:34)
            at Object.worker (C:\Users\Rosaire\Desktop\Portfolio\node_modules\jest-runner\build\testWorker.js:106:12),
        type: 'unhandled exception'
      }

    [0m [90m 66 |[39m     document[33m.[39mdocumentElement[33m.[39mclassList[33m.[39madd([32m'dark'[39m)[33m;[39m
     [90m 67 |[39m
    [31m[1m>[22m[39m[90m 68 |[39m     render(
     [90m    |[39m           [31m[1m^[22m[39m
     [90m 69 |[39m       [33m<[39m[33mProviders[39m[33m>[39m
     [90m 70 |[39m         [33m<[39m[33mTestComponent[39m [33m/[39m[33m>[39m
     [90m 71 |[39m       [33m<[39m[33m/[39m[33mProviders[39m[33m>[39m[0m

      at VirtualConsole.<anonymous> (node_modules/@jest/environment-jsdom-abstract/build/index.js:87:23)
      at reportException (node_modules/jsdom/lib/jsdom/living/helpers/runtime-script-errors.js:70:28)
      at innerInvokeEventListeners (node_modules/jsdom/lib/jsdom/living/events/EventTarget-impl.js:353:9)
      at invokeEventListeners (node_modules/jsdom/lib/jsdom/living/events/EventTarget-impl.js:286:3)
      at HTMLUnknownElementImpl._dispatch (node_modules/jsdom/lib/jsdom/living/events/EventTarget-impl.js:233:9)
      at HTMLUnknownElementImpl.dispatchEvent (node_modules/jsdom/lib/jsdom/living/events/EventTarget-impl.js:104:17)
      at HTMLUnknownElement.dispatchEvent (node_modules/jsdom/lib/jsdom/living/generated/EventTarget.js:241:34)
      at Object.invokeGuardedCallbackDev (node_modules/react-dom/cjs/react-dom.development.js:4213:16)
      at invokeGuardedCallback (node_modules/react-dom/cjs/react-dom.development.js:4277:31)
      at beginWork$1 (node_modules/react-dom/cjs/react-dom.development.js:27490:7)
      at performUnitOfWork (node_modules/react-dom/cjs/react-dom.development.js:26599:12)
      at workLoopSync (node_modules/react-dom/cjs/react-dom.development.js:26505:5)
      at renderRootSync (node_modules/react-dom/cjs/react-dom.development.js:26473:7)
      at performConcurrentWorkOnRoot (node_modules/react-dom/cjs/react-dom.development.js:25777:74)
      at flushActQueue (node_modules/react/cjs/react.development.js:2667:24)
      at act (node_modules/react/cjs/react.development.js:2582:11)
      at node_modules/@testing-library/react/dist/act-compat.js:47:25
      at renderRoot (node_modules/@testing-library/react/dist/pure.js:180:26)
      at render (node_modules/@testing-library/react/dist/pure.js:271:10)
      at Object.<anonymous> (app/__tests__/providers.property.test.tsx:68:11)

    console.error
      Error: Uncaught [Error: useTheme must be used within Providers]
          at reportException (C:\Users\Rosaire\Desktop\Portfolio\node_modules\jsdom\lib\jsdom\living\helpers\runtime-script-errors.js:66:24)
          at innerInvokeEventListeners (C:\Users\Rosaire\Desktop\Portfolio\node_modules\jsdom\lib\jsdom\living\events\EventTarget-impl.js:353:9)
          at invokeEventListeners (C:\Users\Rosaire\Desktop\Portfolio\node_modules\jsdom\lib\jsdom\living\events\EventTarget-impl.js:286:3)
          at HTMLUnknownElementImpl._dispatch (C:\Users\Rosaire\Desktop\Portfolio\node_modules\jsdom\lib\jsdom\living\events\EventTarget-impl.js:233:9)
          at HTMLUnknownElementImpl.dispatchEvent (C:\Users\Rosaire\Desktop\Portfolio\node_modules\jsdom\lib\jsdom\living\events\EventTarget-impl.js:104:17)
          at HTMLUnknownElement.dispatchEvent (C:\Users\Rosaire\Desktop\Portfolio\node_modules\jsdom\lib\jsdom\living\generated\EventTarget.js:241:34)
          at Object.invokeGuardedCallbackDev (C:\Users\Rosaire\Desktop\Portfolio\node_modules\react-dom\cjs\react-dom.development.js:4213:16)
          at invokeGuardedCallback (C:\Users\Rosaire\Desktop\Portfolio\node_modules\react-dom\cjs\react-dom.development.js:4277:31)
          at beginWork$1 (C:\Users\Rosaire\Desktop\Portfolio\node_modules\react-dom\cjs\react-dom.development.js:27490:7)
          at performUnitOfWork (C:\Users\Rosaire\Desktop\Portfolio\node_modules\react-dom\cjs\react-dom.development.js:26599:12)
          at workLoopSync (C:\Users\Rosaire\Desktop\Portfolio\node_modules\react-dom\cjs\react-dom.development.js:26505:5)
          at renderRootSync (C:\Users\Rosaire\Desktop\Portfolio\node_modules\react-dom\cjs\react-dom.development.js:26473:7)
          at recoverFromConcurrentError (C:\Users\Rosaire\Desktop\Portfolio\node_modules\react-dom\cjs\react-dom.development.js:25889:20)
          at performConcurrentWorkOnRoot (C:\Users\Rosaire\Desktop\Portfolio\node_modules\react-dom\cjs\react-dom.development.js:25789:22)
          at flushActQueue (C:\Users\Rosaire\Desktop\Portfolio\node_modules\react\cjs\react.development.js:2667:24)
          at act (C:\Users\Rosaire\Desktop\Portfolio\node_modules\react\cjs\react.development.js:2582:11)
          at C:\Users\Rosaire\Desktop\Portfolio\node_modules\@testing-library\react\dist\act-compat.js:47:25
          at renderRoot (C:\Users\Rosaire\Desktop\Portfolio\node_modules\@testing-library\react\dist\pure.js:180:26)
          at render (C:\Users\Rosaire\Desktop\Portfolio\node_modules\@testing-library\react\dist\pure.js:271:10)
          at Object.<anonymous> (C:\Users\Rosaire\Desktop\Portfolio\app\__tests__\providers.property.test.tsx:68:11)
          at Promise.then.completed (C:\Users\Rosaire\Desktop\Portfolio\node_modules\jest-circus\build\utils.js:298:28)
          at new Promise (<anonymous>)
          at callAsyncCircusFn (C:\Users\Rosaire\Desktop\Portfolio\node_modules\jest-circus\build\utils.js:231:10)
          at _callCircusTest (C:\Users\Rosaire\Desktop\Portfolio\node_modules\jest-circus\build\run.js:316:40)
          at processTicksAndRejections (node:internal/process/task_queues:104:5)
          at _runTest (C:\Users\Rosaire\Desktop\Portfolio\node_modules\jest-circus\build\run.js:252:3)
          at _runTestsForDescribeBlock (C:\Users\Rosaire\Desktop\Portfolio\node_modules\jest-circus\build\run.js:126:9)
          at _runTestsForDescribeBlock (C:\Users\Rosaire\Desktop\Portfolio\node_modules\jest-circus\build\run.js:121:9)
          at run (C:\Users\Rosaire\Desktop\Portfolio\node_modules\jest-circus\build\run.js:71:3)
          at runAndTransformResultsToJestFormat (C:\Users\Rosaire\Desktop\Portfolio\node_modules\jest-circus\build\legacy-code-todo-rewrite\jestAdapterInit.js:122:21)
          at jestAdapter (C:\Users\Rosaire\Desktop\Portfolio\node_modules\jest-circus\build\legacy-code-todo-rewrite\jestAdapter.js:79:19)
          at runTestInternal (C:\Users\Rosaire\Desktop\Portfolio\node_modules\jest-runner\build\runTest.js:367:16)
          at runTest (C:\Users\Rosaire\Desktop\Portfolio\node_modules\jest-runner\build\runTest.js:444:34)
          at Object.worker (C:\Users\Rosaire\Desktop\Portfolio\node_modules\jest-runner\build\testWorker.js:106:12) {
        detail: Error: useTheme must be used within Providers
            at useTheme (C:\Users\Rosaire\Desktop\Portfolio\app\providers.tsx:81:11)
            at TestComponent (C:\Users\Rosaire\Desktop\Portfolio\app\__tests__\providers.property.test.tsx:9:42)
            at renderWithHooks (C:\Users\Rosaire\Desktop\Portfolio\node_modules\react-dom\cjs\react-dom.development.js:15486:18)
            at mountIndeterminateComponent (C:\Users\Rosaire\Desktop\Portfolio\node_modules\react-dom\cjs\react-dom.development.js:20103:13)
            at beginWork (C:\Users\Rosaire\Desktop\Portfolio\node_modules\react-dom\cjs\react-dom.development.js:21626:16)
            at HTMLUnknownElement.callCallback (C:\Users\Rosaire\Desktop\Portfolio\node_modules\react-dom\cjs\react-dom.development.js:4164:14)
            at HTMLUnknownElement.callTheUserObjectsOperation (C:\Users\Rosaire\Desktop\Portfolio\node_modules\jsdom\lib\jsdom\living\generated\EventListener.js:26:30)
            at innerInvokeEventListeners (C:\Users\Rosaire\Desktop\Portfolio\node_modules\jsdom\lib\jsdom\living\events\EventTarget-impl.js:350:25)
            at invokeEventListeners (C:\Users\Rosaire\Desktop\Portfolio\node_modules\jsdom\lib\jsdom\living\events\EventTarget-impl.js:286:3)
            at HTMLUnknownElementImpl._dispatch (C:\Users\Rosaire\Desktop\Portfolio\node_modules\jsdom\lib\jsdom\living\events\EventTarget-impl.js:233:9)
            at HTMLUnknownElementImpl.dispatchEvent (C:\Users\Rosaire\Desktop\Portfolio\node_modules\jsdom\lib\jsdom\living\events\EventTarget-impl.js:104:17)
            at HTMLUnknownElement.dispatchEvent (C:\Users\Rosaire\Desktop\Portfolio\node_modules\jsdom\lib\jsdom\living\generated\EventTarget.js:241:34)
            at Object.invokeGuardedCallbackDev (C:\Users\Rosaire\Desktop\Portfolio\node_modules\react-dom\cjs\react-dom.development.js:4213:16)
            at invokeGuardedCallback (C:\Users\Rosaire\Desktop\Portfolio\node_modules\react-dom\cjs\react-dom.development.js:4277:31)
            at beginWork$1 (C:\Users\Rosaire\Desktop\Portfolio\node_modules\react-dom\cjs\react-dom.development.js:27490:7)
            at performUnitOfWork (C:\Users\Rosaire\Desktop\Portfolio\node_modules\react-dom\cjs\react-dom.development.js:26599:12)
            at workLoopSync (C:\Users\Rosaire\Desktop\Portfolio\node_modules\react-dom\cjs\react-dom.development.js:26505:5)
            at renderRootSync (C:\Users\Rosaire\Desktop\Portfolio\node_modules\react-dom\cjs\react-dom.development.js:26473:7)
            at recoverFromConcurrentError (C:\Users\Rosaire\Desktop\Portfolio\node_modules\react-dom\cjs\react-dom.development.js:25889:20)
            at performConcurrentWorkOnRoot (C:\Users\Rosaire\Desktop\Portfolio\node_modules\react-dom\cjs\react-dom.development.js:25789:22)
            at flushActQueue (C:\Users\Rosaire\Desktop\Portfolio\node_modules\react\cjs\react.development.js:2667:24)
            at act (C:\Users\Rosaire\Desktop\Portfolio\node_modules\react\cjs\react.development.js:2582:11)
            at C:\Users\Rosaire\Desktop\Portfolio\node_modules\@testing-library\react\dist\act-compat.js:47:25
            at renderRoot (C:\Users\Rosaire\Desktop\Portfolio\node_modules\@testing-library\react\dist\pure.js:180:26)
            at render (C:\Users\Rosaire\Desktop\Portfolio\node_modules\@testing-library\react\dist\pure.js:271:10)
            at Object.<anonymous> (C:\Users\Rosaire\Desktop\Portfolio\app\__tests__\providers.property.test.tsx:68:11)
            at Promise.then.completed (C:\Users\Rosaire\Desktop\Portfolio\node_modules\jest-circus\build\utils.js:298:28)
            at new Promise (<anonymous>)
            at callAsyncCircusFn (C:\Users\Rosaire\Desktop\Portfolio\node_modules\jest-circus\build\utils.js:231:10)
            at _callCircusTest (C:\Users\Rosaire\Desktop\Portfolio\node_modules\jest-circus\build\run.js:316:40)
            at processTicksAndRejections (node:internal/process/task_queues:104:5)
            at _runTest (C:\Users\Rosaire\Desktop\Portfolio\node_modules\jest-circus\build\run.js:252:3)
            at _runTestsForDescribeBlock (C:\Users\Rosaire\Desktop\Portfolio\node_modules\jest-circus\build\run.js:126:9)
            at _runTestsForDescribeBlock (C:\Users\Rosaire\Desktop\Portfolio\node_modules\jest-circus\build\run.js:121:9)
            at run (C:\Users\Rosaire\Desktop\Portfolio\node_modules\jest-circus\build\run.js:71:3)
            at runAndTransformResultsToJestFormat (C:\Users\Rosaire\Desktop\Portfolio\node_modules\jest-circus\build\legacy-code-todo-rewrite\jestAdapterInit.js:122:21)
            at jestAdapter (C:\Users\Rosaire\Desktop\Portfolio\node_modules\jest-circus\build\legacy-code-todo-rewrite\jestAdapter.js:79:19)
            at runTestInternal (C:\Users\Rosaire\Desktop\Portfolio\node_modules\jest-runner\build\runTest.js:367:16)
            at runTest (C:\Users\Rosaire\Desktop\Portfolio\node_modules\jest-runner\build\runTest.js:444:34)
            at Object.worker (C:\Users\Rosaire\Desktop\Portfolio\node_modules\jest-runner\build\testWorker.js:106:12),
        type: 'unhandled exception'
      }

    [0m [90m 66 |[39m     document[33m.[39mdocumentElement[33m.[39mclassList[33m.[39madd([32m'dark'[39m)[33m;[39m
     [90m 67 |[39m
    [31m[1m>[22m[39m[90m 68 |[39m     render(
     [90m    |[39m           [31m[1m^[22m[39m
     [90m 69 |[39m       [33m<[39m[33mProviders[39m[33m>[39m
     [90m 70 |[39m         [33m<[39m[33mTestComponent[39m [33m/[39m[33m>[39m
     [90m 71 |[39m       [33m<[39m[33m/[39m[33mProviders[39m[33m>[39m[0m

      at VirtualConsole.<anonymous> (node_modules/@jest/environment-jsdom-abstract/build/index.js:87:23)
      at reportException (node_modules/jsdom/lib/jsdom/living/helpers/runtime-script-errors.js:70:28)
      at innerInvokeEventListeners (node_modules/jsdom/lib/jsdom/living/events/EventTarget-impl.js:353:9)
      at invokeEventListeners (node_modules/jsdom/lib/jsdom/living/events/EventTarget-impl.js:286:3)
      at HTMLUnknownElementImpl._dispatch (node_modules/jsdom/lib/jsdom/living/events/EventTarget-impl.js:233:9)
      at HTMLUnknownElementImpl.dispatchEvent (node_modules/jsdom/lib/jsdom/living/events/EventTarget-impl.js:104:17)
      at HTMLUnknownElement.dispatchEvent (node_modules/jsdom/lib/jsdom/living/generated/EventTarget.js:241:34)
      at Object.invokeGuardedCallbackDev (node_modules/react-dom/cjs/react-dom.development.js:4213:16)
      at invokeGuardedCallback (node_modules/react-dom/cjs/react-dom.development.js:4277:31)
      at beginWork$1 (node_modules/react-dom/cjs/react-dom.development.js:27490:7)
      at performUnitOfWork (node_modules/react-dom/cjs/react-dom.development.js:26599:12)
      at workLoopSync (node_modules/react-dom/cjs/react-dom.development.js:26505:5)
      at renderRootSync (node_modules/react-dom/cjs/react-dom.development.js:26473:7)
      at recoverFromConcurrentError (node_modules/react-dom/cjs/react-dom.development.js:25889:20)
      at performConcurrentWorkOnRoot (node_modules/react-dom/cjs/react-dom.development.js:25789:22)
      at flushActQueue (node_modules/react/cjs/react.development.js:2667:24)
      at act (node_modules/react/cjs/react.development.js:2582:11)
      at node_modules/@testing-library/react/dist/act-compat.js:47:25
      at renderRoot (node_modules/@testing-library/react/dist/pure.js:180:26)
      at render (node_modules/@testing-library/react/dist/pure.js:271:10)
      at Object.<anonymous> (app/__tests__/providers.property.test.tsx:68:11)

    console.error
      The above error occurred in the <TestComponent> component:
      
          at TestComponent (C:\Users\Rosaire\Desktop\Portfolio\app\__tests__\providers.property.test.tsx:9:42)
          at children (C:\Users\Rosaire\Desktop\Portfolio\app\providers.tsx:21:29)
      
      Consider adding an error boundary to your tree to customize error handling behavior.
      Visit https://reactjs.org/link/error-boundaries to learn more about error boundaries.

    [0m [90m 66 |[39m     document[33m.[39mdocumentElement[33m.[39mclassList[33m.[39madd([32m'dark'[39m)[33m;[39m
     [90m 67 |[39m
    [31m[1m>[22m[39m[90m 68 |[39m     render(
     [90m    |[39m           [31m[1m^[22m[39m
     [90m 69 |[39m       [33m<[39m[33mProviders[39m[33m>[39m
     [90m 70 |[39m         [33m<[39m[33mTestComponent[39m [33m/[39m[33m>[39m
     [90m 71 |[39m       [33m<[39m[33m/[39m[33mProviders[39m[33m>[39m[0m

      at logCapturedError (node_modules/react-dom/cjs/react-dom.development.js:18704:23)
      at update.callback (node_modules/react-dom/cjs/react-dom.development.js:18737:5)
      at callCallback (node_modules/react-dom/cjs/react-dom.development.js:15036:12)
      at commitUpdateQueue (node_modules/react-dom/cjs/react-dom.development.js:15057:9)
      at commitLayoutEffectOnFiber (node_modules/react-dom/cjs/react-dom.development.js:23430:13)
      at commitLayoutMountEffects_complete (node_modules/react-dom/cjs/react-dom.development.js:24727:9)
      at commitLayoutEffects_begin (node_modules/react-dom/cjs/react-dom.development.js:24713:7)
      at commitLayoutEffects (node_modules/react-dom/cjs/react-dom.development.js:24651:3)
      at commitRootImpl (node_modules/react-dom/cjs/react-dom.development.js:26862:5)
      at commitRoot (node_modules/react-dom/cjs/react-dom.development.js:26721:5)
      at finishConcurrentRender (node_modules/react-dom/cjs/react-dom.development.js:25931:9)
      at performConcurrentWorkOnRoot (node_modules/react-dom/cjs/react-dom.development.js:25848:7)
      at flushActQueue (node_modules/react/cjs/react.development.js:2667:24)
      at act (node_modules/react/cjs/react.development.js:2582:11)
      at node_modules/@testing-library/react/dist/act-compat.js:47:25
      at renderRoot (node_modules/@testing-library/react/dist/pure.js:180:26)
      at render (node_modules/@testing-library/react/dist/pure.js:271:10)
      at Object.<anonymous> (app/__tests__/providers.property.test.tsx:68:11)

    console.error
      Error: Uncaught [Error: useTheme must be used within Providers]
          at reportException (C:\Users\Rosaire\Desktop\Portfolio\node_modules\jsdom\lib\jsdom\living\helpers\runtime-script-errors.js:66:24)
          at innerInvokeEventListeners (C:\Users\Rosaire\Desktop\Portfolio\node_modules\jsdom\lib\jsdom\living\events\EventTarget-impl.js:353:9)
          at invokeEventListeners (C:\Users\Rosaire\Desktop\Portfolio\node_modules\jsdom\lib\jsdom\living\events\EventTarget-impl.js:286:3)
          at HTMLUnknownElementImpl._dispatch (C:\Users\Rosaire\Desktop\Portfolio\node_modules\jsdom\lib\jsdom\living\events\EventTarget-impl.js:233:9)
          at HTMLUnknownElementImpl.dispatchEvent (C:\Users\Rosaire\Desktop\Portfolio\node_modules\jsdom\lib\jsdom\living\events\EventTarget-impl.js:104:17)
          at HTMLUnknownElement.dispatchEvent (C:\Users\Rosaire\Desktop\Portfolio\node_modules\jsdom\lib\jsdom\living\generated\EventTarget.js:241:34)
          at Object.invokeGuardedCallbackDev (C:\Users\Rosaire\Desktop\Portfolio\node_modules\react-dom\cjs\react-dom.development.js:4213:16)
          at invokeGuardedCallback (C:\Users\Rosaire\Desktop\Portfolio\node_modules\react-dom\cjs\react-dom.development.js:4277:31)
          at beginWork$1 (C:\Users\Rosaire\Desktop\Portfolio\node_modules\react-dom\cjs\react-dom.development.js:27490:7)
          at performUnitOfWork (C:\Users\Rosaire\Desktop\Portfolio\node_modules\react-dom\cjs\react-dom.development.js:26599:12)
          at workLoopSync (C:\Users\Rosaire\Desktop\Portfolio\node_modules\react-dom\cjs\react-dom.development.js:26505:5)
          at renderRootSync (C:\Users\Rosaire\Desktop\Portfolio\node_modules\react-dom\cjs\react-dom.development.js:26473:7)
          at performConcurrentWorkOnRoot (C:\Users\Rosaire\Desktop\Portfolio\node_modules\react-dom\cjs\react-dom.development.js:25777:74)
          at flushActQueue (C:\Users\Rosaire\Desktop\Portfolio\node_modules\react\cjs\react.development.js:2667:24)
          at act (C:\Users\Rosaire\Desktop\Portfolio\node_modules\react\cjs\react.development.js:2582:11)
          at C:\Users\Rosaire\Desktop\Portfolio\node_modules\@testing-library\react\dist\act-compat.js:47:25
          at renderRoot (C:\Users\Rosaire\Desktop\Portfolio\node_modules\@testing-library\react\dist\pure.js:180:26)
          at render (C:\Users\Rosaire\Desktop\Portfolio\node_modules\@testing-library\react\dist\pure.js:271:10)
          at Object.<anonymous> (C:\Users\Rosaire\Desktop\Portfolio\app\__tests__\providers.property.test.tsx:89:11)
          at Promise.then.completed (C:\Users\Rosaire\Desktop\Portfolio\node_modules\jest-circus\build\utils.js:298:28)
          at new Promise (<anonymous>)
          at callAsyncCircusFn (C:\Users\Rosaire\Desktop\Portfolio\node_modules\jest-circus\build\utils.js:231:10)
          at _callCircusTest (C:\Users\Rosaire\Desktop\Portfolio\node_modules\jest-circus\build\run.js:316:40)
          at processTicksAndRejections (node:internal/process/task_queues:104:5)
          at _runTest (C:\Users\Rosaire\Desktop\Portfolio\node_modules\jest-circus\build\run.js:252:3)
          at _runTestsForDescribeBlock (C:\Users\Rosaire\Desktop\Portfolio\node_modules\jest-circus\build\run.js:126:9)
          at _runTestsForDescribeBlock (C:\Users\Rosaire\Desktop\Portfolio\node_modules\jest-circus\build\run.js:121:9)
          at run (C:\Users\Rosaire\Desktop\Portfolio\node_modules\jest-circus\build\run.js:71:3)
          at runAndTransformResultsToJestFormat (C:\Users\Rosaire\Desktop\Portfolio\node_modules\jest-circus\build\legacy-code-todo-rewrite\jestAdapterInit.js:122:21)
          at jestAdapter (C:\Users\Rosaire\Desktop\Portfolio\node_modules\jest-circus\build\legacy-code-todo-rewrite\jestAdapter.js:79:19)
          at runTestInternal (C:\Users\Rosaire\Desktop\Portfolio\node_modules\jest-runner\build\runTest.js:367:16)
          at runTest (C:\Users\Rosaire\Desktop\Portfolio\node_modules\jest-runner\build\runTest.js:444:34)
          at Object.worker (C:\Users\Rosaire\Desktop\Portfolio\node_modules\jest-runner\build\testWorker.js:106:12) {
        detail: Error: useTheme must be used within Providers
            at useTheme (C:\Users\Rosaire\Desktop\Portfolio\app\providers.tsx:81:11)
            at TestComponent (C:\Users\Rosaire\Desktop\Portfolio\app\__tests__\providers.property.test.tsx:9:42)
            at renderWithHooks (C:\Users\Rosaire\Desktop\Portfolio\node_modules\react-dom\cjs\react-dom.development.js:15486:18)
            at mountIndeterminateComponent (C:\Users\Rosaire\Desktop\Portfolio\node_modules\react-dom\cjs\react-dom.development.js:20103:13)
            at beginWork (C:\Users\Rosaire\Desktop\Portfolio\node_modules\react-dom\cjs\react-dom.development.js:21626:16)
            at HTMLUnknownElement.callCallback (C:\Users\Rosaire\Desktop\Portfolio\node_modules\react-dom\cjs\react-dom.development.js:4164:14)
            at HTMLUnknownElement.callTheUserObjectsOperation (C:\Users\Rosaire\Desktop\Portfolio\node_modules\jsdom\lib\jsdom\living\generated\EventListener.js:26:30)
            at innerInvokeEventListeners (C:\Users\Rosaire\Desktop\Portfolio\node_modules\jsdom\lib\jsdom\living\events\EventTarget-impl.js:350:25)
            at invokeEventListeners (C:\Users\Rosaire\Desktop\Portfolio\node_modules\jsdom\lib\jsdom\living\events\EventTarget-impl.js:286:3)
            at HTMLUnknownElementImpl._dispatch (C:\Users\Rosaire\Desktop\Portfolio\node_modules\jsdom\lib\jsdom\living\events\EventTarget-impl.js:233:9)
            at HTMLUnknownElementImpl.dispatchEvent (C:\Users\Rosaire\Desktop\Portfolio\node_modules\jsdom\lib\jsdom\living\events\EventTarget-impl.js:104:17)
            at HTMLUnknownElement.dispatchEvent (C:\Users\Rosaire\Desktop\Portfolio\node_modules\jsdom\lib\jsdom\living\generated\EventTarget.js:241:34)
            at Object.invokeGuardedCallbackDev (C:\Users\Rosaire\Desktop\Portfolio\node_modules\react-dom\cjs\react-dom.development.js:4213:16)
            at invokeGuardedCallback (C:\Users\Rosaire\Desktop\Portfolio\node_modules\react-dom\cjs\react-dom.development.js:4277:31)
            at beginWork$1 (C:\Users\Rosaire\Desktop\Portfolio\node_modules\react-dom\cjs\react-dom.development.js:27490:7)
            at performUnitOfWork (C:\Users\Rosaire\Desktop\Portfolio\node_modules\react-dom\cjs\react-dom.development.js:26599:12)
            at workLoopSync (C:\Users\Rosaire\Desktop\Portfolio\node_modules\react-dom\cjs\react-dom.development.js:26505:5)
            at renderRootSync (C:\Users\Rosaire\Desktop\Portfolio\node_modules\react-dom\cjs\react-dom.development.js:26473:7)
            at performConcurrentWorkOnRoot (C:\Users\Rosaire\Desktop\Portfolio\node_modules\react-dom\cjs\react-dom.development.js:25777:74)
            at flushActQueue (C:\Users\Rosaire\Desktop\Portfolio\node_modules\react\cjs\react.development.js:2667:24)
            at act (C:\Users\Rosaire\Desktop\Portfolio\node_modules\react\cjs\react.development.js:2582:11)
            at C:\Users\Rosaire\Desktop\Portfolio\node_modules\@testing-library\react\dist\act-compat.js:47:25
            at renderRoot (C:\Users\Rosaire\Desktop\Portfolio\node_modules\@testing-library\react\dist\pure.js:180:26)
            at render (C:\Users\Rosaire\Desktop\Portfolio\node_modules\@testing-library\react\dist\pure.js:271:10)
            at Object.<anonymous> (C:\Users\Rosaire\Desktop\Portfolio\app\__tests__\providers.property.test.tsx:89:11)
            at Promise.then.completed (C:\Users\Rosaire\Desktop\Portfolio\node_modules\jest-circus\build\utils.js:298:28)
            at new Promise (<anonymous>)
            at callAsyncCircusFn (C:\Users\Rosaire\Desktop\Portfolio\node_modules\jest-circus\build\utils.js:231:10)
            at _callCircusTest (C:\Users\Rosaire\Desktop\Portfolio\node_modules\jest-circus\build\run.js:316:40)
            at processTicksAndRejections (node:internal/process/task_queues:104:5)
            at _runTest (C:\Users\Rosaire\Desktop\Portfolio\node_modules\jest-circus\build\run.js:252:3)
            at _runTestsForDescribeBlock (C:\Users\Rosaire\Desktop\Portfolio\node_modules\jest-circus\build\run.js:126:9)
            at _runTestsForDescribeBlock (C:\Users\Rosaire\Desktop\Portfolio\node_modules\jest-circus\build\run.js:121:9)
            at run (C:\Users\Rosaire\Desktop\Portfolio\node_modules\jest-circus\build\run.js:71:3)
            at runAndTransformResultsToJestFormat (C:\Users\Rosaire\Desktop\Portfolio\node_modules\jest-circus\build\legacy-code-todo-rewrite\jestAdapterInit.js:122:21)
            at jestAdapter (C:\Users\Rosaire\Desktop\Portfolio\node_modules\jest-circus\build\legacy-code-todo-rewrite\jestAdapter.js:79:19)
            at runTestInternal (C:\Users\Rosaire\Desktop\Portfolio\node_modules\jest-runner\build\runTest.js:367:16)
            at runTest (C:\Users\Rosaire\Desktop\Portfolio\node_modules\jest-runner\build\runTest.js:444:34)
            at Object.worker (C:\Users\Rosaire\Desktop\Portfolio\node_modules\jest-runner\build\testWorker.js:106:12),
        type: 'unhandled exception'
      }

    [0m [90m 87 |[39m
     [90m 88 |[39m   it([32m'should persist theme in localStorage'[39m[33m,[39m [36masync[39m () [33m=>[39m {
    [31m[1m>[22m[39m[90m 89 |[39m     render(
     [90m    |[39m           [31m[1m^[22m[39m
     [90m 90 |[39m       [33m<[39m[33mProviders[39m[33m>[39m
     [90m 91 |[39m         [33m<[39m[33mTestComponent[39m [33m/[39m[33m>[39m
     [90m 92 |[39m       [33m<[39m[33m/[39m[33mProviders[39m[33m>[39m[0m

      at VirtualConsole.<anonymous> (node_modules/@jest/environment-jsdom-abstract/build/index.js:87:23)
      at reportException (node_modules/jsdom/lib/jsdom/living/helpers/runtime-script-errors.js:70:28)
      at innerInvokeEventListeners (node_modules/jsdom/lib/jsdom/living/events/EventTarget-impl.js:353:9)
      at invokeEventListeners (node_modules/jsdom/lib/jsdom/living/events/EventTarget-impl.js:286:3)
      at HTMLUnknownElementImpl._dispatch (node_modules/jsdom/lib/jsdom/living/events/EventTarget-impl.js:233:9)
      at HTMLUnknownElementImpl.dispatchEvent (node_modules/jsdom/lib/jsdom/living/events/EventTarget-impl.js:104:17)
      at HTMLUnknownElement.dispatchEvent (node_modules/jsdom/lib/jsdom/living/generated/EventTarget.js:241:34)
      at Object.invokeGuardedCallbackDev (node_modules/react-dom/cjs/react-dom.development.js:4213:16)
      at invokeGuardedCallback (node_modules/react-dom/cjs/react-dom.development.js:4277:31)
      at beginWork$1 (node_modules/react-dom/cjs/react-dom.development.js:27490:7)
      at performUnitOfWork (node_modules/react-dom/cjs/react-dom.development.js:26599:12)
      at workLoopSync (node_modules/react-dom/cjs/react-dom.development.js:26505:5)
      at renderRootSync (node_modules/react-dom/cjs/react-dom.development.js:26473:7)
      at performConcurrentWorkOnRoot (node_modules/react-dom/cjs/react-dom.development.js:25777:74)
      at flushActQueue (node_modules/react/cjs/react.development.js:2667:24)
      at act (node_modules/react/cjs/react.development.js:2582:11)
      at node_modules/@testing-library/react/dist/act-compat.js:47:25
      at renderRoot (node_modules/@testing-library/react/dist/pure.js:180:26)
      at render (node_modules/@testing-library/react/dist/pure.js:271:10)
      at Object.<anonymous> (app/__tests__/providers.property.test.tsx:89:11)

    console.error
      Error: Uncaught [Error: useTheme must be used within Providers]
          at reportException (C:\Users\Rosaire\Desktop\Portfolio\node_modules\jsdom\lib\jsdom\living\helpers\runtime-script-errors.js:66:24)
          at innerInvokeEventListeners (C:\Users\Rosaire\Desktop\Portfolio\node_modules\jsdom\lib\jsdom\living\events\EventTarget-impl.js:353:9)
          at invokeEventListeners (C:\Users\Rosaire\Desktop\Portfolio\node_modules\jsdom\lib\jsdom\living\events\EventTarget-impl.js:286:3)
          at HTMLUnknownElementImpl._dispatch (C:\Users\Rosaire\Desktop\Portfolio\node_modules\jsdom\lib\jsdom\living\events\EventTarget-impl.js:233:9)
          at HTMLUnknownElementImpl.dispatchEvent (C:\Users\Rosaire\Desktop\Portfolio\node_modules\jsdom\lib\jsdom\living\events\EventTarget-impl.js:104:17)
          at HTMLUnknownElement.dispatchEvent (C:\Users\Rosaire\Desktop\Portfolio\node_modules\jsdom\lib\jsdom\living\generated\EventTarget.js:241:34)
          at Object.invokeGuardedCallbackDev (C:\Users\Rosaire\Desktop\Portfolio\node_modules\react-dom\cjs\react-dom.development.js:4213:16)
          at invokeGuardedCallback (C:\Users\Rosaire\Desktop\Portfolio\node_modules\react-dom\cjs\react-dom.development.js:4277:31)
          at beginWork$1 (C:\Users\Rosaire\Desktop\Portfolio\node_modules\react-dom\cjs\react-dom.development.js:27490:7)
          at performUnitOfWork (C:\Users\Rosaire\Desktop\Portfolio\node_modules\react-dom\cjs\react-dom.development.js:26599:12)
          at workLoopSync (C:\Users\Rosaire\Desktop\Portfolio\node_modules\react-dom\cjs\react-dom.development.js:26505:5)
          at renderRootSync (C:\Users\Rosaire\Desktop\Portfolio\node_modules\react-dom\cjs\react-dom.development.js:26473:7)
          at recoverFromConcurrentError (C:\Users\Rosaire\Desktop\Portfolio\node_modules\react-dom\cjs\react-dom.development.js:25889:20)
          at performConcurrentWorkOnRoot (C:\Users\Rosaire\Desktop\Portfolio\node_modules\react-dom\cjs\react-dom.development.js:25789:22)
          at flushActQueue (C:\Users\Rosaire\Desktop\Portfolio\node_modules\react\cjs\react.development.js:2667:24)
          at act (C:\Users\Rosaire\Desktop\Portfolio\node_modules\react\cjs\react.development.js:2582:11)
          at C:\Users\Rosaire\Desktop\Portfolio\node_modules\@testing-library\react\dist\act-compat.js:47:25
          at renderRoot (C:\Users\Rosaire\Desktop\Portfolio\node_modules\@testing-library\react\dist\pure.js:180:26)
          at render (C:\Users\Rosaire\Desktop\Portfolio\node_modules\@testing-library\react\dist\pure.js:271:10)
          at Object.<anonymous> (C:\Users\Rosaire\Desktop\Portfolio\app\__tests__\providers.property.test.tsx:89:11)
          at Promise.then.completed (C:\Users\Rosaire\Desktop\Portfolio\node_modules\jest-circus\build\utils.js:298:28)
          at new Promise (<anonymous>)
          at callAsyncCircusFn (C:\Users\Rosaire\Desktop\Portfolio\node_modules\jest-circus\build\utils.js:231:10)
          at _callCircusTest (C:\Users\Rosaire\Desktop\Portfolio\node_modules\jest-circus\build\run.js:316:40)
          at processTicksAndRejections (node:internal/process/task_queues:104:5)
          at _runTest (C:\Users\Rosaire\Desktop\Portfolio\node_modules\jest-circus\build\run.js:252:3)
          at _runTestsForDescribeBlock (C:\Users\Rosaire\Desktop\Portfolio\node_modules\jest-circus\build\run.js:126:9)
          at _runTestsForDescribeBlock (C:\Users\Rosaire\Desktop\Portfolio\node_modules\jest-circus\build\run.js:121:9)
          at run (C:\Users\Rosaire\Desktop\Portfolio\node_modules\jest-circus\build\run.js:71:3)
          at runAndTransformResultsToJestFormat (C:\Users\Rosaire\Desktop\Portfolio\node_modules\jest-circus\build\legacy-code-todo-rewrite\jestAdapterInit.js:122:21)
          at jestAdapter (C:\Users\Rosaire\Desktop\Portfolio\node_modules\jest-circus\build\legacy-code-todo-rewrite\jestAdapter.js:79:19)
          at runTestInternal (C:\Users\Rosaire\Desktop\Portfolio\node_modules\jest-runner\build\runTest.js:367:16)
          at runTest (C:\Users\Rosaire\Desktop\Portfolio\node_modules\jest-runner\build\runTest.js:444:34)
          at Object.worker (C:\Users\Rosaire\Desktop\Portfolio\node_modules\jest-runner\build\testWorker.js:106:12) {
        detail: Error: useTheme must be used within Providers
            at useTheme (C:\Users\Rosaire\Desktop\Portfolio\app\providers.tsx:81:11)
            at TestComponent (C:\Users\Rosaire\Desktop\Portfolio\app\__tests__\providers.property.test.tsx:9:42)
            at renderWithHooks (C:\Users\Rosaire\Desktop\Portfolio\node_modules\react-dom\cjs\react-dom.development.js:15486:18)
            at mountIndeterminateComponent (C:\Users\Rosaire\Desktop\Portfolio\node_modules\react-dom\cjs\react-dom.development.js:20103:13)
            at beginWork (C:\Users\Rosaire\Desktop\Portfolio\node_modules\react-dom\cjs\react-dom.development.js:21626:16)
            at HTMLUnknownElement.callCallback (C:\Users\Rosaire\Desktop\Portfolio\node_modules\react-dom\cjs\react-dom.development.js:4164:14)
            at HTMLUnknownElement.callTheUserObjectsOperation (C:\Users\Rosaire\Desktop\Portfolio\node_modules\jsdom\lib\jsdom\living\generated\EventListener.js:26:30)
            at innerInvokeEventListeners (C:\Users\Rosaire\Desktop\Portfolio\node_modules\jsdom\lib\jsdom\living\events\EventTarget-impl.js:350:25)
            at invokeEventListeners (C:\Users\Rosaire\Desktop\Portfolio\node_modules\jsdom\lib\jsdom\living\events\EventTarget-impl.js:286:3)
            at HTMLUnknownElementImpl._dispatch (C:\Users\Rosaire\Desktop\Portfolio\node_modules\jsdom\lib\jsdom\living\events\EventTarget-impl.js:233:9)
            at HTMLUnknownElementImpl.dispatchEvent (C:\Users\Rosaire\Desktop\Portfolio\node_modules\jsdom\lib\jsdom\living\events\EventTarget-impl.js:104:17)
            at HTMLUnknownElement.dispatchEvent (C:\Users\Rosaire\Desktop\Portfolio\node_modules\jsdom\lib\jsdom\living\generated\EventTarget.js:241:34)
            at Object.invokeGuardedCallbackDev (C:\Users\Rosaire\Desktop\Portfolio\node_modules\react-dom\cjs\react-dom.development.js:4213:16)
            at invokeGuardedCallback (C:\Users\Rosaire\Desktop\Portfolio\node_modules\react-dom\cjs\react-dom.development.js:4277:31)
            at beginWork$1 (C:\Users\Rosaire\Desktop\Portfolio\node_modules\react-dom\cjs\react-dom.development.js:27490:7)
            at performUnitOfWork (C:\Users\Rosaire\Desktop\Portfolio\node_modules\react-dom\cjs\react-dom.development.js:26599:12)
            at workLoopSync (C:\Users\Rosaire\Desktop\Portfolio\node_modules\react-dom\cjs\react-dom.development.js:26505:5)
            at renderRootSync (C:\Users\Rosaire\Desktop\Portfolio\node_modules\react-dom\cjs\react-dom.development.js:26473:7)
            at recoverFromConcurrentError (C:\Users\Rosaire\Desktop\Portfolio\node_modules\react-dom\cjs\react-dom.development.js:25889:20)
            at performConcurrentWorkOnRoot (C:\Users\Rosaire\Desktop\Portfolio\node_modules\react-dom\cjs\react-dom.development.js:25789:22)
            at flushActQueue (C:\Users\Rosaire\Desktop\Portfolio\node_modules\react\cjs\react.development.js:2667:24)
            at act (C:\Users\Rosaire\Desktop\Portfolio\node_modules\react\cjs\react.development.js:2582:11)
            at C:\Users\Rosaire\Desktop\Portfolio\node_modules\@testing-library\react\dist\act-compat.js:47:25
            at renderRoot (C:\Users\Rosaire\Desktop\Portfolio\node_modules\@testing-library\react\dist\pure.js:180:26)
            at render (C:\Users\Rosaire\Desktop\Portfolio\node_modules\@testing-library\react\dist\pure.js:271:10)
            at Object.<anonymous> (C:\Users\Rosaire\Desktop\Portfolio\app\__tests__\providers.property.test.tsx:89:11)
            at Promise.then.completed (C:\Users\Rosaire\Desktop\Portfolio\node_modules\jest-circus\build\utils.js:298:28)
            at new Promise (<anonymous>)
            at callAsyncCircusFn (C:\Users\Rosaire\Desktop\Portfolio\node_modules\jest-circus\build\utils.js:231:10)
            at _callCircusTest (C:\Users\Rosaire\Desktop\Portfolio\node_modules\jest-circus\build\run.js:316:40)
            at processTicksAndRejections (node:internal/process/task_queues:104:5)
            at _runTest (C:\Users\Rosaire\Desktop\Portfolio\node_modules\jest-circus\build\run.js:252:3)
            at _runTestsForDescribeBlock (C:\Users\Rosaire\Desktop\Portfolio\node_modules\jest-circus\build\run.js:126:9)
            at _runTestsForDescribeBlock (C:\Users\Rosaire\Desktop\Portfolio\node_modules\jest-circus\build\run.js:121:9)
            at run (C:\Users\Rosaire\Desktop\Portfolio\node_modules\jest-circus\build\run.js:71:3)
            at runAndTransformResultsToJestFormat (C:\Users\Rosaire\Desktop\Portfolio\node_modules\jest-circus\build\legacy-code-todo-rewrite\jestAdapterInit.js:122:21)
            at jestAdapter (C:\Users\Rosaire\Desktop\Portfolio\node_modules\jest-circus\build\legacy-code-todo-rewrite\jestAdapter.js:79:19)
            at runTestInternal (C:\Users\Rosaire\Desktop\Portfolio\node_modules\jest-runner\build\runTest.js:367:16)
            at runTest (C:\Users\Rosaire\Desktop\Portfolio\node_modules\jest-runner\build\runTest.js:444:34)
            at Object.worker (C:\Users\Rosaire\Desktop\Portfolio\node_modules\jest-runner\build\testWorker.js:106:12),
        type: 'unhandled exception'
      }

    [0m [90m 87 |[39m
     [90m 88 |[39m   it([32m'should persist theme in localStorage'[39m[33m,[39m [36masync[39m () [33m=>[39m {
    [31m[1m>[22m[39m[90m 89 |[39m     render(
     [90m    |[39m           [31m[1m^[22m[39m
     [90m 90 |[39m       [33m<[39m[33mProviders[39m[33m>[39m
     [90m 91 |[39m         [33m<[39m[33mTestComponent[39m [33m/[39m[33m>[39m
     [90m 92 |[39m       [33m<[39m[33m/[39m[33mProviders[39m[33m>[39m[0m

      at VirtualConsole.<anonymous> (node_modules/@jest/environment-jsdom-abstract/build/index.js:87:23)
      at reportException (node_modules/jsdom/lib/jsdom/living/helpers/runtime-script-errors.js:70:28)
      at innerInvokeEventListeners (node_modules/jsdom/lib/jsdom/living/events/EventTarget-impl.js:353:9)
      at invokeEventListeners (node_modules/jsdom/lib/jsdom/living/events/EventTarget-impl.js:286:3)
      at HTMLUnknownElementImpl._dispatch (node_modules/jsdom/lib/jsdom/living/events/EventTarget-impl.js:233:9)
      at HTMLUnknownElementImpl.dispatchEvent (node_modules/jsdom/lib/jsdom/living/events/EventTarget-impl.js:104:17)
      at HTMLUnknownElement.dispatchEvent (node_modules/jsdom/lib/jsdom/living/generated/EventTarget.js:241:34)
      at Object.invokeGuardedCallbackDev (node_modules/react-dom/cjs/react-dom.development.js:4213:16)
      at invokeGuardedCallback (node_modules/react-dom/cjs/react-dom.development.js:4277:31)
      at beginWork$1 (node_modules/react-dom/cjs/react-dom.development.js:27490:7)
      at performUnitOfWork (node_modules/react-dom/cjs/react-dom.development.js:26599:12)
      at workLoopSync (node_modules/react-dom/cjs/react-dom.development.js:26505:5)
      at renderRootSync (node_modules/react-dom/cjs/react-dom.development.js:26473:7)
      at recoverFromConcurrentError (node_modules/react-dom/cjs/react-dom.development.js:25889:20)
      at performConcurrentWorkOnRoot (node_modules/react-dom/cjs/react-dom.development.js:25789:22)
      at flushActQueue (node_modules/react/cjs/react.development.js:2667:24)
      at act (node_modules/react/cjs/react.development.js:2582:11)
      at node_modules/@testing-library/react/dist/act-compat.js:47:25
      at renderRoot (node_modules/@testing-library/react/dist/pure.js:180:26)
      at render (node_modules/@testing-library/react/dist/pure.js:271:10)
      at Object.<anonymous> (app/__tests__/providers.property.test.tsx:89:11)

    console.error
      The above error occurred in the <TestComponent> component:
      
          at TestComponent (C:\Users\Rosaire\Desktop\Portfolio\app\__tests__\providers.property.test.tsx:9:42)
          at children (C:\Users\Rosaire\Desktop\Portfolio\app\providers.tsx:21:29)
      
      Consider adding an error boundary to your tree to customize error handling behavior.
      Visit https://reactjs.org/link/error-boundaries to learn more about error boundaries.

    [0m [90m 87 |[39m
     [90m 88 |[39m   it([32m'should persist theme in localStorage'[39m[33m,[39m [36masync[39m () [33m=>[39m {
    [31m[1m>[22m[39m[90m 89 |[39m     render(
     [90m    |[39m           [31m[1m^[22m[39m
     [90m 90 |[39m       [33m<[39m[33mProviders[39m[33m>[39m
     [90m 91 |[39m         [33m<[39m[33mTestComponent[39m [33m/[39m[33m>[39m
     [90m 92 |[39m       [33m<[39m[33m/[39m[33mProviders[39m[33m>[39m[0m

      at logCapturedError (node_modules/react-dom/cjs/react-dom.development.js:18704:23)
      at update.callback (node_modules/react-dom/cjs/react-dom.development.js:18737:5)
      at callCallback (node_modules/react-dom/cjs/react-dom.development.js:15036:12)
      at commitUpdateQueue (node_modules/react-dom/cjs/react-dom.development.js:15057:9)
      at commitLayoutEffectOnFiber (node_modules/react-dom/cjs/react-dom.development.js:23430:13)
      at commitLayoutMountEffects_complete (node_modules/react-dom/cjs/react-dom.development.js:24727:9)
      at commitLayoutEffects_begin (node_modules/react-dom/cjs/react-dom.development.js:24713:7)
      at commitLayoutEffects (node_modules/react-dom/cjs/react-dom.development.js:24651:3)
      at commitRootImpl (node_modules/react-dom/cjs/react-dom.development.js:26862:5)
      at commitRoot (node_modules/react-dom/cjs/react-dom.development.js:26721:5)
      at finishConcurrentRender (node_modules/react-dom/cjs/react-dom.development.js:25931:9)
      at performConcurrentWorkOnRoot (node_modules/react-dom/cjs/react-dom.development.js:25848:7)
      at flushActQueue (node_modules/react/cjs/react.development.js:2667:24)
      at act (node_modules/react/cjs/react.development.js:2582:11)
      at node_modules/@testing-library/react/dist/act-compat.js:47:25
      at renderRoot (node_modules/@testing-library/react/dist/pure.js:180:26)
      at render (node_modules/@testing-library/react/dist/pure.js:271:10)
      at Object.<anonymous> (app/__tests__/providers.property.test.tsx:89:11)

    console.error
      Error: Uncaught [Error: useTheme must be used within Providers]
          at reportException (C:\Users\Rosaire\Desktop\Portfolio\node_modules\jsdom\lib\jsdom\living\helpers\runtime-script-errors.js:66:24)
          at innerInvokeEventListeners (C:\Users\Rosaire\Desktop\Portfolio\node_modules\jsdom\lib\jsdom\living\events\EventTarget-impl.js:353:9)
          at invokeEventListeners (C:\Users\Rosaire\Desktop\Portfolio\node_modules\jsdom\lib\jsdom\living\events\EventTarget-impl.js:286:3)
          at HTMLUnknownElementImpl._dispatch (C:\Users\Rosaire\Desktop\Portfolio\node_modules\jsdom\lib\jsdom\living\events\EventTarget-impl.js:233:9)
          at HTMLUnknownElementImpl.dispatchEvent (C:\Users\Rosaire\Desktop\Portfolio\node_modules\jsdom\lib\jsdom\living\events\EventTarget-impl.js:104:17)
          at HTMLUnknownElement.dispatchEvent (C:\Users\Rosaire\Desktop\Portfolio\node_modules\jsdom\lib\jsdom\living\generated\EventTarget.js:241:34)
          at Object.invokeGuardedCallbackDev (C:\Users\Rosaire\Desktop\Portfolio\node_modules\react-dom\cjs\react-dom.development.js:4213:16)
          at invokeGuardedCallback (C:\Users\Rosaire\Desktop\Portfolio\node_modules\react-dom\cjs\react-dom.development.js:4277:31)
          at beginWork$1 (C:\Users\Rosaire\Desktop\Portfolio\node_modules\react-dom\cjs\react-dom.development.js:27490:7)
          at performUnitOfWork (C:\Users\Rosaire\Desktop\Portfolio\node_modules\react-dom\cjs\react-dom.development.js:26599:12)
          at workLoopSync (C:\Users\Rosaire\Desktop\Portfolio\node_modules\react-dom\cjs\react-dom.development.js:26505:5)
          at renderRootSync (C:\Users\Rosaire\Desktop\Portfolio\node_modules\react-dom\cjs\react-dom.development.js:26473:7)
          at performConcurrentWorkOnRoot (C:\Users\Rosaire\Desktop\Portfolio\node_modules\react-dom\cjs\react-dom.development.js:25777:74)
          at flushActQueue (C:\Users\Rosaire\Desktop\Portfolio\node_modules\react\cjs\react.development.js:2667:24)
          at act (C:\Users\Rosaire\Desktop\Portfolio\node_modules\react\cjs\react.development.js:2582:11)
          at C:\Users\Rosaire\Desktop\Portfolio\node_modules\@testing-library\react\dist\act-compat.js:47:25
          at renderRoot (C:\Users\Rosaire\Desktop\Portfolio\node_modules\@testing-library\react\dist\pure.js:180:26)
          at render (C:\Users\Rosaire\Desktop\Portfolio\node_modules\@testing-library\react\dist\pure.js:271:10)
          at Object.<anonymous> (C:\Users\Rosaire\Desktop\Portfolio\app\__tests__\providers.property.test.tsx:110:11)
          at Promise.then.completed (C:\Users\Rosaire\Desktop\Portfolio\node_modules\jest-circus\build\utils.js:298:28)
          at new Promise (<anonymous>)
          at callAsyncCircusFn (C:\Users\Rosaire\Desktop\Portfolio\node_modules\jest-circus\build\utils.js:231:10)
          at _callCircusTest (C:\Users\Rosaire\Desktop\Portfolio\node_modules\jest-circus\build\run.js:316:40)
          at processTicksAndRejections (node:internal/process/task_queues:104:5)
          at _runTest (C:\Users\Rosaire\Desktop\Portfolio\node_modules\jest-circus\build\run.js:252:3)
          at _runTestsForDescribeBlock (C:\Users\Rosaire\Desktop\Portfolio\node_modules\jest-circus\build\run.js:126:9)
          at _runTestsForDescribeBlock (C:\Users\Rosaire\Desktop\Portfolio\node_modules\jest-circus\build\run.js:121:9)
          at run (C:\Users\Rosaire\Desktop\Portfolio\node_modules\jest-circus\build\run.js:71:3)
          at runAndTransformResultsToJestFormat (C:\Users\Rosaire\Desktop\Portfolio\node_modules\jest-circus\build\legacy-code-todo-rewrite\jestAdapterInit.js:122:21)
          at jestAdapter (C:\Users\Rosaire\Desktop\Portfolio\node_modules\jest-circus\build\legacy-code-todo-rewrite\jestAdapter.js:79:19)
          at runTestInternal (C:\Users\Rosaire\Desktop\Portfolio\node_modules\jest-runner\build\runTest.js:367:16)
          at runTest (C:\Users\Rosaire\Desktop\Portfolio\node_modules\jest-runner\build\runTest.js:444:34)
          at Object.worker (C:\Users\Rosaire\Desktop\Portfolio\node_modules\jest-runner\build\testWorker.js:106:12) {
        detail: Error: useTheme must be used within Providers
            at useTheme (C:\Users\Rosaire\Desktop\Portfolio\app\providers.tsx:81:11)
            at TestComponent (C:\Users\Rosaire\Desktop\Portfolio\app\__tests__\providers.property.test.tsx:9:42)
            at renderWithHooks (C:\Users\Rosaire\Desktop\Portfolio\node_modules\react-dom\cjs\react-dom.development.js:15486:18)
            at mountIndeterminateComponent (C:\Users\Rosaire\Desktop\Portfolio\node_modules\react-dom\cjs\react-dom.development.js:20103:13)
            at beginWork (C:\Users\Rosaire\Desktop\Portfolio\node_modules\react-dom\cjs\react-dom.development.js:21626:16)
            at HTMLUnknownElement.callCallback (C:\Users\Rosaire\Desktop\Portfolio\node_modules\react-dom\cjs\react-dom.development.js:4164:14)
            at HTMLUnknownElement.callTheUserObjectsOperation (C:\Users\Rosaire\Desktop\Portfolio\node_modules\jsdom\lib\jsdom\living\generated\EventListener.js:26:30)
            at innerInvokeEventListeners (C:\Users\Rosaire\Desktop\Portfolio\node_modules\jsdom\lib\jsdom\living\events\EventTarget-impl.js:350:25)
            at invokeEventListeners (C:\Users\Rosaire\Desktop\Portfolio\node_modules\jsdom\lib\jsdom\living\events\EventTarget-impl.js:286:3)
            at HTMLUnknownElementImpl._dispatch (C:\Users\Rosaire\Desktop\Portfolio\node_modules\jsdom\lib\jsdom\living\events\EventTarget-impl.js:233:9)
            at HTMLUnknownElementImpl.dispatchEvent (C:\Users\Rosaire\Desktop\Portfolio\node_modules\jsdom\lib\jsdom\living\events\EventTarget-impl.js:104:17)
            at HTMLUnknownElement.dispatchEvent (C:\Users\Rosaire\Desktop\Portfolio\node_modules\jsdom\lib\jsdom\living\generated\EventTarget.js:241:34)
            at Object.invokeGuardedCallbackDev (C:\Users\Rosaire\Desktop\Portfolio\node_modules\react-dom\cjs\react-dom.development.js:4213:16)
            at invokeGuardedCallback (C:\Users\Rosaire\Desktop\Portfolio\node_modules\react-dom\cjs\react-dom.development.js:4277:31)
            at beginWork$1 (C:\Users\Rosaire\Desktop\Portfolio\node_modules\react-dom\cjs\react-dom.development.js:27490:7)
            at performUnitOfWork (C:\Users\Rosaire\Desktop\Portfolio\node_modules\react-dom\cjs\react-dom.development.js:26599:12)
            at workLoopSync (C:\Users\Rosaire\Desktop\Portfolio\node_modules\react-dom\cjs\react-dom.development.js:26505:5)
            at renderRootSync (C:\Users\Rosaire\Desktop\Portfolio\node_modules\react-dom\cjs\react-dom.development.js:26473:7)
            at performConcurrentWorkOnRoot (C:\Users\Rosaire\Desktop\Portfolio\node_modules\react-dom\cjs\react-dom.development.js:25777:74)
            at flushActQueue (C:\Users\Rosaire\Desktop\Portfolio\node_modules\react\cjs\react.development.js:2667:24)
            at act (C:\Users\Rosaire\Desktop\Portfolio\node_modules\react\cjs\react.development.js:2582:11)
            at C:\Users\Rosaire\Desktop\Portfolio\node_modules\@testing-library\react\dist\act-compat.js:47:25
            at renderRoot (C:\Users\Rosaire\Desktop\Portfolio\node_modules\@testing-library\react\dist\pure.js:180:26)
            at render (C:\Users\Rosaire\Desktop\Portfolio\node_modules\@testing-library\react\dist\pure.js:271:10)
            at Object.<anonymous> (C:\Users\Rosaire\Desktop\Portfolio\app\__tests__\providers.property.test.tsx:110:11)
            at Promise.then.completed (C:\Users\Rosaire\Desktop\Portfolio\node_modules\jest-circus\build\utils.js:298:28)
            at new Promise (<anonymous>)
            at callAsyncCircusFn (C:\Users\Rosaire\Desktop\Portfolio\node_modules\jest-circus\build\utils.js:231:10)
            at _callCircusTest (C:\Users\Rosaire\Desktop\Portfolio\node_modules\jest-circus\build\run.js:316:40)
            at processTicksAndRejections (node:internal/process/task_queues:104:5)
            at _runTest (C:\Users\Rosaire\Desktop\Portfolio\node_modules\jest-circus\build\run.js:252:3)
            at _runTestsForDescribeBlock (C:\Users\Rosaire\Desktop\Portfolio\node_modules\jest-circus\build\run.js:126:9)
            at _runTestsForDescribeBlock (C:\Users\Rosaire\Desktop\Portfolio\node_modules\jest-circus\build\run.js:121:9)
            at run (C:\Users\Rosaire\Desktop\Portfolio\node_modules\jest-circus\build\run.js:71:3)
            at runAndTransformResultsToJestFormat (C:\Users\Rosaire\Desktop\Portfolio\node_modules\jest-circus\build\legacy-code-todo-rewrite\jestAdapterInit.js:122:21)
            at jestAdapter (C:\Users\Rosaire\Desktop\Portfolio\node_modules\jest-circus\build\legacy-code-todo-rewrite\jestAdapter.js:79:19)
            at runTestInternal (C:\Users\Rosaire\Desktop\Portfolio\node_modules\jest-runner\build\runTest.js:367:16)
            at runTest (C:\Users\Rosaire\Desktop\Portfolio\node_modules\jest-runner\build\runTest.js:444:34)
            at Object.worker (C:\Users\Rosaire\Desktop\Portfolio\node_modules\jest-runner\build\testWorker.js:106:12),
        type: 'unhandled exception'
      }

    [0m [90m 108 |[39m
     [90m 109 |[39m   it([32m'should apply theme class to document element'[39m[33m,[39m [36masync[39m () [33m=>[39m {
    [31m[1m>[22m[39m[90m 110 |[39m     render(
     [90m     |[39m           [31m[1m^[22m[39m
     [90m 111 |[39m       [33m<[39m[33mProviders[39m[33m>[39m
     [90m 112 |[39m         [33m<[39m[33mTestComponent[39m [33m/[39m[33m>[39m
     [90m 113 |[39m       [33m<[39m[33m/[39m[33mProviders[39m[33m>[39m[0m

      at VirtualConsole.<anonymous> (node_modules/@jest/environment-jsdom-abstract/build/index.js:87:23)
      at reportException (node_modules/jsdom/lib/jsdom/living/helpers/runtime-script-errors.js:70:28)
      at innerInvokeEventListeners (node_modules/jsdom/lib/jsdom/living/events/EventTarget-impl.js:353:9)
      at invokeEventListeners (node_modules/jsdom/lib/jsdom/living/events/EventTarget-impl.js:286:3)
      at HTMLUnknownElementImpl._dispatch (node_modules/jsdom/lib/jsdom/living/events/EventTarget-impl.js:233:9)
      at HTMLUnknownElementImpl.dispatchEvent (node_modules/jsdom/lib/jsdom/living/events/EventTarget-impl.js:104:17)
      at HTMLUnknownElement.dispatchEvent (node_modules/jsdom/lib/jsdom/living/generated/EventTarget.js:241:34)
      at Object.invokeGuardedCallbackDev (node_modules/react-dom/cjs/react-dom.development.js:4213:16)
      at invokeGuardedCallback (node_modules/react-dom/cjs/react-dom.development.js:4277:31)
      at beginWork$1 (node_modules/react-dom/cjs/react-dom.development.js:27490:7)
      at performUnitOfWork (node_modules/react-dom/cjs/react-dom.development.js:26599:12)
      at workLoopSync (node_modules/react-dom/cjs/react-dom.development.js:26505:5)
      at renderRootSync (node_modules/react-dom/cjs/react-dom.development.js:26473:7)
      at performConcurrentWorkOnRoot (node_modules/react-dom/cjs/react-dom.development.js:25777:74)
      at flushActQueue (node_modules/react/cjs/react.development.js:2667:24)
      at act (node_modules/react/cjs/react.development.js:2582:11)
      at node_modules/@testing-library/react/dist/act-compat.js:47:25
      at renderRoot (node_modules/@testing-library/react/dist/pure.js:180:26)
      at render (node_modules/@testing-library/react/dist/pure.js:271:10)
      at Object.<anonymous> (app/__tests__/providers.property.test.tsx:110:11)

    console.error
      Error: Uncaught [Error: useTheme must be used within Providers]
          at reportException (C:\Users\Rosaire\Desktop\Portfolio\node_modules\jsdom\lib\jsdom\living\helpers\runtime-script-errors.js:66:24)
          at innerInvokeEventListeners (C:\Users\Rosaire\Desktop\Portfolio\node_modules\jsdom\lib\jsdom\living\events\EventTarget-impl.js:353:9)
          at invokeEventListeners (C:\Users\Rosaire\Desktop\Portfolio\node_modules\jsdom\lib\jsdom\living\events\EventTarget-impl.js:286:3)
          at HTMLUnknownElementImpl._dispatch (C:\Users\Rosaire\Desktop\Portfolio\node_modules\jsdom\lib\jsdom\living\events\EventTarget-impl.js:233:9)
          at HTMLUnknownElementImpl.dispatchEvent (C:\Users\Rosaire\Desktop\Portfolio\node_modules\jsdom\lib\jsdom\living\events\EventTarget-impl.js:104:17)
          at HTMLUnknownElement.dispatchEvent (C:\Users\Rosaire\Desktop\Portfolio\node_modules\jsdom\lib\jsdom\living\generated\EventTarget.js:241:34)
          at Object.invokeGuardedCallbackDev (C:\Users\Rosaire\Desktop\Portfolio\node_modules\react-dom\cjs\react-dom.development.js:4213:16)
          at invokeGuardedCallback (C:\Users\Rosaire\Desktop\Portfolio\node_modules\react-dom\cjs\react-dom.development.js:4277:31)
          at beginWork$1 (C:\Users\Rosaire\Desktop\Portfolio\node_modules\react-dom\cjs\react-dom.development.js:27490:7)
          at performUnitOfWork (C:\Users\Rosaire\Desktop\Portfolio\node_modules\react-dom\cjs\react-dom.development.js:26599:12)
          at workLoopSync (C:\Users\Rosaire\Desktop\Portfolio\node_modules\react-dom\cjs\react-dom.development.js:26505:5)
          at renderRootSync (C:\Users\Rosaire\Desktop\Portfolio\node_modules\react-dom\cjs\react-dom.development.js:26473:7)
          at recoverFromConcurrentError (C:\Users\Rosaire\Desktop\Portfolio\node_modules\react-dom\cjs\react-dom.development.js:25889:20)
          at performConcurrentWorkOnRoot (C:\Users\Rosaire\Desktop\Portfolio\node_modules\react-dom\cjs\react-dom.development.js:25789:22)
          at flushActQueue (C:\Users\Rosaire\Desktop\Portfolio\node_modules\react\cjs\react.development.js:2667:24)
          at act (C:\Users\Rosaire\Desktop\Portfolio\node_modules\react\cjs\react.development.js:2582:11)
          at C:\Users\Rosaire\Desktop\Portfolio\node_modules\@testing-library\react\dist\act-compat.js:47:25
          at renderRoot (C:\Users\Rosaire\Desktop\Portfolio\node_modules\@testing-library\react\dist\pure.js:180:26)
          at render (C:\Users\Rosaire\Desktop\Portfolio\node_modules\@testing-library\react\dist\pure.js:271:10)
          at Object.<anonymous> (C:\Users\Rosaire\Desktop\Portfolio\app\__tests__\providers.property.test.tsx:110:11)
          at Promise.then.completed (C:\Users\Rosaire\Desktop\Portfolio\node_modules\jest-circus\build\utils.js:298:28)
          at new Promise (<anonymous>)
          at callAsyncCircusFn (C:\Users\Rosaire\Desktop\Portfolio\node_modules\jest-circus\build\utils.js:231:10)
          at _callCircusTest (C:\Users\Rosaire\Desktop\Portfolio\node_modules\jest-circus\build\run.js:316:40)
          at processTicksAndRejections (node:internal/process/task_queues:104:5)
          at _runTest (C:\Users\Rosaire\Desktop\Portfolio\node_modules\jest-circus\build\run.js:252:3)
          at _runTestsForDescribeBlock (C:\Users\Rosaire\Desktop\Portfolio\node_modules\jest-circus\build\run.js:126:9)
          at _runTestsForDescribeBlock (C:\Users\Rosaire\Desktop\Portfolio\node_modules\jest-circus\build\run.js:121:9)
          at run (C:\Users\Rosaire\Desktop\Portfolio\node_modules\jest-circus\build\run.js:71:3)
          at runAndTransformResultsToJestFormat (C:\Users\Rosaire\Desktop\Portfolio\node_modules\jest-circus\build\legacy-code-todo-rewrite\jestAdapterInit.js:122:21)
          at jestAdapter (C:\Users\Rosaire\Desktop\Portfolio\node_modules\jest-circus\build\legacy-code-todo-rewrite\jestAdapter.js:79:19)
          at runTestInternal (C:\Users\Rosaire\Desktop\Portfolio\node_modules\jest-runner\build\runTest.js:367:16)
          at runTest (C:\Users\Rosaire\Desktop\Portfolio\node_modules\jest-runner\build\runTest.js:444:34)
          at Object.worker (C:\Users\Rosaire\Desktop\Portfolio\node_modules\jest-runner\build\testWorker.js:106:12) {
        detail: Error: useTheme must be used within Providers
            at useTheme (C:\Users\Rosaire\Desktop\Portfolio\app\providers.tsx:81:11)
            at TestComponent (C:\Users\Rosaire\Desktop\Portfolio\app\__tests__\providers.property.test.tsx:9:42)
            at renderWithHooks (C:\Users\Rosaire\Desktop\Portfolio\node_modules\react-dom\cjs\react-dom.development.js:15486:18)
            at mountIndeterminateComponent (C:\Users\Rosaire\Desktop\Portfolio\node_modules\react-dom\cjs\react-dom.development.js:20103:13)
            at beginWork (C:\Users\Rosaire\Desktop\Portfolio\node_modules\react-dom\cjs\react-dom.development.js:21626:16)
            at HTMLUnknownElement.callCallback (C:\Users\Rosaire\Desktop\Portfolio\node_modules\react-dom\cjs\react-dom.development.js:4164:14)
            at HTMLUnknownElement.callTheUserObjectsOperation (C:\Users\Rosaire\Desktop\Portfolio\node_modules\jsdom\lib\jsdom\living\generated\EventListener.js:26:30)
            at innerInvokeEventListeners (C:\Users\Rosaire\Desktop\Portfolio\node_modules\jsdom\lib\jsdom\living\events\EventTarget-impl.js:350:25)
            at invokeEventListeners (C:\Users\Rosaire\Desktop\Portfolio\node_modules\jsdom\lib\jsdom\living\events\EventTarget-impl.js:286:3)
            at HTMLUnknownElementImpl._dispatch (C:\Users\Rosaire\Desktop\Portfolio\node_modules\jsdom\lib\jsdom\living\events\EventTarget-impl.js:233:9)
            at HTMLUnknownElementImpl.dispatchEvent (C:\Users\Rosaire\Desktop\Portfolio\node_modules\jsdom\lib\jsdom\living\events\EventTarget-impl.js:104:17)
            at HTMLUnknownElement.dispatchEvent (C:\Users\Rosaire\Desktop\Portfolio\node_modules\jsdom\lib\jsdom\living\generated\EventTarget.js:241:34)
            at Object.invokeGuardedCallbackDev (C:\Users\Rosaire\Desktop\Portfolio\node_modules\react-dom\cjs\react-dom.development.js:4213:16)
            at invokeGuardedCallback (C:\Users\Rosaire\Desktop\Portfolio\node_modules\react-dom\cjs\react-dom.development.js:4277:31)
            at beginWork$1 (C:\Users\Rosaire\Desktop\Portfolio\node_modules\react-dom\cjs\react-dom.development.js:27490:7)
            at performUnitOfWork (C:\Users\Rosaire\Desktop\Portfolio\node_modules\react-dom\cjs\react-dom.development.js:26599:12)
            at workLoopSync (C:\Users\Rosaire\Desktop\Portfolio\node_modules\react-dom\cjs\react-dom.development.js:26505:5)
            at renderRootSync (C:\Users\Rosaire\Desktop\Portfolio\node_modules\react-dom\cjs\react-dom.development.js:26473:7)
            at recoverFromConcurrentError (C:\Users\Rosaire\Desktop\Portfolio\node_modules\react-dom\cjs\react-dom.development.js:25889:20)
            at performConcurrentWorkOnRoot (C:\Users\Rosaire\Desktop\Portfolio\node_modules\react-dom\cjs\react-dom.development.js:25789:22)
            at flushActQueue (C:\Users\Rosaire\Desktop\Portfolio\node_modules\react\cjs\react.development.js:2667:24)
            at act (C:\Users\Rosaire\Desktop\Portfolio\node_modules\react\cjs\react.development.js:2582:11)
            at C:\Users\Rosaire\Desktop\Portfolio\node_modules\@testing-library\react\dist\act-compat.js:47:25
            at renderRoot (C:\Users\Rosaire\Desktop\Portfolio\node_modules\@testing-library\react\dist\pure.js:180:26)
            at render (C:\Users\Rosaire\Desktop\Portfolio\node_modules\@testing-library\react\dist\pure.js:271:10)
            at Object.<anonymous> (C:\Users\Rosaire\Desktop\Portfolio\app\__tests__\providers.property.test.tsx:110:11)
            at Promise.then.completed (C:\Users\Rosaire\Desktop\Portfolio\node_modules\jest-circus\build\utils.js:298:28)
            at new Promise (<anonymous>)
            at callAsyncCircusFn (C:\Users\Rosaire\Desktop\Portfolio\node_modules\jest-circus\build\utils.js:231:10)
            at _callCircusTest (C:\Users\Rosaire\Desktop\Portfolio\node_modules\jest-circus\build\run.js:316:40)
            at processTicksAndRejections (node:internal/process/task_queues:104:5)
            at _runTest (C:\Users\Rosaire\Desktop\Portfolio\node_modules\jest-circus\build\run.js:252:3)
            at _runTestsForDescribeBlock (C:\Users\Rosaire\Desktop\Portfolio\node_modules\jest-circus\build\run.js:126:9)
            at _runTestsForDescribeBlock (C:\Users\Rosaire\Desktop\Portfolio\node_modules\jest-circus\build\run.js:121:9)
            at run (C:\Users\Rosaire\Desktop\Portfolio\node_modules\jest-circus\build\run.js:71:3)
            at runAndTransformResultsToJestFormat (C:\Users\Rosaire\Desktop\Portfolio\node_modules\jest-circus\build\legacy-code-todo-rewrite\jestAdapterInit.js:122:21)
            at jestAdapter (C:\Users\Rosaire\Desktop\Portfolio\node_modules\jest-circus\build\legacy-code-todo-rewrite\jestAdapter.js:79:19)
            at runTestInternal (C:\Users\Rosaire\Desktop\Portfolio\node_modules\jest-runner\build\runTest.js:367:16)
            at runTest (C:\Users\Rosaire\Desktop\Portfolio\node_modules\jest-runner\build\runTest.js:444:34)
            at Object.worker (C:\Users\Rosaire\Desktop\Portfolio\node_modules\jest-runner\build\testWorker.js:106:12),
        type: 'unhandled exception'
      }

    [0m [90m 108 |[39m
     [90m 109 |[39m   it([32m'should apply theme class to document element'[39m[33m,[39m [36masync[39m () [33m=>[39m {
    [31m[1m>[22m[39m[90m 110 |[39m     render(
     [90m     |[39m           [31m[1m^[22m[39m
     [90m 111 |[39m       [33m<[39m[33mProviders[39m[33m>[39m
     [90m 112 |[39m         [33m<[39m[33mTestComponent[39m [33m/[39m[33m>[39m
     [90m 113 |[39m       [33m<[39m[33m/[39m[33mProviders[39m[33m>[39m[0m

      at VirtualConsole.<anonymous> (node_modules/@jest/environment-jsdom-abstract/build/index.js:87:23)
      at reportException (node_modules/jsdom/lib/jsdom/living/helpers/runtime-script-errors.js:70:28)
      at innerInvokeEventListeners (node_modules/jsdom/lib/jsdom/living/events/EventTarget-impl.js:353:9)
      at invokeEventListeners (node_modules/jsdom/lib/jsdom/living/events/EventTarget-impl.js:286:3)
      at HTMLUnknownElementImpl._dispatch (node_modules/jsdom/lib/jsdom/living/events/EventTarget-impl.js:233:9)
      at HTMLUnknownElementImpl.dispatchEvent (node_modules/jsdom/lib/jsdom/living/events/EventTarget-impl.js:104:17)
      at HTMLUnknownElement.dispatchEvent (node_modules/jsdom/lib/jsdom/living/generated/EventTarget.js:241:34)
      at Object.invokeGuardedCallbackDev (node_modules/react-dom/cjs/react-dom.development.js:4213:16)
      at invokeGuardedCallback (node_modules/react-dom/cjs/react-dom.development.js:4277:31)
      at beginWork$1 (node_modules/react-dom/cjs/react-dom.development.js:27490:7)
      at performUnitOfWork (node_modules/react-dom/cjs/react-dom.development.js:26599:12)
      at workLoopSync (node_modules/react-dom/cjs/react-dom.development.js:26505:5)
      at renderRootSync (node_modules/react-dom/cjs/react-dom.development.js:26473:7)
      at recoverFromConcurrentError (node_modules/react-dom/cjs/react-dom.development.js:25889:20)
      at performConcurrentWorkOnRoot (node_modules/react-dom/cjs/react-dom.development.js:25789:22)
      at flushActQueue (node_modules/react/cjs/react.development.js:2667:24)
      at act (node_modules/react/cjs/react.development.js:2582:11)
      at node_modules/@testing-library/react/dist/act-compat.js:47:25
      at renderRoot (node_modules/@testing-library/react/dist/pure.js:180:26)
      at render (node_modules/@testing-library/react/dist/pure.js:271:10)
      at Object.<anonymous> (app/__tests__/providers.property.test.tsx:110:11)

    console.error
      The above error occurred in the <TestComponent> component:
      
          at TestComponent (C:\Users\Rosaire\Desktop\Portfolio\app\__tests__\providers.property.test.tsx:9:42)
          at children (C:\Users\Rosaire\Desktop\Portfolio\app\providers.tsx:21:29)
      
      Consider adding an error boundary to your tree to customize error handling behavior.
      Visit https://reactjs.org/link/error-boundaries to learn more about error boundaries.

    [0m [90m 108 |[39m
     [90m 109 |[39m   it([32m'should apply theme class to document element'[39m[33m,[39m [36masync[39m () [33m=>[39m {
    [31m[1m>[22m[39m[90m 110 |[39m     render(
     [90m     |[39m           [31m[1m^[22m[39m
     [90m 111 |[39m       [33m<[39m[33mProviders[39m[33m>[39m
     [90m 112 |[39m         [33m<[39m[33mTestComponent[39m [33m/[39m[33m>[39m
     [90m 113 |[39m       [33m<[39m[33m/[39m[33mProviders[39m[33m>[39m[0m

      at logCapturedError (node_modules/react-dom/cjs/react-dom.development.js:18704:23)
      at update.callback (node_modules/react-dom/cjs/react-dom.development.js:18737:5)
      at callCallback (node_modules/react-dom/cjs/react-dom.development.js:15036:12)
      at commitUpdateQueue (node_modules/react-dom/cjs/react-dom.development.js:15057:9)
      at commitLayoutEffectOnFiber (node_modules/react-dom/cjs/react-dom.development.js:23430:13)
      at commitLayoutMountEffects_complete (node_modules/react-dom/cjs/react-dom.development.js:24727:9)
      at commitLayoutEffects_begin (node_modules/react-dom/cjs/react-dom.development.js:24713:7)
      at commitLayoutEffects (node_modules/react-dom/cjs/react-dom.development.js:24651:3)
      at commitRootImpl (node_modules/react-dom/cjs/react-dom.development.js:26862:5)
      at commitRoot (node_modules/react-dom/cjs/react-dom.development.js:26721:5)
      at finishConcurrentRender (node_modules/react-dom/cjs/react-dom.development.js:25931:9)
      at performConcurrentWorkOnRoot (node_modules/react-dom/cjs/react-dom.development.js:25848:7)
      at flushActQueue (node_modules/react/cjs/react.development.js:2667:24)
      at act (node_modules/react/cjs/react.development.js:2582:11)
      at node_modules/@testing-library/react/dist/act-compat.js:47:25
      at renderRoot (node_modules/@testing-library/react/dist/pure.js:180:26)
      at render (node_modules/@testing-library/react/dist/pure.js:271:10)
      at Object.<anonymous> (app/__tests__/providers.property.test.tsx:110:11)

    console.error
      Error: Uncaught [Error: useTheme must be used within Providers]
          at reportException (C:\Users\Rosaire\Desktop\Portfolio\node_modules\jsdom\lib\jsdom\living\helpers\runtime-script-errors.js:66:24)
          at innerInvokeEventListeners (C:\Users\Rosaire\Desktop\Portfolio\node_modules\jsdom\lib\jsdom\living\events\EventTarget-impl.js:353:9)
          at invokeEventListeners (C:\Users\Rosaire\Desktop\Portfolio\node_modules\jsdom\lib\jsdom\living\events\EventTarget-impl.js:286:3)
          at HTMLUnknownElementImpl._dispatch (C:\Users\Rosaire\Desktop\Portfolio\node_modules\jsdom\lib\jsdom\living\events\EventTarget-impl.js:233:9)
          at HTMLUnknownElementImpl.dispatchEvent (C:\Users\Rosaire\Desktop\Portfolio\node_modules\jsdom\lib\jsdom\living\events\EventTarget-impl.js:104:17)
          at HTMLUnknownElement.dispatchEvent (C:\Users\Rosaire\Desktop\Portfolio\node_modules\jsdom\lib\jsdom\living\generated\EventTarget.js:241:34)
          at Object.invokeGuardedCallbackDev (C:\Users\Rosaire\Desktop\Portfolio\node_modules\react-dom\cjs\react-dom.development.js:4213:16)
          at invokeGuardedCallback (C:\Users\Rosaire\Desktop\Portfolio\node_modules\react-dom\cjs\react-dom.development.js:4277:31)
          at beginWork$1 (C:\Users\Rosaire\Desktop\Portfolio\node_modules\react-dom\cjs\react-dom.development.js:27490:7)
          at performUnitOfWork (C:\Users\Rosaire\Desktop\Portfolio\node_modules\react-dom\cjs\react-dom.development.js:26599:12)
          at workLoopSync (C:\Users\Rosaire\Desktop\Portfolio\node_modules\react-dom\cjs\react-dom.development.js:26505:5)
          at renderRootSync (C:\Users\Rosaire\Desktop\Portfolio\node_modules\react-dom\cjs\react-dom.development.js:26473:7)
          at performConcurrentWorkOnRoot (C:\Users\Rosaire\Desktop\Portfolio\node_modules\react-dom\cjs\react-dom.development.js:25777:74)
          at flushActQueue (C:\Users\Rosaire\Desktop\Portfolio\node_modules\react\cjs\react.development.js:2667:24)
          at act (C:\Users\Rosaire\Desktop\Portfolio\node_modules\react\cjs\react.development.js:2582:11)
          at C:\Users\Rosaire\Desktop\Portfolio\node_modules\@testing-library\react\dist\act-compat.js:47:25
          at renderRoot (C:\Users\Rosaire\Desktop\Portfolio\node_modules\@testing-library\react\dist\pure.js:180:26)
          at render (C:\Users\Rosaire\Desktop\Portfolio\node_modules\@testing-library\react\dist\pure.js:271:10)
          at Object.<anonymous> (C:\Users\Rosaire\Desktop\Portfolio\app\__tests__\providers.property.test.tsx:133:11)
          at Promise.then.completed (C:\Users\Rosaire\Desktop\Portfolio\node_modules\jest-circus\build\utils.js:298:28)
          at new Promise (<anonymous>)
          at callAsyncCircusFn (C:\Users\Rosaire\Desktop\Portfolio\node_modules\jest-circus\build\utils.js:231:10)
          at _callCircusTest (C:\Users\Rosaire\Desktop\Portfolio\node_modules\jest-circus\build\run.js:316:40)
          at processTicksAndRejections (node:internal/process/task_queues:104:5)
          at _runTest (C:\Users\Rosaire\Desktop\Portfolio\node_modules\jest-circus\build\run.js:252:3)
          at _runTestsForDescribeBlock (C:\Users\Rosaire\Desktop\Portfolio\node_modules\jest-circus\build\run.js:126:9)
          at _runTestsForDescribeBlock (C:\Users\Rosaire\Desktop\Portfolio\node_modules\jest-circus\build\run.js:121:9)
          at run (C:\Users\Rosaire\Desktop\Portfolio\node_modules\jest-circus\build\run.js:71:3)
          at runAndTransformResultsToJestFormat (C:\Users\Rosaire\Desktop\Portfolio\node_modules\jest-circus\build\legacy-code-todo-rewrite\jestAdapterInit.js:122:21)
          at jestAdapter (C:\Users\Rosaire\Desktop\Portfolio\node_modules\jest-circus\build\legacy-code-todo-rewrite\jestAdapter.js:79:19)
          at runTestInternal (C:\Users\Rosaire\Desktop\Portfolio\node_modules\jest-runner\build\runTest.js:367:16)
          at runTest (C:\Users\Rosaire\Desktop\Portfolio\node_modules\jest-runner\build\runTest.js:444:34)
          at Object.worker (C:\Users\Rosaire\Desktop\Portfolio\node_modules\jest-runner\build\testWorker.js:106:12) {
        detail: Error: useTheme must be used within Providers
            at useTheme (C:\Users\Rosaire\Desktop\Portfolio\app\providers.tsx:81:11)
            at TestComponent (C:\Users\Rosaire\Desktop\Portfolio\app\__tests__\providers.property.test.tsx:9:42)
            at renderWithHooks (C:\Users\Rosaire\Desktop\Portfolio\node_modules\react-dom\cjs\react-dom.development.js:15486:18)
            at mountIndeterminateComponent (C:\Users\Rosaire\Desktop\Portfolio\node_modules\react-dom\cjs\react-dom.development.js:20103:13)
            at beginWork (C:\Users\Rosaire\Desktop\Portfolio\node_modules\react-dom\cjs\react-dom.development.js:21626:16)
            at HTMLUnknownElement.callCallback (C:\Users\Rosaire\Desktop\Portfolio\node_modules\react-dom\cjs\react-dom.development.js:4164:14)
            at HTMLUnknownElement.callTheUserObjectsOperation (C:\Users\Rosaire\Desktop\Portfolio\node_modules\jsdom\lib\jsdom\living\generated\EventListener.js:26:30)
            at innerInvokeEventListeners (C:\Users\Rosaire\Desktop\Portfolio\node_modules\jsdom\lib\jsdom\living\events\EventTarget-impl.js:350:25)
            at invokeEventListeners (C:\Users\Rosaire\Desktop\Portfolio\node_modules\jsdom\lib\jsdom\living\events\EventTarget-impl.js:286:3)
            at HTMLUnknownElementImpl._dispatch (C:\Users\Rosaire\Desktop\Portfolio\node_modules\jsdom\lib\jsdom\living\events\EventTarget-impl.js:233:9)
            at HTMLUnknownElementImpl.dispatchEvent (C:\Users\Rosaire\Desktop\Portfolio\node_modules\jsdom\lib\jsdom\living\events\EventTarget-impl.js:104:17)
            at HTMLUnknownElement.dispatchEvent (C:\Users\Rosaire\Desktop\Portfolio\node_modules\jsdom\lib\jsdom\living\generated\EventTarget.js:241:34)
            at Object.invokeGuardedCallbackDev (C:\Users\Rosaire\Desktop\Portfolio\node_modules\react-dom\cjs\react-dom.development.js:4213:16)
            at invokeGuardedCallback (C:\Users\Rosaire\Desktop\Portfolio\node_modules\react-dom\cjs\react-dom.development.js:4277:31)
            at beginWork$1 (C:\Users\Rosaire\Desktop\Portfolio\node_modules\react-dom\cjs\react-dom.development.js:27490:7)
            at performUnitOfWork (C:\Users\Rosaire\Desktop\Portfolio\node_modules\react-dom\cjs\react-dom.development.js:26599:12)
            at workLoopSync (C:\Users\Rosaire\Desktop\Portfolio\node_modules\react-dom\cjs\react-dom.development.js:26505:5)
            at renderRootSync (C:\Users\Rosaire\Desktop\Portfolio\node_modules\react-dom\cjs\react-dom.development.js:26473:7)
            at performConcurrentWorkOnRoot (C:\Users\Rosaire\Desktop\Portfolio\node_modules\react-dom\cjs\react-dom.development.js:25777:74)
            at flushActQueue (C:\Users\Rosaire\Desktop\Portfolio\node_modules\react\cjs\react.development.js:2667:24)
            at act (C:\Users\Rosaire\Desktop\Portfolio\node_modules\react\cjs\react.development.js:2582:11)
            at C:\Users\Rosaire\Desktop\Portfolio\node_modules\@testing-library\react\dist\act-compat.js:47:25
            at renderRoot (C:\Users\Rosaire\Desktop\Portfolio\node_modules\@testing-library\react\dist\pure.js:180:26)
            at render (C:\Users\Rosaire\Desktop\Portfolio\node_modules\@testing-library\react\dist\pure.js:271:10)
            at Object.<anonymous> (C:\Users\Rosaire\Desktop\Portfolio\app\__tests__\providers.property.test.tsx:133:11)
            at Promise.then.completed (C:\Users\Rosaire\Desktop\Portfolio\node_modules\jest-circus\build\utils.js:298:28)
            at new Promise (<anonymous>)
            at callAsyncCircusFn (C:\Users\Rosaire\Desktop\Portfolio\node_modules\jest-circus\build\utils.js:231:10)
            at _callCircusTest (C:\Users\Rosaire\Desktop\Portfolio\node_modules\jest-circus\build\run.js:316:40)
            at processTicksAndRejections (node:internal/process/task_queues:104:5)
            at _runTest (C:\Users\Rosaire\Desktop\Portfolio\node_modules\jest-circus\build\run.js:252:3)
            at _runTestsForDescribeBlock (C:\Users\Rosaire\Desktop\Portfolio\node_modules\jest-circus\build\run.js:126:9)
            at _runTestsForDescribeBlock (C:\Users\Rosaire\Desktop\Portfolio\node_modules\jest-circus\build\run.js:121:9)
            at run (C:\Users\Rosaire\Desktop\Portfolio\node_modules\jest-circus\build\run.js:71:3)
            at runAndTransformResultsToJestFormat (C:\Users\Rosaire\Desktop\Portfolio\node_modules\jest-circus\build\legacy-code-todo-rewrite\jestAdapterInit.js:122:21)
            at jestAdapter (C:\Users\Rosaire\Desktop\Portfolio\node_modules\jest-circus\build\legacy-code-todo-rewrite\jestAdapter.js:79:19)
            at runTestInternal (C:\Users\Rosaire\Desktop\Portfolio\node_modules\jest-runner\build\runTest.js:367:16)
            at runTest (C:\Users\Rosaire\Desktop\Portfolio\node_modules\jest-runner\build\runTest.js:444:34)
            at Object.worker (C:\Users\Rosaire\Desktop\Portfolio\node_modules\jest-runner\build\testWorker.js:106:12),
        type: 'unhandled exception'
      }

    [0m [90m 131 |[39m
     [90m 132 |[39m   it([32m'should toggle theme multiple times consistently'[39m[33m,[39m [36masync[39m () [33m=>[39m {
    [31m[1m>[22m[39m[90m 133 |[39m     render(
     [90m     |[39m           [31m[1m^[22m[39m
     [90m 134 |[39m       [33m<[39m[33mProviders[39m[33m>[39m
     [90m 135 |[39m         [33m<[39m[33mTestComponent[39m [33m/[39m[33m>[39m
     [90m 136 |[39m       [33m<[39m[33m/[39m[33mProviders[39m[33m>[39m[0m

      at VirtualConsole.<anonymous> (node_modules/@jest/environment-jsdom-abstract/build/index.js:87:23)
      at reportException (node_modules/jsdom/lib/jsdom/living/helpers/runtime-script-errors.js:70:28)
      at innerInvokeEventListeners (node_modules/jsdom/lib/jsdom/living/events/EventTarget-impl.js:353:9)
      at invokeEventListeners (node_modules/jsdom/lib/jsdom/living/events/EventTarget-impl.js:286:3)
      at HTMLUnknownElementImpl._dispatch (node_modules/jsdom/lib/jsdom/living/events/EventTarget-impl.js:233:9)
      at HTMLUnknownElementImpl.dispatchEvent (node_modules/jsdom/lib/jsdom/living/events/EventTarget-impl.js:104:17)
      at HTMLUnknownElement.dispatchEvent (node_modules/jsdom/lib/jsdom/living/generated/EventTarget.js:241:34)
      at Object.invokeGuardedCallbackDev (node_modules/react-dom/cjs/react-dom.development.js:4213:16)
      at invokeGuardedCallback (node_modules/react-dom/cjs/react-dom.development.js:4277:31)
      at beginWork$1 (node_modules/react-dom/cjs/react-dom.development.js:27490:7)
      at performUnitOfWork (node_modules/react-dom/cjs/react-dom.development.js:26599:12)
      at workLoopSync (node_modules/react-dom/cjs/react-dom.development.js:26505:5)
      at renderRootSync (node_modules/react-dom/cjs/react-dom.development.js:26473:7)
      at performConcurrentWorkOnRoot (node_modules/react-dom/cjs/react-dom.development.js:25777:74)
      at flushActQueue (node_modules/react/cjs/react.development.js:2667:24)
      at act (node_modules/react/cjs/react.development.js:2582:11)
      at node_modules/@testing-library/react/dist/act-compat.js:47:25
      at renderRoot (node_modules/@testing-library/react/dist/pure.js:180:26)
      at render (node_modules/@testing-library/react/dist/pure.js:271:10)
      at Object.<anonymous> (app/__tests__/providers.property.test.tsx:133:11)

    console.error
      Error: Uncaught [Error: useTheme must be used within Providers]
          at reportException (C:\Users\Rosaire\Desktop\Portfolio\node_modules\jsdom\lib\jsdom\living\helpers\runtime-script-errors.js:66:24)
          at innerInvokeEventListeners (C:\Users\Rosaire\Desktop\Portfolio\node_modules\jsdom\lib\jsdom\living\events\EventTarget-impl.js:353:9)
          at invokeEventListeners (C:\Users\Rosaire\Desktop\Portfolio\node_modules\jsdom\lib\jsdom\living\events\EventTarget-impl.js:286:3)
          at HTMLUnknownElementImpl._dispatch (C:\Users\Rosaire\Desktop\Portfolio\node_modules\jsdom\lib\jsdom\living\events\EventTarget-impl.js:233:9)
          at HTMLUnknownElementImpl.dispatchEvent (C:\Users\Rosaire\Desktop\Portfolio\node_modules\jsdom\lib\jsdom\living\events\EventTarget-impl.js:104:17)
          at HTMLUnknownElement.dispatchEvent (C:\Users\Rosaire\Desktop\Portfolio\node_modules\jsdom\lib\jsdom\living\generated\EventTarget.js:241:34)
          at Object.invokeGuardedCallbackDev (C:\Users\Rosaire\Desktop\Portfolio\node_modules\react-dom\cjs\react-dom.development.js:4213:16)
          at invokeGuardedCallback (C:\Users\Rosaire\Desktop\Portfolio\node_modules\react-dom\cjs\react-dom.development.js:4277:31)
          at beginWork$1 (C:\Users\Rosaire\Desktop\Portfolio\node_modules\react-dom\cjs\react-dom.development.js:27490:7)
          at performUnitOfWork (C:\Users\Rosaire\Desktop\Portfolio\node_modules\react-dom\cjs\react-dom.development.js:26599:12)
          at workLoopSync (C:\Users\Rosaire\Desktop\Portfolio\node_modules\react-dom\cjs\react-dom.development.js:26505:5)
          at renderRootSync (C:\Users\Rosaire\Desktop\Portfolio\node_modules\react-dom\cjs\react-dom.development.js:26473:7)
          at recoverFromConcurrentError (C:\Users\Rosaire\Desktop\Portfolio\node_modules\react-dom\cjs\react-dom.development.js:25889:20)
          at performConcurrentWorkOnRoot (C:\Users\Rosaire\Desktop\Portfolio\node_modules\react-dom\cjs\react-dom.development.js:25789:22)
          at flushActQueue (C:\Users\Rosaire\Desktop\Portfolio\node_modules\react\cjs\react.development.js:2667:24)
          at act (C:\Users\Rosaire\Desktop\Portfolio\node_modules\react\cjs\react.development.js:2582:11)
          at C:\Users\Rosaire\Desktop\Portfolio\node_modules\@testing-library\react\dist\act-compat.js:47:25
          at renderRoot (C:\Users\Rosaire\Desktop\Portfolio\node_modules\@testing-library\react\dist\pure.js:180:26)
          at render (C:\Users\Rosaire\Desktop\Portfolio\node_modules\@testing-library\react\dist\pure.js:271:10)
          at Object.<anonymous> (C:\Users\Rosaire\Desktop\Portfolio\app\__tests__\providers.property.test.tsx:133:11)
          at Promise.then.completed (C:\Users\Rosaire\Desktop\Portfolio\node_modules\jest-circus\build\utils.js:298:28)
          at new Promise (<anonymous>)
          at callAsyncCircusFn (C:\Users\Rosaire\Desktop\Portfolio\node_modules\jest-circus\build\utils.js:231:10)
          at _callCircusTest (C:\Users\Rosaire\Desktop\Portfolio\node_modules\jest-circus\build\run.js:316:40)
          at processTicksAndRejections (node:internal/process/task_queues:104:5)
          at _runTest (C:\Users\Rosaire\Desktop\Portfolio\node_modules\jest-circus\build\run.js:252:3)
          at _runTestsForDescribeBlock (C:\Users\Rosaire\Desktop\Portfolio\node_modules\jest-circus\build\run.js:126:9)
          at _runTestsForDescribeBlock (C:\Users\Rosaire\Desktop\Portfolio\node_modules\jest-circus\build\run.js:121:9)
          at run (C:\Users\Rosaire\Desktop\Portfolio\node_modules\jest-circus\build\run.js:71:3)
          at runAndTransformResultsToJestFormat (C:\Users\Rosaire\Desktop\Portfolio\node_modules\jest-circus\build\legacy-code-todo-rewrite\jestAdapterInit.js:122:21)
          at jestAdapter (C:\Users\Rosaire\Desktop\Portfolio\node_modules\jest-circus\build\legacy-code-todo-rewrite\jestAdapter.js:79:19)
          at runTestInternal (C:\Users\Rosaire\Desktop\Portfolio\node_modules\jest-runner\build\runTest.js:367:16)
          at runTest (C:\Users\Rosaire\Desktop\Portfolio\node_modules\jest-runner\build\runTest.js:444:34)
          at Object.worker (C:\Users\Rosaire\Desktop\Portfolio\node_modules\jest-runner\build\testWorker.js:106:12) {
        detail: Error: useTheme must be used within Providers
            at useTheme (C:\Users\Rosaire\Desktop\Portfolio\app\providers.tsx:81:11)
            at TestComponent (C:\Users\Rosaire\Desktop\Portfolio\app\__tests__\providers.property.test.tsx:9:42)
            at renderWithHooks (C:\Users\Rosaire\Desktop\Portfolio\node_modules\react-dom\cjs\react-dom.development.js:15486:18)
            at mountIndeterminateComponent (C:\Users\Rosaire\Desktop\Portfolio\node_modules\react-dom\cjs\react-dom.development.js:20103:13)
            at beginWork (C:\Users\Rosaire\Desktop\Portfolio\node_modules\react-dom\cjs\react-dom.development.js:21626:16)
            at HTMLUnknownElement.callCallback (C:\Users\Rosaire\Desktop\Portfolio\node_modules\react-dom\cjs\react-dom.development.js:4164:14)
            at HTMLUnknownElement.callTheUserObjectsOperation (C:\Users\Rosaire\Desktop\Portfolio\node_modules\jsdom\lib\jsdom\living\generated\EventListener.js:26:30)
            at innerInvokeEventListeners (C:\Users\Rosaire\Desktop\Portfolio\node_modules\jsdom\lib\jsdom\living\events\EventTarget-impl.js:350:25)
            at invokeEventListeners (C:\Users\Rosaire\Desktop\Portfolio\node_modules\jsdom\lib\jsdom\living\events\EventTarget-impl.js:286:3)
            at HTMLUnknownElementImpl._dispatch (C:\Users\Rosaire\Desktop\Portfolio\node_modules\jsdom\lib\jsdom\living\events\EventTarget-impl.js:233:9)
            at HTMLUnknownElementImpl.dispatchEvent (C:\Users\Rosaire\Desktop\Portfolio\node_modules\jsdom\lib\jsdom\living\events\EventTarget-impl.js:104:17)
            at HTMLUnknownElement.dispatchEvent (C:\Users\Rosaire\Desktop\Portfolio\node_modules\jsdom\lib\jsdom\living\generated\EventTarget.js:241:34)
            at Object.invokeGuardedCallbackDev (C:\Users\Rosaire\Desktop\Portfolio\node_modules\react-dom\cjs\react-dom.development.js:4213:16)
            at invokeGuardedCallback (C:\Users\Rosaire\Desktop\Portfolio\node_modules\react-dom\cjs\react-dom.development.js:4277:31)
            at beginWork$1 (C:\Users\Rosaire\Desktop\Portfolio\node_modules\react-dom\cjs\react-dom.development.js:27490:7)
            at performUnitOfWork (C:\Users\Rosaire\Desktop\Portfolio\node_modules\react-dom\cjs\react-dom.development.js:26599:12)
            at workLoopSync (C:\Users\Rosaire\Desktop\Portfolio\node_modules\react-dom\cjs\react-dom.development.js:26505:5)
            at renderRootSync (C:\Users\Rosaire\Desktop\Portfolio\node_modules\react-dom\cjs\react-dom.development.js:26473:7)
            at recoverFromConcurrentError (C:\Users\Rosaire\Desktop\Portfolio\node_modules\react-dom\cjs\react-dom.development.js:25889:20)
            at performConcurrentWorkOnRoot (C:\Users\Rosaire\Desktop\Portfolio\node_modules\react-dom\cjs\react-dom.development.js:25789:22)
            at flushActQueue (C:\Users\Rosaire\Desktop\Portfolio\node_modules\react\cjs\react.development.js:2667:24)
            at act (C:\Users\Rosaire\Desktop\Portfolio\node_modules\react\cjs\react.development.js:2582:11)
            at C:\Users\Rosaire\Desktop\Portfolio\node_modules\@testing-library\react\dist\act-compat.js:47:25
            at renderRoot (C:\Users\Rosaire\Desktop\Portfolio\node_modules\@testing-library\react\dist\pure.js:180:26)
            at render (C:\Users\Rosaire\Desktop\Portfolio\node_modules\@testing-library\react\dist\pure.js:271:10)
            at Object.<anonymous> (C:\Users\Rosaire\Desktop\Portfolio\app\__tests__\providers.property.test.tsx:133:11)
            at Promise.then.completed (C:\Users\Rosaire\Desktop\Portfolio\node_modules\jest-circus\build\utils.js:298:28)
            at new Promise (<anonymous>)
            at callAsyncCircusFn (C:\Users\Rosaire\Desktop\Portfolio\node_modules\jest-circus\build\utils.js:231:10)
            at _callCircusTest (C:\Users\Rosaire\Desktop\Portfolio\node_modules\jest-circus\build\run.js:316:40)
            at processTicksAndRejections (node:internal/process/task_queues:104:5)
            at _runTest (C:\Users\Rosaire\Desktop\Portfolio\node_modules\jest-circus\build\run.js:252:3)
            at _runTestsForDescribeBlock (C:\Users\Rosaire\Desktop\Portfolio\node_modules\jest-circus\build\run.js:126:9)
            at _runTestsForDescribeBlock (C:\Users\Rosaire\Desktop\Portfolio\node_modules\jest-circus\build\run.js:121:9)
            at run (C:\Users\Rosaire\Desktop\Portfolio\node_modules\jest-circus\build\run.js:71:3)
            at runAndTransformResultsToJestFormat (C:\Users\Rosaire\Desktop\Portfolio\node_modules\jest-circus\build\legacy-code-todo-rewrite\jestAdapterInit.js:122:21)
            at jestAdapter (C:\Users\Rosaire\Desktop\Portfolio\node_modules\jest-circus\build\legacy-code-todo-rewrite\jestAdapter.js:79:19)
            at runTestInternal (C:\Users\Rosaire\Desktop\Portfolio\node_modules\jest-runner\build\runTest.js:367:16)
            at runTest (C:\Users\Rosaire\Desktop\Portfolio\node_modules\jest-runner\build\runTest.js:444:34)
            at Object.worker (C:\Users\Rosaire\Desktop\Portfolio\node_modules\jest-runner\build\testWorker.js:106:12),
        type: 'unhandled exception'
      }

    [0m [90m 131 |[39m
     [90m 132 |[39m   it([32m'should toggle theme multiple times consistently'[39m[33m,[39m [36masync[39m () [33m=>[39m {
    [31m[1m>[22m[39m[90m 133 |[39m     render(
     [90m     |[39m           [31m[1m^[22m[39m
     [90m 134 |[39m       [33m<[39m[33mProviders[39m[33m>[39m
     [90m 135 |[39m         [33m<[39m[33mTestComponent[39m [33m/[39m[33m>[39m
     [90m 136 |[39m       [33m<[39m[33m/[39m[33mProviders[39m[33m>[39m[0m

      at VirtualConsole.<anonymous> (node_modules/@jest/environment-jsdom-abstract/build/index.js:87:23)
      at reportException (node_modules/jsdom/lib/jsdom/living/helpers/runtime-script-errors.js:70:28)
      at innerInvokeEventListeners (node_modules/jsdom/lib/jsdom/living/events/EventTarget-impl.js:353:9)
      at invokeEventListeners (node_modules/jsdom/lib/jsdom/living/events/EventTarget-impl.js:286:3)
      at HTMLUnknownElementImpl._dispatch (node_modules/jsdom/lib/jsdom/living/events/EventTarget-impl.js:233:9)
      at HTMLUnknownElementImpl.dispatchEvent (node_modules/jsdom/lib/jsdom/living/events/EventTarget-impl.js:104:17)
      at HTMLUnknownElement.dispatchEvent (node_modules/jsdom/lib/jsdom/living/generated/EventTarget.js:241:34)
      at Object.invokeGuardedCallbackDev (node_modules/react-dom/cjs/react-dom.development.js:4213:16)
      at invokeGuardedCallback (node_modules/react-dom/cjs/react-dom.development.js:4277:31)
      at beginWork$1 (node_modules/react-dom/cjs/react-dom.development.js:27490:7)
      at performUnitOfWork (node_modules/react-dom/cjs/react-dom.development.js:26599:12)
      at workLoopSync (node_modules/react-dom/cjs/react-dom.development.js:26505:5)
      at renderRootSync (node_modules/react-dom/cjs/react-dom.development.js:26473:7)
      at recoverFromConcurrentError (node_modules/react-dom/cjs/react-dom.development.js:25889:20)
      at performConcurrentWorkOnRoot (node_modules/react-dom/cjs/react-dom.development.js:25789:22)
      at flushActQueue (node_modules/react/cjs/react.development.js:2667:24)
      at act (node_modules/react/cjs/react.development.js:2582:11)
      at node_modules/@testing-library/react/dist/act-compat.js:47:25
      at renderRoot (node_modules/@testing-library/react/dist/pure.js:180:26)
      at render (node_modules/@testing-library/react/dist/pure.js:271:10)
      at Object.<anonymous> (app/__tests__/providers.property.test.tsx:133:11)

    console.error
      The above error occurred in the <TestComponent> component:
      
          at TestComponent (C:\Users\Rosaire\Desktop\Portfolio\app\__tests__\providers.property.test.tsx:9:42)
          at children (C:\Users\Rosaire\Desktop\Portfolio\app\providers.tsx:21:29)
      
      Consider adding an error boundary to your tree to customize error handling behavior.
      Visit https://reactjs.org/link/error-boundaries to learn more about error boundaries.

    [0m [90m 131 |[39m
     [90m 132 |[39m   it([32m'should toggle theme multiple times consistently'[39m[33m,[39m [36masync[39m () [33m=>[39m {
    [31m[1m>[22m[39m[90m 133 |[39m     render(
     [90m     |[39m           [31m[1m^[22m[39m
     [90m 134 |[39m       [33m<[39m[33mProviders[39m[33m>[39m
     [90m 135 |[39m         [33m<[39m[33mTestComponent[39m [33m/[39m[33m>[39m
     [90m 136 |[39m       [33m<[39m[33m/[39m[33mProviders[39m[33m>[39m[0m

      at logCapturedError (node_modules/react-dom/cjs/react-dom.development.js:18704:23)
      at update.callback (node_modules/react-dom/cjs/react-dom.development.js:18737:5)
      at callCallback (node_modules/react-dom/cjs/react-dom.development.js:15036:12)
      at commitUpdateQueue (node_modules/react-dom/cjs/react-dom.development.js:15057:9)
      at commitLayoutEffectOnFiber (node_modules/react-dom/cjs/react-dom.development.js:23430:13)
      at commitLayoutMountEffects_complete (node_modules/react-dom/cjs/react-dom.development.js:24727:9)
      at commitLayoutEffects_begin (node_modules/react-dom/cjs/react-dom.development.js:24713:7)
      at commitLayoutEffects (node_modules/react-dom/cjs/react-dom.development.js:24651:3)
      at commitRootImpl (node_modules/react-dom/cjs/react-dom.development.js:26862:5)
      at commitRoot (node_modules/react-dom/cjs/react-dom.development.js:26721:5)
      at finishConcurrentRender (node_modules/react-dom/cjs/react-dom.development.js:25931:9)
      at performConcurrentWorkOnRoot (node_modules/react-dom/cjs/react-dom.development.js:25848:7)
      at flushActQueue (node_modules/react/cjs/react.development.js:2667:24)
      at act (node_modules/react/cjs/react.development.js:2582:11)
      at node_modules/@testing-library/react/dist/act-compat.js:47:25
      at renderRoot (node_modules/@testing-library/react/dist/pure.js:180:26)
      at render (node_modules/@testing-library/react/dist/pure.js:271:10)
      at Object.<anonymous> (app/__tests__/providers.property.test.tsx:133:11)

    console.error
      Error: Uncaught [Error: useTheme must be used within Providers]
          at reportException (C:\Users\Rosaire\Desktop\Portfolio\node_modules\jsdom\lib\jsdom\living\helpers\runtime-script-errors.js:66:24)
          at innerInvokeEventListeners (C:\Users\Rosaire\Desktop\Portfolio\node_modules\jsdom\lib\jsdom\living\events\EventTarget-impl.js:353:9)
          at invokeEventListeners (C:\Users\Rosaire\Desktop\Portfolio\node_modules\jsdom\lib\jsdom\living\events\EventTarget-impl.js:286:3)
          at HTMLUnknownElementImpl._dispatch (C:\Users\Rosaire\Desktop\Portfolio\node_modules\jsdom\lib\jsdom\living\events\EventTarget-impl.js:233:9)
          at HTMLUnknownElementImpl.dispatchEvent (C:\Users\Rosaire\Desktop\Portfolio\node_modules\jsdom\lib\jsdom\living\events\EventTarget-impl.js:104:17)
          at HTMLUnknownElement.dispatchEvent (C:\Users\Rosaire\Desktop\Portfolio\node_modules\jsdom\lib\jsdom\living\generated\EventTarget.js:241:34)
          at Object.invokeGuardedCallbackDev (C:\Users\Rosaire\Desktop\Portfolio\node_modules\react-dom\cjs\react-dom.development.js:4213:16)
          at invokeGuardedCallback (C:\Users\Rosaire\Desktop\Portfolio\node_modules\react-dom\cjs\react-dom.development.js:4277:31)
          at beginWork$1 (C:\Users\Rosaire\Desktop\Portfolio\node_modules\react-dom\cjs\react-dom.development.js:27490:7)
          at performUnitOfWork (C:\Users\Rosaire\Desktop\Portfolio\node_modules\react-dom\cjs\react-dom.development.js:26599:12)
          at workLoopSync (C:\Users\Rosaire\Desktop\Portfolio\node_modules\react-dom\cjs\react-dom.development.js:26505:5)
          at renderRootSync (C:\Users\Rosaire\Desktop\Portfolio\node_modules\react-dom\cjs\react-dom.development.js:26473:7)
          at performConcurrentWorkOnRoot (C:\Users\Rosaire\Desktop\Portfolio\node_modules\react-dom\cjs\react-dom.development.js:25777:74)
          at flushActQueue (C:\Users\Rosaire\Desktop\Portfolio\node_modules\react\cjs\react.development.js:2667:24)
          at act (C:\Users\Rosaire\Desktop\Portfolio\node_modules\react\cjs\react.development.js:2582:11)
          at C:\Users\Rosaire\Desktop\Portfolio\node_modules\@testing-library\react\dist\act-compat.js:47:25
          at renderRoot (C:\Users\Rosaire\Desktop\Portfolio\node_modules\@testing-library\react\dist\pure.js:180:26)
          at render (C:\Users\Rosaire\Desktop\Portfolio\node_modules\@testing-library\react\dist\pure.js:271:10)
          at Object.<anonymous> (C:\Users\Rosaire\Desktop\Portfolio\app\__tests__\providers.property.test.tsx:176:11)
          at Promise.then.completed (C:\Users\Rosaire\Desktop\Portfolio\node_modules\jest-circus\build\utils.js:298:28)
          at new Promise (<anonymous>)
          at callAsyncCircusFn (C:\Users\Rosaire\Desktop\Portfolio\node_modules\jest-circus\build\utils.js:231:10)
          at _callCircusTest (C:\Users\Rosaire\Desktop\Portfolio\node_modules\jest-circus\build\run.js:316:40)
          at processTicksAndRejections (node:internal/process/task_queues:104:5)
          at _runTest (C:\Users\Rosaire\Desktop\Portfolio\node_modules\jest-circus\build\run.js:252:3)
          at _runTestsForDescribeBlock (C:\Users\Rosaire\Desktop\Portfolio\node_modules\jest-circus\build\run.js:126:9)
          at _runTestsForDescribeBlock (C:\Users\Rosaire\Desktop\Portfolio\node_modules\jest-circus\build\run.js:121:9)
          at run (C:\Users\Rosaire\Desktop\Portfolio\node_modules\jest-circus\build\run.js:71:3)
          at runAndTransformResultsToJestFormat (C:\Users\Rosaire\Desktop\Portfolio\node_modules\jest-circus\build\legacy-code-todo-rewrite\jestAdapterInit.js:122:21)
          at jestAdapter (C:\Users\Rosaire\Desktop\Portfolio\node_modules\jest-circus\build\legacy-code-todo-rewrite\jestAdapter.js:79:19)
          at runTestInternal (C:\Users\Rosaire\Desktop\Portfolio\node_modules\jest-runner\build\runTest.js:367:16)
          at runTest (C:\Users\Rosaire\Desktop\Portfolio\node_modules\jest-runner\build\runTest.js:444:34)
          at Object.worker (C:\Users\Rosaire\Desktop\Portfolio\node_modules\jest-runner\build\testWorker.js:106:12) {
        detail: Error: useTheme must be used within Providers
            at useTheme (C:\Users\Rosaire\Desktop\Portfolio\app\providers.tsx:81:11)
            at TestComponent (C:\Users\Rosaire\Desktop\Portfolio\app\__tests__\providers.property.test.tsx:9:42)
            at renderWithHooks (C:\Users\Rosaire\Desktop\Portfolio\node_modules\react-dom\cjs\react-dom.development.js:15486:18)
            at mountIndeterminateComponent (C:\Users\Rosaire\Desktop\Portfolio\node_modules\react-dom\cjs\react-dom.development.js:20103:13)
            at beginWork (C:\Users\Rosaire\Desktop\Portfolio\node_modules\react-dom\cjs\react-dom.development.js:21626:16)
            at HTMLUnknownElement.callCallback (C:\Users\Rosaire\Desktop\Portfolio\node_modules\react-dom\cjs\react-dom.development.js:4164:14)
            at HTMLUnknownElement.callTheUserObjectsOperation (C:\Users\Rosaire\Desktop\Portfolio\node_modules\jsdom\lib\jsdom\living\generated\EventListener.js:26:30)
            at innerInvokeEventListeners (C:\Users\Rosaire\Desktop\Portfolio\node_modules\jsdom\lib\jsdom\living\events\EventTarget-impl.js:350:25)
            at invokeEventListeners (C:\Users\Rosaire\Desktop\Portfolio\node_modules\jsdom\lib\jsdom\living\events\EventTarget-impl.js:286:3)
            at HTMLUnknownElementImpl._dispatch (C:\Users\Rosaire\Desktop\Portfolio\node_modules\jsdom\lib\jsdom\living\events\EventTarget-impl.js:233:9)
            at HTMLUnknownElementImpl.dispatchEvent (C:\Users\Rosaire\Desktop\Portfolio\node_modules\jsdom\lib\jsdom\living\events\EventTarget-impl.js:104:17)
            at HTMLUnknownElement.dispatchEvent (C:\Users\Rosaire\Desktop\Portfolio\node_modules\jsdom\lib\jsdom\living\generated\EventTarget.js:241:34)
            at Object.invokeGuardedCallbackDev (C:\Users\Rosaire\Desktop\Portfolio\node_modules\react-dom\cjs\react-dom.development.js:4213:16)
            at invokeGuardedCallback (C:\Users\Rosaire\Desktop\Portfolio\node_modules\react-dom\cjs\react-dom.development.js:4277:31)
            at beginWork$1 (C:\Users\Rosaire\Desktop\Portfolio\node_modules\react-dom\cjs\react-dom.development.js:27490:7)
            at performUnitOfWork (C:\Users\Rosaire\Desktop\Portfolio\node_modules\react-dom\cjs\react-dom.development.js:26599:12)
            at workLoopSync (C:\Users\Rosaire\Desktop\Portfolio\node_modules\react-dom\cjs\react-dom.development.js:26505:5)
            at renderRootSync (C:\Users\Rosaire\Desktop\Portfolio\node_modules\react-dom\cjs\react-dom.development.js:26473:7)
            at performConcurrentWorkOnRoot (C:\Users\Rosaire\Desktop\Portfolio\node_modules\react-dom\cjs\react-dom.development.js:25777:74)
            at flushActQueue (C:\Users\Rosaire\Desktop\Portfolio\node_modules\react\cjs\react.development.js:2667:24)
            at act (C:\Users\Rosaire\Desktop\Portfolio\node_modules\react\cjs\react.development.js:2582:11)
            at C:\Users\Rosaire\Desktop\Portfolio\node_modules\@testing-library\react\dist\act-compat.js:47:25
            at renderRoot (C:\Users\Rosaire\Desktop\Portfolio\node_modules\@testing-library\react\dist\pure.js:180:26)
            at render (C:\Users\Rosaire\Desktop\Portfolio\node_modules\@testing-library\react\dist\pure.js:271:10)
            at Object.<anonymous> (C:\Users\Rosaire\Desktop\Portfolio\app\__tests__\providers.property.test.tsx:176:11)
            at Promise.then.completed (C:\Users\Rosaire\Desktop\Portfolio\node_modules\jest-circus\build\utils.js:298:28)
            at new Promise (<anonymous>)
            at callAsyncCircusFn (C:\Users\Rosaire\Desktop\Portfolio\node_modules\jest-circus\build\utils.js:231:10)
            at _callCircusTest (C:\Users\Rosaire\Desktop\Portfolio\node_modules\jest-circus\build\run.js:316:40)
            at processTicksAndRejections (node:internal/process/task_queues:104:5)
            at _runTest (C:\Users\Rosaire\Desktop\Portfolio\node_modules\jest-circus\build\run.js:252:3)
            at _runTestsForDescribeBlock (C:\Users\Rosaire\Desktop\Portfolio\node_modules\jest-circus\build\run.js:126:9)
            at _runTestsForDescribeBlock (C:\Users\Rosaire\Desktop\Portfolio\node_modules\jest-circus\build\run.js:121:9)
            at run (C:\Users\Rosaire\Desktop\Portfolio\node_modules\jest-circus\build\run.js:71:3)
            at runAndTransformResultsToJestFormat (C:\Users\Rosaire\Desktop\Portfolio\node_modules\jest-circus\build\legacy-code-todo-rewrite\jestAdapterInit.js:122:21)
            at jestAdapter (C:\Users\Rosaire\Desktop\Portfolio\node_modules\jest-circus\build\legacy-code-todo-rewrite\jestAdapter.js:79:19)
            at runTestInternal (C:\Users\Rosaire\Desktop\Portfolio\node_modules\jest-runner\build\runTest.js:367:16)
            at runTest (C:\Users\Rosaire\Desktop\Portfolio\node_modules\jest-runner\build\runTest.js:444:34)
            at Object.worker (C:\Users\Rosaire\Desktop\Portfolio\node_modules\jest-runner\build\testWorker.js:106:12),
        type: 'unhandled exception'
      }

    [0m [90m 174 |[39m
     [90m 175 |[39m   it([32m'should toggle language from fr to en'[39m[33m,[39m [36masync[39m () [33m=>[39m {
    [31m[1m>[22m[39m[90m 176 |[39m     render(
     [90m     |[39m           [31m[1m^[22m[39m
     [90m 177 |[39m       [33m<[39m[33mProviders[39m[33m>[39m
     [90m 178 |[39m         [33m<[39m[33mTestComponent[39m [33m/[39m[33m>[39m
     [90m 179 |[39m       [33m<[39m[33m/[39m[33mProviders[39m[33m>[39m[0m

      at VirtualConsole.<anonymous> (node_modules/@jest/environment-jsdom-abstract/build/index.js:87:23)
      at reportException (node_modules/jsdom/lib/jsdom/living/helpers/runtime-script-errors.js:70:28)
      at innerInvokeEventListeners (node_modules/jsdom/lib/jsdom/living/events/EventTarget-impl.js:353:9)
      at invokeEventListeners (node_modules/jsdom/lib/jsdom/living/events/EventTarget-impl.js:286:3)
      at HTMLUnknownElementImpl._dispatch (node_modules/jsdom/lib/jsdom/living/events/EventTarget-impl.js:233:9)
      at HTMLUnknownElementImpl.dispatchEvent (node_modules/jsdom/lib/jsdom/living/events/EventTarget-impl.js:104:17)
      at HTMLUnknownElement.dispatchEvent (node_modules/jsdom/lib/jsdom/living/generated/EventTarget.js:241:34)
      at Object.invokeGuardedCallbackDev (node_modules/react-dom/cjs/react-dom.development.js:4213:16)
      at invokeGuardedCallback (node_modules/react-dom/cjs/react-dom.development.js:4277:31)
      at beginWork$1 (node_modules/react-dom/cjs/react-dom.development.js:27490:7)
      at performUnitOfWork (node_modules/react-dom/cjs/react-dom.development.js:26599:12)
      at workLoopSync (node_modules/react-dom/cjs/react-dom.development.js:26505:5)
      at renderRootSync (node_modules/react-dom/cjs/react-dom.development.js:26473:7)
      at performConcurrentWorkOnRoot (node_modules/react-dom/cjs/react-dom.development.js:25777:74)
      at flushActQueue (node_modules/react/cjs/react.development.js:2667:24)
      at act (node_modules/react/cjs/react.development.js:2582:11)
      at node_modules/@testing-library/react/dist/act-compat.js:47:25
      at renderRoot (node_modules/@testing-library/react/dist/pure.js:180:26)
      at render (node_modules/@testing-library/react/dist/pure.js:271:10)
      at Object.<anonymous> (app/__tests__/providers.property.test.tsx:176:11)

    console.error
      Error: Uncaught [Error: useTheme must be used within Providers]
          at reportException (C:\Users\Rosaire\Desktop\Portfolio\node_modules\jsdom\lib\jsdom\living\helpers\runtime-script-errors.js:66:24)
          at innerInvokeEventListeners (C:\Users\Rosaire\Desktop\Portfolio\node_modules\jsdom\lib\jsdom\living\events\EventTarget-impl.js:353:9)
          at invokeEventListeners (C:\Users\Rosaire\Desktop\Portfolio\node_modules\jsdom\lib\jsdom\living\events\EventTarget-impl.js:286:3)
          at HTMLUnknownElementImpl._dispatch (C:\Users\Rosaire\Desktop\Portfolio\node_modules\jsdom\lib\jsdom\living\events\EventTarget-impl.js:233:9)
          at HTMLUnknownElementImpl.dispatchEvent (C:\Users\Rosaire\Desktop\Portfolio\node_modules\jsdom\lib\jsdom\living\events\EventTarget-impl.js:104:17)
          at HTMLUnknownElement.dispatchEvent (C:\Users\Rosaire\Desktop\Portfolio\node_modules\jsdom\lib\jsdom\living\generated\EventTarget.js:241:34)
          at Object.invokeGuardedCallbackDev (C:\Users\Rosaire\Desktop\Portfolio\node_modules\react-dom\cjs\react-dom.development.js:4213:16)
          at invokeGuardedCallback (C:\Users\Rosaire\Desktop\Portfolio\node_modules\react-dom\cjs\react-dom.development.js:4277:31)
          at beginWork$1 (C:\Users\Rosaire\Desktop\Portfolio\node_modules\react-dom\cjs\react-dom.development.js:27490:7)
          at performUnitOfWork (C:\Users\Rosaire\Desktop\Portfolio\node_modules\react-dom\cjs\react-dom.development.js:26599:12)
          at workLoopSync (C:\Users\Rosaire\Desktop\Portfolio\node_modules\react-dom\cjs\react-dom.development.js:26505:5)
          at renderRootSync (C:\Users\Rosaire\Desktop\Portfolio\node_modules\react-dom\cjs\react-dom.development.js:26473:7)
          at recoverFromConcurrentError (C:\Users\Rosaire\Desktop\Portfolio\node_modules\react-dom\cjs\react-dom.development.js:25889:20)
          at performConcurrentWorkOnRoot (C:\Users\Rosaire\Desktop\Portfolio\node_modules\react-dom\cjs\react-dom.development.js:25789:22)
          at flushActQueue (C:\Users\Rosaire\Desktop\Portfolio\node_modules\react\cjs\react.development.js:2667:24)
          at act (C:\Users\Rosaire\Desktop\Portfolio\node_modules\react\cjs\react.development.js:2582:11)
          at C:\Users\Rosaire\Desktop\Portfolio\node_modules\@testing-library\react\dist\act-compat.js:47:25
          at renderRoot (C:\Users\Rosaire\Desktop\Portfolio\node_modules\@testing-library\react\dist\pure.js:180:26)
          at render (C:\Users\Rosaire\Desktop\Portfolio\node_modules\@testing-library\react\dist\pure.js:271:10)
          at Object.<anonymous> (C:\Users\Rosaire\Desktop\Portfolio\app\__tests__\providers.property.test.tsx:176:11)
          at Promise.then.completed (C:\Users\Rosaire\Desktop\Portfolio\node_modules\jest-circus\build\utils.js:298:28)
          at new Promise (<anonymous>)
          at callAsyncCircusFn (C:\Users\Rosaire\Desktop\Portfolio\node_modules\jest-circus\build\utils.js:231:10)
          at _callCircusTest (C:\Users\Rosaire\Desktop\Portfolio\node_modules\jest-circus\build\run.js:316:40)
          at processTicksAndRejections (node:internal/process/task_queues:104:5)
          at _runTest (C:\Users\Rosaire\Desktop\Portfolio\node_modules\jest-circus\build\run.js:252:3)
          at _runTestsForDescribeBlock (C:\Users\Rosaire\Desktop\Portfolio\node_modules\jest-circus\build\run.js:126:9)
          at _runTestsForDescribeBlock (C:\Users\Rosaire\Desktop\Portfolio\node_modules\jest-circus\build\run.js:121:9)
          at run (C:\Users\Rosaire\Desktop\Portfolio\node_modules\jest-circus\build\run.js:71:3)
          at runAndTransformResultsToJestFormat (C:\Users\Rosaire\Desktop\Portfolio\node_modules\jest-circus\build\legacy-code-todo-rewrite\jestAdapterInit.js:122:21)
          at jestAdapter (C:\Users\Rosaire\Desktop\Portfolio\node_modules\jest-circus\build\legacy-code-todo-rewrite\jestAdapter.js:79:19)
          at runTestInternal (C:\Users\Rosaire\Desktop\Portfolio\node_modules\jest-runner\build\runTest.js:367:16)
          at runTest (C:\Users\Rosaire\Desktop\Portfolio\node_modules\jest-runner\build\runTest.js:444:34)
          at Object.worker (C:\Users\Rosaire\Desktop\Portfolio\node_modules\jest-runner\build\testWorker.js:106:12) {
        detail: Error: useTheme must be used within Providers
            at useTheme (C:\Users\Rosaire\Desktop\Portfolio\app\providers.tsx:81:11)
            at TestComponent (C:\Users\Rosaire\Desktop\Portfolio\app\__tests__\providers.property.test.tsx:9:42)
            at renderWithHooks (C:\Users\Rosaire\Desktop\Portfolio\node_modules\react-dom\cjs\react-dom.development.js:15486:18)
            at mountIndeterminateComponent (C:\Users\Rosaire\Desktop\Portfolio\node_modules\react-dom\cjs\react-dom.development.js:20103:13)
            at beginWork (C:\Users\Rosaire\Desktop\Portfolio\node_modules\react-dom\cjs\react-dom.development.js:21626:16)
            at HTMLUnknownElement.callCallback (C:\Users\Rosaire\Desktop\Portfolio\node_modules\react-dom\cjs\react-dom.development.js:4164:14)
            at HTMLUnknownElement.callTheUserObjectsOperation (C:\Users\Rosaire\Desktop\Portfolio\node_modules\jsdom\lib\jsdom\living\generated\EventListener.js:26:30)
            at innerInvokeEventListeners (C:\Users\Rosaire\Desktop\Portfolio\node_modules\jsdom\lib\jsdom\living\events\EventTarget-impl.js:350:25)
            at invokeEventListeners (C:\Users\Rosaire\Desktop\Portfolio\node_modules\jsdom\lib\jsdom\living\events\EventTarget-impl.js:286:3)
            at HTMLUnknownElementImpl._dispatch (C:\Users\Rosaire\Desktop\Portfolio\node_modules\jsdom\lib\jsdom\living\events\EventTarget-impl.js:233:9)
            at HTMLUnknownElementImpl.dispatchEvent (C:\Users\Rosaire\Desktop\Portfolio\node_modules\jsdom\lib\jsdom\living\events\EventTarget-impl.js:104:17)
            at HTMLUnknownElement.dispatchEvent (C:\Users\Rosaire\Desktop\Portfolio\node_modules\jsdom\lib\jsdom\living\generated\EventTarget.js:241:34)
            at Object.invokeGuardedCallbackDev (C:\Users\Rosaire\Desktop\Portfolio\node_modules\react-dom\cjs\react-dom.development.js:4213:16)
            at invokeGuardedCallback (C:\Users\Rosaire\Desktop\Portfolio\node_modules\react-dom\cjs\react-dom.development.js:4277:31)
            at beginWork$1 (C:\Users\Rosaire\Desktop\Portfolio\node_modules\react-dom\cjs\react-dom.development.js:27490:7)
            at performUnitOfWork (C:\Users\Rosaire\Desktop\Portfolio\node_modules\react-dom\cjs\react-dom.development.js:26599:12)
            at workLoopSync (C:\Users\Rosaire\Desktop\Portfolio\node_modules\react-dom\cjs\react-dom.development.js:26505:5)
            at renderRootSync (C:\Users\Rosaire\Desktop\Portfolio\node_modules\react-dom\cjs\react-dom.development.js:26473:7)
            at recoverFromConcurrentError (C:\Users\Rosaire\Desktop\Portfolio\node_modules\react-dom\cjs\react-dom.development.js:25889:20)
            at performConcurrentWorkOnRoot (C:\Users\Rosaire\Desktop\Portfolio\node_modules\react-dom\cjs\react-dom.development.js:25789:22)
            at flushActQueue (C:\Users\Rosaire\Desktop\Portfolio\node_modules\react\cjs\react.development.js:2667:24)
            at act (C:\Users\Rosaire\Desktop\Portfolio\node_modules\react\cjs\react.development.js:2582:11)
            at C:\Users\Rosaire\Desktop\Portfolio\node_modules\@testing-library\react\dist\act-compat.js:47:25
            at renderRoot (C:\Users\Rosaire\Desktop\Portfolio\node_modules\@testing-library\react\dist\pure.js:180:26)
            at render (C:\Users\Rosaire\Desktop\Portfolio\node_modules\@testing-library\react\dist\pure.js:271:10)
            at Object.<anonymous> (C:\Users\Rosaire\Desktop\Portfolio\app\__tests__\providers.property.test.tsx:176:11)
            at Promise.then.completed (C:\Users\Rosaire\Desktop\Portfolio\node_modules\jest-circus\build\utils.js:298:28)
            at new Promise (<anonymous>)
            at callAsyncCircusFn (C:\Users\Rosaire\Desktop\Portfolio\node_modules\jest-circus\build\utils.js:231:10)
            at _callCircusTest (C:\Users\Rosaire\Desktop\Portfolio\node_modules\jest-circus\build\run.js:316:40)
            at processTicksAndRejections (node:internal/process/task_queues:104:5)
            at _runTest (C:\Users\Rosaire\Desktop\Portfolio\node_modules\jest-circus\build\run.js:252:3)
            at _runTestsForDescribeBlock (C:\Users\Rosaire\Desktop\Portfolio\node_modules\jest-circus\build\run.js:126:9)
            at _runTestsForDescribeBlock (C:\Users\Rosaire\Desktop\Portfolio\node_modules\jest-circus\build\run.js:121:9)
            at run (C:\Users\Rosaire\Desktop\Portfolio\node_modules\jest-circus\build\run.js:71:3)
            at runAndTransformResultsToJestFormat (C:\Users\Rosaire\Desktop\Portfolio\node_modules\jest-circus\build\legacy-code-todo-rewrite\jestAdapterInit.js:122:21)
            at jestAdapter (C:\Users\Rosaire\Desktop\Portfolio\node_modules\jest-circus\build\legacy-code-todo-rewrite\jestAdapter.js:79:19)
            at runTestInternal (C:\Users\Rosaire\Desktop\Portfolio\node_modules\jest-runner\build\runTest.js:367:16)
            at runTest (C:\Users\Rosaire\Desktop\Portfolio\node_modules\jest-runner\build\runTest.js:444:34)
            at Object.worker (C:\Users\Rosaire\Desktop\Portfolio\node_modules\jest-runner\build\testWorker.js:106:12),
        type: 'unhandled exception'
      }

    [0m [90m 174 |[39m
     [90m 175 |[39m   it([32m'should toggle language from fr to en'[39m[33m,[39m [36masync[39m () [33m=>[39m {
    [31m[1m>[22m[39m[90m 176 |[39m     render(
     [90m     |[39m           [31m[1m^[22m[39m
     [90m 177 |[39m       [33m<[39m[33mProviders[39m[33m>[39m
     [90m 178 |[39m         [33m<[39m[33mTestComponent[39m [33m/[39m[33m>[39m
     [90m 179 |[39m       [33m<[39m[33m/[39m[33mProviders[39m[33m>[39m[0m

      at VirtualConsole.<anonymous> (node_modules/@jest/environment-jsdom-abstract/build/index.js:87:23)
      at reportException (node_modules/jsdom/lib/jsdom/living/helpers/runtime-script-errors.js:70:28)
      at innerInvokeEventListeners (node_modules/jsdom/lib/jsdom/living/events/EventTarget-impl.js:353:9)
      at invokeEventListeners (node_modules/jsdom/lib/jsdom/living/events/EventTarget-impl.js:286:3)
      at HTMLUnknownElementImpl._dispatch (node_modules/jsdom/lib/jsdom/living/events/EventTarget-impl.js:233:9)
      at HTMLUnknownElementImpl.dispatchEvent (node_modules/jsdom/lib/jsdom/living/events/EventTarget-impl.js:104:17)
      at HTMLUnknownElement.dispatchEvent (node_modules/jsdom/lib/jsdom/living/generated/EventTarget.js:241:34)
      at Object.invokeGuardedCallbackDev (node_modules/react-dom/cjs/react-dom.development.js:4213:16)
      at invokeGuardedCallback (node_modules/react-dom/cjs/react-dom.development.js:4277:31)
      at beginWork$1 (node_modules/react-dom/cjs/react-dom.development.js:27490:7)
      at performUnitOfWork (node_modules/react-dom/cjs/react-dom.development.js:26599:12)
      at workLoopSync (node_modules/react-dom/cjs/react-dom.development.js:26505:5)
      at renderRootSync (node_modules/react-dom/cjs/react-dom.development.js:26473:7)
      at recoverFromConcurrentError (node_modules/react-dom/cjs/react-dom.development.js:25889:20)
      at performConcurrentWorkOnRoot (node_modules/react-dom/cjs/react-dom.development.js:25789:22)
      at flushActQueue (node_modules/react/cjs/react.development.js:2667:24)
      at act (node_modules/react/cjs/react.development.js:2582:11)
      at node_modules/@testing-library/react/dist/act-compat.js:47:25
      at renderRoot (node_modules/@testing-library/react/dist/pure.js:180:26)
      at render (node_modules/@testing-library/react/dist/pure.js:271:10)
      at Object.<anonymous> (app/__tests__/providers.property.test.tsx:176:11)

    console.error
      The above error occurred in the <TestComponent> component:
      
          at TestComponent (C:\Users\Rosaire\Desktop\Portfolio\app\__tests__\providers.property.test.tsx:9:42)
          at children (C:\Users\Rosaire\Desktop\Portfolio\app\providers.tsx:21:29)
      
      Consider adding an error boundary to your tree to customize error handling behavior.
      Visit https://reactjs.org/link/error-boundaries to learn more about error boundaries.

    [0m [90m 174 |[39m
     [90m 175 |[39m   it([32m'should toggle language from fr to en'[39m[33m,[39m [36masync[39m () [33m=>[39m {
    [31m[1m>[22m[39m[90m 176 |[39m     render(
     [90m     |[39m           [31m[1m^[22m[39m
     [90m 177 |[39m       [33m<[39m[33mProviders[39m[33m>[39m
     [90m 178 |[39m         [33m<[39m[33mTestComponent[39m [33m/[39m[33m>[39m
     [90m 179 |[39m       [33m<[39m[33m/[39m[33mProviders[39m[33m>[39m[0m

      at logCapturedError (node_modules/react-dom/cjs/react-dom.development.js:18704:23)
      at update.callback (node_modules/react-dom/cjs/react-dom.development.js:18737:5)
      at callCallback (node_modules/react-dom/cjs/react-dom.development.js:15036:12)
      at commitUpdateQueue (node_modules/react-dom/cjs/react-dom.development.js:15057:9)
      at commitLayoutEffectOnFiber (node_modules/react-dom/cjs/react-dom.development.js:23430:13)
      at commitLayoutMountEffects_complete (node_modules/react-dom/cjs/react-dom.development.js:24727:9)
      at commitLayoutEffects_begin (node_modules/react-dom/cjs/react-dom.development.js:24713:7)
      at commitLayoutEffects (node_modules/react-dom/cjs/react-dom.development.js:24651:3)
      at commitRootImpl (node_modules/react-dom/cjs/react-dom.development.js:26862:5)
      at commitRoot (node_modules/react-dom/cjs/react-dom.development.js:26721:5)
      at finishConcurrentRender (node_modules/react-dom/cjs/react-dom.development.js:25931:9)
      at performConcurrentWorkOnRoot (node_modules/react-dom/cjs/react-dom.development.js:25848:7)
      at flushActQueue (node_modules/react/cjs/react.development.js:2667:24)
      at act (node_modules/react/cjs/react.development.js:2582:11)
      at node_modules/@testing-library/react/dist/act-compat.js:47:25
      at renderRoot (node_modules/@testing-library/react/dist/pure.js:180:26)
      at render (node_modules/@testing-library/react/dist/pure.js:271:10)
      at Object.<anonymous> (app/__tests__/providers.property.test.tsx:176:11)

    console.error
      Error: Uncaught [Error: useTheme must be used within Providers]
          at reportException (C:\Users\Rosaire\Desktop\Portfolio\node_modules\jsdom\lib\jsdom\living\helpers\runtime-script-errors.js:66:24)
          at innerInvokeEventListeners (C:\Users\Rosaire\Desktop\Portfolio\node_modules\jsdom\lib\jsdom\living\events\EventTarget-impl.js:353:9)
          at invokeEventListeners (C:\Users\Rosaire\Desktop\Portfolio\node_modules\jsdom\lib\jsdom\living\events\EventTarget-impl.js:286:3)
          at HTMLUnknownElementImpl._dispatch (C:\Users\Rosaire\Desktop\Portfolio\node_modules\jsdom\lib\jsdom\living\events\EventTarget-impl.js:233:9)
          at HTMLUnknownElementImpl.dispatchEvent (C:\Users\Rosaire\Desktop\Portfolio\node_modules\jsdom\lib\jsdom\living\events\EventTarget-impl.js:104:17)
          at HTMLUnknownElement.dispatchEvent (C:\Users\Rosaire\Desktop\Portfolio\node_modules\jsdom\lib\jsdom\living\generated\EventTarget.js:241:34)
          at Object.invokeGuardedCallbackDev (C:\Users\Rosaire\Desktop\Portfolio\node_modules\react-dom\cjs\react-dom.development.js:4213:16)
          at invokeGuardedCallback (C:\Users\Rosaire\Desktop\Portfolio\node_modules\react-dom\cjs\react-dom.development.js:4277:31)
          at beginWork$1 (C:\Users\Rosaire\Desktop\Portfolio\node_modules\react-dom\cjs\react-dom.development.js:27490:7)
          at performUnitOfWork (C:\Users\Rosaire\Desktop\Portfolio\node_modules\react-dom\cjs\react-dom.development.js:26599:12)
          at workLoopSync (C:\Users\Rosaire\Desktop\Portfolio\node_modules\react-dom\cjs\react-dom.development.js:26505:5)
          at renderRootSync (C:\Users\Rosaire\Desktop\Portfolio\node_modules\react-dom\cjs\react-dom.development.js:26473:7)
          at performConcurrentWorkOnRoot (C:\Users\Rosaire\Desktop\Portfolio\node_modules\react-dom\cjs\react-dom.development.js:25777:74)
          at flushActQueue (C:\Users\Rosaire\Desktop\Portfolio\node_modules\react\cjs\react.development.js:2667:24)
          at act (C:\Users\Rosaire\Desktop\Portfolio\node_modules\react\cjs\react.development.js:2582:11)
          at C:\Users\Rosaire\Desktop\Portfolio\node_modules\@testing-library\react\dist\act-compat.js:47:25
          at renderRoot (C:\Users\Rosaire\Desktop\Portfolio\node_modules\@testing-library\react\dist\pure.js:180:26)
          at render (C:\Users\Rosaire\Desktop\Portfolio\node_modules\@testing-library\react\dist\pure.js:271:10)
          at Object.<anonymous> (C:\Users\Rosaire\Desktop\Portfolio\app\__tests__\providers.property.test.tsx:201:11)
          at Promise.then.completed (C:\Users\Rosaire\Desktop\Portfolio\node_modules\jest-circus\build\utils.js:298:28)
          at new Promise (<anonymous>)
          at callAsyncCircusFn (C:\Users\Rosaire\Desktop\Portfolio\node_modules\jest-circus\build\utils.js:231:10)
          at _callCircusTest (C:\Users\Rosaire\Desktop\Portfolio\node_modules\jest-circus\build\run.js:316:40)
          at processTicksAndRejections (node:internal/process/task_queues:104:5)
          at _runTest (C:\Users\Rosaire\Desktop\Portfolio\node_modules\jest-circus\build\run.js:252:3)
          at _runTestsForDescribeBlock (C:\Users\Rosaire\Desktop\Portfolio\node_modules\jest-circus\build\run.js:126:9)
          at _runTestsForDescribeBlock (C:\Users\Rosaire\Desktop\Portfolio\node_modules\jest-circus\build\run.js:121:9)
          at run (C:\Users\Rosaire\Desktop\Portfolio\node_modules\jest-circus\build\run.js:71:3)
          at runAndTransformResultsToJestFormat (C:\Users\Rosaire\Desktop\Portfolio\node_modules\jest-circus\build\legacy-code-todo-rewrite\jestAdapterInit.js:122:21)
          at jestAdapter (C:\Users\Rosaire\Desktop\Portfolio\node_modules\jest-circus\build\legacy-code-todo-rewrite\jestAdapter.js:79:19)
          at runTestInternal (C:\Users\Rosaire\Desktop\Portfolio\node_modules\jest-runner\build\runTest.js:367:16)
          at runTest (C:\Users\Rosaire\Desktop\Portfolio\node_modules\jest-runner\build\runTest.js:444:34)
          at Object.worker (C:\Users\Rosaire\Desktop\Portfolio\node_modules\jest-runner\build\testWorker.js:106:12) {
        detail: Error: useTheme must be used within Providers
            at useTheme (C:\Users\Rosaire\Desktop\Portfolio\app\providers.tsx:81:11)
            at TestComponent (C:\Users\Rosaire\Desktop\Portfolio\app\__tests__\providers.property.test.tsx:9:42)
            at renderWithHooks (C:\Users\Rosaire\Desktop\Portfolio\node_modules\react-dom\cjs\react-dom.development.js:15486:18)
            at mountIndeterminateComponent (C:\Users\Rosaire\Desktop\Portfolio\node_modules\react-dom\cjs\react-dom.development.js:20103:13)
            at beginWork (C:\Users\Rosaire\Desktop\Portfolio\node_modules\react-dom\cjs\react-dom.development.js:21626:16)
            at HTMLUnknownElement.callCallback (C:\Users\Rosaire\Desktop\Portfolio\node_modules\react-dom\cjs\react-dom.development.js:4164:14)
            at HTMLUnknownElement.callTheUserObjectsOperation (C:\Users\Rosaire\Desktop\Portfolio\node_modules\jsdom\lib\jsdom\living\generated\EventListener.js:26:30)
            at innerInvokeEventListeners (C:\Users\Rosaire\Desktop\Portfolio\node_modules\jsdom\lib\jsdom\living\events\EventTarget-impl.js:350:25)
            at invokeEventListeners (C:\Users\Rosaire\Desktop\Portfolio\node_modules\jsdom\lib\jsdom\living\events\EventTarget-impl.js:286:3)
            at HTMLUnknownElementImpl._dispatch (C:\Users\Rosaire\Desktop\Portfolio\node_modules\jsdom\lib\jsdom\living\events\EventTarget-impl.js:233:9)
            at HTMLUnknownElementImpl.dispatchEvent (C:\Users\Rosaire\Desktop\Portfolio\node_modules\jsdom\lib\jsdom\living\events\EventTarget-impl.js:104:17)
            at HTMLUnknownElement.dispatchEvent (C:\Users\Rosaire\Desktop\Portfolio\node_modules\jsdom\lib\jsdom\living\generated\EventTarget.js:241:34)
            at Object.invokeGuardedCallbackDev (C:\Users\Rosaire\Desktop\Portfolio\node_modules\react-dom\cjs\react-dom.development.js:4213:16)
            at invokeGuardedCallback (C:\Users\Rosaire\Desktop\Portfolio\node_modules\react-dom\cjs\react-dom.development.js:4277:31)
            at beginWork$1 (C:\Users\Rosaire\Desktop\Portfolio\node_modules\react-dom\cjs\react-dom.development.js:27490:7)
            at performUnitOfWork (C:\Users\Rosaire\Desktop\Portfolio\node_modules\react-dom\cjs\react-dom.development.js:26599:12)
            at workLoopSync (C:\Users\Rosaire\Desktop\Portfolio\node_modules\react-dom\cjs\react-dom.development.js:26505:5)
            at renderRootSync (C:\Users\Rosaire\Desktop\Portfolio\node_modules\react-dom\cjs\react-dom.development.js:26473:7)
            at performConcurrentWorkOnRoot (C:\Users\Rosaire\Desktop\Portfolio\node_modules\react-dom\cjs\react-dom.development.js:25777:74)
            at flushActQueue (C:\Users\Rosaire\Desktop\Portfolio\node_modules\react\cjs\react.development.js:2667:24)
            at act (C:\Users\Rosaire\Desktop\Portfolio\node_modules\react\cjs\react.development.js:2582:11)
            at C:\Users\Rosaire\Desktop\Portfolio\node_modules\@testing-library\react\dist\act-compat.js:47:25
            at renderRoot (C:\Users\Rosaire\Desktop\Portfolio\node_modules\@testing-library\react\dist\pure.js:180:26)
            at render (C:\Users\Rosaire\Desktop\Portfolio\node_modules\@testing-library\react\dist\pure.js:271:10)
            at Object.<anonymous> (C:\Users\Rosaire\Desktop\Portfolio\app\__tests__\providers.property.test.tsx:201:11)
            at Promise.then.completed (C:\Users\Rosaire\Desktop\Portfolio\node_modules\jest-circus\build\utils.js:298:28)
            at new Promise (<anonymous>)
            at callAsyncCircusFn (C:\Users\Rosaire\Desktop\Portfolio\node_modules\jest-circus\build\utils.js:231:10)
            at _callCircusTest (C:\Users\Rosaire\Desktop\Portfolio\node_modules\jest-circus\build\run.js:316:40)
            at processTicksAndRejections (node:internal/process/task_queues:104:5)
            at _runTest (C:\Users\Rosaire\Desktop\Portfolio\node_modules\jest-circus\build\run.js:252:3)
            at _runTestsForDescribeBlock (C:\Users\Rosaire\Desktop\Portfolio\node_modules\jest-circus\build\run.js:126:9)
            at _runTestsForDescribeBlock (C:\Users\Rosaire\Desktop\Portfolio\node_modules\jest-circus\build\run.js:121:9)
            at run (C:\Users\Rosaire\Desktop\Portfolio\node_modules\jest-circus\build\run.js:71:3)
            at runAndTransformResultsToJestFormat (C:\Users\Rosaire\Desktop\Portfolio\node_modules\jest-circus\build\legacy-code-todo-rewrite\jestAdapterInit.js:122:21)
            at jestAdapter (C:\Users\Rosaire\Desktop\Portfolio\node_modules\jest-circus\build\legacy-code-todo-rewrite\jestAdapter.js:79:19)
            at runTestInternal (C:\Users\Rosaire\Desktop\Portfolio\node_modules\jest-runner\build\runTest.js:367:16)
            at runTest (C:\Users\Rosaire\Desktop\Portfolio\node_modules\jest-runner\build\runTest.js:444:34)
            at Object.worker (C:\Users\Rosaire\Desktop\Portfolio\node_modules\jest-runner\build\testWorker.js:106:12),
        type: 'unhandled exception'
      }

    [0m [90m 199 |[39m     localStorage[33m.[39msetItem([32m'language'[39m[33m,[39m [32m'en'[39m)[33m;[39m
     [90m 200 |[39m
    [31m[1m>[22m[39m[90m 201 |[39m     render(
     [90m     |[39m           [31m[1m^[22m[39m
     [90m 202 |[39m       [33m<[39m[33mProviders[39m[33m>[39m
     [90m 203 |[39m         [33m<[39m[33mTestComponent[39m [33m/[39m[33m>[39m
     [90m 204 |[39m       [33m<[39m[33m/[39m[33mProviders[39m[33m>[39m[0m

      at VirtualConsole.<anonymous> (node_modules/@jest/environment-jsdom-abstract/build/index.js:87:23)
      at reportException (node_modules/jsdom/lib/jsdom/living/helpers/runtime-script-errors.js:70:28)
      at innerInvokeEventListeners (node_modules/jsdom/lib/jsdom/living/events/EventTarget-impl.js:353:9)
      at invokeEventListeners (node_modules/jsdom/lib/jsdom/living/events/EventTarget-impl.js:286:3)
      at HTMLUnknownElementImpl._dispatch (node_modules/jsdom/lib/jsdom/living/events/EventTarget-impl.js:233:9)
      at HTMLUnknownElementImpl.dispatchEvent (node_modules/jsdom/lib/jsdom/living/events/EventTarget-impl.js:104:17)
      at HTMLUnknownElement.dispatchEvent (node_modules/jsdom/lib/jsdom/living/generated/EventTarget.js:241:34)
      at Object.invokeGuardedCallbackDev (node_modules/react-dom/cjs/react-dom.development.js:4213:16)
      at invokeGuardedCallback (node_modules/react-dom/cjs/react-dom.development.js:4277:31)
      at beginWork$1 (node_modules/react-dom/cjs/react-dom.development.js:27490:7)
      at performUnitOfWork (node_modules/react-dom/cjs/react-dom.development.js:26599:12)
      at workLoopSync (node_modules/react-dom/cjs/react-dom.development.js:26505:5)
      at renderRootSync (node_modules/react-dom/cjs/react-dom.development.js:26473:7)
      at performConcurrentWorkOnRoot (node_modules/react-dom/cjs/react-dom.development.js:25777:74)
      at flushActQueue (node_modules/react/cjs/react.development.js:2667:24)
      at act (node_modules/react/cjs/react.development.js:2582:11)
      at node_modules/@testing-library/react/dist/act-compat.js:47:25
      at renderRoot (node_modules/@testing-library/react/dist/pure.js:180:26)
      at render (node_modules/@testing-library/react/dist/pure.js:271:10)
      at Object.<anonymous> (app/__tests__/providers.property.test.tsx:201:11)

    console.error
      Error: Uncaught [Error: useTheme must be used within Providers]
          at reportException (C:\Users\Rosaire\Desktop\Portfolio\node_modules\jsdom\lib\jsdom\living\helpers\runtime-script-errors.js:66:24)
          at innerInvokeEventListeners (C:\Users\Rosaire\Desktop\Portfolio\node_modules\jsdom\lib\jsdom\living\events\EventTarget-impl.js:353:9)
          at invokeEventListeners (C:\Users\Rosaire\Desktop\Portfolio\node_modules\jsdom\lib\jsdom\living\events\EventTarget-impl.js:286:3)
          at HTMLUnknownElementImpl._dispatch (C:\Users\Rosaire\Desktop\Portfolio\node_modules\jsdom\lib\jsdom\living\events\EventTarget-impl.js:233:9)
          at HTMLUnknownElementImpl.dispatchEvent (C:\Users\Rosaire\Desktop\Portfolio\node_modules\jsdom\lib\jsdom\living\events\EventTarget-impl.js:104:17)
          at HTMLUnknownElement.dispatchEvent (C:\Users\Rosaire\Desktop\Portfolio\node_modules\jsdom\lib\jsdom\living\generated\EventTarget.js:241:34)
          at Object.invokeGuardedCallbackDev (C:\Users\Rosaire\Desktop\Portfolio\node_modules\react-dom\cjs\react-dom.development.js:4213:16)
          at invokeGuardedCallback (C:\Users\Rosaire\Desktop\Portfolio\node_modules\react-dom\cjs\react-dom.development.js:4277:31)
          at beginWork$1 (C:\Users\Rosaire\Desktop\Portfolio\node_modules\react-dom\cjs\react-dom.development.js:27490:7)
          at performUnitOfWork (C:\Users\Rosaire\Desktop\Portfolio\node_modules\react-dom\cjs\react-dom.development.js:26599:12)
          at workLoopSync (C:\Users\Rosaire\Desktop\Portfolio\node_modules\react-dom\cjs\react-dom.development.js:26505:5)
          at renderRootSync (C:\Users\Rosaire\Desktop\Portfolio\node_modules\react-dom\cjs\react-dom.development.js:26473:7)
          at recoverFromConcurrentError (C:\Users\Rosaire\Desktop\Portfolio\node_modules\react-dom\cjs\react-dom.development.js:25889:20)
          at performConcurrentWorkOnRoot (C:\Users\Rosaire\Desktop\Portfolio\node_modules\react-dom\cjs\react-dom.development.js:25789:22)
          at flushActQueue (C:\Users\Rosaire\Desktop\Portfolio\node_modules\react\cjs\react.development.js:2667:24)
          at act (C:\Users\Rosaire\Desktop\Portfolio\node_modules\react\cjs\react.development.js:2582:11)
          at C:\Users\Rosaire\Desktop\Portfolio\node_modules\@testing-library\react\dist\act-compat.js:47:25
          at renderRoot (C:\Users\Rosaire\Desktop\Portfolio\node_modules\@testing-library\react\dist\pure.js:180:26)
          at render (C:\Users\Rosaire\Desktop\Portfolio\node_modules\@testing-library\react\dist\pure.js:271:10)
          at Object.<anonymous> (C:\Users\Rosaire\Desktop\Portfolio\app\__tests__\providers.property.test.tsx:201:11)
          at Promise.then.completed (C:\Users\Rosaire\Desktop\Portfolio\node_modules\jest-circus\build\utils.js:298:28)
          at new Promise (<anonymous>)
          at callAsyncCircusFn (C:\Users\Rosaire\Desktop\Portfolio\node_modules\jest-circus\build\utils.js:231:10)
          at _callCircusTest (C:\Users\Rosaire\Desktop\Portfolio\node_modules\jest-circus\build\run.js:316:40)
          at processTicksAndRejections (node:internal/process/task_queues:104:5)
          at _runTest (C:\Users\Rosaire\Desktop\Portfolio\node_modules\jest-circus\build\run.js:252:3)
          at _runTestsForDescribeBlock (C:\Users\Rosaire\Desktop\Portfolio\node_modules\jest-circus\build\run.js:126:9)
          at _runTestsForDescribeBlock (C:\Users\Rosaire\Desktop\Portfolio\node_modules\jest-circus\build\run.js:121:9)
          at run (C:\Users\Rosaire\Desktop\Portfolio\node_modules\jest-circus\build\run.js:71:3)
          at runAndTransformResultsToJestFormat (C:\Users\Rosaire\Desktop\Portfolio\node_modules\jest-circus\build\legacy-code-todo-rewrite\jestAdapterInit.js:122:21)
          at jestAdapter (C:\Users\Rosaire\Desktop\Portfolio\node_modules\jest-circus\build\legacy-code-todo-rewrite\jestAdapter.js:79:19)
          at runTestInternal (C:\Users\Rosaire\Desktop\Portfolio\node_modules\jest-runner\build\runTest.js:367:16)
          at runTest (C:\Users\Rosaire\Desktop\Portfolio\node_modules\jest-runner\build\runTest.js:444:34)
          at Object.worker (C:\Users\Rosaire\Desktop\Portfolio\node_modules\jest-runner\build\testWorker.js:106:12) {
        detail: Error: useTheme must be used within Providers
            at useTheme (C:\Users\Rosaire\Desktop\Portfolio\app\providers.tsx:81:11)
            at TestComponent (C:\Users\Rosaire\Desktop\Portfolio\app\__tests__\providers.property.test.tsx:9:42)
            at renderWithHooks (C:\Users\Rosaire\Desktop\Portfolio\node_modules\react-dom\cjs\react-dom.development.js:15486:18)
            at mountIndeterminateComponent (C:\Users\Rosaire\Desktop\Portfolio\node_modules\react-dom\cjs\react-dom.development.js:20103:13)
            at beginWork (C:\Users\Rosaire\Desktop\Portfolio\node_modules\react-dom\cjs\react-dom.development.js:21626:16)
            at HTMLUnknownElement.callCallback (C:\Users\Rosaire\Desktop\Portfolio\node_modules\react-dom\cjs\react-dom.development.js:4164:14)
            at HTMLUnknownElement.callTheUserObjectsOperation (C:\Users\Rosaire\Desktop\Portfolio\node_modules\jsdom\lib\jsdom\living\generated\EventListener.js:26:30)
            at innerInvokeEventListeners (C:\Users\Rosaire\Desktop\Portfolio\node_modules\jsdom\lib\jsdom\living\events\EventTarget-impl.js:350:25)
            at invokeEventListeners (C:\Users\Rosaire\Desktop\Portfolio\node_modules\jsdom\lib\jsdom\living\events\EventTarget-impl.js:286:3)
            at HTMLUnknownElementImpl._dispatch (C:\Users\Rosaire\Desktop\Portfolio\node_modules\jsdom\lib\jsdom\living\events\EventTarget-impl.js:233:9)
            at HTMLUnknownElementImpl.dispatchEvent (C:\Users\Rosaire\Desktop\Portfolio\node_modules\jsdom\lib\jsdom\living\events\EventTarget-impl.js:104:17)
            at HTMLUnknownElement.dispatchEvent (C:\Users\Rosaire\Desktop\Portfolio\node_modules\jsdom\lib\jsdom\living\generated\EventTarget.js:241:34)
            at Object.invokeGuardedCallbackDev (C:\Users\Rosaire\Desktop\Portfolio\node_modules\react-dom\cjs\react-dom.development.js:4213:16)
            at invokeGuardedCallback (C:\Users\Rosaire\Desktop\Portfolio\node_modules\react-dom\cjs\react-dom.development.js:4277:31)
            at beginWork$1 (C:\Users\Rosaire\Desktop\Portfolio\node_modules\react-dom\cjs\react-dom.development.js:27490:7)
            at performUnitOfWork (C:\Users\Rosaire\Desktop\Portfolio\node_modules\react-dom\cjs\react-dom.development.js:26599:12)
            at workLoopSync (C:\Users\Rosaire\Desktop\Portfolio\node_modules\react-dom\cjs\react-dom.development.js:26505:5)
            at renderRootSync (C:\Users\Rosaire\Desktop\Portfolio\node_modules\react-dom\cjs\react-dom.development.js:26473:7)
            at recoverFromConcurrentError (C:\Users\Rosaire\Desktop\Portfolio\node_modules\react-dom\cjs\react-dom.development.js:25889:20)
            at performConcurrentWorkOnRoot (C:\Users\Rosaire\Desktop\Portfolio\node_modules\react-dom\cjs\react-dom.development.js:25789:22)
            at flushActQueue (C:\Users\Rosaire\Desktop\Portfolio\node_modules\react\cjs\react.development.js:2667:24)
            at act (C:\Users\Rosaire\Desktop\Portfolio\node_modules\react\cjs\react.development.js:2582:11)
            at C:\Users\Rosaire\Desktop\Portfolio\node_modules\@testing-library\react\dist\act-compat.js:47:25
            at renderRoot (C:\Users\Rosaire\Desktop\Portfolio\node_modules\@testing-library\react\dist\pure.js:180:26)
            at render (C:\Users\Rosaire\Desktop\Portfolio\node_modules\@testing-library\react\dist\pure.js:271:10)
            at Object.<anonymous> (C:\Users\Rosaire\Desktop\Portfolio\app\__tests__\providers.property.test.tsx:201:11)
            at Promise.then.completed (C:\Users\Rosaire\Desktop\Portfolio\node_modules\jest-circus\build\utils.js:298:28)
            at new Promise (<anonymous>)
            at callAsyncCircusFn (C:\Users\Rosaire\Desktop\Portfolio\node_modules\jest-circus\build\utils.js:231:10)
            at _callCircusTest (C:\Users\Rosaire\Desktop\Portfolio\node_modules\jest-circus\build\run.js:316:40)
            at processTicksAndRejections (node:internal/process/task_queues:104:5)
            at _runTest (C:\Users\Rosaire\Desktop\Portfolio\node_modules\jest-circus\build\run.js:252:3)
            at _runTestsForDescribeBlock (C:\Users\Rosaire\Desktop\Portfolio\node_modules\jest-circus\build\run.js:126:9)
            at _runTestsForDescribeBlock (C:\Users\Rosaire\Desktop\Portfolio\node_modules\jest-circus\build\run.js:121:9)
            at run (C:\Users\Rosaire\Desktop\Portfolio\node_modules\jest-circus\build\run.js:71:3)
            at runAndTransformResultsToJestFormat (C:\Users\Rosaire\Desktop\Portfolio\node_modules\jest-circus\build\legacy-code-todo-rewrite\jestAdapterInit.js:122:21)
            at jestAdapter (C:\Users\Rosaire\Desktop\Portfolio\node_modules\jest-circus\build\legacy-code-todo-rewrite\jestAdapter.js:79:19)
            at runTestInternal (C:\Users\Rosaire\Desktop\Portfolio\node_modules\jest-runner\build\runTest.js:367:16)
            at runTest (C:\Users\Rosaire\Desktop\Portfolio\node_modules\jest-runner\build\runTest.js:444:34)
            at Object.worker (C:\Users\Rosaire\Desktop\Portfolio\node_modules\jest-runner\build\testWorker.js:106:12),
        type: 'unhandled exception'
      }

    [0m [90m 199 |[39m     localStorage[33m.[39msetItem([32m'language'[39m[33m,[39m [32m'en'[39m)[33m;[39m
     [90m 200 |[39m
    [31m[1m>[22m[39m[90m 201 |[39m     render(
     [90m     |[39m           [31m[1m^[22m[39m
     [90m 202 |[39m       [33m<[39m[33mProviders[39m[33m>[39m
     [90m 203 |[39m         [33m<[39m[33mTestComponent[39m [33m/[39m[33m>[39m
     [90m 204 |[39m       [33m<[39m[33m/[39m[33mProviders[39m[33m>[39m[0m

      at VirtualConsole.<anonymous> (node_modules/@jest/environment-jsdom-abstract/build/index.js:87:23)
      at reportException (node_modules/jsdom/lib/jsdom/living/helpers/runtime-script-errors.js:70:28)
      at innerInvokeEventListeners (node_modules/jsdom/lib/jsdom/living/events/EventTarget-impl.js:353:9)
      at invokeEventListeners (node_modules/jsdom/lib/jsdom/living/events/EventTarget-impl.js:286:3)
      at HTMLUnknownElementImpl._dispatch (node_modules/jsdom/lib/jsdom/living/events/EventTarget-impl.js:233:9)
      at HTMLUnknownElementImpl.dispatchEvent (node_modules/jsdom/lib/jsdom/living/events/EventTarget-impl.js:104:17)
      at HTMLUnknownElement.dispatchEvent (node_modules/jsdom/lib/jsdom/living/generated/EventTarget.js:241:34)
      at Object.invokeGuardedCallbackDev (node_modules/react-dom/cjs/react-dom.development.js:4213:16)
      at invokeGuardedCallback (node_modules/react-dom/cjs/react-dom.development.js:4277:31)
      at beginWork$1 (node_modules/react-dom/cjs/react-dom.development.js:27490:7)
      at performUnitOfWork (node_modules/react-dom/cjs/react-dom.development.js:26599:12)
      at workLoopSync (node_modules/react-dom/cjs/react-dom.development.js:26505:5)
      at renderRootSync (node_modules/react-dom/cjs/react-dom.development.js:26473:7)
      at recoverFromConcurrentError (node_modules/react-dom/cjs/react-dom.development.js:25889:20)
      at performConcurrentWorkOnRoot (node_modules/react-dom/cjs/react-dom.development.js:25789:22)
      at flushActQueue (node_modules/react/cjs/react.development.js:2667:24)
      at act (node_modules/react/cjs/react.development.js:2582:11)
      at node_modules/@testing-library/react/dist/act-compat.js:47:25
      at renderRoot (node_modules/@testing-library/react/dist/pure.js:180:26)
      at render (node_modules/@testing-library/react/dist/pure.js:271:10)
      at Object.<anonymous> (app/__tests__/providers.property.test.tsx:201:11)

    console.error
      The above error occurred in the <TestComponent> component:
      
          at TestComponent (C:\Users\Rosaire\Desktop\Portfolio\app\__tests__\providers.property.test.tsx:9:42)
          at children (C:\Users\Rosaire\Desktop\Portfolio\app\providers.tsx:21:29)
      
      Consider adding an error boundary to your tree to customize error handling behavior.
      Visit https://reactjs.org/link/error-boundaries to learn more about error boundaries.

    [0m [90m 199 |[39m     localStorage[33m.[39msetItem([32m'language'[39m[33m,[39m [32m'en'[39m)[33m;[39m
     [90m 200 |[39m
    [31m[1m>[22m[39m[90m 201 |[39m     render(
     [90m     |[39m           [31m[1m^[22m[39m
     [90m 202 |[39m       [33m<[39m[33mProviders[39m[33m>[39m
     [90m 203 |[39m         [33m<[39m[33mTestComponent[39m [33m/[39m[33m>[39m
     [90m 204 |[39m       [33m<[39m[33m/[39m[33mProviders[39m[33m>[39m[0m

      at logCapturedError (node_modules/react-dom/cjs/react-dom.development.js:18704:23)
      at update.callback (node_modules/react-dom/cjs/react-dom.development.js:18737:5)
      at callCallback (node_modules/react-dom/cjs/react-dom.development.js:15036:12)
      at commitUpdateQueue (node_modules/react-dom/cjs/react-dom.development.js:15057:9)
      at commitLayoutEffectOnFiber (node_modules/react-dom/cjs/react-dom.development.js:23430:13)
      at commitLayoutMountEffects_complete (node_modules/react-dom/cjs/react-dom.development.js:24727:9)
      at commitLayoutEffects_begin (node_modules/react-dom/cjs/react-dom.development.js:24713:7)
      at commitLayoutEffects (node_modules/react-dom/cjs/react-dom.development.js:24651:3)
      at commitRootImpl (node_modules/react-dom/cjs/react-dom.development.js:26862:5)
      at commitRoot (node_modules/react-dom/cjs/react-dom.development.js:26721:5)
      at finishConcurrentRender (node_modules/react-dom/cjs/react-dom.development.js:25931:9)
      at performConcurrentWorkOnRoot (node_modules/react-dom/cjs/react-dom.development.js:25848:7)
      at flushActQueue (node_modules/react/cjs/react.development.js:2667:24)
      at act (node_modules/react/cjs/react.development.js:2582:11)
      at node_modules/@testing-library/react/dist/act-compat.js:47:25
      at renderRoot (node_modules/@testing-library/react/dist/pure.js:180:26)
      at render (node_modules/@testing-library/react/dist/pure.js:271:10)
      at Object.<anonymous> (app/__tests__/providers.property.test.tsx:201:11)

    console.error
      Error: Uncaught [Error: useTheme must be used within Providers]
          at reportException (C:\Users\Rosaire\Desktop\Portfolio\node_modules\jsdom\lib\jsdom\living\helpers\runtime-script-errors.js:66:24)
          at innerInvokeEventListeners (C:\Users\Rosaire\Desktop\Portfolio\node_modules\jsdom\lib\jsdom\living\events\EventTarget-impl.js:353:9)
          at invokeEventListeners (C:\Users\Rosaire\Desktop\Portfolio\node_modules\jsdom\lib\jsdom\living\events\EventTarget-impl.js:286:3)
          at HTMLUnknownElementImpl._dispatch (C:\Users\Rosaire\Desktop\Portfolio\node_modules\jsdom\lib\jsdom\living\events\EventTarget-impl.js:233:9)
          at HTMLUnknownElementImpl.dispatchEvent (C:\Users\Rosaire\Desktop\Portfolio\node_modules\jsdom\lib\jsdom\living\events\EventTarget-impl.js:104:17)
          at HTMLUnknownElement.dispatchEvent (C:\Users\Rosaire\Desktop\Portfolio\node_modules\jsdom\lib\jsdom\living\generated\EventTarget.js:241:34)
          at Object.invokeGuardedCallbackDev (C:\Users\Rosaire\Desktop\Portfolio\node_modules\react-dom\cjs\react-dom.development.js:4213:16)
          at invokeGuardedCallback (C:\Users\Rosaire\Desktop\Portfolio\node_modules\react-dom\cjs\react-dom.development.js:4277:31)
          at beginWork$1 (C:\Users\Rosaire\Desktop\Portfolio\node_modules\react-dom\cjs\react-dom.development.js:27490:7)
          at performUnitOfWork (C:\Users\Rosaire\Desktop\Portfolio\node_modules\react-dom\cjs\react-dom.development.js:26599:12)
          at workLoopSync (C:\Users\Rosaire\Desktop\Portfolio\node_modules\react-dom\cjs\react-dom.development.js:26505:5)
          at renderRootSync (C:\Users\Rosaire\Desktop\Portfolio\node_modules\react-dom\cjs\react-dom.development.js:26473:7)
          at performConcurrentWorkOnRoot (C:\Users\Rosaire\Desktop\Portfolio\node_modules\react-dom\cjs\react-dom.development.js:25777:74)
          at flushActQueue (C:\Users\Rosaire\Desktop\Portfolio\node_modules\react\cjs\react.development.js:2667:24)
          at act (C:\Users\Rosaire\Desktop\Portfolio\node_modules\react\cjs\react.development.js:2582:11)
          at C:\Users\Rosaire\Desktop\Portfolio\node_modules\@testing-library\react\dist\act-compat.js:47:25
          at renderRoot (C:\Users\Rosaire\Desktop\Portfolio\node_modules\@testing-library\react\dist\pure.js:180:26)
          at render (C:\Users\Rosaire\Desktop\Portfolio\node_modules\@testing-library\react\dist\pure.js:271:10)
          at Object.<anonymous> (C:\Users\Rosaire\Desktop\Portfolio\app\__tests__\providers.property.test.tsx:222:11)
          at Promise.then.completed (C:\Users\Rosaire\Desktop\Portfolio\node_modules\jest-circus\build\utils.js:298:28)
          at new Promise (<anonymous>)
          at callAsyncCircusFn (C:\Users\Rosaire\Desktop\Portfolio\node_modules\jest-circus\build\utils.js:231:10)
          at _callCircusTest (C:\Users\Rosaire\Desktop\Portfolio\node_modules\jest-circus\build\run.js:316:40)
          at processTicksAndRejections (node:internal/process/task_queues:104:5)
          at _runTest (C:\Users\Rosaire\Desktop\Portfolio\node_modules\jest-circus\build\run.js:252:3)
          at _runTestsForDescribeBlock (C:\Users\Rosaire\Desktop\Portfolio\node_modules\jest-circus\build\run.js:126:9)
          at _runTestsForDescribeBlock (C:\Users\Rosaire\Desktop\Portfolio\node_modules\jest-circus\build\run.js:121:9)
          at run (C:\Users\Rosaire\Desktop\Portfolio\node_modules\jest-circus\build\run.js:71:3)
          at runAndTransformResultsToJestFormat (C:\Users\Rosaire\Desktop\Portfolio\node_modules\jest-circus\build\legacy-code-todo-rewrite\jestAdapterInit.js:122:21)
          at jestAdapter (C:\Users\Rosaire\Desktop\Portfolio\node_modules\jest-circus\build\legacy-code-todo-rewrite\jestAdapter.js:79:19)
          at runTestInternal (C:\Users\Rosaire\Desktop\Portfolio\node_modules\jest-runner\build\runTest.js:367:16)
          at runTest (C:\Users\Rosaire\Desktop\Portfolio\node_modules\jest-runner\build\runTest.js:444:34)
          at Object.worker (C:\Users\Rosaire\Desktop\Portfolio\node_modules\jest-runner\build\testWorker.js:106:12) {
        detail: Error: useTheme must be used within Providers
            at useTheme (C:\Users\Rosaire\Desktop\Portfolio\app\providers.tsx:81:11)
            at TestComponent (C:\Users\Rosaire\Desktop\Portfolio\app\__tests__\providers.property.test.tsx:9:42)
            at renderWithHooks (C:\Users\Rosaire\Desktop\Portfolio\node_modules\react-dom\cjs\react-dom.development.js:15486:18)
            at mountIndeterminateComponent (C:\Users\Rosaire\Desktop\Portfolio\node_modules\react-dom\cjs\react-dom.development.js:20103:13)
            at beginWork (C:\Users\Rosaire\Desktop\Portfolio\node_modules\react-dom\cjs\react-dom.development.js:21626:16)
            at HTMLUnknownElement.callCallback (C:\Users\Rosaire\Desktop\Portfolio\node_modules\react-dom\cjs\react-dom.development.js:4164:14)
            at HTMLUnknownElement.callTheUserObjectsOperation (C:\Users\Rosaire\Desktop\Portfolio\node_modules\jsdom\lib\jsdom\living\generated\EventListener.js:26:30)
            at innerInvokeEventListeners (C:\Users\Rosaire\Desktop\Portfolio\node_modules\jsdom\lib\jsdom\living\events\EventTarget-impl.js:350:25)
            at invokeEventListeners (C:\Users\Rosaire\Desktop\Portfolio\node_modules\jsdom\lib\jsdom\living\events\EventTarget-impl.js:286:3)
            at HTMLUnknownElementImpl._dispatch (C:\Users\Rosaire\Desktop\Portfolio\node_modules\jsdom\lib\jsdom\living\events\EventTarget-impl.js:233:9)
            at HTMLUnknownElementImpl.dispatchEvent (C:\Users\Rosaire\Desktop\Portfolio\node_modules\jsdom\lib\jsdom\living\events\EventTarget-impl.js:104:17)
            at HTMLUnknownElement.dispatchEvent (C:\Users\Rosaire\Desktop\Portfolio\node_modules\jsdom\lib\jsdom\living\generated\EventTarget.js:241:34)
            at Object.invokeGuardedCallbackDev (C:\Users\Rosaire\Desktop\Portfolio\node_modules\react-dom\cjs\react-dom.development.js:4213:16)
            at invokeGuardedCallback (C:\Users\Rosaire\Desktop\Portfolio\node_modules\react-dom\cjs\react-dom.development.js:4277:31)
            at beginWork$1 (C:\Users\Rosaire\Desktop\Portfolio\node_modules\react-dom\cjs\react-dom.development.js:27490:7)
            at performUnitOfWork (C:\Users\Rosaire\Desktop\Portfolio\node_modules\react-dom\cjs\react-dom.development.js:26599:12)
            at workLoopSync (C:\Users\Rosaire\Desktop\Portfolio\node_modules\react-dom\cjs\react-dom.development.js:26505:5)
            at renderRootSync (C:\Users\Rosaire\Desktop\Portfolio\node_modules\react-dom\cjs\react-dom.development.js:26473:7)
            at performConcurrentWorkOnRoot (C:\Users\Rosaire\Desktop\Portfolio\node_modules\react-dom\cjs\react-dom.development.js:25777:74)
            at flushActQueue (C:\Users\Rosaire\Desktop\Portfolio\node_modules\react\cjs\react.development.js:2667:24)
            at act (C:\Users\Rosaire\Desktop\Portfolio\node_modules\react\cjs\react.development.js:2582:11)
            at C:\Users\Rosaire\Desktop\Portfolio\node_modules\@testing-library\react\dist\act-compat.js:47:25
            at renderRoot (C:\Users\Rosaire\Desktop\Portfolio\node_modules\@testing-library\react\dist\pure.js:180:26)
            at render (C:\Users\Rosaire\Desktop\Portfolio\node_modules\@testing-library\react\dist\pure.js:271:10)
            at Object.<anonymous> (C:\Users\Rosaire\Desktop\Portfolio\app\__tests__\providers.property.test.tsx:222:11)
            at Promise.then.completed (C:\Users\Rosaire\Desktop\Portfolio\node_modules\jest-circus\build\utils.js:298:28)
            at new Promise (<anonymous>)
            at callAsyncCircusFn (C:\Users\Rosaire\Desktop\Portfolio\node_modules\jest-circus\build\utils.js:231:10)
            at _callCircusTest (C:\Users\Rosaire\Desktop\Portfolio\node_modules\jest-circus\build\run.js:316:40)
            at processTicksAndRejections (node:internal/process/task_queues:104:5)
            at _runTest (C:\Users\Rosaire\Desktop\Portfolio\node_modules\jest-circus\build\run.js:252:3)
            at _runTestsForDescribeBlock (C:\Users\Rosaire\Desktop\Portfolio\node_modules\jest-circus\build\run.js:126:9)
            at _runTestsForDescribeBlock (C:\Users\Rosaire\Desktop\Portfolio\node_modules\jest-circus\build\run.js:121:9)
            at run (C:\Users\Rosaire\Desktop\Portfolio\node_modules\jest-circus\build\run.js:71:3)
            at runAndTransformResultsToJestFormat (C:\Users\Rosaire\Desktop\Portfolio\node_modules\jest-circus\build\legacy-code-todo-rewrite\jestAdapterInit.js:122:21)
            at jestAdapter (C:\Users\Rosaire\Desktop\Portfolio\node_modules\jest-circus\build\legacy-code-todo-rewrite\jestAdapter.js:79:19)
            at runTestInternal (C:\Users\Rosaire\Desktop\Portfolio\node_modules\jest-runner\build\runTest.js:367:16)
            at runTest (C:\Users\Rosaire\Desktop\Portfolio\node_modules\jest-runner\build\runTest.js:444:34)
            at Object.worker (C:\Users\Rosaire\Desktop\Portfolio\node_modules\jest-runner\build\testWorker.js:106:12),
        type: 'unhandled exception'
      }

    [0m [90m 220 |[39m
     [90m 221 |[39m   it([32m'should persist language in localStorage'[39m[33m,[39m [36masync[39m () [33m=>[39m {
    [31m[1m>[22m[39m[90m 222 |[39m     render(
     [90m     |[39m           [31m[1m^[22m[39m
     [90m 223 |[39m       [33m<[39m[33mProviders[39m[33m>[39m
     [90m 224 |[39m         [33m<[39m[33mTestComponent[39m [33m/[39m[33m>[39m
     [90m 225 |[39m       [33m<[39m[33m/[39m[33mProviders[39m[33m>[39m[0m

      at VirtualConsole.<anonymous> (node_modules/@jest/environment-jsdom-abstract/build/index.js:87:23)
      at reportException (node_modules/jsdom/lib/jsdom/living/helpers/runtime-script-errors.js:70:28)
      at innerInvokeEventListeners (node_modules/jsdom/lib/jsdom/living/events/EventTarget-impl.js:353:9)
      at invokeEventListeners (node_modules/jsdom/lib/jsdom/living/events/EventTarget-impl.js:286:3)
      at HTMLUnknownElementImpl._dispatch (node_modules/jsdom/lib/jsdom/living/events/EventTarget-impl.js:233:9)
      at HTMLUnknownElementImpl.dispatchEvent (node_modules/jsdom/lib/jsdom/living/events/EventTarget-impl.js:104:17)
      at HTMLUnknownElement.dispatchEvent (node_modules/jsdom/lib/jsdom/living/generated/EventTarget.js:241:34)
      at Object.invokeGuardedCallbackDev (node_modules/react-dom/cjs/react-dom.development.js:4213:16)
      at invokeGuardedCallback (node_modules/react-dom/cjs/react-dom.development.js:4277:31)
      at beginWork$1 (node_modules/react-dom/cjs/react-dom.development.js:27490:7)
      at performUnitOfWork (node_modules/react-dom/cjs/react-dom.development.js:26599:12)
      at workLoopSync (node_modules/react-dom/cjs/react-dom.development.js:26505:5)
      at renderRootSync (node_modules/react-dom/cjs/react-dom.development.js:26473:7)
      at performConcurrentWorkOnRoot (node_modules/react-dom/cjs/react-dom.development.js:25777:74)
      at flushActQueue (node_modules/react/cjs/react.development.js:2667:24)
      at act (node_modules/react/cjs/react.development.js:2582:11)
      at node_modules/@testing-library/react/dist/act-compat.js:47:25
      at renderRoot (node_modules/@testing-library/react/dist/pure.js:180:26)
      at render (node_modules/@testing-library/react/dist/pure.js:271:10)
      at Object.<anonymous> (app/__tests__/providers.property.test.tsx:222:11)

    console.error
      Error: Uncaught [Error: useTheme must be used within Providers]
          at reportException (C:\Users\Rosaire\Desktop\Portfolio\node_modules\jsdom\lib\jsdom\living\helpers\runtime-script-errors.js:66:24)
          at innerInvokeEventListeners (C:\Users\Rosaire\Desktop\Portfolio\node_modules\jsdom\lib\jsdom\living\events\EventTarget-impl.js:353:9)
          at invokeEventListeners (C:\Users\Rosaire\Desktop\Portfolio\node_modules\jsdom\lib\jsdom\living\events\EventTarget-impl.js:286:3)
          at HTMLUnknownElementImpl._dispatch (C:\Users\Rosaire\Desktop\Portfolio\node_modules\jsdom\lib\jsdom\living\events\EventTarget-impl.js:233:9)
          at HTMLUnknownElementImpl.dispatchEvent (C:\Users\Rosaire\Desktop\Portfolio\node_modules\jsdom\lib\jsdom\living\events\EventTarget-impl.js:104:17)
          at HTMLUnknownElement.dispatchEvent (C:\Users\Rosaire\Desktop\Portfolio\node_modules\jsdom\lib\jsdom\living\generated\EventTarget.js:241:34)
          at Object.invokeGuardedCallbackDev (C:\Users\Rosaire\Desktop\Portfolio\node_modules\react-dom\cjs\react-dom.development.js:4213:16)
          at invokeGuardedCallback (C:\Users\Rosaire\Desktop\Portfolio\node_modules\react-dom\cjs\react-dom.development.js:4277:31)
          at beginWork$1 (C:\Users\Rosaire\Desktop\Portfolio\node_modules\react-dom\cjs\react-dom.development.js:27490:7)
          at performUnitOfWork (C:\Users\Rosaire\Desktop\Portfolio\node_modules\react-dom\cjs\react-dom.development.js:26599:12)
          at workLoopSync (C:\Users\Rosaire\Desktop\Portfolio\node_modules\react-dom\cjs\react-dom.development.js:26505:5)
          at renderRootSync (C:\Users\Rosaire\Desktop\Portfolio\node_modules\react-dom\cjs\react-dom.development.js:26473:7)
          at recoverFromConcurrentError (C:\Users\Rosaire\Desktop\Portfolio\node_modules\react-dom\cjs\react-dom.development.js:25889:20)
          at performConcurrentWorkOnRoot (C:\Users\Rosaire\Desktop\Portfolio\node_modules\react-dom\cjs\react-dom.development.js:25789:22)
          at flushActQueue (C:\Users\Rosaire\Desktop\Portfolio\node_modules\react\cjs\react.development.js:2667:24)
          at act (C:\Users\Rosaire\Desktop\Portfolio\node_modules\react\cjs\react.development.js:2582:11)
          at C:\Users\Rosaire\Desktop\Portfolio\node_modules\@testing-library\react\dist\act-compat.js:47:25
          at renderRoot (C:\Users\Rosaire\Desktop\Portfolio\node_modules\@testing-library\react\dist\pure.js:180:26)
          at render (C:\Users\Rosaire\Desktop\Portfolio\node_modules\@testing-library\react\dist\pure.js:271:10)
          at Object.<anonymous> (C:\Users\Rosaire\Desktop\Portfolio\app\__tests__\providers.property.test.tsx:222:11)
          at Promise.then.completed (C:\Users\Rosaire\Desktop\Portfolio\node_modules\jest-circus\build\utils.js:298:28)
          at new Promise (<anonymous>)
          at callAsyncCircusFn (C:\Users\Rosaire\Desktop\Portfolio\node_modules\jest-circus\build\utils.js:231:10)
          at _callCircusTest (C:\Users\Rosaire\Desktop\Portfolio\node_modules\jest-circus\build\run.js:316:40)
          at processTicksAndRejections (node:internal/process/task_queues:104:5)
          at _runTest (C:\Users\Rosaire\Desktop\Portfolio\node_modules\jest-circus\build\run.js:252:3)
          at _runTestsForDescribeBlock (C:\Users\Rosaire\Desktop\Portfolio\node_modules\jest-circus\build\run.js:126:9)
          at _runTestsForDescribeBlock (C:\Users\Rosaire\Desktop\Portfolio\node_modules\jest-circus\build\run.js:121:9)
          at run (C:\Users\Rosaire\Desktop\Portfolio\node_modules\jest-circus\build\run.js:71:3)
          at runAndTransformResultsToJestFormat (C:\Users\Rosaire\Desktop\Portfolio\node_modules\jest-circus\build\legacy-code-todo-rewrite\jestAdapterInit.js:122:21)
          at jestAdapter (C:\Users\Rosaire\Desktop\Portfolio\node_modules\jest-circus\build\legacy-code-todo-rewrite\jestAdapter.js:79:19)
          at runTestInternal (C:\Users\Rosaire\Desktop\Portfolio\node_modules\jest-runner\build\runTest.js:367:16)
          at runTest (C:\Users\Rosaire\Desktop\Portfolio\node_modules\jest-runner\build\runTest.js:444:34)
          at Object.worker (C:\Users\Rosaire\Desktop\Portfolio\node_modules\jest-runner\build\testWorker.js:106:12) {
        detail: Error: useTheme must be used within Providers
            at useTheme (C:\Users\Rosaire\Desktop\Portfolio\app\providers.tsx:81:11)
            at TestComponent (C:\Users\Rosaire\Desktop\Portfolio\app\__tests__\providers.property.test.tsx:9:42)
            at renderWithHooks (C:\Users\Rosaire\Desktop\Portfolio\node_modules\react-dom\cjs\react-dom.development.js:15486:18)
            at mountIndeterminateComponent (C:\Users\Rosaire\Desktop\Portfolio\node_modules\react-dom\cjs\react-dom.development.js:20103:13)
            at beginWork (C:\Users\Rosaire\Desktop\Portfolio\node_modules\react-dom\cjs\react-dom.development.js:21626:16)
            at HTMLUnknownElement.callCallback (C:\Users\Rosaire\Desktop\Portfolio\node_modules\react-dom\cjs\react-dom.development.js:4164:14)
            at HTMLUnknownElement.callTheUserObjectsOperation (C:\Users\Rosaire\Desktop\Portfolio\node_modules\jsdom\lib\jsdom\living\generated\EventListener.js:26:30)
            at innerInvokeEventListeners (C:\Users\Rosaire\Desktop\Portfolio\node_modules\jsdom\lib\jsdom\living\events\EventTarget-impl.js:350:25)
            at invokeEventListeners (C:\Users\Rosaire\Desktop\Portfolio\node_modules\jsdom\lib\jsdom\living\events\EventTarget-impl.js:286:3)
            at HTMLUnknownElementImpl._dispatch (C:\Users\Rosaire\Desktop\Portfolio\node_modules\jsdom\lib\jsdom\living\events\EventTarget-impl.js:233:9)
            at HTMLUnknownElementImpl.dispatchEvent (C:\Users\Rosaire\Desktop\Portfolio\node_modules\jsdom\lib\jsdom\living\events\EventTarget-impl.js:104:17)
            at HTMLUnknownElement.dispatchEvent (C:\Users\Rosaire\Desktop\Portfolio\node_modules\jsdom\lib\jsdom\living\generated\EventTarget.js:241:34)
            at Object.invokeGuardedCallbackDev (C:\Users\Rosaire\Desktop\Portfolio\node_modules\react-dom\cjs\react-dom.development.js:4213:16)
            at invokeGuardedCallback (C:\Users\Rosaire\Desktop\Portfolio\node_modules\react-dom\cjs\react-dom.development.js:4277:31)
            at beginWork$1 (C:\Users\Rosaire\Desktop\Portfolio\node_modules\react-dom\cjs\react-dom.development.js:27490:7)
            at performUnitOfWork (C:\Users\Rosaire\Desktop\Portfolio\node_modules\react-dom\cjs\react-dom.development.js:26599:12)
            at workLoopSync (C:\Users\Rosaire\Desktop\Portfolio\node_modules\react-dom\cjs\react-dom.development.js:26505:5)
            at renderRootSync (C:\Users\Rosaire\Desktop\Portfolio\node_modules\react-dom\cjs\react-dom.development.js:26473:7)
            at recoverFromConcurrentError (C:\Users\Rosaire\Desktop\Portfolio\node_modules\react-dom\cjs\react-dom.development.js:25889:20)
            at performConcurrentWorkOnRoot (C:\Users\Rosaire\Desktop\Portfolio\node_modules\react-dom\cjs\react-dom.development.js:25789:22)
            at flushActQueue (C:\Users\Rosaire\Desktop\Portfolio\node_modules\react\cjs\react.development.js:2667:24)
            at act (C:\Users\Rosaire\Desktop\Portfolio\node_modules\react\cjs\react.development.js:2582:11)
            at C:\Users\Rosaire\Desktop\Portfolio\node_modules\@testing-library\react\dist\act-compat.js:47:25
            at renderRoot (C:\Users\Rosaire\Desktop\Portfolio\node_modules\@testing-library\react\dist\pure.js:180:26)
            at render (C:\Users\Rosaire\Desktop\Portfolio\node_modules\@testing-library\react\dist\pure.js:271:10)
            at Object.<anonymous> (C:\Users\Rosaire\Desktop\Portfolio\app\__tests__\providers.property.test.tsx:222:11)
            at Promise.then.completed (C:\Users\Rosaire\Desktop\Portfolio\node_modules\jest-circus\build\utils.js:298:28)
            at new Promise (<anonymous>)
            at callAsyncCircusFn (C:\Users\Rosaire\Desktop\Portfolio\node_modules\jest-circus\build\utils.js:231:10)
            at _callCircusTest (C:\Users\Rosaire\Desktop\Portfolio\node_modules\jest-circus\build\run.js:316:40)
            at processTicksAndRejections (node:internal/process/task_queues:104:5)
            at _runTest (C:\Users\Rosaire\Desktop\Portfolio\node_modules\jest-circus\build\run.js:252:3)
            at _runTestsForDescribeBlock (C:\Users\Rosaire\Desktop\Portfolio\node_modules\jest-circus\build\run.js:126:9)
            at _runTestsForDescribeBlock (C:\Users\Rosaire\Desktop\Portfolio\node_modules\jest-circus\build\run.js:121:9)
            at run (C:\Users\Rosaire\Desktop\Portfolio\node_modules\jest-circus\build\run.js:71:3)
            at runAndTransformResultsToJestFormat (C:\Users\Rosaire\Desktop\Portfolio\node_modules\jest-circus\build\legacy-code-todo-rewrite\jestAdapterInit.js:122:21)
            at jestAdapter (C:\Users\Rosaire\Desktop\Portfolio\node_modules\jest-circus\build\legacy-code-todo-rewrite\jestAdapter.js:79:19)
            at runTestInternal (C:\Users\Rosaire\Desktop\Portfolio\node_modules\jest-runner\build\runTest.js:367:16)
            at runTest (C:\Users\Rosaire\Desktop\Portfolio\node_modules\jest-runner\build\runTest.js:444:34)
            at Object.worker (C:\Users\Rosaire\Desktop\Portfolio\node_modules\jest-runner\build\testWorker.js:106:12),
        type: 'unhandled exception'
      }

    [0m [90m 220 |[39m
     [90m 221 |[39m   it([32m'should persist language in localStorage'[39m[33m,[39m [36masync[39m () [33m=>[39m {
    [31m[1m>[22m[39m[90m 222 |[39m     render(
     [90m     |[39m           [31m[1m^[22m[39m
     [90m 223 |[39m       [33m<[39m[33mProviders[39m[33m>[39m
     [90m 224 |[39m         [33m<[39m[33mTestComponent[39m [33m/[39m[33m>[39m
     [90m 225 |[39m       [33m<[39m[33m/[39m[33mProviders[39m[33m>[39m[0m

      at VirtualConsole.<anonymous> (node_modules/@jest/environment-jsdom-abstract/build/index.js:87:23)
      at reportException (node_modules/jsdom/lib/jsdom/living/helpers/runtime-script-errors.js:70:28)
      at innerInvokeEventListeners (node_modules/jsdom/lib/jsdom/living/events/EventTarget-impl.js:353:9)
      at invokeEventListeners (node_modules/jsdom/lib/jsdom/living/events/EventTarget-impl.js:286:3)
      at HTMLUnknownElementImpl._dispatch (node_modules/jsdom/lib/jsdom/living/events/EventTarget-impl.js:233:9)
      at HTMLUnknownElementImpl.dispatchEvent (node_modules/jsdom/lib/jsdom/living/events/EventTarget-impl.js:104:17)
      at HTMLUnknownElement.dispatchEvent (node_modules/jsdom/lib/jsdom/living/generated/EventTarget.js:241:34)
      at Object.invokeGuardedCallbackDev (node_modules/react-dom/cjs/react-dom.development.js:4213:16)
      at invokeGuardedCallback (node_modules/react-dom/cjs/react-dom.development.js:4277:31)
      at beginWork$1 (node_modules/react-dom/cjs/react-dom.development.js:27490:7)
      at performUnitOfWork (node_modules/react-dom/cjs/react-dom.development.js:26599:12)
      at workLoopSync (node_modules/react-dom/cjs/react-dom.development.js:26505:5)
      at renderRootSync (node_modules/react-dom/cjs/react-dom.development.js:26473:7)
      at recoverFromConcurrentError (node_modules/react-dom/cjs/react-dom.development.js:25889:20)
      at performConcurrentWorkOnRoot (node_modules/react-dom/cjs/react-dom.development.js:25789:22)
      at flushActQueue (node_modules/react/cjs/react.development.js:2667:24)
      at act (node_modules/react/cjs/react.development.js:2582:11)
      at node_modules/@testing-library/react/dist/act-compat.js:47:25
      at renderRoot (node_modules/@testing-library/react/dist/pure.js:180:26)
      at render (node_modules/@testing-library/react/dist/pure.js:271:10)
      at Object.<anonymous> (app/__tests__/providers.property.test.tsx:222:11)

    console.error
      The above error occurred in the <TestComponent> component:
      
          at TestComponent (C:\Users\Rosaire\Desktop\Portfolio\app\__tests__\providers.property.test.tsx:9:42)
          at children (C:\Users\Rosaire\Desktop\Portfolio\app\providers.tsx:21:29)
      
      Consider adding an error boundary to your tree to customize error handling behavior.
      Visit https://reactjs.org/link/error-boundaries to learn more about error boundaries.

    [0m [90m 220 |[39m
     [90m 221 |[39m   it([32m'should persist language in localStorage'[39m[33m,[39m [36masync[39m () [33m=>[39m {
    [31m[1m>[22m[39m[90m 222 |[39m     render(
     [90m     |[39m           [31m[1m^[22m[39m
     [90m 223 |[39m       [33m<[39m[33mProviders[39m[33m>[39m
     [90m 224 |[39m         [33m<[39m[33mTestComponent[39m [33m/[39m[33m>[39m
     [90m 225 |[39m       [33m<[39m[33m/[39m[33mProviders[39m[33m>[39m[0m

      at logCapturedError (node_modules/react-dom/cjs/react-dom.development.js:18704:23)
      at update.callback (node_modules/react-dom/cjs/react-dom.development.js:18737:5)
      at callCallback (node_modules/react-dom/cjs/react-dom.development.js:15036:12)
      at commitUpdateQueue (node_modules/react-dom/cjs/react-dom.development.js:15057:9)
      at commitLayoutEffectOnFiber (node_modules/react-dom/cjs/react-dom.development.js:23430:13)
      at commitLayoutMountEffects_complete (node_modules/react-dom/cjs/react-dom.development.js:24727:9)
      at commitLayoutEffects_begin (node_modules/react-dom/cjs/react-dom.development.js:24713:7)
      at commitLayoutEffects (node_modules/react-dom/cjs/react-dom.development.js:24651:3)
      at commitRootImpl (node_modules/react-dom/cjs/react-dom.development.js:26862:5)
      at commitRoot (node_modules/react-dom/cjs/react-dom.development.js:26721:5)
      at finishConcurrentRender (node_modules/react-dom/cjs/react-dom.development.js:25931:9)
      at performConcurrentWorkOnRoot (node_modules/react-dom/cjs/react-dom.development.js:25848:7)
      at flushActQueue (node_modules/react/cjs/react.development.js:2667:24)
      at act (node_modules/react/cjs/react.development.js:2582:11)
      at node_modules/@testing-library/react/dist/act-compat.js:47:25
      at renderRoot (node_modules/@testing-library/react/dist/pure.js:180:26)
      at render (node_modules/@testing-library/react/dist/pure.js:271:10)
      at Object.<anonymous> (app/__tests__/providers.property.test.tsx:222:11)

    console.error
      Error: Uncaught [Error: useTheme must be used within Providers]
          at reportException (C:\Users\Rosaire\Desktop\Portfolio\node_modules\jsdom\lib\jsdom\living\helpers\runtime-script-errors.js:66:24)
          at innerInvokeEventListeners (C:\Users\Rosaire\Desktop\Portfolio\node_modules\jsdom\lib\jsdom\living\events\EventTarget-impl.js:353:9)
          at invokeEventListeners (C:\Users\Rosaire\Desktop\Portfolio\node_modules\jsdom\lib\jsdom\living\events\EventTarget-impl.js:286:3)
          at HTMLUnknownElementImpl._dispatch (C:\Users\Rosaire\Desktop\Portfolio\node_modules\jsdom\lib\jsdom\living\events\EventTarget-impl.js:233:9)
          at HTMLUnknownElementImpl.dispatchEvent (C:\Users\Rosaire\Desktop\Portfolio\node_modules\jsdom\lib\jsdom\living\events\EventTarget-impl.js:104:17)
          at HTMLUnknownElement.dispatchEvent (C:\Users\Rosaire\Desktop\Portfolio\node_modules\jsdom\lib\jsdom\living\generated\EventTarget.js:241:34)
          at Object.invokeGuardedCallbackDev (C:\Users\Rosaire\Desktop\Portfolio\node_modules\react-dom\cjs\react-dom.development.js:4213:16)
          at invokeGuardedCallback (C:\Users\Rosaire\Desktop\Portfolio\node_modules\react-dom\cjs\react-dom.development.js:4277:31)
          at beginWork$1 (C:\Users\Rosaire\Desktop\Portfolio\node_modules\react-dom\cjs\react-dom.development.js:27490:7)
          at performUnitOfWork (C:\Users\Rosaire\Desktop\Portfolio\node_modules\react-dom\cjs\react-dom.development.js:26599:12)
          at workLoopSync (C:\Users\Rosaire\Desktop\Portfolio\node_modules\react-dom\cjs\react-dom.development.js:26505:5)
          at renderRootSync (C:\Users\Rosaire\Desktop\Portfolio\node_modules\react-dom\cjs\react-dom.development.js:26473:7)
          at performConcurrentWorkOnRoot (C:\Users\Rosaire\Desktop\Portfolio\node_modules\react-dom\cjs\react-dom.development.js:25777:74)
          at flushActQueue (C:\Users\Rosaire\Desktop\Portfolio\node_modules\react\cjs\react.development.js:2667:24)
          at act (C:\Users\Rosaire\Desktop\Portfolio\node_modules\react\cjs\react.development.js:2582:11)
          at C:\Users\Rosaire\Desktop\Portfolio\node_modules\@testing-library\react\dist\act-compat.js:47:25
          at renderRoot (C:\Users\Rosaire\Desktop\Portfolio\node_modules\@testing-library\react\dist\pure.js:180:26)
          at render (C:\Users\Rosaire\Desktop\Portfolio\node_modules\@testing-library\react\dist\pure.js:271:10)
          at Object.<anonymous> (C:\Users\Rosaire\Desktop\Portfolio\app\__tests__\providers.property.test.tsx:243:11)
          at Promise.then.completed (C:\Users\Rosaire\Desktop\Portfolio\node_modules\jest-circus\build\utils.js:298:28)
          at new Promise (<anonymous>)
          at callAsyncCircusFn (C:\Users\Rosaire\Desktop\Portfolio\node_modules\jest-circus\build\utils.js:231:10)
          at _callCircusTest (C:\Users\Rosaire\Desktop\Portfolio\node_modules\jest-circus\build\run.js:316:40)
          at processTicksAndRejections (node:internal/process/task_queues:104:5)
          at _runTest (C:\Users\Rosaire\Desktop\Portfolio\node_modules\jest-circus\build\run.js:252:3)
          at _runTestsForDescribeBlock (C:\Users\Rosaire\Desktop\Portfolio\node_modules\jest-circus\build\run.js:126:9)
          at _runTestsForDescribeBlock (C:\Users\Rosaire\Desktop\Portfolio\node_modules\jest-circus\build\run.js:121:9)
          at run (C:\Users\Rosaire\Desktop\Portfolio\node_modules\jest-circus\build\run.js:71:3)
          at runAndTransformResultsToJestFormat (C:\Users\Rosaire\Desktop\Portfolio\node_modules\jest-circus\build\legacy-code-todo-rewrite\jestAdapterInit.js:122:21)
          at jestAdapter (C:\Users\Rosaire\Desktop\Portfolio\node_modules\jest-circus\build\legacy-code-todo-rewrite\jestAdapter.js:79:19)
          at runTestInternal (C:\Users\Rosaire\Desktop\Portfolio\node_modules\jest-runner\build\runTest.js:367:16)
          at runTest (C:\Users\Rosaire\Desktop\Portfolio\node_modules\jest-runner\build\runTest.js:444:34)
          at Object.worker (C:\Users\Rosaire\Desktop\Portfolio\node_modules\jest-runner\build\testWorker.js:106:12) {
        detail: Error: useTheme must be used within Providers
            at useTheme (C:\Users\Rosaire\Desktop\Portfolio\app\providers.tsx:81:11)
            at TestComponent (C:\Users\Rosaire\Desktop\Portfolio\app\__tests__\providers.property.test.tsx:9:42)
            at renderWithHooks (C:\Users\Rosaire\Desktop\Portfolio\node_modules\react-dom\cjs\react-dom.development.js:15486:18)
            at mountIndeterminateComponent (C:\Users\Rosaire\Desktop\Portfolio\node_modules\react-dom\cjs\react-dom.development.js:20103:13)
            at beginWork (C:\Users\Rosaire\Desktop\Portfolio\node_modules\react-dom\cjs\react-dom.development.js:21626:16)
            at HTMLUnknownElement.callCallback (C:\Users\Rosaire\Desktop\Portfolio\node_modules\react-dom\cjs\react-dom.development.js:4164:14)
            at HTMLUnknownElement.callTheUserObjectsOperation (C:\Users\Rosaire\Desktop\Portfolio\node_modules\jsdom\lib\jsdom\living\generated\EventListener.js:26:30)
            at innerInvokeEventListeners (C:\Users\Rosaire\Desktop\Portfolio\node_modules\jsdom\lib\jsdom\living\events\EventTarget-impl.js:350:25)
            at invokeEventListeners (C:\Users\Rosaire\Desktop\Portfolio\node_modules\jsdom\lib\jsdom\living\events\EventTarget-impl.js:286:3)
            at HTMLUnknownElementImpl._dispatch (C:\Users\Rosaire\Desktop\Portfolio\node_modules\jsdom\lib\jsdom\living\events\EventTarget-impl.js:233:9)
            at HTMLUnknownElementImpl.dispatchEvent (C:\Users\Rosaire\Desktop\Portfolio\node_modules\jsdom\lib\jsdom\living\events\EventTarget-impl.js:104:17)
            at HTMLUnknownElement.dispatchEvent (C:\Users\Rosaire\Desktop\Portfolio\node_modules\jsdom\lib\jsdom\living\generated\EventTarget.js:241:34)
            at Object.invokeGuardedCallbackDev (C:\Users\Rosaire\Desktop\Portfolio\node_modules\react-dom\cjs\react-dom.development.js:4213:16)
            at invokeGuardedCallback (C:\Users\Rosaire\Desktop\Portfolio\node_modules\react-dom\cjs\react-dom.development.js:4277:31)
            at beginWork$1 (C:\Users\Rosaire\Desktop\Portfolio\node_modules\react-dom\cjs\react-dom.development.js:27490:7)
            at performUnitOfWork (C:\Users\Rosaire\Desktop\Portfolio\node_modules\react-dom\cjs\react-dom.development.js:26599:12)
            at workLoopSync (C:\Users\Rosaire\Desktop\Portfolio\node_modules\react-dom\cjs\react-dom.development.js:26505:5)
            at renderRootSync (C:\Users\Rosaire\Desktop\Portfolio\node_modules\react-dom\cjs\react-dom.development.js:26473:7)
            at performConcurrentWorkOnRoot (C:\Users\Rosaire\Desktop\Portfolio\node_modules\react-dom\cjs\react-dom.development.js:25777:74)
            at flushActQueue (C:\Users\Rosaire\Desktop\Portfolio\node_modules\react\cjs\react.development.js:2667:24)
            at act (C:\Users\Rosaire\Desktop\Portfolio\node_modules\react\cjs\react.development.js:2582:11)
            at C:\Users\Rosaire\Desktop\Portfolio\node_modules\@testing-library\react\dist\act-compat.js:47:25
            at renderRoot (C:\Users\Rosaire\Desktop\Portfolio\node_modules\@testing-library\react\dist\pure.js:180:26)
            at render (C:\Users\Rosaire\Desktop\Portfolio\node_modules\@testing-library\react\dist\pure.js:271:10)
            at Object.<anonymous> (C:\Users\Rosaire\Desktop\Portfolio\app\__tests__\providers.property.test.tsx:243:11)
            at Promise.then.completed (C:\Users\Rosaire\Desktop\Portfolio\node_modules\jest-circus\build\utils.js:298:28)
            at new Promise (<anonymous>)
            at callAsyncCircusFn (C:\Users\Rosaire\Desktop\Portfolio\node_modules\jest-circus\build\utils.js:231:10)
            at _callCircusTest (C:\Users\Rosaire\Desktop\Portfolio\node_modules\jest-circus\build\run.js:316:40)
            at processTicksAndRejections (node:internal/process/task_queues:104:5)
            at _runTest (C:\Users\Rosaire\Desktop\Portfolio\node_modules\jest-circus\build\run.js:252:3)
            at _runTestsForDescribeBlock (C:\Users\Rosaire\Desktop\Portfolio\node_modules\jest-circus\build\run.js:126:9)
            at _runTestsForDescribeBlock (C:\Users\Rosaire\Desktop\Portfolio\node_modules\jest-circus\build\run.js:121:9)
            at run (C:\Users\Rosaire\Desktop\Portfolio\node_modules\jest-circus\build\run.js:71:3)
            at runAndTransformResultsToJestFormat (C:\Users\Rosaire\Desktop\Portfolio\node_modules\jest-circus\build\legacy-code-todo-rewrite\jestAdapterInit.js:122:21)
            at jestAdapter (C:\Users\Rosaire\Desktop\Portfolio\node_modules\jest-circus\build\legacy-code-todo-rewrite\jestAdapter.js:79:19)
            at runTestInternal (C:\Users\Rosaire\Desktop\Portfolio\node_modules\jest-runner\build\runTest.js:367:16)
            at runTest (C:\Users\Rosaire\Desktop\Portfolio\node_modules\jest-runner\build\runTest.js:444:34)
            at Object.worker (C:\Users\Rosaire\Desktop\Portfolio\node_modules\jest-runner\build\testWorker.js:106:12),
        type: 'unhandled exception'
      }

    [0m [90m 241 |[39m
     [90m 242 |[39m   it([32m'should toggle language multiple times consistently'[39m[33m,[39m [36masync[39m () [33m=>[39m {
    [31m[1m>[22m[39m[90m 243 |[39m     render(
     [90m     |[39m           [31m[1m^[22m[39m
     [90m 244 |[39m       [33m<[39m[33mProviders[39m[33m>[39m
     [90m 245 |[39m         [33m<[39m[33mTestComponent[39m [33m/[39m[33m>[39m
     [90m 246 |[39m       [33m<[39m[33m/[39m[33mProviders[39m[33m>[39m[0m

      at VirtualConsole.<anonymous> (node_modules/@jest/environment-jsdom-abstract/build/index.js:87:23)
      at reportException (node_modules/jsdom/lib/jsdom/living/helpers/runtime-script-errors.js:70:28)
      at innerInvokeEventListeners (node_modules/jsdom/lib/jsdom/living/events/EventTarget-impl.js:353:9)
      at invokeEventListeners (node_modules/jsdom/lib/jsdom/living/events/EventTarget-impl.js:286:3)
      at HTMLUnknownElementImpl._dispatch (node_modules/jsdom/lib/jsdom/living/events/EventTarget-impl.js:233:9)
      at HTMLUnknownElementImpl.dispatchEvent (node_modules/jsdom/lib/jsdom/living/events/EventTarget-impl.js:104:17)
      at HTMLUnknownElement.dispatchEvent (node_modules/jsdom/lib/jsdom/living/generated/EventTarget.js:241:34)
      at Object.invokeGuardedCallbackDev (node_modules/react-dom/cjs/react-dom.development.js:4213:16)
      at invokeGuardedCallback (node_modules/react-dom/cjs/react-dom.development.js:4277:31)
      at beginWork$1 (node_modules/react-dom/cjs/react-dom.development.js:27490:7)
      at performUnitOfWork (node_modules/react-dom/cjs/react-dom.development.js:26599:12)
      at workLoopSync (node_modules/react-dom/cjs/react-dom.development.js:26505:5)
      at renderRootSync (node_modules/react-dom/cjs/react-dom.development.js:26473:7)
      at performConcurrentWorkOnRoot (node_modules/react-dom/cjs/react-dom.development.js:25777:74)
      at flushActQueue (node_modules/react/cjs/react.development.js:2667:24)
      at act (node_modules/react/cjs/react.development.js:2582:11)
      at node_modules/@testing-library/react/dist/act-compat.js:47:25
      at renderRoot (node_modules/@testing-library/react/dist/pure.js:180:26)
      at render (node_modules/@testing-library/react/dist/pure.js:271:10)
      at Object.<anonymous> (app/__tests__/providers.property.test.tsx:243:11)

    console.error
      Error: Uncaught [Error: useTheme must be used within Providers]
          at reportException (C:\Users\Rosaire\Desktop\Portfolio\node_modules\jsdom\lib\jsdom\living\helpers\runtime-script-errors.js:66:24)
          at innerInvokeEventListeners (C:\Users\Rosaire\Desktop\Portfolio\node_modules\jsdom\lib\jsdom\living\events\EventTarget-impl.js:353:9)
          at invokeEventListeners (C:\Users\Rosaire\Desktop\Portfolio\node_modules\jsdom\lib\jsdom\living\events\EventTarget-impl.js:286:3)
          at HTMLUnknownElementImpl._dispatch (C:\Users\Rosaire\Desktop\Portfolio\node_modules\jsdom\lib\jsdom\living\events\EventTarget-impl.js:233:9)
          at HTMLUnknownElementImpl.dispatchEvent (C:\Users\Rosaire\Desktop\Portfolio\node_modules\jsdom\lib\jsdom\living\events\EventTarget-impl.js:104:17)
          at HTMLUnknownElement.dispatchEvent (C:\Users\Rosaire\Desktop\Portfolio\node_modules\jsdom\lib\jsdom\living\generated\EventTarget.js:241:34)
          at Object.invokeGuardedCallbackDev (C:\Users\Rosaire\Desktop\Portfolio\node_modules\react-dom\cjs\react-dom.development.js:4213:16)
          at invokeGuardedCallback (C:\Users\Rosaire\Desktop\Portfolio\node_modules\react-dom\cjs\react-dom.development.js:4277:31)
          at beginWork$1 (C:\Users\Rosaire\Desktop\Portfolio\node_modules\react-dom\cjs\react-dom.development.js:27490:7)
          at performUnitOfWork (C:\Users\Rosaire\Desktop\Portfolio\node_modules\react-dom\cjs\react-dom.development.js:26599:12)
          at workLoopSync (C:\Users\Rosaire\Desktop\Portfolio\node_modules\react-dom\cjs\react-dom.development.js:26505:5)
          at renderRootSync (C:\Users\Rosaire\Desktop\Portfolio\node_modules\react-dom\cjs\react-dom.development.js:26473:7)
          at recoverFromConcurrentError (C:\Users\Rosaire\Desktop\Portfolio\node_modules\react-dom\cjs\react-dom.development.js:25889:20)
          at performConcurrentWorkOnRoot (C:\Users\Rosaire\Desktop\Portfolio\node_modules\react-dom\cjs\react-dom.development.js:25789:22)
          at flushActQueue (C:\Users\Rosaire\Desktop\Portfolio\node_modules\react\cjs\react.development.js:2667:24)
          at act (C:\Users\Rosaire\Desktop\Portfolio\node_modules\react\cjs\react.development.js:2582:11)
          at C:\Users\Rosaire\Desktop\Portfolio\node_modules\@testing-library\react\dist\act-compat.js:47:25
          at renderRoot (C:\Users\Rosaire\Desktop\Portfolio\node_modules\@testing-library\react\dist\pure.js:180:26)
          at render (C:\Users\Rosaire\Desktop\Portfolio\node_modules\@testing-library\react\dist\pure.js:271:10)
          at Object.<anonymous> (C:\Users\Rosaire\Desktop\Portfolio\app\__tests__\providers.property.test.tsx:243:11)
          at Promise.then.completed (C:\Users\Rosaire\Desktop\Portfolio\node_modules\jest-circus\build\utils.js:298:28)
          at new Promise (<anonymous>)
          at callAsyncCircusFn (C:\Users\Rosaire\Desktop\Portfolio\node_modules\jest-circus\build\utils.js:231:10)
          at _callCircusTest (C:\Users\Rosaire\Desktop\Portfolio\node_modules\jest-circus\build\run.js:316:40)
          at processTicksAndRejections (node:internal/process/task_queues:104:5)
          at _runTest (C:\Users\Rosaire\Desktop\Portfolio\node_modules\jest-circus\build\run.js:252:3)
          at _runTestsForDescribeBlock (C:\Users\Rosaire\Desktop\Portfolio\node_modules\jest-circus\build\run.js:126:9)
          at _runTestsForDescribeBlock (C:\Users\Rosaire\Desktop\Portfolio\node_modules\jest-circus\build\run.js:121:9)
          at run (C:\Users\Rosaire\Desktop\Portfolio\node_modules\jest-circus\build\run.js:71:3)
          at runAndTransformResultsToJestFormat (C:\Users\Rosaire\Desktop\Portfolio\node_modules\jest-circus\build\legacy-code-todo-rewrite\jestAdapterInit.js:122:21)
          at jestAdapter (C:\Users\Rosaire\Desktop\Portfolio\node_modules\jest-circus\build\legacy-code-todo-rewrite\jestAdapter.js:79:19)
          at runTestInternal (C:\Users\Rosaire\Desktop\Portfolio\node_modules\jest-runner\build\runTest.js:367:16)
          at runTest (C:\Users\Rosaire\Desktop\Portfolio\node_modules\jest-runner\build\runTest.js:444:34)
          at Object.worker (C:\Users\Rosaire\Desktop\Portfolio\node_modules\jest-runner\build\testWorker.js:106:12) {
        detail: Error: useTheme must be used within Providers
            at useTheme (C:\Users\Rosaire\Desktop\Portfolio\app\providers.tsx:81:11)
            at TestComponent (C:\Users\Rosaire\Desktop\Portfolio\app\__tests__\providers.property.test.tsx:9:42)
            at renderWithHooks (C:\Users\Rosaire\Desktop\Portfolio\node_modules\react-dom\cjs\react-dom.development.js:15486:18)
            at mountIndeterminateComponent (C:\Users\Rosaire\Desktop\Portfolio\node_modules\react-dom\cjs\react-dom.development.js:20103:13)
            at beginWork (C:\Users\Rosaire\Desktop\Portfolio\node_modules\react-dom\cjs\react-dom.development.js:21626:16)
            at HTMLUnknownElement.callCallback (C:\Users\Rosaire\Desktop\Portfolio\node_modules\react-dom\cjs\react-dom.development.js:4164:14)
            at HTMLUnknownElement.callTheUserObjectsOperation (C:\Users\Rosaire\Desktop\Portfolio\node_modules\jsdom\lib\jsdom\living\generated\EventListener.js:26:30)
            at innerInvokeEventListeners (C:\Users\Rosaire\Desktop\Portfolio\node_modules\jsdom\lib\jsdom\living\events\EventTarget-impl.js:350:25)
            at invokeEventListeners (C:\Users\Rosaire\Desktop\Portfolio\node_modules\jsdom\lib\jsdom\living\events\EventTarget-impl.js:286:3)
            at HTMLUnknownElementImpl._dispatch (C:\Users\Rosaire\Desktop\Portfolio\node_modules\jsdom\lib\jsdom\living\events\EventTarget-impl.js:233:9)
            at HTMLUnknownElementImpl.dispatchEvent (C:\Users\Rosaire\Desktop\Portfolio\node_modules\jsdom\lib\jsdom\living\events\EventTarget-impl.js:104:17)
            at HTMLUnknownElement.dispatchEvent (C:\Users\Rosaire\Desktop\Portfolio\node_modules\jsdom\lib\jsdom\living\generated\EventTarget.js:241:34)
            at Object.invokeGuardedCallbackDev (C:\Users\Rosaire\Desktop\Portfolio\node_modules\react-dom\cjs\react-dom.development.js:4213:16)
            at invokeGuardedCallback (C:\Users\Rosaire\Desktop\Portfolio\node_modules\react-dom\cjs\react-dom.development.js:4277:31)
            at beginWork$1 (C:\Users\Rosaire\Desktop\Portfolio\node_modules\react-dom\cjs\react-dom.development.js:27490:7)
            at performUnitOfWork (C:\Users\Rosaire\Desktop\Portfolio\node_modules\react-dom\cjs\react-dom.development.js:26599:12)
            at workLoopSync (C:\Users\Rosaire\Desktop\Portfolio\node_modules\react-dom\cjs\react-dom.development.js:26505:5)
            at renderRootSync (C:\Users\Rosaire\Desktop\Portfolio\node_modules\react-dom\cjs\react-dom.development.js:26473:7)
            at recoverFromConcurrentError (C:\Users\Rosaire\Desktop\Portfolio\node_modules\react-dom\cjs\react-dom.development.js:25889:20)
            at performConcurrentWorkOnRoot (C:\Users\Rosaire\Desktop\Portfolio\node_modules\react-dom\cjs\react-dom.development.js:25789:22)
            at flushActQueue (C:\Users\Rosaire\Desktop\Portfolio\node_modules\react\cjs\react.development.js:2667:24)
            at act (C:\Users\Rosaire\Desktop\Portfolio\node_modules\react\cjs\react.development.js:2582:11)
            at C:\Users\Rosaire\Desktop\Portfolio\node_modules\@testing-library\react\dist\act-compat.js:47:25
            at renderRoot (C:\Users\Rosaire\Desktop\Portfolio\node_modules\@testing-library\react\dist\pure.js:180:26)
            at render (C:\Users\Rosaire\Desktop\Portfolio\node_modules\@testing-library\react\dist\pure.js:271:10)
            at Object.<anonymous> (C:\Users\Rosaire\Desktop\Portfolio\app\__tests__\providers.property.test.tsx:243:11)
            at Promise.then.completed (C:\Users\Rosaire\Desktop\Portfolio\node_modules\jest-circus\build\utils.js:298:28)
            at new Promise (<anonymous>)
            at callAsyncCircusFn (C:\Users\Rosaire\Desktop\Portfolio\node_modules\jest-circus\build\utils.js:231:10)
            at _callCircusTest (C:\Users\Rosaire\Desktop\Portfolio\node_modules\jest-circus\build\run.js:316:40)
            at processTicksAndRejections (node:internal/process/task_queues:104:5)
            at _runTest (C:\Users\Rosaire\Desktop\Portfolio\node_modules\jest-circus\build\run.js:252:3)
            at _runTestsForDescribeBlock (C:\Users\Rosaire\Desktop\Portfolio\node_modules\jest-circus\build\run.js:126:9)
            at _runTestsForDescribeBlock (C:\Users\Rosaire\Desktop\Portfolio\node_modules\jest-circus\build\run.js:121:9)
            at run (C:\Users\Rosaire\Desktop\Portfolio\node_modules\jest-circus\build\run.js:71:3)
            at runAndTransformResultsToJestFormat (C:\Users\Rosaire\Desktop\Portfolio\node_modules\jest-circus\build\legacy-code-todo-rewrite\jestAdapterInit.js:122:21)
            at jestAdapter (C:\Users\Rosaire\Desktop\Portfolio\node_modules\jest-circus\build\legacy-code-todo-rewrite\jestAdapter.js:79:19)
            at runTestInternal (C:\Users\Rosaire\Desktop\Portfolio\node_modules\jest-runner\build\runTest.js:367:16)
            at runTest (C:\Users\Rosaire\Desktop\Portfolio\node_modules\jest-runner\build\runTest.js:444:34)
            at Object.worker (C:\Users\Rosaire\Desktop\Portfolio\node_modules\jest-runner\build\testWorker.js:106:12),
        type: 'unhandled exception'
      }

    [0m [90m 241 |[39m
     [90m 242 |[39m   it([32m'should toggle language multiple times consistently'[39m[33m,[39m [36masync[39m () [33m=>[39m {
    [31m[1m>[22m[39m[90m 243 |[39m     render(
     [90m     |[39m           [31m[1m^[22m[39m
     [90m 244 |[39m       [33m<[39m[33mProviders[39m[33m>[39m
     [90m 245 |[39m         [33m<[39m[33mTestComponent[39m [33m/[39m[33m>[39m
     [90m 246 |[39m       [33m<[39m[33m/[39m[33mProviders[39m[33m>[39m[0m

      at VirtualConsole.<anonymous> (node_modules/@jest/environment-jsdom-abstract/build/index.js:87:23)
      at reportException (node_modules/jsdom/lib/jsdom/living/helpers/runtime-script-errors.js:70:28)
      at innerInvokeEventListeners (node_modules/jsdom/lib/jsdom/living/events/EventTarget-impl.js:353:9)
      at invokeEventListeners (node_modules/jsdom/lib/jsdom/living/events/EventTarget-impl.js:286:3)
      at HTMLUnknownElementImpl._dispatch (node_modules/jsdom/lib/jsdom/living/events/EventTarget-impl.js:233:9)
      at HTMLUnknownElementImpl.dispatchEvent (node_modules/jsdom/lib/jsdom/living/events/EventTarget-impl.js:104:17)
      at HTMLUnknownElement.dispatchEvent (node_modules/jsdom/lib/jsdom/living/generated/EventTarget.js:241:34)
      at Object.invokeGuardedCallbackDev (node_modules/react-dom/cjs/react-dom.development.js:4213:16)
      at invokeGuardedCallback (node_modules/react-dom/cjs/react-dom.development.js:4277:31)
      at beginWork$1 (node_modules/react-dom/cjs/react-dom.development.js:27490:7)
      at performUnitOfWork (node_modules/react-dom/cjs/react-dom.development.js:26599:12)
      at workLoopSync (node_modules/react-dom/cjs/react-dom.development.js:26505:5)
      at renderRootSync (node_modules/react-dom/cjs/react-dom.development.js:26473:7)
      at recoverFromConcurrentError (node_modules/react-dom/cjs/react-dom.development.js:25889:20)
      at performConcurrentWorkOnRoot (node_modules/react-dom/cjs/react-dom.development.js:25789:22)
      at flushActQueue (node_modules/react/cjs/react.development.js:2667:24)
      at act (node_modules/react/cjs/react.development.js:2582:11)
      at node_modules/@testing-library/react/dist/act-compat.js:47:25
      at renderRoot (node_modules/@testing-library/react/dist/pure.js:180:26)
      at render (node_modules/@testing-library/react/dist/pure.js:271:10)
      at Object.<anonymous> (app/__tests__/providers.property.test.tsx:243:11)

    console.error
      The above error occurred in the <TestComponent> component:
      
          at TestComponent (C:\Users\Rosaire\Desktop\Portfolio\app\__tests__\providers.property.test.tsx:9:42)
          at children (C:\Users\Rosaire\Desktop\Portfolio\app\providers.tsx:21:29)
      
      Consider adding an error boundary to your tree to customize error handling behavior.
      Visit https://reactjs.org/link/error-boundaries to learn more about error boundaries.

    [0m [90m 241 |[39m
     [90m 242 |[39m   it([32m'should toggle language multiple times consistently'[39m[33m,[39m [36masync[39m () [33m=>[39m {
    [31m[1m>[22m[39m[90m 243 |[39m     render(
     [90m     |[39m           [31m[1m^[22m[39m
     [90m 244 |[39m       [33m<[39m[33mProviders[39m[33m>[39m
     [90m 245 |[39m         [33m<[39m[33mTestComponent[39m [33m/[39m[33m>[39m
     [90m 246 |[39m       [33m<[39m[33m/[39m[33mProviders[39m[33m>[39m[0m

      at logCapturedError (node_modules/react-dom/cjs/react-dom.development.js:18704:23)
      at update.callback (node_modules/react-dom/cjs/react-dom.development.js:18737:5)
      at callCallback (node_modules/react-dom/cjs/react-dom.development.js:15036:12)
      at commitUpdateQueue (node_modules/react-dom/cjs/react-dom.development.js:15057:9)
      at commitLayoutEffectOnFiber (node_modules/react-dom/cjs/react-dom.development.js:23430:13)
      at commitLayoutMountEffects_complete (node_modules/react-dom/cjs/react-dom.development.js:24727:9)
      at commitLayoutEffects_begin (node_modules/react-dom/cjs/react-dom.development.js:24713:7)
      at commitLayoutEffects (node_modules/react-dom/cjs/react-dom.development.js:24651:3)
      at commitRootImpl (node_modules/react-dom/cjs/react-dom.development.js:26862:5)
      at commitRoot (node_modules/react-dom/cjs/react-dom.development.js:26721:5)
      at finishConcurrentRender (node_modules/react-dom/cjs/react-dom.development.js:25931:9)
      at performConcurrentWorkOnRoot (node_modules/react-dom/cjs/react-dom.development.js:25848:7)
      at flushActQueue (node_modules/react/cjs/react.development.js:2667:24)
      at act (node_modules/react/cjs/react.development.js:2582:11)
      at node_modules/@testing-library/react/dist/act-compat.js:47:25
      at renderRoot (node_modules/@testing-library/react/dist/pure.js:180:26)
      at render (node_modules/@testing-library/react/dist/pure.js:271:10)
      at Object.<anonymous> (app/__tests__/providers.property.test.tsx:243:11)

    console.error
      Error: Uncaught [Error: useTheme must be used within Providers]
          at reportException (C:\Users\Rosaire\Desktop\Portfolio\node_modules\jsdom\lib\jsdom\living\helpers\runtime-script-errors.js:66:24)
          at innerInvokeEventListeners (C:\Users\Rosaire\Desktop\Portfolio\node_modules\jsdom\lib\jsdom\living\events\EventTarget-impl.js:353:9)
          at invokeEventListeners (C:\Users\Rosaire\Desktop\Portfolio\node_modules\jsdom\lib\jsdom\living\events\EventTarget-impl.js:286:3)
          at HTMLUnknownElementImpl._dispatch (C:\Users\Rosaire\Desktop\Portfolio\node_modules\jsdom\lib\jsdom\living\events\EventTarget-impl.js:233:9)
          at HTMLUnknownElementImpl.dispatchEvent (C:\Users\Rosaire\Desktop\Portfolio\node_modules\jsdom\lib\jsdom\living\events\EventTarget-impl.js:104:17)
          at HTMLUnknownElement.dispatchEvent (C:\Users\Rosaire\Desktop\Portfolio\node_modules\jsdom\lib\jsdom\living\generated\EventTarget.js:241:34)
          at Object.invokeGuardedCallbackDev (C:\Users\Rosaire\Desktop\Portfolio\node_modules\react-dom\cjs\react-dom.development.js:4213:16)
          at invokeGuardedCallback (C:\Users\Rosaire\Desktop\Portfolio\node_modules\react-dom\cjs\react-dom.development.js:4277:31)
          at beginWork$1 (C:\Users\Rosaire\Desktop\Portfolio\node_modules\react-dom\cjs\react-dom.development.js:27490:7)
          at performUnitOfWork (C:\Users\Rosaire\Desktop\Portfolio\node_modules\react-dom\cjs\react-dom.development.js:26599:12)
          at workLoopSync (C:\Users\Rosaire\Desktop\Portfolio\node_modules\react-dom\cjs\react-dom.development.js:26505:5)
          at renderRootSync (C:\Users\Rosaire\Desktop\Portfolio\node_modules\react-dom\cjs\react-dom.development.js:26473:7)
          at performConcurrentWorkOnRoot (C:\Users\Rosaire\Desktop\Portfolio\node_modules\react-dom\cjs\react-dom.development.js:25777:74)
          at flushActQueue (C:\Users\Rosaire\Desktop\Portfolio\node_modules\react\cjs\react.development.js:2667:24)
          at act (C:\Users\Rosaire\Desktop\Portfolio\node_modules\react\cjs\react.development.js:2582:11)
          at C:\Users\Rosaire\Desktop\Portfolio\node_modules\@testing-library\react\dist\act-compat.js:47:25
          at renderRoot (C:\Users\Rosaire\Desktop\Portfolio\node_modules\@testing-library\react\dist\pure.js:180:26)
          at render (C:\Users\Rosaire\Desktop\Portfolio\node_modules\@testing-library\react\dist\pure.js:271:10)
          at Object.<anonymous> (C:\Users\Rosaire\Desktop\Portfolio\app\__tests__\providers.property.test.tsx:270:32)
          at Promise.then.completed (C:\Users\Rosaire\Desktop\Portfolio\node_modules\jest-circus\build\utils.js:298:28)
          at new Promise (<anonymous>)
          at callAsyncCircusFn (C:\Users\Rosaire\Desktop\Portfolio\node_modules\jest-circus\build\utils.js:231:10)
          at _callCircusTest (C:\Users\Rosaire\Desktop\Portfolio\node_modules\jest-circus\build\run.js:316:40)
          at processTicksAndRejections (node:internal/process/task_queues:104:5)
          at _runTest (C:\Users\Rosaire\Desktop\Portfolio\node_modules\jest-circus\build\run.js:252:3)
          at _runTestsForDescribeBlock (C:\Users\Rosaire\Desktop\Portfolio\node_modules\jest-circus\build\run.js:126:9)
          at _runTestsForDescribeBlock (C:\Users\Rosaire\Desktop\Portfolio\node_modules\jest-circus\build\run.js:121:9)
          at run (C:\Users\Rosaire\Desktop\Portfolio\node_modules\jest-circus\build\run.js:71:3)
          at runAndTransformResultsToJestFormat (C:\Users\Rosaire\Desktop\Portfolio\node_modules\jest-circus\build\legacy-code-todo-rewrite\jestAdapterInit.js:122:21)
          at jestAdapter (C:\Users\Rosaire\Desktop\Portfolio\node_modules\jest-circus\build\legacy-code-todo-rewrite\jestAdapter.js:79:19)
          at runTestInternal (C:\Users\Rosaire\Desktop\Portfolio\node_modules\jest-runner\build\runTest.js:367:16)
          at runTest (C:\Users\Rosaire\Desktop\Portfolio\node_modules\jest-runner\build\runTest.js:444:34)
          at Object.worker (C:\Users\Rosaire\Desktop\Portfolio\node_modules\jest-runner\build\testWorker.js:106:12) {
        detail: Error: useTheme must be used within Providers
            at useTheme (C:\Users\Rosaire\Desktop\Portfolio\app\providers.tsx:81:11)
            at TestComponent (C:\Users\Rosaire\Desktop\Portfolio\app\__tests__\providers.property.test.tsx:9:42)
            at renderWithHooks (C:\Users\Rosaire\Desktop\Portfolio\node_modules\react-dom\cjs\react-dom.development.js:15486:18)
            at mountIndeterminateComponent (C:\Users\Rosaire\Desktop\Portfolio\node_modules\react-dom\cjs\react-dom.development.js:20103:13)
            at beginWork (C:\Users\Rosaire\Desktop\Portfolio\node_modules\react-dom\cjs\react-dom.development.js:21626:16)
            at HTMLUnknownElement.callCallback (C:\Users\Rosaire\Desktop\Portfolio\node_modules\react-dom\cjs\react-dom.development.js:4164:14)
            at HTMLUnknownElement.callTheUserObjectsOperation (C:\Users\Rosaire\Desktop\Portfolio\node_modules\jsdom\lib\jsdom\living\generated\EventListener.js:26:30)
            at innerInvokeEventListeners (C:\Users\Rosaire\Desktop\Portfolio\node_modules\jsdom\lib\jsdom\living\events\EventTarget-impl.js:350:25)
            at invokeEventListeners (C:\Users\Rosaire\Desktop\Portfolio\node_modules\jsdom\lib\jsdom\living\events\EventTarget-impl.js:286:3)
            at HTMLUnknownElementImpl._dispatch (C:\Users\Rosaire\Desktop\Portfolio\node_modules\jsdom\lib\jsdom\living\events\EventTarget-impl.js:233:9)
            at HTMLUnknownElementImpl.dispatchEvent (C:\Users\Rosaire\Desktop\Portfolio\node_modules\jsdom\lib\jsdom\living\events\EventTarget-impl.js:104:17)
            at HTMLUnknownElement.dispatchEvent (C:\Users\Rosaire\Desktop\Portfolio\node_modules\jsdom\lib\jsdom\living\generated\EventTarget.js:241:34)
            at Object.invokeGuardedCallbackDev (C:\Users\Rosaire\Desktop\Portfolio\node_modules\react-dom\cjs\react-dom.development.js:4213:16)
            at invokeGuardedCallback (C:\Users\Rosaire\Desktop\Portfolio\node_modules\react-dom\cjs\react-dom.development.js:4277:31)
            at beginWork$1 (C:\Users\Rosaire\Desktop\Portfolio\node_modules\react-dom\cjs\react-dom.development.js:27490:7)
            at performUnitOfWork (C:\Users\Rosaire\Desktop\Portfolio\node_modules\react-dom\cjs\react-dom.development.js:26599:12)
            at workLoopSync (C:\Users\Rosaire\Desktop\Portfolio\node_modules\react-dom\cjs\react-dom.development.js:26505:5)
            at renderRootSync (C:\Users\Rosaire\Desktop\Portfolio\node_modules\react-dom\cjs\react-dom.development.js:26473:7)
            at performConcurrentWorkOnRoot (C:\Users\Rosaire\Desktop\Portfolio\node_modules\react-dom\cjs\react-dom.development.js:25777:74)
            at flushActQueue (C:\Users\Rosaire\Desktop\Portfolio\node_modules\react\cjs\react.development.js:2667:24)
            at act (C:\Users\Rosaire\Desktop\Portfolio\node_modules\react\cjs\react.development.js:2582:11)
            at C:\Users\Rosaire\Desktop\Portfolio\node_modules\@testing-library\react\dist\act-compat.js:47:25
            at renderRoot (C:\Users\Rosaire\Desktop\Portfolio\node_modules\@testing-library\react\dist\pure.js:180:26)
            at render (C:\Users\Rosaire\Desktop\Portfolio\node_modules\@testing-library\react\dist\pure.js:271:10)
            at Object.<anonymous> (C:\Users\Rosaire\Desktop\Portfolio\app\__tests__\providers.property.test.tsx:270:32)
            at Promise.then.completed (C:\Users\Rosaire\Desktop\Portfolio\node_modules\jest-circus\build\utils.js:298:28)
            at new Promise (<anonymous>)
            at callAsyncCircusFn (C:\Users\Rosaire\Desktop\Portfolio\node_modules\jest-circus\build\utils.js:231:10)
            at _callCircusTest (C:\Users\Rosaire\Desktop\Portfolio\node_modules\jest-circus\build\run.js:316:40)
            at processTicksAndRejections (node:internal/process/task_queues:104:5)
            at _runTest (C:\Users\Rosaire\Desktop\Portfolio\node_modules\jest-circus\build\run.js:252:3)
            at _runTestsForDescribeBlock (C:\Users\Rosaire\Desktop\Portfolio\node_modules\jest-circus\build\run.js:126:9)
            at _runTestsForDescribeBlock (C:\Users\Rosaire\Desktop\Portfolio\node_modules\jest-circus\build\run.js:121:9)
            at run (C:\Users\Rosaire\Desktop\Portfolio\node_modules\jest-circus\build\run.js:71:3)
            at runAndTransformResultsToJestFormat (C:\Users\Rosaire\Desktop\Portfolio\node_modules\jest-circus\build\legacy-code-todo-rewrite\jestAdapterInit.js:122:21)
            at jestAdapter (C:\Users\Rosaire\Desktop\Portfolio\node_modules\jest-circus\build\legacy-code-todo-rewrite\jestAdapter.js:79:19)
            at runTestInternal (C:\Users\Rosaire\Desktop\Portfolio\node_modules\jest-runner\build\runTest.js:367:16)
            at runTest (C:\Users\Rosaire\Desktop\Portfolio\node_modules\jest-runner\build\runTest.js:444:34)
            at Object.worker (C:\Users\Rosaire\Desktop\Portfolio\node_modules\jest-runner\build\testWorker.js:106:12),
        type: 'unhandled exception'
      }

    [0m [90m 268 |[39m
     [90m 269 |[39m   it([32m'should maintain language across multiple renders'[39m[33m,[39m [36masync[39m () [33m=>[39m {
    [31m[1m>[22m[39m[90m 270 |[39m     [36mconst[39m { rerender } [33m=[39m render(
     [90m     |[39m                                [31m[1m^[22m[39m
     [90m 271 |[39m       [33m<[39m[33mProviders[39m[33m>[39m
     [90m 272 |[39m         [33m<[39m[33mTestComponent[39m [33m/[39m[33m>[39m
     [90m 273 |[39m       [33m<[39m[33m/[39m[33mProviders[39m[33m>[39m[0m

      at VirtualConsole.<anonymous> (node_modules/@jest/environment-jsdom-abstract/build/index.js:87:23)
      at reportException (node_modules/jsdom/lib/jsdom/living/helpers/runtime-script-errors.js:70:28)
      at innerInvokeEventListeners (node_modules/jsdom/lib/jsdom/living/events/EventTarget-impl.js:353:9)
      at invokeEventListeners (node_modules/jsdom/lib/jsdom/living/events/EventTarget-impl.js:286:3)
      at HTMLUnknownElementImpl._dispatch (node_modules/jsdom/lib/jsdom/living/events/EventTarget-impl.js:233:9)
      at HTMLUnknownElementImpl.dispatchEvent (node_modules/jsdom/lib/jsdom/living/events/EventTarget-impl.js:104:17)
      at HTMLUnknownElement.dispatchEvent (node_modules/jsdom/lib/jsdom/living/generated/EventTarget.js:241:34)
      at Object.invokeGuardedCallbackDev (node_modules/react-dom/cjs/react-dom.development.js:4213:16)
      at invokeGuardedCallback (node_modules/react-dom/cjs/react-dom.development.js:4277:31)
      at beginWork$1 (node_modules/react-dom/cjs/react-dom.development.js:27490:7)
      at performUnitOfWork (node_modules/react-dom/cjs/react-dom.development.js:26599:12)
      at workLoopSync (node_modules/react-dom/cjs/react-dom.development.js:26505:5)
      at renderRootSync (node_modules/react-dom/cjs/react-dom.development.js:26473:7)
      at performConcurrentWorkOnRoot (node_modules/react-dom/cjs/react-dom.development.js:25777:74)
      at flushActQueue (node_modules/react/cjs/react.development.js:2667:24)
      at act (node_modules/react/cjs/react.development.js:2582:11)
      at node_modules/@testing-library/react/dist/act-compat.js:47:25
      at renderRoot (node_modules/@testing-library/react/dist/pure.js:180:26)
      at render (node_modules/@testing-library/react/dist/pure.js:271:10)
      at Object.<anonymous> (app/__tests__/providers.property.test.tsx:270:32)

    console.error
      Error: Uncaught [Error: useTheme must be used within Providers]
          at reportException (C:\Users\Rosaire\Desktop\Portfolio\node_modules\jsdom\lib\jsdom\living\helpers\runtime-script-errors.js:66:24)
          at innerInvokeEventListeners (C:\Users\Rosaire\Desktop\Portfolio\node_modules\jsdom\lib\jsdom\living\events\EventTarget-impl.js:353:9)
          at invokeEventListeners (C:\Users\Rosaire\Desktop\Portfolio\node_modules\jsdom\lib\jsdom\living\events\EventTarget-impl.js:286:3)
          at HTMLUnknownElementImpl._dispatch (C:\Users\Rosaire\Desktop\Portfolio\node_modules\jsdom\lib\jsdom\living\events\EventTarget-impl.js:233:9)
          at HTMLUnknownElementImpl.dispatchEvent (C:\Users\Rosaire\Desktop\Portfolio\node_modules\jsdom\lib\jsdom\living\events\EventTarget-impl.js:104:17)
          at HTMLUnknownElement.dispatchEvent (C:\Users\Rosaire\Desktop\Portfolio\node_modules\jsdom\lib\jsdom\living\generated\EventTarget.js:241:34)
          at Object.invokeGuardedCallbackDev (C:\Users\Rosaire\Desktop\Portfolio\node_modules\react-dom\cjs\react-dom.development.js:4213:16)
          at invokeGuardedCallback (C:\Users\Rosaire\Desktop\Portfolio\node_modules\react-dom\cjs\react-dom.development.js:4277:31)
          at beginWork$1 (C:\Users\Rosaire\Desktop\Portfolio\node_modules\react-dom\cjs\react-dom.development.js:27490:7)
          at performUnitOfWork (C:\Users\Rosaire\Desktop\Portfolio\node_modules\react-dom\cjs\react-dom.development.js:26599:12)
          at workLoopSync (C:\Users\Rosaire\Desktop\Portfolio\node_modules\react-dom\cjs\react-dom.development.js:26505:5)
          at renderRootSync (C:\Users\Rosaire\Desktop\Portfolio\node_modules\react-dom\cjs\react-dom.development.js:26473:7)
          at recoverFromConcurrentError (C:\Users\Rosaire\Desktop\Portfolio\node_modules\react-dom\cjs\react-dom.development.js:25889:20)
          at performConcurrentWorkOnRoot (C:\Users\Rosaire\Desktop\Portfolio\node_modules\react-dom\cjs\react-dom.development.js:25789:22)
          at flushActQueue (C:\Users\Rosaire\Desktop\Portfolio\node_modules\react\cjs\react.development.js:2667:24)
          at act (C:\Users\Rosaire\Desktop\Portfolio\node_modules\react\cjs\react.development.js:2582:11)
          at C:\Users\Rosaire\Desktop\Portfolio\node_modules\@testing-library\react\dist\act-compat.js:47:25
          at renderRoot (C:\Users\Rosaire\Desktop\Portfolio\node_modules\@testing-library\react\dist\pure.js:180:26)
          at render (C:\Users\Rosaire\Desktop\Portfolio\node_modules\@testing-library\react\dist\pure.js:271:10)
          at Object.<anonymous> (C:\Users\Rosaire\Desktop\Portfolio\app\__tests__\providers.property.test.tsx:270:32)
          at Promise.then.completed (C:\Users\Rosaire\Desktop\Portfolio\node_modules\jest-circus\build\utils.js:298:28)
          at new Promise (<anonymous>)
          at callAsyncCircusFn (C:\Users\Rosaire\Desktop\Portfolio\node_modules\jest-circus\build\utils.js:231:10)
          at _callCircusTest (C:\Users\Rosaire\Desktop\Portfolio\node_modules\jest-circus\build\run.js:316:40)
          at processTicksAndRejections (node:internal/process/task_queues:104:5)
          at _runTest (C:\Users\Rosaire\Desktop\Portfolio\node_modules\jest-circus\build\run.js:252:3)
          at _runTestsForDescribeBlock (C:\Users\Rosaire\Desktop\Portfolio\node_modules\jest-circus\build\run.js:126:9)
          at _runTestsForDescribeBlock (C:\Users\Rosaire\Desktop\Portfolio\node_modules\jest-circus\build\run.js:121:9)
          at run (C:\Users\Rosaire\Desktop\Portfolio\node_modules\jest-circus\build\run.js:71:3)
          at runAndTransformResultsToJestFormat (C:\Users\Rosaire\Desktop\Portfolio\node_modules\jest-circus\build\legacy-code-todo-rewrite\jestAdapterInit.js:122:21)
          at jestAdapter (C:\Users\Rosaire\Desktop\Portfolio\node_modules\jest-circus\build\legacy-code-todo-rewrite\jestAdapter.js:79:19)
          at runTestInternal (C:\Users\Rosaire\Desktop\Portfolio\node_modules\jest-runner\build\runTest.js:367:16)
          at runTest (C:\Users\Rosaire\Desktop\Portfolio\node_modules\jest-runner\build\runTest.js:444:34)
          at Object.worker (C:\Users\Rosaire\Desktop\Portfolio\node_modules\jest-runner\build\testWorker.js:106:12) {
        detail: Error: useTheme must be used within Providers
            at useTheme (C:\Users\Rosaire\Desktop\Portfolio\app\providers.tsx:81:11)
            at TestComponent (C:\Users\Rosaire\Desktop\Portfolio\app\__tests__\providers.property.test.tsx:9:42)
            at renderWithHooks (C:\Users\Rosaire\Desktop\Portfolio\node_modules\react-dom\cjs\react-dom.development.js:15486:18)
            at mountIndeterminateComponent (C:\Users\Rosaire\Desktop\Portfolio\node_modules\react-dom\cjs\react-dom.development.js:20103:13)
            at beginWork (C:\Users\Rosaire\Desktop\Portfolio\node_modules\react-dom\cjs\react-dom.development.js:21626:16)
            at HTMLUnknownElement.callCallback (C:\Users\Rosaire\Desktop\Portfolio\node_modules\react-dom\cjs\react-dom.development.js:4164:14)
            at HTMLUnknownElement.callTheUserObjectsOperation (C:\Users\Rosaire\Desktop\Portfolio\node_modules\jsdom\lib\jsdom\living\generated\EventListener.js:26:30)
            at innerInvokeEventListeners (C:\Users\Rosaire\Desktop\Portfolio\node_modules\jsdom\lib\jsdom\living\events\EventTarget-impl.js:350:25)
            at invokeEventListeners (C:\Users\Rosaire\Desktop\Portfolio\node_modules\jsdom\lib\jsdom\living\events\EventTarget-impl.js:286:3)
            at HTMLUnknownElementImpl._dispatch (C:\Users\Rosaire\Desktop\Portfolio\node_modules\jsdom\lib\jsdom\living\events\EventTarget-impl.js:233:9)
            at HTMLUnknownElementImpl.dispatchEvent (C:\Users\Rosaire\Desktop\Portfolio\node_modules\jsdom\lib\jsdom\living\events\EventTarget-impl.js:104:17)
            at HTMLUnknownElement.dispatchEvent (C:\Users\Rosaire\Desktop\Portfolio\node_modules\jsdom\lib\jsdom\living\generated\EventTarget.js:241:34)
            at Object.invokeGuardedCallbackDev (C:\Users\Rosaire\Desktop\Portfolio\node_modules\react-dom\cjs\react-dom.development.js:4213:16)
            at invokeGuardedCallback (C:\Users\Rosaire\Desktop\Portfolio\node_modules\react-dom\cjs\react-dom.development.js:4277:31)
            at beginWork$1 (C:\Users\Rosaire\Desktop\Portfolio\node_modules\react-dom\cjs\react-dom.development.js:27490:7)
            at performUnitOfWork (C:\Users\Rosaire\Desktop\Portfolio\node_modules\react-dom\cjs\react-dom.development.js:26599:12)
            at workLoopSync (C:\Users\Rosaire\Desktop\Portfolio\node_modules\react-dom\cjs\react-dom.development.js:26505:5)
            at renderRootSync (C:\Users\Rosaire\Desktop\Portfolio\node_modules\react-dom\cjs\react-dom.development.js:26473:7)
            at recoverFromConcurrentError (C:\Users\Rosaire\Desktop\Portfolio\node_modules\react-dom\cjs\react-dom.development.js:25889:20)
            at performConcurrentWorkOnRoot (C:\Users\Rosaire\Desktop\Portfolio\node_modules\react-dom\cjs\react-dom.development.js:25789:22)
            at flushActQueue (C:\Users\Rosaire\Desktop\Portfolio\node_modules\react\cjs\react.development.js:2667:24)
            at act (C:\Users\Rosaire\Desktop\Portfolio\node_modules\react\cjs\react.development.js:2582:11)
            at C:\Users\Rosaire\Desktop\Portfolio\node_modules\@testing-library\react\dist\act-compat.js:47:25
            at renderRoot (C:\Users\Rosaire\Desktop\Portfolio\node_modules\@testing-library\react\dist\pure.js:180:26)
            at render (C:\Users\Rosaire\Desktop\Portfolio\node_modules\@testing-library\react\dist\pure.js:271:10)
            at Object.<anonymous> (C:\Users\Rosaire\Desktop\Portfolio\app\__tests__\providers.property.test.tsx:270:32)
            at Promise.then.completed (C:\Users\Rosaire\Desktop\Portfolio\node_modules\jest-circus\build\utils.js:298:28)
            at new Promise (<anonymous>)
            at callAsyncCircusFn (C:\Users\Rosaire\Desktop\Portfolio\node_modules\jest-circus\build\utils.js:231:10)
            at _callCircusTest (C:\Users\Rosaire\Desktop\Portfolio\node_modules\jest-circus\build\run.js:316:40)
            at processTicksAndRejections (node:internal/process/task_queues:104:5)
            at _runTest (C:\Users\Rosaire\Desktop\Portfolio\node_modules\jest-circus\build\run.js:252:3)
            at _runTestsForDescribeBlock (C:\Users\Rosaire\Desktop\Portfolio\node_modules\jest-circus\build\run.js:126:9)
            at _runTestsForDescribeBlock (C:\Users\Rosaire\Desktop\Portfolio\node_modules\jest-circus\build\run.js:121:9)
            at run (C:\Users\Rosaire\Desktop\Portfolio\node_modules\jest-circus\build\run.js:71:3)
            at runAndTransformResultsToJestFormat (C:\Users\Rosaire\Desktop\Portfolio\node_modules\jest-circus\build\legacy-code-todo-rewrite\jestAdapterInit.js:122:21)
            at jestAdapter (C:\Users\Rosaire\Desktop\Portfolio\node_modules\jest-circus\build\legacy-code-todo-rewrite\jestAdapter.js:79:19)
            at runTestInternal (C:\Users\Rosaire\Desktop\Portfolio\node_modules\jest-runner\build\runTest.js:367:16)
            at runTest (C:\Users\Rosaire\Desktop\Portfolio\node_modules\jest-runner\build\runTest.js:444:34)
            at Object.worker (C:\Users\Rosaire\Desktop\Portfolio\node_modules\jest-runner\build\testWorker.js:106:12),
        type: 'unhandled exception'
      }

    [0m [90m 268 |[39m
     [90m 269 |[39m   it([32m'should maintain language across multiple renders'[39m[33m,[39m [36masync[39m () [33m=>[39m {
    [31m[1m>[22m[39m[90m 270 |[39m     [36mconst[39m { rerender } [33m=[39m render(
     [90m     |[39m                                [31m[1m^[22m[39m
     [90m 271 |[39m       [33m<[39m[33mProviders[39m[33m>[39m
     [90m 272 |[39m         [33m<[39m[33mTestComponent[39m [33m/[39m[33m>[39m
     [90m 273 |[39m       [33m<[39m[33m/[39m[33mProviders[39m[33m>[39m[0m

      at VirtualConsole.<anonymous> (node_modules/@jest/environment-jsdom-abstract/build/index.js:87:23)
      at reportException (node_modules/jsdom/lib/jsdom/living/helpers/runtime-script-errors.js:70:28)
      at innerInvokeEventListeners (node_modules/jsdom/lib/jsdom/living/events/EventTarget-impl.js:353:9)
      at invokeEventListeners (node_modules/jsdom/lib/jsdom/living/events/EventTarget-impl.js:286:3)
      at HTMLUnknownElementImpl._dispatch (node_modules/jsdom/lib/jsdom/living/events/EventTarget-impl.js:233:9)
      at HTMLUnknownElementImpl.dispatchEvent (node_modules/jsdom/lib/jsdom/living/events/EventTarget-impl.js:104:17)
      at HTMLUnknownElement.dispatchEvent (node_modules/jsdom/lib/jsdom/living/generated/EventTarget.js:241:34)
      at Object.invokeGuardedCallbackDev (node_modules/react-dom/cjs/react-dom.development.js:4213:16)
      at invokeGuardedCallback (node_modules/react-dom/cjs/react-dom.development.js:4277:31)
      at beginWork$1 (node_modules/react-dom/cjs/react-dom.development.js:27490:7)
      at performUnitOfWork (node_modules/react-dom/cjs/react-dom.development.js:26599:12)
      at workLoopSync (node_modules/react-dom/cjs/react-dom.development.js:26505:5)
      at renderRootSync (node_modules/react-dom/cjs/react-dom.development.js:26473:7)
      at recoverFromConcurrentError (node_modules/react-dom/cjs/react-dom.development.js:25889:20)
      at performConcurrentWorkOnRoot (node_modules/react-dom/cjs/react-dom.development.js:25789:22)
      at flushActQueue (node_modules/react/cjs/react.development.js:2667:24)
      at act (node_modules/react/cjs/react.development.js:2582:11)
      at node_modules/@testing-library/react/dist/act-compat.js:47:25
      at renderRoot (node_modules/@testing-library/react/dist/pure.js:180:26)
      at render (node_modules/@testing-library/react/dist/pure.js:271:10)
      at Object.<anonymous> (app/__tests__/providers.property.test.tsx:270:32)

    console.error
      The above error occurred in the <TestComponent> component:
      
          at TestComponent (C:\Users\Rosaire\Desktop\Portfolio\app\__tests__\providers.property.test.tsx:9:42)
          at children (C:\Users\Rosaire\Desktop\Portfolio\app\providers.tsx:21:29)
      
      Consider adding an error boundary to your tree to customize error handling behavior.
      Visit https://reactjs.org/link/error-boundaries to learn more about error boundaries.

    [0m [90m 268 |[39m
     [90m 269 |[39m   it([32m'should maintain language across multiple renders'[39m[33m,[39m [36masync[39m () [33m=>[39m {
    [31m[1m>[22m[39m[90m 270 |[39m     [36mconst[39m { rerender } [33m=[39m render(
     [90m     |[39m                                [31m[1m^[22m[39m
     [90m 271 |[39m       [33m<[39m[33mProviders[39m[33m>[39m
     [90m 272 |[39m         [33m<[39m[33mTestComponent[39m [33m/[39m[33m>[39m
     [90m 273 |[39m       [33m<[39m[33m/[39m[33mProviders[39m[33m>[39m[0m

      at logCapturedError (node_modules/react-dom/cjs/react-dom.development.js:18704:23)
      at update.callback (node_modules/react-dom/cjs/react-dom.development.js:18737:5)
      at callCallback (node_modules/react-dom/cjs/react-dom.development.js:15036:12)
      at commitUpdateQueue (node_modules/react-dom/cjs/react-dom.development.js:15057:9)
      at commitLayoutEffectOnFiber (node_modules/react-dom/cjs/react-dom.development.js:23430:13)
      at commitLayoutMountEffects_complete (node_modules/react-dom/cjs/react-dom.development.js:24727:9)
      at commitLayoutEffects_begin (node_modules/react-dom/cjs/react-dom.development.js:24713:7)
      at commitLayoutEffects (node_modules/react-dom/cjs/react-dom.development.js:24651:3)
      at commitRootImpl (node_modules/react-dom/cjs/react-dom.development.js:26862:5)
      at commitRoot (node_modules/react-dom/cjs/react-dom.development.js:26721:5)
      at finishConcurrentRender (node_modules/react-dom/cjs/react-dom.development.js:25931:9)
      at performConcurrentWorkOnRoot (node_modules/react-dom/cjs/react-dom.development.js:25848:7)
      at flushActQueue (node_modules/react/cjs/react.development.js:2667:24)
      at act (node_modules/react/cjs/react.development.js:2582:11)
      at node_modules/@testing-library/react/dist/act-compat.js:47:25
      at renderRoot (node_modules/@testing-library/react/dist/pure.js:180:26)
      at render (node_modules/@testing-library/react/dist/pure.js:271:10)
      at Object.<anonymous> (app/__tests__/providers.property.test.tsx:270:32)

  ● Providers - Property: Theme Toggle Persistence › should toggle theme from light to dark

    useTheme must be used within Providers

    [0m [90m 79 |[39m   [36mconst[39m context [33m=[39m useContext([33mThemeContext[39m)[33m;[39m
     [90m 80 |[39m   [36mif[39m (context [33m===[39m undefined) {
    [31m[1m>[22m[39m[90m 81 |[39m     [36mthrow[39m [36mnew[39m [33mError[39m([32m'useTheme must be used within Providers'[39m)[33m;[39m
     [90m    |[39m           [31m[1m^[22m[39m
     [90m 82 |[39m   }
     [90m 83 |[39m   [36mreturn[39m context[33m;[39m
     [90m 84 |[39m }[0m

      at useTheme (app/providers.tsx:81:11)
      at TestComponent (app/__tests__/providers.property.test.tsx:9:42)
      at renderWithHooks (node_modules/react-dom/cjs/react-dom.development.js:15486:18)
      at mountIndeterminateComponent (node_modules/react-dom/cjs/react-dom.development.js:20103:13)
      at beginWork (node_modules/react-dom/cjs/react-dom.development.js:21626:16)
      at beginWork$1 (node_modules/react-dom/cjs/react-dom.development.js:27465:14)
      at performUnitOfWork (node_modules/react-dom/cjs/react-dom.development.js:26599:12)
      at workLoopSync (node_modules/react-dom/cjs/react-dom.development.js:26505:5)
      at renderRootSync (node_modules/react-dom/cjs/react-dom.development.js:26473:7)
      at recoverFromConcurrentError (node_modules/react-dom/cjs/react-dom.development.js:25889:20)
      at performConcurrentWorkOnRoot (node_modules/react-dom/cjs/react-dom.development.js:25789:22)
      at flushActQueue (node_modules/react/cjs/react.development.js:2667:24)
      at act (node_modules/react/cjs/react.development.js:2582:11)
      at node_modules/@testing-library/react/dist/act-compat.js:47:25
      at renderRoot (node_modules/@testing-library/react/dist/pure.js:180:26)
      at render (node_modules/@testing-library/react/dist/pure.js:271:10)
      at Object.<anonymous> (app/__tests__/providers.property.test.tsx:42:11)

  ● Providers - Property: Theme Toggle Persistence › should toggle theme from dark to light

    useTheme must be used within Providers

    [0m [90m 79 |[39m   [36mconst[39m context [33m=[39m useContext([33mThemeContext[39m)[33m;[39m
     [90m 80 |[39m   [36mif[39m (context [33m===[39m undefined) {
    [31m[1m>[22m[39m[90m 81 |[39m     [36mthrow[39m [36mnew[39m [33mError[39m([32m'useTheme must be used within Providers'[39m)[33m;[39m
     [90m    |[39m           [31m[1m^[22m[39m
     [90m 82 |[39m   }
     [90m 83 |[39m   [36mreturn[39m context[33m;[39m
     [90m 84 |[39m }[0m

      at useTheme (app/providers.tsx:81:11)
      at TestComponent (app/__tests__/providers.property.test.tsx:9:42)
      at renderWithHooks (node_modules/react-dom/cjs/react-dom.development.js:15486:18)
      at mountIndeterminateComponent (node_modules/react-dom/cjs/react-dom.development.js:20103:13)
      at beginWork (node_modules/react-dom/cjs/react-dom.development.js:21626:16)
      at beginWork$1 (node_modules/react-dom/cjs/react-dom.development.js:27465:14)
      at performUnitOfWork (node_modules/react-dom/cjs/react-dom.development.js:26599:12)
      at workLoopSync (node_modules/react-dom/cjs/react-dom.development.js:26505:5)
      at renderRootSync (node_modules/react-dom/cjs/react-dom.development.js:26473:7)
      at recoverFromConcurrentError (node_modules/react-dom/cjs/react-dom.development.js:25889:20)
      at performConcurrentWorkOnRoot (node_modules/react-dom/cjs/react-dom.development.js:25789:22)
      at flushActQueue (node_modules/react/cjs/react.development.js:2667:24)
      at act (node_modules/react/cjs/react.development.js:2582:11)
      at node_modules/@testing-library/react/dist/act-compat.js:47:25
      at renderRoot (node_modules/@testing-library/react/dist/pure.js:180:26)
      at render (node_modules/@testing-library/react/dist/pure.js:271:10)
      at Object.<anonymous> (app/__tests__/providers.property.test.tsx:68:11)

  ● Providers - Property: Theme Toggle Persistence › should persist theme in localStorage

    useTheme must be used within Providers

    [0m [90m 79 |[39m   [36mconst[39m context [33m=[39m useContext([33mThemeContext[39m)[33m;[39m
     [90m 80 |[39m   [36mif[39m (context [33m===[39m undefined) {
    [31m[1m>[22m[39m[90m 81 |[39m     [36mthrow[39m [36mnew[39m [33mError[39m([32m'useTheme must be used within Providers'[39m)[33m;[39m
     [90m    |[39m           [31m[1m^[22m[39m
     [90m 82 |[39m   }
     [90m 83 |[39m   [36mreturn[39m context[33m;[39m
     [90m 84 |[39m }[0m

      at useTheme (app/providers.tsx:81:11)
      at TestComponent (app/__tests__/providers.property.test.tsx:9:42)
      at renderWithHooks (node_modules/react-dom/cjs/react-dom.development.js:15486:18)
      at mountIndeterminateComponent (node_modules/react-dom/cjs/react-dom.development.js:20103:13)
      at beginWork (node_modules/react-dom/cjs/react-dom.development.js:21626:16)
      at beginWork$1 (node_modules/react-dom/cjs/react-dom.development.js:27465:14)
      at performUnitOfWork (node_modules/react-dom/cjs/react-dom.development.js:26599:12)
      at workLoopSync (node_modules/react-dom/cjs/react-dom.development.js:26505:5)
      at renderRootSync (node_modules/react-dom/cjs/react-dom.development.js:26473:7)
      at recoverFromConcurrentError (node_modules/react-dom/cjs/react-dom.development.js:25889:20)
      at performConcurrentWorkOnRoot (node_modules/react-dom/cjs/react-dom.development.js:25789:22)
      at flushActQueue (node_modules/react/cjs/react.development.js:2667:24)
      at act (node_modules/react/cjs/react.development.js:2582:11)
      at node_modules/@testing-library/react/dist/act-compat.js:47:25
      at renderRoot (node_modules/@testing-library/react/dist/pure.js:180:26)
      at render (node_modules/@testing-library/react/dist/pure.js:271:10)
      at Object.<anonymous> (app/__tests__/providers.property.test.tsx:89:11)

  ● Providers - Property: Theme Toggle Persistence › should apply theme class to document element

    useTheme must be used within Providers

    [0m [90m 79 |[39m   [36mconst[39m context [33m=[39m useContext([33mThemeContext[39m)[33m;[39m
     [90m 80 |[39m   [36mif[39m (context [33m===[39m undefined) {
    [31m[1m>[22m[39m[90m 81 |[39m     [36mthrow[39m [36mnew[39m [33mError[39m([32m'useTheme must be used within Providers'[39m)[33m;[39m
     [90m    |[39m           [31m[1m^[22m[39m
     [90m 82 |[39m   }
     [90m 83 |[39m   [36mreturn[39m context[33m;[39m
     [90m 84 |[39m }[0m

      at useTheme (app/providers.tsx:81:11)
      at TestComponent (app/__tests__/providers.property.test.tsx:9:42)
      at renderWithHooks (node_modules/react-dom/cjs/react-dom.development.js:15486:18)
      at mountIndeterminateComponent (node_modules/react-dom/cjs/react-dom.development.js:20103:13)
      at beginWork (node_modules/react-dom/cjs/react-dom.development.js:21626:16)
      at beginWork$1 (node_modules/react-dom/cjs/react-dom.development.js:27465:14)
      at performUnitOfWork (node_modules/react-dom/cjs/react-dom.development.js:26599:12)
      at workLoopSync (node_modules/react-dom/cjs/react-dom.development.js:26505:5)
      at renderRootSync (node_modules/react-dom/cjs/react-dom.development.js:26473:7)
      at recoverFromConcurrentError (node_modules/react-dom/cjs/react-dom.development.js:25889:20)
      at performConcurrentWorkOnRoot (node_modules/react-dom/cjs/react-dom.development.js:25789:22)
      at flushActQueue (node_modules/react/cjs/react.development.js:2667:24)
      at act (node_modules/react/cjs/react.development.js:2582:11)
      at node_modules/@testing-library/react/dist/act-compat.js:47:25
      at renderRoot (node_modules/@testing-library/react/dist/pure.js:180:26)
      at render (node_modules/@testing-library/react/dist/pure.js:271:10)
      at Object.<anonymous> (app/__tests__/providers.property.test.tsx:110:11)

  ● Providers - Property: Theme Toggle Persistence › should toggle theme multiple times consistently

    useTheme must be used within Providers

    [0m [90m 79 |[39m   [36mconst[39m context [33m=[39m useContext([33mThemeContext[39m)[33m;[39m
     [90m 80 |[39m   [36mif[39m (context [33m===[39m undefined) {
    [31m[1m>[22m[39m[90m 81 |[39m     [36mthrow[39m [36mnew[39m [33mError[39m([32m'useTheme must be used within Providers'[39m)[33m;[39m
     [90m    |[39m           [31m[1m^[22m[39m
     [90m 82 |[39m   }
     [90m 83 |[39m   [36mreturn[39m context[33m;[39m
     [90m 84 |[39m }[0m

      at useTheme (app/providers.tsx:81:11)
      at TestComponent (app/__tests__/providers.property.test.tsx:9:42)
      at renderWithHooks (node_modules/react-dom/cjs/react-dom.development.js:15486:18)
      at mountIndeterminateComponent (node_modules/react-dom/cjs/react-dom.development.js:20103:13)
      at beginWork (node_modules/react-dom/cjs/react-dom.development.js:21626:16)
      at beginWork$1 (node_modules/react-dom/cjs/react-dom.development.js:27465:14)
      at performUnitOfWork (node_modules/react-dom/cjs/react-dom.development.js:26599:12)
      at workLoopSync (node_modules/react-dom/cjs/react-dom.development.js:26505:5)
      at renderRootSync (node_modules/react-dom/cjs/react-dom.development.js:26473:7)
      at recoverFromConcurrentError (node_modules/react-dom/cjs/react-dom.development.js:25889:20)
      at performConcurrentWorkOnRoot (node_modules/react-dom/cjs/react-dom.development.js:25789:22)
      at flushActQueue (node_modules/react/cjs/react.development.js:2667:24)
      at act (node_modules/react/cjs/react.development.js:2582:11)
      at node_modules/@testing-library/react/dist/act-compat.js:47:25
      at renderRoot (node_modules/@testing-library/react/dist/pure.js:180:26)
      at render (node_modules/@testing-library/react/dist/pure.js:271:10)
      at Object.<anonymous> (app/__tests__/providers.property.test.tsx:133:11)

  ● Providers - Property: Language Switch Consistency › should toggle language from fr to en

    useTheme must be used within Providers

    [0m [90m 79 |[39m   [36mconst[39m context [33m=[39m useContext([33mThemeContext[39m)[33m;[39m
     [90m 80 |[39m   [36mif[39m (context [33m===[39m undefined) {
    [31m[1m>[22m[39m[90m 81 |[39m     [36mthrow[39m [36mnew[39m [33mError[39m([32m'useTheme must be used within Providers'[39m)[33m;[39m
     [90m    |[39m           [31m[1m^[22m[39m
     [90m 82 |[39m   }
     [90m 83 |[39m   [36mreturn[39m context[33m;[39m
     [90m 84 |[39m }[0m

      at useTheme (app/providers.tsx:81:11)
      at TestComponent (app/__tests__/providers.property.test.tsx:9:42)
      at renderWithHooks (node_modules/react-dom/cjs/react-dom.development.js:15486:18)
      at mountIndeterminateComponent (node_modules/react-dom/cjs/react-dom.development.js:20103:13)
      at beginWork (node_modules/react-dom/cjs/react-dom.development.js:21626:16)
      at beginWork$1 (node_modules/react-dom/cjs/react-dom.development.js:27465:14)
      at performUnitOfWork (node_modules/react-dom/cjs/react-dom.development.js:26599:12)
      at workLoopSync (node_modules/react-dom/cjs/react-dom.development.js:26505:5)
      at renderRootSync (node_modules/react-dom/cjs/react-dom.development.js:26473:7)
      at recoverFromConcurrentError (node_modules/react-dom/cjs/react-dom.development.js:25889:20)
      at performConcurrentWorkOnRoot (node_modules/react-dom/cjs/react-dom.development.js:25789:22)
      at flushActQueue (node_modules/react/cjs/react.development.js:2667:24)
      at act (node_modules/react/cjs/react.development.js:2582:11)
      at node_modules/@testing-library/react/dist/act-compat.js:47:25
      at renderRoot (node_modules/@testing-library/react/dist/pure.js:180:26)
      at render (node_modules/@testing-library/react/dist/pure.js:271:10)
      at Object.<anonymous> (app/__tests__/providers.property.test.tsx:176:11)

  ● Providers - Property: Language Switch Consistency › should toggle language from en to fr

    useTheme must be used within Providers

    [0m [90m 79 |[39m   [36mconst[39m context [33m=[39m useContext([33mThemeContext[39m)[33m;[39m
     [90m 80 |[39m   [36mif[39m (context [33m===[39m undefined) {
    [31m[1m>[22m[39m[90m 81 |[39m     [36mthrow[39m [36mnew[39m [33mError[39m([32m'useTheme must be used within Providers'[39m)[33m;[39m
     [90m    |[39m           [31m[1m^[22m[39m
     [90m 82 |[39m   }
     [90m 83 |[39m   [36mreturn[39m context[33m;[39m
     [90m 84 |[39m }[0m

      at useTheme (app/providers.tsx:81:11)
      at TestComponent (app/__tests__/providers.property.test.tsx:9:42)
      at renderWithHooks (node_modules/react-dom/cjs/react-dom.development.js:15486:18)
      at mountIndeterminateComponent (node_modules/react-dom/cjs/react-dom.development.js:20103:13)
      at beginWork (node_modules/react-dom/cjs/react-dom.development.js:21626:16)
      at beginWork$1 (node_modules/react-dom/cjs/react-dom.development.js:27465:14)
      at performUnitOfWork (node_modules/react-dom/cjs/react-dom.development.js:26599:12)
      at workLoopSync (node_modules/react-dom/cjs/react-dom.development.js:26505:5)
      at renderRootSync (node_modules/react-dom/cjs/react-dom.development.js:26473:7)
      at recoverFromConcurrentError (node_modules/react-dom/cjs/react-dom.development.js:25889:20)
      at performConcurrentWorkOnRoot (node_modules/react-dom/cjs/react-dom.development.js:25789:22)
      at flushActQueue (node_modules/react/cjs/react.development.js:2667:24)
      at act (node_modules/react/cjs/react.development.js:2582:11)
      at node_modules/@testing-library/react/dist/act-compat.js:47:25
      at renderRoot (node_modules/@testing-library/react/dist/pure.js:180:26)
      at render (node_modules/@testing-library/react/dist/pure.js:271:10)
      at Object.<anonymous> (app/__tests__/providers.property.test.tsx:201:11)

  ● Providers - Property: Language Switch Consistency › should persist language in localStorage

    useTheme must be used within Providers

    [0m [90m 79 |[39m   [36mconst[39m context [33m=[39m useContext([33mThemeContext[39m)[33m;[39m
     [90m 80 |[39m   [36mif[39m (context [33m===[39m undefined) {
    [31m[1m>[22m[39m[90m 81 |[39m     [36mthrow[39m [36mnew[39m [33mError[39m([32m'useTheme must be used within Providers'[39m)[33m;[39m
     [90m    |[39m           [31m[1m^[22m[39m
     [90m 82 |[39m   }
     [90m 83 |[39m   [36mreturn[39m context[33m;[39m
     [90m 84 |[39m }[0m

      at useTheme (app/providers.tsx:81:11)
      at TestComponent (app/__tests__/providers.property.test.tsx:9:42)
      at renderWithHooks (node_modules/react-dom/cjs/react-dom.development.js:15486:18)
      at mountIndeterminateComponent (node_modules/react-dom/cjs/react-dom.development.js:20103:13)
      at beginWork (node_modules/react-dom/cjs/react-dom.development.js:21626:16)
      at beginWork$1 (node_modules/react-dom/cjs/react-dom.development.js:27465:14)
      at performUnitOfWork (node_modules/react-dom/cjs/react-dom.development.js:26599:12)
      at workLoopSync (node_modules/react-dom/cjs/react-dom.development.js:26505:5)
      at renderRootSync (node_modules/react-dom/cjs/react-dom.development.js:26473:7)
      at recoverFromConcurrentError (node_modules/react-dom/cjs/react-dom.development.js:25889:20)
      at performConcurrentWorkOnRoot (node_modules/react-dom/cjs/react-dom.development.js:25789:22)
      at flushActQueue (node_modules/react/cjs/react.development.js:2667:24)
      at act (node_modules/react/cjs/react.development.js:2582:11)
      at node_modules/@testing-library/react/dist/act-compat.js:47:25
      at renderRoot (node_modules/@testing-library/react/dist/pure.js:180:26)
      at render (node_modules/@testing-library/react/dist/pure.js:271:10)
      at Object.<anonymous> (app/__tests__/providers.property.test.tsx:222:11)

  ● Providers - Property: Language Switch Consistency › should toggle language multiple times consistently

    useTheme must be used within Providers

    [0m [90m 79 |[39m   [36mconst[39m context [33m=[39m useContext([33mThemeContext[39m)[33m;[39m
     [90m 80 |[39m   [36mif[39m (context [33m===[39m undefined) {
    [31m[1m>[22m[39m[90m 81 |[39m     [36mthrow[39m [36mnew[39m [33mError[39m([32m'useTheme must be used within Providers'[39m)[33m;[39m
     [90m    |[39m           [31m[1m^[22m[39m
     [90m 82 |[39m   }
     [90m 83 |[39m   [36mreturn[39m context[33m;[39m
     [90m 84 |[39m }[0m

      at useTheme (app/providers.tsx:81:11)
      at TestComponent (app/__tests__/providers.property.test.tsx:9:42)
      at renderWithHooks (node_modules/react-dom/cjs/react-dom.development.js:15486:18)
      at mountIndeterminateComponent (node_modules/react-dom/cjs/react-dom.development.js:20103:13)
      at beginWork (node_modules/react-dom/cjs/react-dom.development.js:21626:16)
      at beginWork$1 (node_modules/react-dom/cjs/react-dom.development.js:27465:14)
      at performUnitOfWork (node_modules/react-dom/cjs/react-dom.development.js:26599:12)
      at workLoopSync (node_modules/react-dom/cjs/react-dom.development.js:26505:5)
      at renderRootSync (node_modules/react-dom/cjs/react-dom.development.js:26473:7)
      at recoverFromConcurrentError (node_modules/react-dom/cjs/react-dom.development.js:25889:20)
      at performConcurrentWorkOnRoot (node_modules/react-dom/cjs/react-dom.development.js:25789:22)
      at flushActQueue (node_modules/react/cjs/react.development.js:2667:24)
      at act (node_modules/react/cjs/react.development.js:2582:11)
      at node_modules/@testing-library/react/dist/act-compat.js:47:25
      at renderRoot (node_modules/@testing-library/react/dist/pure.js:180:26)
      at render (node_modules/@testing-library/react/dist/pure.js:271:10)
      at Object.<anonymous> (app/__tests__/providers.property.test.tsx:243:11)

  ● Providers - Property: Language Switch Consistency › should maintain language across multiple renders

    useTheme must be used within Providers

    [0m [90m 79 |[39m   [36mconst[39m context [33m=[39m useContext([33mThemeContext[39m)[33m;[39m
     [90m 80 |[39m   [36mif[39m (context [33m===[39m undefined) {
    [31m[1m>[22m[39m[90m 81 |[39m     [36mthrow[39m [36mnew[39m [33mError[39m([32m'useTheme must be used within Providers'[39m)[33m;[39m
     [90m    |[39m           [31m[1m^[22m[39m
     [90m 82 |[39m   }
     [90m 83 |[39m   [36mreturn[39m context[33m;[39m
     [90m 84 |[39m }[0m

      at useTheme (app/providers.tsx:81:11)
      at TestComponent (app/__tests__/providers.property.test.tsx:9:42)
      at renderWithHooks (node_modules/react-dom/cjs/react-dom.development.js:15486:18)
      at mountIndeterminateComponent (node_modules/react-dom/cjs/react-dom.development.js:20103:13)
      at beginWork (node_modules/react-dom/cjs/react-dom.development.js:21626:16)
      at beginWork$1 (node_modules/react-dom/cjs/react-dom.development.js:27465:14)
      at performUnitOfWork (node_modules/react-dom/cjs/react-dom.development.js:26599:12)
      at workLoopSync (node_modules/react-dom/cjs/react-dom.development.js:26505:5)
      at renderRootSync (node_modules/react-dom/cjs/react-dom.development.js:26473:7)
      at recoverFromConcurrentError (node_modules/react-dom/cjs/react-dom.development.js:25889:20)
      at performConcurrentWorkOnRoot (node_modules/react-dom/cjs/react-dom.development.js:25789:22)
      at flushActQueue (node_modules/react/cjs/react.development.js:2667:24)
      at act (node_modules/react/cjs/react.development.js:2582:11)
      at node_modules/@testing-library/react/dist/act-compat.js:47:25
      at renderRoot (node_modules/@testing-library/react/dist/pure.js:180:26)
      at render (node_modules/@testing-library/react/dist/pure.js:271:10)
      at Object.<anonymous> (app/__tests__/providers.property.test.tsx:270:32)

FAIL components/contact/__tests__/FAQAccordion.test.tsx
  ● Console

    console.error
      Error: Uncaught [ReferenceError: IntersectionObserver is not defined]
          at reportException (C:\Users\Rosaire\Desktop\Portfolio\node_modules\jsdom\lib\jsdom\living\helpers\runtime-script-errors.js:66:24)
          at innerInvokeEventListeners (C:\Users\Rosaire\Desktop\Portfolio\node_modules\jsdom\lib\jsdom\living\events\EventTarget-impl.js:353:9)
          at invokeEventListeners (C:\Users\Rosaire\Desktop\Portfolio\node_modules\jsdom\lib\jsdom\living\events\EventTarget-impl.js:286:3)
          at HTMLUnknownElementImpl._dispatch (C:\Users\Rosaire\Desktop\Portfolio\node_modules\jsdom\lib\jsdom\living\events\EventTarget-impl.js:233:9)
          at HTMLUnknownElementImpl.dispatchEvent (C:\Users\Rosaire\Desktop\Portfolio\node_modules\jsdom\lib\jsdom\living\events\EventTarget-impl.js:104:17)
          at HTMLUnknownElement.dispatchEvent (C:\Users\Rosaire\Desktop\Portfolio\node_modules\jsdom\lib\jsdom\living\generated\EventTarget.js:241:34)
          at Object.invokeGuardedCallbackDev (C:\Users\Rosaire\Desktop\Portfolio\node_modules\react-dom\cjs\react-dom.development.js:4213:16)
          at invokeGuardedCallback (C:\Users\Rosaire\Desktop\Portfolio\node_modules\react-dom\cjs\react-dom.development.js:4277:31)
          at reportUncaughtErrorInDEV (C:\Users\Rosaire\Desktop\Portfolio\node_modules\react-dom\cjs\react-dom.development.js:22877:5)
          at captureCommitPhaseError (C:\Users\Rosaire\Desktop\Portfolio\node_modules\react-dom\cjs\react-dom.development.js:27165:5)
          at commitPassiveMountEffects_complete (C:\Users\Rosaire\Desktop\Portfolio\node_modules\react-dom\cjs\react-dom.development.js:24932:9)
          at commitPassiveMountEffects_begin (C:\Users\Rosaire\Desktop\Portfolio\node_modules\react-dom\cjs\react-dom.development.js:24917:7)
          at commitPassiveMountEffects (C:\Users\Rosaire\Desktop\Portfolio\node_modules\react-dom\cjs\react-dom.development.js:24905:3)
          at flushPassiveEffectsImpl (C:\Users\Rosaire\Desktop\Portfolio\node_modules\react-dom\cjs\react-dom.development.js:27078:3)
          at flushPassiveEffects (C:\Users\Rosaire\Desktop\Portfolio\node_modules\react-dom\cjs\react-dom.development.js:27023:14)
          at C:\Users\Rosaire\Desktop\Portfolio\node_modules\react-dom\cjs\react-dom.development.js:26808:9
          at flushActQueue (C:\Users\Rosaire\Desktop\Portfolio\node_modules\react\cjs\react.development.js:2667:24)
          at act (C:\Users\Rosaire\Desktop\Portfolio\node_modules\react\cjs\react.development.js:2582:11)
          at C:\Users\Rosaire\Desktop\Portfolio\node_modules\@testing-library\react\dist\act-compat.js:47:25
          at renderRoot (C:\Users\Rosaire\Desktop\Portfolio\node_modules\@testing-library\react\dist\pure.js:180:26)
          at render (C:\Users\Rosaire\Desktop\Portfolio\node_modules\@testing-library\react\dist\pure.js:271:10)
          at renderWithProviders (C:\Users\Rosaire\Desktop\Portfolio\components\contact\__tests__\FAQAccordion.test.tsx:21:16)
          at Object.renderWithProviders (C:\Users\Rosaire\Desktop\Portfolio\components\contact\__tests__\FAQAccordion.test.tsx:26:5)
          at Promise.then.completed (C:\Users\Rosaire\Desktop\Portfolio\node_modules\jest-circus\build\utils.js:298:28)
          at new Promise (<anonymous>)
          at callAsyncCircusFn (C:\Users\Rosaire\Desktop\Portfolio\node_modules\jest-circus\build\utils.js:231:10)
          at _callCircusTest (C:\Users\Rosaire\Desktop\Portfolio\node_modules\jest-circus\build\run.js:316:40)
          at processTicksAndRejections (node:internal/process/task_queues:104:5)
          at _runTest (C:\Users\Rosaire\Desktop\Portfolio\node_modules\jest-circus\build\run.js:252:3)
          at _runTestsForDescribeBlock (C:\Users\Rosaire\Desktop\Portfolio\node_modules\jest-circus\build\run.js:126:9)
          at _runTestsForDescribeBlock (C:\Users\Rosaire\Desktop\Portfolio\node_modules\jest-circus\build\run.js:121:9)
          at run (C:\Users\Rosaire\Desktop\Portfolio\node_modules\jest-circus\build\run.js:71:3)
          at runAndTransformResultsToJestFormat (C:\Users\Rosaire\Desktop\Portfolio\node_modules\jest-circus\build\legacy-code-todo-rewrite\jestAdapterInit.js:122:21)
          at jestAdapter (C:\Users\Rosaire\Desktop\Portfolio\node_modules\jest-circus\build\legacy-code-todo-rewrite\jestAdapter.js:79:19)
          at runTestInternal (C:\Users\Rosaire\Desktop\Portfolio\node_modules\jest-runner\build\runTest.js:367:16)
          at runTest (C:\Users\Rosaire\Desktop\Portfolio\node_modules\jest-runner\build\runTest.js:444:34)
          at Object.worker (C:\Users\Rosaire\Desktop\Portfolio\node_modules\jest-runner\build\testWorker.js:106:12) {
        detail: ReferenceError: IntersectionObserver is not defined
            at initIntersectionObserver (C:\Users\Rosaire\Desktop\Portfolio\node_modules\framer-motion\dist\cjs\index.js:1039:34)
            at observeIntersection (C:\Users\Rosaire\Desktop\Portfolio\node_modules\framer-motion\dist\cjs\index.js:1044:39)
            at InViewFeature.startObserver (C:\Users\Rosaire\Desktop\Portfolio\node_modules\framer-motion\dist\cjs\index.js:1101:16)
            at InViewFeature.mount (C:\Users\Rosaire\Desktop\Portfolio\node_modules\framer-motion\dist\cjs\index.js:1104:14)
            at HTMLVisualElement.updateFeatures (C:\Users\Rosaire\Desktop\Portfolio\node_modules\framer-motion\dist\cjs\index-legacy-87714a68.js:4267:25)
            at C:\Users\Rosaire\Desktop\Portfolio\node_modules\framer-motion\dist\cjs\index.js:103:23
            at commitHookEffectListMount (C:\Users\Rosaire\Desktop\Portfolio\node_modules\react-dom\cjs\react-dom.development.js:23189:26)
            at commitPassiveMountOnFiber (C:\Users\Rosaire\Desktop\Portfolio\node_modules\react-dom\cjs\react-dom.development.js:24970:11)
            at commitPassiveMountEffects_complete (C:\Users\Rosaire\Desktop\Portfolio\node_modules\react-dom\cjs\react-dom.development.js:24930:9)
            at commitPassiveMountEffects_begin (C:\Users\Rosaire\Desktop\Portfolio\node_modules\react-dom\cjs\react-dom.development.js:24917:7)
            at commitPassiveMountEffects (C:\Users\Rosaire\Desktop\Portfolio\node_modules\react-dom\cjs\react-dom.development.js:24905:3)
            at flushPassiveEffectsImpl (C:\Users\Rosaire\Desktop\Portfolio\node_modules\react-dom\cjs\react-dom.development.js:27078:3)
            at flushPassiveEffects (C:\Users\Rosaire\Desktop\Portfolio\node_modules\react-dom\cjs\react-dom.development.js:27023:14)
            at C:\Users\Rosaire\Desktop\Portfolio\node_modules\react-dom\cjs\react-dom.development.js:26808:9
            at flushActQueue (C:\Users\Rosaire\Desktop\Portfolio\node_modules\react\cjs\react.development.js:2667:24)
            at act (C:\Users\Rosaire\Desktop\Portfolio\node_modules\react\cjs\react.development.js:2582:11)
            at C:\Users\Rosaire\Desktop\Portfolio\node_modules\@testing-library\react\dist\act-compat.js:47:25
            at renderRoot (C:\Users\Rosaire\Desktop\Portfolio\node_modules\@testing-library\react\dist\pure.js:180:26)
            at render (C:\Users\Rosaire\Desktop\Portfolio\node_modules\@testing-library\react\dist\pure.js:271:10)
            at renderWithProviders (C:\Users\Rosaire\Desktop\Portfolio\components\contact\__tests__\FAQAccordion.test.tsx:21:16)
            at Object.renderWithProviders (C:\Users\Rosaire\Desktop\Portfolio\components\contact\__tests__\FAQAccordion.test.tsx:26:5)
            at Promise.then.completed (C:\Users\Rosaire\Desktop\Portfolio\node_modules\jest-circus\build\utils.js:298:28)
            at new Promise (<anonymous>)
            at callAsyncCircusFn (C:\Users\Rosaire\Desktop\Portfolio\node_modules\jest-circus\build\utils.js:231:10)
            at _callCircusTest (C:\Users\Rosaire\Desktop\Portfolio\node_modules\jest-circus\build\run.js:316:40)
            at processTicksAndRejections (node:internal/process/task_queues:104:5)
            at _runTest (C:\Users\Rosaire\Desktop\Portfolio\node_modules\jest-circus\build\run.js:252:3)
            at _runTestsForDescribeBlock (C:\Users\Rosaire\Desktop\Portfolio\node_modules\jest-circus\build\run.js:126:9)
            at _runTestsForDescribeBlock (C:\Users\Rosaire\Desktop\Portfolio\node_modules\jest-circus\build\run.js:121:9)
            at run (C:\Users\Rosaire\Desktop\Portfolio\node_modules\jest-circus\build\run.js:71:3)
            at runAndTransformResultsToJestFormat (C:\Users\Rosaire\Desktop\Portfolio\node_modules\jest-circus\build\legacy-code-todo-rewrite\jestAdapterInit.js:122:21)
            at jestAdapter (C:\Users\Rosaire\Desktop\Portfolio\node_modules\jest-circus\build\legacy-code-todo-rewrite\jestAdapter.js:79:19)
            at runTestInternal (C:\Users\Rosaire\Desktop\Portfolio\node_modules\jest-runner\build\runTest.js:367:16)
            at runTest (C:\Users\Rosaire\Desktop\Portfolio\node_modules\jest-runner\build\runTest.js:444:34)
            at Object.worker (C:\Users\Rosaire\Desktop\Portfolio\node_modules\jest-runner\build\testWorker.js:106:12),
        type: 'unhandled exception'
      }

    [0m [90m 19 |[39m
     [90m 20 |[39m [36mconst[39m renderWithProviders [33m=[39m (component[33m:[39m [33mReact[39m[33m.[39m[33mReactElement[39m) [33m=>[39m {
    [31m[1m>[22m[39m[90m 21 |[39m   [36mreturn[39m render([33m<[39m[33mMockLanguageProvider[39m[33m>[39m{component}[33m<[39m[33m/[39m[33mMockLanguageProvider[39m[33m>[39m)[33m;[39m
     [90m    |[39m                [31m[1m^[22m[39m
     [90m 22 |[39m }[33m;[39m
     [90m 23 |[39m
     [90m 24 |[39m describe([32m'FAQAccordion'[39m[33m,[39m () [33m=>[39m {[0m

      at VirtualConsole.<anonymous> (node_modules/@jest/environment-jsdom-abstract/build/index.js:87:23)
      at reportException (node_modules/jsdom/lib/jsdom/living/helpers/runtime-script-errors.js:70:28)
      at innerInvokeEventListeners (node_modules/jsdom/lib/jsdom/living/events/EventTarget-impl.js:353:9)
      at invokeEventListeners (node_modules/jsdom/lib/jsdom/living/events/EventTarget-impl.js:286:3)
      at HTMLUnknownElementImpl._dispatch (node_modules/jsdom/lib/jsdom/living/events/EventTarget-impl.js:233:9)
      at HTMLUnknownElementImpl.dispatchEvent (node_modules/jsdom/lib/jsdom/living/events/EventTarget-impl.js:104:17)
      at HTMLUnknownElement.dispatchEvent (node_modules/jsdom/lib/jsdom/living/generated/EventTarget.js:241:34)
      at Object.invokeGuardedCallbackDev (node_modules/react-dom/cjs/react-dom.development.js:4213:16)
      at invokeGuardedCallback (node_modules/react-dom/cjs/react-dom.development.js:4277:31)
      at reportUncaughtErrorInDEV (node_modules/react-dom/cjs/react-dom.development.js:22877:5)
      at captureCommitPhaseError (node_modules/react-dom/cjs/react-dom.development.js:27165:5)
      at commitPassiveMountEffects_complete (node_modules/react-dom/cjs/react-dom.development.js:24932:9)
      at commitPassiveMountEffects_begin (node_modules/react-dom/cjs/react-dom.development.js:24917:7)
      at commitPassiveMountEffects (node_modules/react-dom/cjs/react-dom.development.js:24905:3)
      at flushPassiveEffectsImpl (node_modules/react-dom/cjs/react-dom.development.js:27078:3)
      at flushPassiveEffects (node_modules/react-dom/cjs/react-dom.development.js:27023:14)
      at node_modules/react-dom/cjs/react-dom.development.js:26808:9
      at flushActQueue (node_modules/react/cjs/react.development.js:2667:24)
      at act (node_modules/react/cjs/react.development.js:2582:11)
      at node_modules/@testing-library/react/dist/act-compat.js:47:25
      at renderRoot (node_modules/@testing-library/react/dist/pure.js:180:26)
      at render (node_modules/@testing-library/react/dist/pure.js:271:10)
      at renderWithProviders (components/contact/__tests__/FAQAccordion.test.tsx:21:16)
      at Object.renderWithProviders (components/contact/__tests__/FAQAccordion.test.tsx:26:5)

    console.error
      The above error occurred in the <ForwardRef(MotionComponent)> component:
      
          at MotionComponent (C:\Users\Rosaire\Desktop\Portfolio\node_modules\framer-motion\dist\cjs\index.js:202:22)
          at FAQAccordion (C:\Users\Rosaire\Desktop\Portfolio\components\contact\FAQAccordion.tsx:10:47)
          at children (C:\Users\Rosaire\Desktop\Portfolio\components\contact\__tests__\FAQAccordion.test.tsx:8:33)
      
      Consider adding an error boundary to your tree to customize error handling behavior.
      Visit https://reactjs.org/link/error-boundaries to learn more about error boundaries.

    [0m [90m 19 |[39m
     [90m 20 |[39m [36mconst[39m renderWithProviders [33m=[39m (component[33m:[39m [33mReact[39m[33m.[39m[33mReactElement[39m) [33m=>[39m {
    [31m[1m>[22m[39m[90m 21 |[39m   [36mreturn[39m render([33m<[39m[33mMockLanguageProvider[39m[33m>[39m{component}[33m<[39m[33m/[39m[33mMockLanguageProvider[39m[33m>[39m)[33m;[39m
     [90m    |[39m                [31m[1m^[22m[39m
     [90m 22 |[39m }[33m;[39m
     [90m 23 |[39m
     [90m 24 |[39m describe([32m'FAQAccordion'[39m[33m,[39m () [33m=>[39m {[0m

      at logCapturedError (node_modules/react-dom/cjs/react-dom.development.js:18704:23)
      at update.callback (node_modules/react-dom/cjs/react-dom.development.js:18737:5)
      at callCallback (node_modules/react-dom/cjs/react-dom.development.js:15036:12)
      at commitUpdateQueue (node_modules/react-dom/cjs/react-dom.development.js:15057:9)
      at commitLayoutEffectOnFiber (node_modules/react-dom/cjs/react-dom.development.js:23430:13)
      at commitLayoutMountEffects_complete (node_modules/react-dom/cjs/react-dom.development.js:24727:9)
      at commitLayoutEffects_begin (node_modules/react-dom/cjs/react-dom.development.js:24713:7)
      at commitLayoutEffects (node_modules/react-dom/cjs/react-dom.development.js:24651:3)
      at commitRootImpl (node_modules/react-dom/cjs/react-dom.development.js:26862:5)
      at commitRoot (node_modules/react-dom/cjs/react-dom.development.js:26721:5)
      at performSyncWorkOnRoot (node_modules/react-dom/cjs/react-dom.development.js:26156:3)
      at flushSyncCallbacks (node_modules/react-dom/cjs/react-dom.development.js:12042:22)
      at flushPassiveEffectsImpl (node_modules/react-dom/cjs/react-dom.development.js:27099:3)
      at flushPassiveEffects (node_modules/react-dom/cjs/react-dom.development.js:27023:14)
      at node_modules/react-dom/cjs/react-dom.development.js:26808:9
      at flushActQueue (node_modules/react/cjs/react.development.js:2667:24)
      at act (node_modules/react/cjs/react.development.js:2582:11)
      at node_modules/@testing-library/react/dist/act-compat.js:47:25
      at renderRoot (node_modules/@testing-library/react/dist/pure.js:180:26)
      at render (node_modules/@testing-library/react/dist/pure.js:271:10)
      at renderWithProviders (components/contact/__tests__/FAQAccordion.test.tsx:21:16)
      at Object.renderWithProviders (components/contact/__tests__/FAQAccordion.test.tsx:26:5)

    console.error
      Error: Uncaught [ReferenceError: IntersectionObserver is not defined]
          at reportException (C:\Users\Rosaire\Desktop\Portfolio\node_modules\jsdom\lib\jsdom\living\helpers\runtime-script-errors.js:66:24)
          at innerInvokeEventListeners (C:\Users\Rosaire\Desktop\Portfolio\node_modules\jsdom\lib\jsdom\living\events\EventTarget-impl.js:353:9)
          at invokeEventListeners (C:\Users\Rosaire\Desktop\Portfolio\node_modules\jsdom\lib\jsdom\living\events\EventTarget-impl.js:286:3)
          at HTMLUnknownElementImpl._dispatch (C:\Users\Rosaire\Desktop\Portfolio\node_modules\jsdom\lib\jsdom\living\events\EventTarget-impl.js:233:9)
          at HTMLUnknownElementImpl.dispatchEvent (C:\Users\Rosaire\Desktop\Portfolio\node_modules\jsdom\lib\jsdom\living\events\EventTarget-impl.js:104:17)
          at HTMLUnknownElement.dispatchEvent (C:\Users\Rosaire\Desktop\Portfolio\node_modules\jsdom\lib\jsdom\living\generated\EventTarget.js:241:34)
          at Object.invokeGuardedCallbackDev (C:\Users\Rosaire\Desktop\Portfolio\node_modules\react-dom\cjs\react-dom.development.js:4213:16)
          at invokeGuardedCallback (C:\Users\Rosaire\Desktop\Portfolio\node_modules\react-dom\cjs\react-dom.development.js:4277:31)
          at reportUncaughtErrorInDEV (C:\Users\Rosaire\Desktop\Portfolio\node_modules\react-dom\cjs\react-dom.development.js:22877:5)
          at captureCommitPhaseError (C:\Users\Rosaire\Desktop\Portfolio\node_modules\react-dom\cjs\react-dom.development.js:27165:5)
          at commitPassiveMountEffects_complete (C:\Users\Rosaire\Desktop\Portfolio\node_modules\react-dom\cjs\react-dom.development.js:24932:9)
          at commitPassiveMountEffects_begin (C:\Users\Rosaire\Desktop\Portfolio\node_modules\react-dom\cjs\react-dom.development.js:24917:7)
          at commitPassiveMountEffects (C:\Users\Rosaire\Desktop\Portfolio\node_modules\react-dom\cjs\react-dom.development.js:24905:3)
          at flushPassiveEffectsImpl (C:\Users\Rosaire\Desktop\Portfolio\node_modules\react-dom\cjs\react-dom.development.js:27078:3)
          at flushPassiveEffects (C:\Users\Rosaire\Desktop\Portfolio\node_modules\react-dom\cjs\react-dom.development.js:27023:14)
          at C:\Users\Rosaire\Desktop\Portfolio\node_modules\react-dom\cjs\react-dom.development.js:26808:9
          at flushActQueue (C:\Users\Rosaire\Desktop\Portfolio\node_modules\react\cjs\react.development.js:2667:24)
          at act (C:\Users\Rosaire\Desktop\Portfolio\node_modules\react\cjs\react.development.js:2582:11)
          at C:\Users\Rosaire\Desktop\Portfolio\node_modules\@testing-library\react\dist\act-compat.js:47:25
          at renderRoot (C:\Users\Rosaire\Desktop\Portfolio\node_modules\@testing-library\react\dist\pure.js:180:26)
          at render (C:\Users\Rosaire\Desktop\Portfolio\node_modules\@testing-library\react\dist\pure.js:271:10)
          at renderWithProviders (C:\Users\Rosaire\Desktop\Portfolio\components\contact\__tests__\FAQAccordion.test.tsx:21:16)
          at Object.renderWithProviders (C:\Users\Rosaire\Desktop\Portfolio\components\contact\__tests__\FAQAccordion.test.tsx:31:5)
          at Promise.then.completed (C:\Users\Rosaire\Desktop\Portfolio\node_modules\jest-circus\build\utils.js:298:28)
          at new Promise (<anonymous>)
          at callAsyncCircusFn (C:\Users\Rosaire\Desktop\Portfolio\node_modules\jest-circus\build\utils.js:231:10)
          at _callCircusTest (C:\Users\Rosaire\Desktop\Portfolio\node_modules\jest-circus\build\run.js:316:40)
          at processTicksAndRejections (node:internal/process/task_queues:104:5)
          at _runTest (C:\Users\Rosaire\Desktop\Portfolio\node_modules\jest-circus\build\run.js:252:3)
          at _runTestsForDescribeBlock (C:\Users\Rosaire\Desktop\Portfolio\node_modules\jest-circus\build\run.js:126:9)
          at _runTestsForDescribeBlock (C:\Users\Rosaire\Desktop\Portfolio\node_modules\jest-circus\build\run.js:121:9)
          at run (C:\Users\Rosaire\Desktop\Portfolio\node_modules\jest-circus\build\run.js:71:3)
          at runAndTransformResultsToJestFormat (C:\Users\Rosaire\Desktop\Portfolio\node_modules\jest-circus\build\legacy-code-todo-rewrite\jestAdapterInit.js:122:21)
          at jestAdapter (C:\Users\Rosaire\Desktop\Portfolio\node_modules\jest-circus\build\legacy-code-todo-rewrite\jestAdapter.js:79:19)
          at runTestInternal (C:\Users\Rosaire\Desktop\Portfolio\node_modules\jest-runner\build\runTest.js:367:16)
          at runTest (C:\Users\Rosaire\Desktop\Portfolio\node_modules\jest-runner\build\runTest.js:444:34)
          at Object.worker (C:\Users\Rosaire\Desktop\Portfolio\node_modules\jest-runner\build\testWorker.js:106:12) {
        detail: ReferenceError: IntersectionObserver is not defined
            at initIntersectionObserver (C:\Users\Rosaire\Desktop\Portfolio\node_modules\framer-motion\dist\cjs\index.js:1039:34)
            at observeIntersection (C:\Users\Rosaire\Desktop\Portfolio\node_modules\framer-motion\dist\cjs\index.js:1044:39)
            at InViewFeature.startObserver (C:\Users\Rosaire\Desktop\Portfolio\node_modules\framer-motion\dist\cjs\index.js:1101:16)
            at InViewFeature.mount (C:\Users\Rosaire\Desktop\Portfolio\node_modules\framer-motion\dist\cjs\index.js:1104:14)
            at HTMLVisualElement.updateFeatures (C:\Users\Rosaire\Desktop\Portfolio\node_modules\framer-motion\dist\cjs\index-legacy-87714a68.js:4267:25)
            at C:\Users\Rosaire\Desktop\Portfolio\node_modules\framer-motion\dist\cjs\index.js:103:23
            at commitHookEffectListMount (C:\Users\Rosaire\Desktop\Portfolio\node_modules\react-dom\cjs\react-dom.development.js:23189:26)
            at commitPassiveMountOnFiber (C:\Users\Rosaire\Desktop\Portfolio\node_modules\react-dom\cjs\react-dom.development.js:24970:11)
            at commitPassiveMountEffects_complete (C:\Users\Rosaire\Desktop\Portfolio\node_modules\react-dom\cjs\react-dom.development.js:24930:9)
            at commitPassiveMountEffects_begin (C:\Users\Rosaire\Desktop\Portfolio\node_modules\react-dom\cjs\react-dom.development.js:24917:7)
            at commitPassiveMountEffects (C:\Users\Rosaire\Desktop\Portfolio\node_modules\react-dom\cjs\react-dom.development.js:24905:3)
            at flushPassiveEffectsImpl (C:\Users\Rosaire\Desktop\Portfolio\node_modules\react-dom\cjs\react-dom.development.js:27078:3)
            at flushPassiveEffects (C:\Users\Rosaire\Desktop\Portfolio\node_modules\react-dom\cjs\react-dom.development.js:27023:14)
            at C:\Users\Rosaire\Desktop\Portfolio\node_modules\react-dom\cjs\react-dom.development.js:26808:9
            at flushActQueue (C:\Users\Rosaire\Desktop\Portfolio\node_modules\react\cjs\react.development.js:2667:24)
            at act (C:\Users\Rosaire\Desktop\Portfolio\node_modules\react\cjs\react.development.js:2582:11)
            at C:\Users\Rosaire\Desktop\Portfolio\node_modules\@testing-library\react\dist\act-compat.js:47:25
            at renderRoot (C:\Users\Rosaire\Desktop\Portfolio\node_modules\@testing-library\react\dist\pure.js:180:26)
            at render (C:\Users\Rosaire\Desktop\Portfolio\node_modules\@testing-library\react\dist\pure.js:271:10)
            at renderWithProviders (C:\Users\Rosaire\Desktop\Portfolio\components\contact\__tests__\FAQAccordion.test.tsx:21:16)
            at Object.renderWithProviders (C:\Users\Rosaire\Desktop\Portfolio\components\contact\__tests__\FAQAccordion.test.tsx:31:5)
            at Promise.then.completed (C:\Users\Rosaire\Desktop\Portfolio\node_modules\jest-circus\build\utils.js:298:28)
            at new Promise (<anonymous>)
            at callAsyncCircusFn (C:\Users\Rosaire\Desktop\Portfolio\node_modules\jest-circus\build\utils.js:231:10)
            at _callCircusTest (C:\Users\Rosaire\Desktop\Portfolio\node_modules\jest-circus\build\run.js:316:40)
            at processTicksAndRejections (node:internal/process/task_queues:104:5)
            at _runTest (C:\Users\Rosaire\Desktop\Portfolio\node_modules\jest-circus\build\run.js:252:3)
            at _runTestsForDescribeBlock (C:\Users\Rosaire\Desktop\Portfolio\node_modules\jest-circus\build\run.js:126:9)
            at _runTestsForDescribeBlock (C:\Users\Rosaire\Desktop\Portfolio\node_modules\jest-circus\build\run.js:121:9)
            at run (C:\Users\Rosaire\Desktop\Portfolio\node_modules\jest-circus\build\run.js:71:3)
            at runAndTransformResultsToJestFormat (C:\Users\Rosaire\Desktop\Portfolio\node_modules\jest-circus\build\legacy-code-todo-rewrite\jestAdapterInit.js:122:21)
            at jestAdapter (C:\Users\Rosaire\Desktop\Portfolio\node_modules\jest-circus\build\legacy-code-todo-rewrite\jestAdapter.js:79:19)
            at runTestInternal (C:\Users\Rosaire\Desktop\Portfolio\node_modules\jest-runner\build\runTest.js:367:16)
            at runTest (C:\Users\Rosaire\Desktop\Portfolio\node_modules\jest-runner\build\runTest.js:444:34)
            at Object.worker (C:\Users\Rosaire\Desktop\Portfolio\node_modules\jest-runner\build\testWorker.js:106:12),
        type: 'unhandled exception'
      }

    [0m [90m 19 |[39m
     [90m 20 |[39m [36mconst[39m renderWithProviders [33m=[39m (component[33m:[39m [33mReact[39m[33m.[39m[33mReactElement[39m) [33m=>[39m {
    [31m[1m>[22m[39m[90m 21 |[39m   [36mreturn[39m render([33m<[39m[33mMockLanguageProvider[39m[33m>[39m{component}[33m<[39m[33m/[39m[33mMockLanguageProvider[39m[33m>[39m)[33m;[39m
     [90m    |[39m                [31m[1m^[22m[39m
     [90m 22 |[39m }[33m;[39m
     [90m 23 |[39m
     [90m 24 |[39m describe([32m'FAQAccordion'[39m[33m,[39m () [33m=>[39m {[0m

      at VirtualConsole.<anonymous> (node_modules/@jest/environment-jsdom-abstract/build/index.js:87:23)
      at reportException (node_modules/jsdom/lib/jsdom/living/helpers/runtime-script-errors.js:70:28)
      at innerInvokeEventListeners (node_modules/jsdom/lib/jsdom/living/events/EventTarget-impl.js:353:9)
      at invokeEventListeners (node_modules/jsdom/lib/jsdom/living/events/EventTarget-impl.js:286:3)
      at HTMLUnknownElementImpl._dispatch (node_modules/jsdom/lib/jsdom/living/events/EventTarget-impl.js:233:9)
      at HTMLUnknownElementImpl.dispatchEvent (node_modules/jsdom/lib/jsdom/living/events/EventTarget-impl.js:104:17)
      at HTMLUnknownElement.dispatchEvent (node_modules/jsdom/lib/jsdom/living/generated/EventTarget.js:241:34)
      at Object.invokeGuardedCallbackDev (node_modules/react-dom/cjs/react-dom.development.js:4213:16)
      at invokeGuardedCallback (node_modules/react-dom/cjs/react-dom.development.js:4277:31)
      at reportUncaughtErrorInDEV (node_modules/react-dom/cjs/react-dom.development.js:22877:5)
      at captureCommitPhaseError (node_modules/react-dom/cjs/react-dom.development.js:27165:5)
      at commitPassiveMountEffects_complete (node_modules/react-dom/cjs/react-dom.development.js:24932:9)
      at commitPassiveMountEffects_begin (node_modules/react-dom/cjs/react-dom.development.js:24917:7)
      at commitPassiveMountEffects (node_modules/react-dom/cjs/react-dom.development.js:24905:3)
      at flushPassiveEffectsImpl (node_modules/react-dom/cjs/react-dom.development.js:27078:3)
      at flushPassiveEffects (node_modules/react-dom/cjs/react-dom.development.js:27023:14)
      at node_modules/react-dom/cjs/react-dom.development.js:26808:9
      at flushActQueue (node_modules/react/cjs/react.development.js:2667:24)
      at act (node_modules/react/cjs/react.development.js:2582:11)
      at node_modules/@testing-library/react/dist/act-compat.js:47:25
      at renderRoot (node_modules/@testing-library/react/dist/pure.js:180:26)
      at render (node_modules/@testing-library/react/dist/pure.js:271:10)
      at renderWithProviders (components/contact/__tests__/FAQAccordion.test.tsx:21:16)
      at Object.renderWithProviders (components/contact/__tests__/FAQAccordion.test.tsx:31:5)

    console.error
      The above error occurred in the <ForwardRef(MotionComponent)> component:
      
          at MotionComponent (C:\Users\Rosaire\Desktop\Portfolio\node_modules\framer-motion\dist\cjs\index.js:202:22)
          at FAQAccordion (C:\Users\Rosaire\Desktop\Portfolio\components\contact\FAQAccordion.tsx:10:47)
          at children (C:\Users\Rosaire\Desktop\Portfolio\components\contact\__tests__\FAQAccordion.test.tsx:8:33)
      
      Consider adding an error boundary to your tree to customize error handling behavior.
      Visit https://reactjs.org/link/error-boundaries to learn more about error boundaries.

    [0m [90m 19 |[39m
     [90m 20 |[39m [36mconst[39m renderWithProviders [33m=[39m (component[33m:[39m [33mReact[39m[33m.[39m[33mReactElement[39m) [33m=>[39m {
    [31m[1m>[22m[39m[90m 21 |[39m   [36mreturn[39m render([33m<[39m[33mMockLanguageProvider[39m[33m>[39m{component}[33m<[39m[33m/[39m[33mMockLanguageProvider[39m[33m>[39m)[33m;[39m
     [90m    |[39m                [31m[1m^[22m[39m
     [90m 22 |[39m }[33m;[39m
     [90m 23 |[39m
     [90m 24 |[39m describe([32m'FAQAccordion'[39m[33m,[39m () [33m=>[39m {[0m

      at logCapturedError (node_modules/react-dom/cjs/react-dom.development.js:18704:23)
      at update.callback (node_modules/react-dom/cjs/react-dom.development.js:18737:5)
      at callCallback (node_modules/react-dom/cjs/react-dom.development.js:15036:12)
      at commitUpdateQueue (node_modules/react-dom/cjs/react-dom.development.js:15057:9)
      at commitLayoutEffectOnFiber (node_modules/react-dom/cjs/react-dom.development.js:23430:13)
      at commitLayoutMountEffects_complete (node_modules/react-dom/cjs/react-dom.development.js:24727:9)
      at commitLayoutEffects_begin (node_modules/react-dom/cjs/react-dom.development.js:24713:7)
      at commitLayoutEffects (node_modules/react-dom/cjs/react-dom.development.js:24651:3)
      at commitRootImpl (node_modules/react-dom/cjs/react-dom.development.js:26862:5)
      at commitRoot (node_modules/react-dom/cjs/react-dom.development.js:26721:5)
      at performSyncWorkOnRoot (node_modules/react-dom/cjs/react-dom.development.js:26156:3)
      at flushSyncCallbacks (node_modules/react-dom/cjs/react-dom.development.js:12042:22)
      at flushPassiveEffectsImpl (node_modules/react-dom/cjs/react-dom.development.js:27099:3)
      at flushPassiveEffects (node_modules/react-dom/cjs/react-dom.development.js:27023:14)
      at node_modules/react-dom/cjs/react-dom.development.js:26808:9
      at flushActQueue (node_modules/react/cjs/react.development.js:2667:24)
      at act (node_modules/react/cjs/react.development.js:2582:11)
      at node_modules/@testing-library/react/dist/act-compat.js:47:25
      at renderRoot (node_modules/@testing-library/react/dist/pure.js:180:26)
      at render (node_modules/@testing-library/react/dist/pure.js:271:10)
      at renderWithProviders (components/contact/__tests__/FAQAccordion.test.tsx:21:16)
      at Object.renderWithProviders (components/contact/__tests__/FAQAccordion.test.tsx:31:5)

    console.error
      Error: Uncaught [ReferenceError: IntersectionObserver is not defined]
          at reportException (C:\Users\Rosaire\Desktop\Portfolio\node_modules\jsdom\lib\jsdom\living\helpers\runtime-script-errors.js:66:24)
          at innerInvokeEventListeners (C:\Users\Rosaire\Desktop\Portfolio\node_modules\jsdom\lib\jsdom\living\events\EventTarget-impl.js:353:9)
          at invokeEventListeners (C:\Users\Rosaire\Desktop\Portfolio\node_modules\jsdom\lib\jsdom\living\events\EventTarget-impl.js:286:3)
          at HTMLUnknownElementImpl._dispatch (C:\Users\Rosaire\Desktop\Portfolio\node_modules\jsdom\lib\jsdom\living\events\EventTarget-impl.js:233:9)
          at HTMLUnknownElementImpl.dispatchEvent (C:\Users\Rosaire\Desktop\Portfolio\node_modules\jsdom\lib\jsdom\living\events\EventTarget-impl.js:104:17)
          at HTMLUnknownElement.dispatchEvent (C:\Users\Rosaire\Desktop\Portfolio\node_modules\jsdom\lib\jsdom\living\generated\EventTarget.js:241:34)
          at Object.invokeGuardedCallbackDev (C:\Users\Rosaire\Desktop\Portfolio\node_modules\react-dom\cjs\react-dom.development.js:4213:16)
          at invokeGuardedCallback (C:\Users\Rosaire\Desktop\Portfolio\node_modules\react-dom\cjs\react-dom.development.js:4277:31)
          at reportUncaughtErrorInDEV (C:\Users\Rosaire\Desktop\Portfolio\node_modules\react-dom\cjs\react-dom.development.js:22877:5)
          at captureCommitPhaseError (C:\Users\Rosaire\Desktop\Portfolio\node_modules\react-dom\cjs\react-dom.development.js:27165:5)
          at commitPassiveMountEffects_complete (C:\Users\Rosaire\Desktop\Portfolio\node_modules\react-dom\cjs\react-dom.development.js:24932:9)
          at commitPassiveMountEffects_begin (C:\Users\Rosaire\Desktop\Portfolio\node_modules\react-dom\cjs\react-dom.development.js:24917:7)
          at commitPassiveMountEffects (C:\Users\Rosaire\Desktop\Portfolio\node_modules\react-dom\cjs\react-dom.development.js:24905:3)
          at flushPassiveEffectsImpl (C:\Users\Rosaire\Desktop\Portfolio\node_modules\react-dom\cjs\react-dom.development.js:27078:3)
          at flushPassiveEffects (C:\Users\Rosaire\Desktop\Portfolio\node_modules\react-dom\cjs\react-dom.development.js:27023:14)
          at C:\Users\Rosaire\Desktop\Portfolio\node_modules\react-dom\cjs\react-dom.development.js:26808:9
          at flushActQueue (C:\Users\Rosaire\Desktop\Portfolio\node_modules\react\cjs\react.development.js:2667:24)
          at act (C:\Users\Rosaire\Desktop\Portfolio\node_modules\react\cjs\react.development.js:2582:11)
          at C:\Users\Rosaire\Desktop\Portfolio\node_modules\@testing-library\react\dist\act-compat.js:47:25
          at renderRoot (C:\Users\Rosaire\Desktop\Portfolio\node_modules\@testing-library\react\dist\pure.js:180:26)
          at render (C:\Users\Rosaire\Desktop\Portfolio\node_modules\@testing-library\react\dist\pure.js:271:10)
          at renderWithProviders (C:\Users\Rosaire\Desktop\Portfolio\components\contact\__tests__\FAQAccordion.test.tsx:21:16)
          at Object.renderWithProviders (C:\Users\Rosaire\Desktop\Portfolio\components\contact\__tests__\FAQAccordion.test.tsx:38:5)
          at Promise.then.completed (C:\Users\Rosaire\Desktop\Portfolio\node_modules\jest-circus\build\utils.js:298:28)
          at new Promise (<anonymous>)
          at callAsyncCircusFn (C:\Users\Rosaire\Desktop\Portfolio\node_modules\jest-circus\build\utils.js:231:10)
          at _callCircusTest (C:\Users\Rosaire\Desktop\Portfolio\node_modules\jest-circus\build\run.js:316:40)
          at processTicksAndRejections (node:internal/process/task_queues:104:5)
          at _runTest (C:\Users\Rosaire\Desktop\Portfolio\node_modules\jest-circus\build\run.js:252:3)
          at _runTestsForDescribeBlock (C:\Users\Rosaire\Desktop\Portfolio\node_modules\jest-circus\build\run.js:126:9)
          at _runTestsForDescribeBlock (C:\Users\Rosaire\Desktop\Portfolio\node_modules\jest-circus\build\run.js:121:9)
          at run (C:\Users\Rosaire\Desktop\Portfolio\node_modules\jest-circus\build\run.js:71:3)
          at runAndTransformResultsToJestFormat (C:\Users\Rosaire\Desktop\Portfolio\node_modules\jest-circus\build\legacy-code-todo-rewrite\jestAdapterInit.js:122:21)
          at jestAdapter (C:\Users\Rosaire\Desktop\Portfolio\node_modules\jest-circus\build\legacy-code-todo-rewrite\jestAdapter.js:79:19)
          at runTestInternal (C:\Users\Rosaire\Desktop\Portfolio\node_modules\jest-runner\build\runTest.js:367:16)
          at runTest (C:\Users\Rosaire\Desktop\Portfolio\node_modules\jest-runner\build\runTest.js:444:34)
          at Object.worker (C:\Users\Rosaire\Desktop\Portfolio\node_modules\jest-runner\build\testWorker.js:106:12) {
        detail: ReferenceError: IntersectionObserver is not defined
            at initIntersectionObserver (C:\Users\Rosaire\Desktop\Portfolio\node_modules\framer-motion\dist\cjs\index.js:1039:34)
            at observeIntersection (C:\Users\Rosaire\Desktop\Portfolio\node_modules\framer-motion\dist\cjs\index.js:1044:39)
            at InViewFeature.startObserver (C:\Users\Rosaire\Desktop\Portfolio\node_modules\framer-motion\dist\cjs\index.js:1101:16)
            at InViewFeature.mount (C:\Users\Rosaire\Desktop\Portfolio\node_modules\framer-motion\dist\cjs\index.js:1104:14)
            at HTMLVisualElement.updateFeatures (C:\Users\Rosaire\Desktop\Portfolio\node_modules\framer-motion\dist\cjs\index-legacy-87714a68.js:4267:25)
            at C:\Users\Rosaire\Desktop\Portfolio\node_modules\framer-motion\dist\cjs\index.js:103:23
            at commitHookEffectListMount (C:\Users\Rosaire\Desktop\Portfolio\node_modules\react-dom\cjs\react-dom.development.js:23189:26)
            at commitPassiveMountOnFiber (C:\Users\Rosaire\Desktop\Portfolio\node_modules\react-dom\cjs\react-dom.development.js:24970:11)
            at commitPassiveMountEffects_complete (C:\Users\Rosaire\Desktop\Portfolio\node_modules\react-dom\cjs\react-dom.development.js:24930:9)
            at commitPassiveMountEffects_begin (C:\Users\Rosaire\Desktop\Portfolio\node_modules\react-dom\cjs\react-dom.development.js:24917:7)
            at commitPassiveMountEffects (C:\Users\Rosaire\Desktop\Portfolio\node_modules\react-dom\cjs\react-dom.development.js:24905:3)
            at flushPassiveEffectsImpl (C:\Users\Rosaire\Desktop\Portfolio\node_modules\react-dom\cjs\react-dom.development.js:27078:3)
            at flushPassiveEffects (C:\Users\Rosaire\Desktop\Portfolio\node_modules\react-dom\cjs\react-dom.development.js:27023:14)
            at C:\Users\Rosaire\Desktop\Portfolio\node_modules\react-dom\cjs\react-dom.development.js:26808:9
            at flushActQueue (C:\Users\Rosaire\Desktop\Portfolio\node_modules\react\cjs\react.development.js:2667:24)
            at act (C:\Users\Rosaire\Desktop\Portfolio\node_modules\react\cjs\react.development.js:2582:11)
            at C:\Users\Rosaire\Desktop\Portfolio\node_modules\@testing-library\react\dist\act-compat.js:47:25
            at renderRoot (C:\Users\Rosaire\Desktop\Portfolio\node_modules\@testing-library\react\dist\pure.js:180:26)
            at render (C:\Users\Rosaire\Desktop\Portfolio\node_modules\@testing-library\react\dist\pure.js:271:10)
            at renderWithProviders (C:\Users\Rosaire\Desktop\Portfolio\components\contact\__tests__\FAQAccordion.test.tsx:21:16)
            at Object.renderWithProviders (C:\Users\Rosaire\Desktop\Portfolio\components\contact\__tests__\FAQAccordion.test.tsx:38:5)
            at Promise.then.completed (C:\Users\Rosaire\Desktop\Portfolio\node_modules\jest-circus\build\utils.js:298:28)
            at new Promise (<anonymous>)
            at callAsyncCircusFn (C:\Users\Rosaire\Desktop\Portfolio\node_modules\jest-circus\build\utils.js:231:10)
            at _callCircusTest (C:\Users\Rosaire\Desktop\Portfolio\node_modules\jest-circus\build\run.js:316:40)
            at processTicksAndRejections (node:internal/process/task_queues:104:5)
            at _runTest (C:\Users\Rosaire\Desktop\Portfolio\node_modules\jest-circus\build\run.js:252:3)
            at _runTestsForDescribeBlock (C:\Users\Rosaire\Desktop\Portfolio\node_modules\jest-circus\build\run.js:126:9)
            at _runTestsForDescribeBlock (C:\Users\Rosaire\Desktop\Portfolio\node_modules\jest-circus\build\run.js:121:9)
            at run (C:\Users\Rosaire\Desktop\Portfolio\node_modules\jest-circus\build\run.js:71:3)
            at runAndTransformResultsToJestFormat (C:\Users\Rosaire\Desktop\Portfolio\node_modules\jest-circus\build\legacy-code-todo-rewrite\jestAdapterInit.js:122:21)
            at jestAdapter (C:\Users\Rosaire\Desktop\Portfolio\node_modules\jest-circus\build\legacy-code-todo-rewrite\jestAdapter.js:79:19)
            at runTestInternal (C:\Users\Rosaire\Desktop\Portfolio\node_modules\jest-runner\build\runTest.js:367:16)
            at runTest (C:\Users\Rosaire\Desktop\Portfolio\node_modules\jest-runner\build\runTest.js:444:34)
            at Object.worker (C:\Users\Rosaire\Desktop\Portfolio\node_modules\jest-runner\build\testWorker.js:106:12),
        type: 'unhandled exception'
      }

    [0m [90m 19 |[39m
     [90m 20 |[39m [36mconst[39m renderWithProviders [33m=[39m (component[33m:[39m [33mReact[39m[33m.[39m[33mReactElement[39m) [33m=>[39m {
    [31m[1m>[22m[39m[90m 21 |[39m   [36mreturn[39m render([33m<[39m[33mMockLanguageProvider[39m[33m>[39m{component}[33m<[39m[33m/[39m[33mMockLanguageProvider[39m[33m>[39m)[33m;[39m
     [90m    |[39m                [31m[1m^[22m[39m
     [90m 22 |[39m }[33m;[39m
     [90m 23 |[39m
     [90m 24 |[39m describe([32m'FAQAccordion'[39m[33m,[39m () [33m=>[39m {[0m

      at VirtualConsole.<anonymous> (node_modules/@jest/environment-jsdom-abstract/build/index.js:87:23)
      at reportException (node_modules/jsdom/lib/jsdom/living/helpers/runtime-script-errors.js:70:28)
      at innerInvokeEventListeners (node_modules/jsdom/lib/jsdom/living/events/EventTarget-impl.js:353:9)
      at invokeEventListeners (node_modules/jsdom/lib/jsdom/living/events/EventTarget-impl.js:286:3)
      at HTMLUnknownElementImpl._dispatch (node_modules/jsdom/lib/jsdom/living/events/EventTarget-impl.js:233:9)
      at HTMLUnknownElementImpl.dispatchEvent (node_modules/jsdom/lib/jsdom/living/events/EventTarget-impl.js:104:17)
      at HTMLUnknownElement.dispatchEvent (node_modules/jsdom/lib/jsdom/living/generated/EventTarget.js:241:34)
      at Object.invokeGuardedCallbackDev (node_modules/react-dom/cjs/react-dom.development.js:4213:16)
      at invokeGuardedCallback (node_modules/react-dom/cjs/react-dom.development.js:4277:31)
      at reportUncaughtErrorInDEV (node_modules/react-dom/cjs/react-dom.development.js:22877:5)
      at captureCommitPhaseError (node_modules/react-dom/cjs/react-dom.development.js:27165:5)
      at commitPassiveMountEffects_complete (node_modules/react-dom/cjs/react-dom.development.js:24932:9)
      at commitPassiveMountEffects_begin (node_modules/react-dom/cjs/react-dom.development.js:24917:7)
      at commitPassiveMountEffects (node_modules/react-dom/cjs/react-dom.development.js:24905:3)
      at flushPassiveEffectsImpl (node_modules/react-dom/cjs/react-dom.development.js:27078:3)
      at flushPassiveEffects (node_modules/react-dom/cjs/react-dom.development.js:27023:14)
      at node_modules/react-dom/cjs/react-dom.development.js:26808:9
      at flushActQueue (node_modules/react/cjs/react.development.js:2667:24)
      at act (node_modules/react/cjs/react.development.js:2582:11)
      at node_modules/@testing-library/react/dist/act-compat.js:47:25
      at renderRoot (node_modules/@testing-library/react/dist/pure.js:180:26)
      at render (node_modules/@testing-library/react/dist/pure.js:271:10)
      at renderWithProviders (components/contact/__tests__/FAQAccordion.test.tsx:21:16)
      at Object.renderWithProviders (components/contact/__tests__/FAQAccordion.test.tsx:38:5)

    console.error
      The above error occurred in the <ForwardRef(MotionComponent)> component:
      
          at MotionComponent (C:\Users\Rosaire\Desktop\Portfolio\node_modules\framer-motion\dist\cjs\index.js:202:22)
          at FAQAccordion (C:\Users\Rosaire\Desktop\Portfolio\components\contact\FAQAccordion.tsx:10:47)
          at children (C:\Users\Rosaire\Desktop\Portfolio\components\contact\__tests__\FAQAccordion.test.tsx:8:33)
      
      Consider adding an error boundary to your tree to customize error handling behavior.
      Visit https://reactjs.org/link/error-boundaries to learn more about error boundaries.

    [0m [90m 19 |[39m
     [90m 20 |[39m [36mconst[39m renderWithProviders [33m=[39m (component[33m:[39m [33mReact[39m[33m.[39m[33mReactElement[39m) [33m=>[39m {
    [31m[1m>[22m[39m[90m 21 |[39m   [36mreturn[39m render([33m<[39m[33mMockLanguageProvider[39m[33m>[39m{component}[33m<[39m[33m/[39m[33mMockLanguageProvider[39m[33m>[39m)[33m;[39m
     [90m    |[39m                [31m[1m^[22m[39m
     [90m 22 |[39m }[33m;[39m
     [90m 23 |[39m
     [90m 24 |[39m describe([32m'FAQAccordion'[39m[33m,[39m () [33m=>[39m {[0m

      at logCapturedError (node_modules/react-dom/cjs/react-dom.development.js:18704:23)
      at update.callback (node_modules/react-dom/cjs/react-dom.development.js:18737:5)
      at callCallback (node_modules/react-dom/cjs/react-dom.development.js:15036:12)
      at commitUpdateQueue (node_modules/react-dom/cjs/react-dom.development.js:15057:9)
      at commitLayoutEffectOnFiber (node_modules/react-dom/cjs/react-dom.development.js:23430:13)
      at commitLayoutMountEffects_complete (node_modules/react-dom/cjs/react-dom.development.js:24727:9)
      at commitLayoutEffects_begin (node_modules/react-dom/cjs/react-dom.development.js:24713:7)
      at commitLayoutEffects (node_modules/react-dom/cjs/react-dom.development.js:24651:3)
      at commitRootImpl (node_modules/react-dom/cjs/react-dom.development.js:26862:5)
      at commitRoot (node_modules/react-dom/cjs/react-dom.development.js:26721:5)
      at performSyncWorkOnRoot (node_modules/react-dom/cjs/react-dom.development.js:26156:3)
      at flushSyncCallbacks (node_modules/react-dom/cjs/react-dom.development.js:12042:22)
      at flushPassiveEffectsImpl (node_modules/react-dom/cjs/react-dom.development.js:27099:3)
      at flushPassiveEffects (node_modules/react-dom/cjs/react-dom.development.js:27023:14)
      at node_modules/react-dom/cjs/react-dom.development.js:26808:9
      at flushActQueue (node_modules/react/cjs/react.development.js:2667:24)
      at act (node_modules/react/cjs/react.development.js:2582:11)
      at node_modules/@testing-library/react/dist/act-compat.js:47:25
      at renderRoot (node_modules/@testing-library/react/dist/pure.js:180:26)
      at render (node_modules/@testing-library/react/dist/pure.js:271:10)
      at renderWithProviders (components/contact/__tests__/FAQAccordion.test.tsx:21:16)
      at Object.renderWithProviders (components/contact/__tests__/FAQAccordion.test.tsx:38:5)

    console.error
      Error: Uncaught [ReferenceError: IntersectionObserver is not defined]
          at reportException (C:\Users\Rosaire\Desktop\Portfolio\node_modules\jsdom\lib\jsdom\living\helpers\runtime-script-errors.js:66:24)
          at innerInvokeEventListeners (C:\Users\Rosaire\Desktop\Portfolio\node_modules\jsdom\lib\jsdom\living\events\EventTarget-impl.js:353:9)
          at invokeEventListeners (C:\Users\Rosaire\Desktop\Portfolio\node_modules\jsdom\lib\jsdom\living\events\EventTarget-impl.js:286:3)
          at HTMLUnknownElementImpl._dispatch (C:\Users\Rosaire\Desktop\Portfolio\node_modules\jsdom\lib\jsdom\living\events\EventTarget-impl.js:233:9)
          at HTMLUnknownElementImpl.dispatchEvent (C:\Users\Rosaire\Desktop\Portfolio\node_modules\jsdom\lib\jsdom\living\events\EventTarget-impl.js:104:17)
          at HTMLUnknownElement.dispatchEvent (C:\Users\Rosaire\Desktop\Portfolio\node_modules\jsdom\lib\jsdom\living\generated\EventTarget.js:241:34)
          at Object.invokeGuardedCallbackDev (C:\Users\Rosaire\Desktop\Portfolio\node_modules\react-dom\cjs\react-dom.development.js:4213:16)
          at invokeGuardedCallback (C:\Users\Rosaire\Desktop\Portfolio\node_modules\react-dom\cjs\react-dom.development.js:4277:31)
          at reportUncaughtErrorInDEV (C:\Users\Rosaire\Desktop\Portfolio\node_modules\react-dom\cjs\react-dom.development.js:22877:5)
          at captureCommitPhaseError (C:\Users\Rosaire\Desktop\Portfolio\node_modules\react-dom\cjs\react-dom.development.js:27165:5)
          at commitPassiveMountEffects_complete (C:\Users\Rosaire\Desktop\Portfolio\node_modules\react-dom\cjs\react-dom.development.js:24932:9)
          at commitPassiveMountEffects_begin (C:\Users\Rosaire\Desktop\Portfolio\node_modules\react-dom\cjs\react-dom.development.js:24917:7)
          at commitPassiveMountEffects (C:\Users\Rosaire\Desktop\Portfolio\node_modules\react-dom\cjs\react-dom.development.js:24905:3)
          at flushPassiveEffectsImpl (C:\Users\Rosaire\Desktop\Portfolio\node_modules\react-dom\cjs\react-dom.development.js:27078:3)
          at flushPassiveEffects (C:\Users\Rosaire\Desktop\Portfolio\node_modules\react-dom\cjs\react-dom.development.js:27023:14)
          at C:\Users\Rosaire\Desktop\Portfolio\node_modules\react-dom\cjs\react-dom.development.js:26808:9
          at flushActQueue (C:\Users\Rosaire\Desktop\Portfolio\node_modules\react\cjs\react.development.js:2667:24)
          at act (C:\Users\Rosaire\Desktop\Portfolio\node_modules\react\cjs\react.development.js:2582:11)
          at C:\Users\Rosaire\Desktop\Portfolio\node_modules\@testing-library\react\dist\act-compat.js:47:25
          at renderRoot (C:\Users\Rosaire\Desktop\Portfolio\node_modules\@testing-library\react\dist\pure.js:180:26)
          at render (C:\Users\Rosaire\Desktop\Portfolio\node_modules\@testing-library\react\dist\pure.js:271:10)
          at renderWithProviders (C:\Users\Rosaire\Desktop\Portfolio\components\contact\__tests__\FAQAccordion.test.tsx:21:16)
          at Object.renderWithProviders (C:\Users\Rosaire\Desktop\Portfolio\components\contact\__tests__\FAQAccordion.test.tsx:53:5)
          at Promise.then.completed (C:\Users\Rosaire\Desktop\Portfolio\node_modules\jest-circus\build\utils.js:298:28)
          at new Promise (<anonymous>)
          at callAsyncCircusFn (C:\Users\Rosaire\Desktop\Portfolio\node_modules\jest-circus\build\utils.js:231:10)
          at _callCircusTest (C:\Users\Rosaire\Desktop\Portfolio\node_modules\jest-circus\build\run.js:316:40)
          at processTicksAndRejections (node:internal/process/task_queues:104:5)
          at _runTest (C:\Users\Rosaire\Desktop\Portfolio\node_modules\jest-circus\build\run.js:252:3)
          at _runTestsForDescribeBlock (C:\Users\Rosaire\Desktop\Portfolio\node_modules\jest-circus\build\run.js:126:9)
          at _runTestsForDescribeBlock (C:\Users\Rosaire\Desktop\Portfolio\node_modules\jest-circus\build\run.js:121:9)
          at run (C:\Users\Rosaire\Desktop\Portfolio\node_modules\jest-circus\build\run.js:71:3)
          at runAndTransformResultsToJestFormat (C:\Users\Rosaire\Desktop\Portfolio\node_modules\jest-circus\build\legacy-code-todo-rewrite\jestAdapterInit.js:122:21)
          at jestAdapter (C:\Users\Rosaire\Desktop\Portfolio\node_modules\jest-circus\build\legacy-code-todo-rewrite\jestAdapter.js:79:19)
          at runTestInternal (C:\Users\Rosaire\Desktop\Portfolio\node_modules\jest-runner\build\runTest.js:367:16)
          at runTest (C:\Users\Rosaire\Desktop\Portfolio\node_modules\jest-runner\build\runTest.js:444:34)
          at Object.worker (C:\Users\Rosaire\Desktop\Portfolio\node_modules\jest-runner\build\testWorker.js:106:12) {
        detail: ReferenceError: IntersectionObserver is not defined
            at initIntersectionObserver (C:\Users\Rosaire\Desktop\Portfolio\node_modules\framer-motion\dist\cjs\index.js:1039:34)
            at observeIntersection (C:\Users\Rosaire\Desktop\Portfolio\node_modules\framer-motion\dist\cjs\index.js:1044:39)
            at InViewFeature.startObserver (C:\Users\Rosaire\Desktop\Portfolio\node_modules\framer-motion\dist\cjs\index.js:1101:16)
            at InViewFeature.mount (C:\Users\Rosaire\Desktop\Portfolio\node_modules\framer-motion\dist\cjs\index.js:1104:14)
            at HTMLVisualElement.updateFeatures (C:\Users\Rosaire\Desktop\Portfolio\node_modules\framer-motion\dist\cjs\index-legacy-87714a68.js:4267:25)
            at C:\Users\Rosaire\Desktop\Portfolio\node_modules\framer-motion\dist\cjs\index.js:103:23
            at commitHookEffectListMount (C:\Users\Rosaire\Desktop\Portfolio\node_modules\react-dom\cjs\react-dom.development.js:23189:26)
            at commitPassiveMountOnFiber (C:\Users\Rosaire\Desktop\Portfolio\node_modules\react-dom\cjs\react-dom.development.js:24970:11)
            at commitPassiveMountEffects_complete (C:\Users\Rosaire\Desktop\Portfolio\node_modules\react-dom\cjs\react-dom.development.js:24930:9)
            at commitPassiveMountEffects_begin (C:\Users\Rosaire\Desktop\Portfolio\node_modules\react-dom\cjs\react-dom.development.js:24917:7)
            at commitPassiveMountEffects (C:\Users\Rosaire\Desktop\Portfolio\node_modules\react-dom\cjs\react-dom.development.js:24905:3)
            at flushPassiveEffectsImpl (C:\Users\Rosaire\Desktop\Portfolio\node_modules\react-dom\cjs\react-dom.development.js:27078:3)
            at flushPassiveEffects (C:\Users\Rosaire\Desktop\Portfolio\node_modules\react-dom\cjs\react-dom.development.js:27023:14)
            at C:\Users\Rosaire\Desktop\Portfolio\node_modules\react-dom\cjs\react-dom.development.js:26808:9
            at flushActQueue (C:\Users\Rosaire\Desktop\Portfolio\node_modules\react\cjs\react.development.js:2667:24)
            at act (C:\Users\Rosaire\Desktop\Portfolio\node_modules\react\cjs\react.development.js:2582:11)
            at C:\Users\Rosaire\Desktop\Portfolio\node_modules\@testing-library\react\dist\act-compat.js:47:25
            at renderRoot (C:\Users\Rosaire\Desktop\Portfolio\node_modules\@testing-library\react\dist\pure.js:180:26)
            at render (C:\Users\Rosaire\Desktop\Portfolio\node_modules\@testing-library\react\dist\pure.js:271:10)
            at renderWithProviders (C:\Users\Rosaire\Desktop\Portfolio\components\contact\__tests__\FAQAccordion.test.tsx:21:16)
            at Object.renderWithProviders (C:\Users\Rosaire\Desktop\Portfolio\components\contact\__tests__\FAQAccordion.test.tsx:53:5)
            at Promise.then.completed (C:\Users\Rosaire\Desktop\Portfolio\node_modules\jest-circus\build\utils.js:298:28)
            at new Promise (<anonymous>)
            at callAsyncCircusFn (C:\Users\Rosaire\Desktop\Portfolio\node_modules\jest-circus\build\utils.js:231:10)
            at _callCircusTest (C:\Users\Rosaire\Desktop\Portfolio\node_modules\jest-circus\build\run.js:316:40)
            at processTicksAndRejections (node:internal/process/task_queues:104:5)
            at _runTest (C:\Users\Rosaire\Desktop\Portfolio\node_modules\jest-circus\build\run.js:252:3)
            at _runTestsForDescribeBlock (C:\Users\Rosaire\Desktop\Portfolio\node_modules\jest-circus\build\run.js:126:9)
            at _runTestsForDescribeBlock (C:\Users\Rosaire\Desktop\Portfolio\node_modules\jest-circus\build\run.js:121:9)
            at run (C:\Users\Rosaire\Desktop\Portfolio\node_modules\jest-circus\build\run.js:71:3)
            at runAndTransformResultsToJestFormat (C:\Users\Rosaire\Desktop\Portfolio\node_modules\jest-circus\build\legacy-code-todo-rewrite\jestAdapterInit.js:122:21)
            at jestAdapter (C:\Users\Rosaire\Desktop\Portfolio\node_modules\jest-circus\build\legacy-code-todo-rewrite\jestAdapter.js:79:19)
            at runTestInternal (C:\Users\Rosaire\Desktop\Portfolio\node_modules\jest-runner\build\runTest.js:367:16)
            at runTest (C:\Users\Rosaire\Desktop\Portfolio\node_modules\jest-runner\build\runTest.js:444:34)
            at Object.worker (C:\Users\Rosaire\Desktop\Portfolio\node_modules\jest-runner\build\testWorker.js:106:12),
        type: 'unhandled exception'
      }

    [0m [90m 19 |[39m
     [90m 20 |[39m [36mconst[39m renderWithProviders [33m=[39m (component[33m:[39m [33mReact[39m[33m.[39m[33mReactElement[39m) [33m=>[39m {
    [31m[1m>[22m[39m[90m 21 |[39m   [36mreturn[39m render([33m<[39m[33mMockLanguageProvider[39m[33m>[39m{component}[33m<[39m[33m/[39m[33mMockLanguageProvider[39m[33m>[39m)[33m;[39m
     [90m    |[39m                [31m[1m^[22m[39m
     [90m 22 |[39m }[33m;[39m
     [90m 23 |[39m
     [90m 24 |[39m describe([32m'FAQAccordion'[39m[33m,[39m () [33m=>[39m {[0m

      at VirtualConsole.<anonymous> (node_modules/@jest/environment-jsdom-abstract/build/index.js:87:23)
      at reportException (node_modules/jsdom/lib/jsdom/living/helpers/runtime-script-errors.js:70:28)
      at innerInvokeEventListeners (node_modules/jsdom/lib/jsdom/living/events/EventTarget-impl.js:353:9)
      at invokeEventListeners (node_modules/jsdom/lib/jsdom/living/events/EventTarget-impl.js:286:3)
      at HTMLUnknownElementImpl._dispatch (node_modules/jsdom/lib/jsdom/living/events/EventTarget-impl.js:233:9)
      at HTMLUnknownElementImpl.dispatchEvent (node_modules/jsdom/lib/jsdom/living/events/EventTarget-impl.js:104:17)
      at HTMLUnknownElement.dispatchEvent (node_modules/jsdom/lib/jsdom/living/generated/EventTarget.js:241:34)
      at Object.invokeGuardedCallbackDev (node_modules/react-dom/cjs/react-dom.development.js:4213:16)
      at invokeGuardedCallback (node_modules/react-dom/cjs/react-dom.development.js:4277:31)
      at reportUncaughtErrorInDEV (node_modules/react-dom/cjs/react-dom.development.js:22877:5)
      at captureCommitPhaseError (node_modules/react-dom/cjs/react-dom.development.js:27165:5)
      at commitPassiveMountEffects_complete (node_modules/react-dom/cjs/react-dom.development.js:24932:9)
      at commitPassiveMountEffects_begin (node_modules/react-dom/cjs/react-dom.development.js:24917:7)
      at commitPassiveMountEffects (node_modules/react-dom/cjs/react-dom.development.js:24905:3)
      at flushPassiveEffectsImpl (node_modules/react-dom/cjs/react-dom.development.js:27078:3)
      at flushPassiveEffects (node_modules/react-dom/cjs/react-dom.development.js:27023:14)
      at node_modules/react-dom/cjs/react-dom.development.js:26808:9
      at flushActQueue (node_modules/react/cjs/react.development.js:2667:24)
      at act (node_modules/react/cjs/react.development.js:2582:11)
      at node_modules/@testing-library/react/dist/act-compat.js:47:25
      at renderRoot (node_modules/@testing-library/react/dist/pure.js:180:26)
      at render (node_modules/@testing-library/react/dist/pure.js:271:10)
      at renderWithProviders (components/contact/__tests__/FAQAccordion.test.tsx:21:16)
      at Object.renderWithProviders (components/contact/__tests__/FAQAccordion.test.tsx:53:5)

    console.error
      The above error occurred in the <ForwardRef(MotionComponent)> component:
      
          at MotionComponent (C:\Users\Rosaire\Desktop\Portfolio\node_modules\framer-motion\dist\cjs\index.js:202:22)
          at FAQAccordion (C:\Users\Rosaire\Desktop\Portfolio\components\contact\FAQAccordion.tsx:10:47)
          at children (C:\Users\Rosaire\Desktop\Portfolio\components\contact\__tests__\FAQAccordion.test.tsx:8:33)
      
      Consider adding an error boundary to your tree to customize error handling behavior.
      Visit https://reactjs.org/link/error-boundaries to learn more about error boundaries.

    [0m [90m 19 |[39m
     [90m 20 |[39m [36mconst[39m renderWithProviders [33m=[39m (component[33m:[39m [33mReact[39m[33m.[39m[33mReactElement[39m) [33m=>[39m {
    [31m[1m>[22m[39m[90m 21 |[39m   [36mreturn[39m render([33m<[39m[33mMockLanguageProvider[39m[33m>[39m{component}[33m<[39m[33m/[39m[33mMockLanguageProvider[39m[33m>[39m)[33m;[39m
     [90m    |[39m                [31m[1m^[22m[39m
     [90m 22 |[39m }[33m;[39m
     [90m 23 |[39m
     [90m 24 |[39m describe([32m'FAQAccordion'[39m[33m,[39m () [33m=>[39m {[0m

      at logCapturedError (node_modules/react-dom/cjs/react-dom.development.js:18704:23)
      at update.callback (node_modules/react-dom/cjs/react-dom.development.js:18737:5)
      at callCallback (node_modules/react-dom/cjs/react-dom.development.js:15036:12)
      at commitUpdateQueue (node_modules/react-dom/cjs/react-dom.development.js:15057:9)
      at commitLayoutEffectOnFiber (node_modules/react-dom/cjs/react-dom.development.js:23430:13)
      at commitLayoutMountEffects_complete (node_modules/react-dom/cjs/react-dom.development.js:24727:9)
      at commitLayoutEffects_begin (node_modules/react-dom/cjs/react-dom.development.js:24713:7)
      at commitLayoutEffects (node_modules/react-dom/cjs/react-dom.development.js:24651:3)
      at commitRootImpl (node_modules/react-dom/cjs/react-dom.development.js:26862:5)
      at commitRoot (node_modules/react-dom/cjs/react-dom.development.js:26721:5)
      at performSyncWorkOnRoot (node_modules/react-dom/cjs/react-dom.development.js:26156:3)
      at flushSyncCallbacks (node_modules/react-dom/cjs/react-dom.development.js:12042:22)
      at flushPassiveEffectsImpl (node_modules/react-dom/cjs/react-dom.development.js:27099:3)
      at flushPassiveEffects (node_modules/react-dom/cjs/react-dom.development.js:27023:14)
      at node_modules/react-dom/cjs/react-dom.development.js:26808:9
      at flushActQueue (node_modules/react/cjs/react.development.js:2667:24)
      at act (node_modules/react/cjs/react.development.js:2582:11)
      at node_modules/@testing-library/react/dist/act-compat.js:47:25
      at renderRoot (node_modules/@testing-library/react/dist/pure.js:180:26)
      at render (node_modules/@testing-library/react/dist/pure.js:271:10)
      at renderWithProviders (components/contact/__tests__/FAQAccordion.test.tsx:21:16)
      at Object.renderWithProviders (components/contact/__tests__/FAQAccordion.test.tsx:53:5)

  ● FAQAccordion › renders FAQ title

    ReferenceError: IntersectionObserver is not defined

    [0m [90m 19 |[39m
     [90m 20 |[39m [36mconst[39m renderWithProviders [33m=[39m (component[33m:[39m [33mReact[39m[33m.[39m[33mReactElement[39m) [33m=>[39m {
    [31m[1m>[22m[39m[90m 21 |[39m   [36mreturn[39m render([33m<[39m[33mMockLanguageProvider[39m[33m>[39m{component}[33m<[39m[33m/[39m[33mMockLanguageProvider[39m[33m>[39m)[33m;[39m
     [90m    |[39m                [31m[1m^[22m[39m
     [90m 22 |[39m }[33m;[39m
     [90m 23 |[39m
     [90m 24 |[39m describe([32m'FAQAccordion'[39m[33m,[39m () [33m=>[39m {[0m

      at initIntersectionObserver (node_modules/framer-motion/dist/cjs/index.js:1039:34)
      at observeIntersection (node_modules/framer-motion/dist/cjs/index.js:1044:39)
      at InViewFeature.startObserver (node_modules/framer-motion/dist/cjs/index.js:1101:16)
      at InViewFeature.mount (node_modules/framer-motion/dist/cjs/index.js:1104:14)
      at HTMLVisualElement.updateFeatures (node_modules/framer-motion/dist/cjs/index-legacy-87714a68.js:4267:25)
      at node_modules/framer-motion/dist/cjs/index.js:103:23
      at commitHookEffectListMount (node_modules/react-dom/cjs/react-dom.development.js:23189:26)
      at commitPassiveMountOnFiber (node_modules/react-dom/cjs/react-dom.development.js:24970:11)
      at commitPassiveMountEffects_complete (node_modules/react-dom/cjs/react-dom.development.js:24930:9)
      at commitPassiveMountEffects_begin (node_modules/react-dom/cjs/react-dom.development.js:24917:7)
      at commitPassiveMountEffects (node_modules/react-dom/cjs/react-dom.development.js:24905:3)
      at flushPassiveEffectsImpl (node_modules/react-dom/cjs/react-dom.development.js:27078:3)
      at flushPassiveEffects (node_modules/react-dom/cjs/react-dom.development.js:27023:14)
      at node_modules/react-dom/cjs/react-dom.development.js:26808:9
      at flushActQueue (node_modules/react/cjs/react.development.js:2667:24)
      at act (node_modules/react/cjs/react.development.js:2582:11)
      at node_modules/@testing-library/react/dist/act-compat.js:47:25
      at renderRoot (node_modules/@testing-library/react/dist/pure.js:180:26)
      at render (node_modules/@testing-library/react/dist/pure.js:271:10)
      at renderWithProviders (components/contact/__tests__/FAQAccordion.test.tsx:21:16)
      at Object.renderWithProviders (components/contact/__tests__/FAQAccordion.test.tsx:26:5)

  ● FAQAccordion › renders all FAQ items

    ReferenceError: IntersectionObserver is not defined

    [0m [90m 19 |[39m
     [90m 20 |[39m [36mconst[39m renderWithProviders [33m=[39m (component[33m:[39m [33mReact[39m[33m.[39m[33mReactElement[39m) [33m=>[39m {
    [31m[1m>[22m[39m[90m 21 |[39m   [36mreturn[39m render([33m<[39m[33mMockLanguageProvider[39m[33m>[39m{component}[33m<[39m[33m/[39m[33mMockLanguageProvider[39m[33m>[39m)[33m;[39m
     [90m    |[39m                [31m[1m^[22m[39m
     [90m 22 |[39m }[33m;[39m
     [90m 23 |[39m
     [90m 24 |[39m describe([32m'FAQAccordion'[39m[33m,[39m () [33m=>[39m {[0m

      at initIntersectionObserver (node_modules/framer-motion/dist/cjs/index.js:1039:34)
      at observeIntersection (node_modules/framer-motion/dist/cjs/index.js:1044:39)
      at InViewFeature.startObserver (node_modules/framer-motion/dist/cjs/index.js:1101:16)
      at InViewFeature.mount (node_modules/framer-motion/dist/cjs/index.js:1104:14)
      at HTMLVisualElement.updateFeatures (node_modules/framer-motion/dist/cjs/index-legacy-87714a68.js:4267:25)
      at node_modules/framer-motion/dist/cjs/index.js:103:23
      at commitHookEffectListMount (node_modules/react-dom/cjs/react-dom.development.js:23189:26)
      at commitPassiveMountOnFiber (node_modules/react-dom/cjs/react-dom.development.js:24970:11)
      at commitPassiveMountEffects_complete (node_modules/react-dom/cjs/react-dom.development.js:24930:9)
      at commitPassiveMountEffects_begin (node_modules/react-dom/cjs/react-dom.development.js:24917:7)
      at commitPassiveMountEffects (node_modules/react-dom/cjs/react-dom.development.js:24905:3)
      at flushPassiveEffectsImpl (node_modules/react-dom/cjs/react-dom.development.js:27078:3)
      at flushPassiveEffects (node_modules/react-dom/cjs/react-dom.development.js:27023:14)
      at node_modules/react-dom/cjs/react-dom.development.js:26808:9
      at flushActQueue (node_modules/react/cjs/react.development.js:2667:24)
      at act (node_modules/react/cjs/react.development.js:2582:11)
      at node_modules/@testing-library/react/dist/act-compat.js:47:25
      at renderRoot (node_modules/@testing-library/react/dist/pure.js:180:26)
      at render (node_modules/@testing-library/react/dist/pure.js:271:10)
      at renderWithProviders (components/contact/__tests__/FAQAccordion.test.tsx:21:16)
      at Object.renderWithProviders (components/contact/__tests__/FAQAccordion.test.tsx:31:5)

  ● FAQAccordion › expands and collapses FAQ items on click

    ReferenceError: IntersectionObserver is not defined

    [0m [90m 19 |[39m
     [90m 20 |[39m [36mconst[39m renderWithProviders [33m=[39m (component[33m:[39m [33mReact[39m[33m.[39m[33mReactElement[39m) [33m=>[39m {
    [31m[1m>[22m[39m[90m 21 |[39m   [36mreturn[39m render([33m<[39m[33mMockLanguageProvider[39m[33m>[39m{component}[33m<[39m[33m/[39m[33mMockLanguageProvider[39m[33m>[39m)[33m;[39m
     [90m    |[39m                [31m[1m^[22m[39m
     [90m 22 |[39m }[33m;[39m
     [90m 23 |[39m
     [90m 24 |[39m describe([32m'FAQAccordion'[39m[33m,[39m () [33m=>[39m {[0m

      at initIntersectionObserver (node_modules/framer-motion/dist/cjs/index.js:1039:34)
      at observeIntersection (node_modules/framer-motion/dist/cjs/index.js:1044:39)
      at InViewFeature.startObserver (node_modules/framer-motion/dist/cjs/index.js:1101:16)
      at InViewFeature.mount (node_modules/framer-motion/dist/cjs/index.js:1104:14)
      at HTMLVisualElement.updateFeatures (node_modules/framer-motion/dist/cjs/index-legacy-87714a68.js:4267:25)
      at node_modules/framer-motion/dist/cjs/index.js:103:23
      at commitHookEffectListMount (node_modules/react-dom/cjs/react-dom.development.js:23189:26)
      at commitPassiveMountOnFiber (node_modules/react-dom/cjs/react-dom.development.js:24970:11)
      at commitPassiveMountEffects_complete (node_modules/react-dom/cjs/react-dom.development.js:24930:9)
      at commitPassiveMountEffects_begin (node_modules/react-dom/cjs/react-dom.development.js:24917:7)
      at commitPassiveMountEffects (node_modules/react-dom/cjs/react-dom.development.js:24905:3)
      at flushPassiveEffectsImpl (node_modules/react-dom/cjs/react-dom.development.js:27078:3)
      at flushPassiveEffects (node_modules/react-dom/cjs/react-dom.development.js:27023:14)
      at node_modules/react-dom/cjs/react-dom.development.js:26808:9
      at flushActQueue (node_modules/react/cjs/react.development.js:2667:24)
      at act (node_modules/react/cjs/react.development.js:2582:11)
      at node_modules/@testing-library/react/dist/act-compat.js:47:25
      at renderRoot (node_modules/@testing-library/react/dist/pure.js:180:26)
      at render (node_modules/@testing-library/react/dist/pure.js:271:10)
      at renderWithProviders (components/contact/__tests__/FAQAccordion.test.tsx:21:16)
      at Object.renderWithProviders (components/contact/__tests__/FAQAccordion.test.tsx:38:5)

  ● FAQAccordion › only one FAQ item can be expanded at a time

    ReferenceError: IntersectionObserver is not defined

    [0m [90m 19 |[39m
     [90m 20 |[39m [36mconst[39m renderWithProviders [33m=[39m (component[33m:[39m [33mReact[39m[33m.[39m[33mReactElement[39m) [33m=>[39m {
    [31m[1m>[22m[39m[90m 21 |[39m   [36mreturn[39m render([33m<[39m[33mMockLanguageProvider[39m[33m>[39m{component}[33m<[39m[33m/[39m[33mMockLanguageProvider[39m[33m>[39m)[33m;[39m
     [90m    |[39m                [31m[1m^[22m[39m
     [90m 22 |[39m }[33m;[39m
     [90m 23 |[39m
     [90m 24 |[39m describe([32m'FAQAccordion'[39m[33m,[39m () [33m=>[39m {[0m

      at initIntersectionObserver (node_modules/framer-motion/dist/cjs/index.js:1039:34)
      at observeIntersection (node_modules/framer-motion/dist/cjs/index.js:1044:39)
      at InViewFeature.startObserver (node_modules/framer-motion/dist/cjs/index.js:1101:16)
      at InViewFeature.mount (node_modules/framer-motion/dist/cjs/index.js:1104:14)
      at HTMLVisualElement.updateFeatures (node_modules/framer-motion/dist/cjs/index-legacy-87714a68.js:4267:25)
      at node_modules/framer-motion/dist/cjs/index.js:103:23
      at commitHookEffectListMount (node_modules/react-dom/cjs/react-dom.development.js:23189:26)
      at commitPassiveMountOnFiber (node_modules/react-dom/cjs/react-dom.development.js:24970:11)
      at commitPassiveMountEffects_complete (node_modules/react-dom/cjs/react-dom.development.js:24930:9)
      at commitPassiveMountEffects_begin (node_modules/react-dom/cjs/react-dom.development.js:24917:7)
      at commitPassiveMountEffects (node_modules/react-dom/cjs/react-dom.development.js:24905:3)
      at flushPassiveEffectsImpl (node_modules/react-dom/cjs/react-dom.development.js:27078:3)
      at flushPassiveEffects (node_modules/react-dom/cjs/react-dom.development.js:27023:14)
      at node_modules/react-dom/cjs/react-dom.development.js:26808:9
      at flushActQueue (node_modules/react/cjs/react.development.js:2667:24)
      at act (node_modules/react/cjs/react.development.js:2582:11)
      at node_modules/@testing-library/react/dist/act-compat.js:47:25
      at renderRoot (node_modules/@testing-library/react/dist/pure.js:180:26)
      at render (node_modules/@testing-library/react/dist/pure.js:271:10)
      at renderWithProviders (components/contact/__tests__/FAQAccordion.test.tsx:21:16)
      at Object.renderWithProviders (components/contact/__tests__/FAQAccordion.test.tsx:53:5)

FAIL components/contact/__tests__/ContactForm.test.tsx
  ● Console

    console.error
      Error: Uncaught [ReferenceError: IntersectionObserver is not defined]
          at reportException (C:\Users\Rosaire\Desktop\Portfolio\node_modules\jsdom\lib\jsdom\living\helpers\runtime-script-errors.js:66:24)
          at innerInvokeEventListeners (C:\Users\Rosaire\Desktop\Portfolio\node_modules\jsdom\lib\jsdom\living\events\EventTarget-impl.js:353:9)
          at invokeEventListeners (C:\Users\Rosaire\Desktop\Portfolio\node_modules\jsdom\lib\jsdom\living\events\EventTarget-impl.js:286:3)
          at HTMLUnknownElementImpl._dispatch (C:\Users\Rosaire\Desktop\Portfolio\node_modules\jsdom\lib\jsdom\living\events\EventTarget-impl.js:233:9)
          at HTMLUnknownElementImpl.dispatchEvent (C:\Users\Rosaire\Desktop\Portfolio\node_modules\jsdom\lib\jsdom\living\events\EventTarget-impl.js:104:17)
          at HTMLUnknownElement.dispatchEvent (C:\Users\Rosaire\Desktop\Portfolio\node_modules\jsdom\lib\jsdom\living\generated\EventTarget.js:241:34)
          at Object.invokeGuardedCallbackDev (C:\Users\Rosaire\Desktop\Portfolio\node_modules\react-dom\cjs\react-dom.development.js:4213:16)
          at invokeGuardedCallback (C:\Users\Rosaire\Desktop\Portfolio\node_modules\react-dom\cjs\react-dom.development.js:4277:31)
          at reportUncaughtErrorInDEV (C:\Users\Rosaire\Desktop\Portfolio\node_modules\react-dom\cjs\react-dom.development.js:22877:5)
          at captureCommitPhaseError (C:\Users\Rosaire\Desktop\Portfolio\node_modules\react-dom\cjs\react-dom.development.js:27165:5)
          at commitPassiveMountEffects_complete (C:\Users\Rosaire\Desktop\Portfolio\node_modules\react-dom\cjs\react-dom.development.js:24932:9)
          at commitPassiveMountEffects_begin (C:\Users\Rosaire\Desktop\Portfolio\node_modules\react-dom\cjs\react-dom.development.js:24917:7)
          at commitPassiveMountEffects (C:\Users\Rosaire\Desktop\Portfolio\node_modules\react-dom\cjs\react-dom.development.js:24905:3)
          at flushPassiveEffectsImpl (C:\Users\Rosaire\Desktop\Portfolio\node_modules\react-dom\cjs\react-dom.development.js:27078:3)
          at flushPassiveEffects (C:\Users\Rosaire\Desktop\Portfolio\node_modules\react-dom\cjs\react-dom.development.js:27023:14)
          at C:\Users\Rosaire\Desktop\Portfolio\node_modules\react-dom\cjs\react-dom.development.js:26808:9
          at flushActQueue (C:\Users\Rosaire\Desktop\Portfolio\node_modules\react\cjs\react.development.js:2667:24)
          at act (C:\Users\Rosaire\Desktop\Portfolio\node_modules\react\cjs\react.development.js:2582:11)
          at C:\Users\Rosaire\Desktop\Portfolio\node_modules\@testing-library\react\dist\act-compat.js:47:25
          at renderRoot (C:\Users\Rosaire\Desktop\Portfolio\node_modules\@testing-library\react\dist\pure.js:180:26)
          at render (C:\Users\Rosaire\Desktop\Portfolio\node_modules\@testing-library\react\dist\pure.js:271:10)
          at renderWithProviders (C:\Users\Rosaire\Desktop\Portfolio\components\contact\__tests__\ContactForm.test.tsx:22:16)
          at Object.renderWithProviders (C:\Users\Rosaire\Desktop\Portfolio\components\contact\__tests__\ContactForm.test.tsx:27:5)
          at Promise.then.completed (C:\Users\Rosaire\Desktop\Portfolio\node_modules\jest-circus\build\utils.js:298:28)
          at new Promise (<anonymous>)
          at callAsyncCircusFn (C:\Users\Rosaire\Desktop\Portfolio\node_modules\jest-circus\build\utils.js:231:10)
          at _callCircusTest (C:\Users\Rosaire\Desktop\Portfolio\node_modules\jest-circus\build\run.js:316:40)
          at processTicksAndRejections (node:internal/process/task_queues:104:5)
          at _runTest (C:\Users\Rosaire\Desktop\Portfolio\node_modules\jest-circus\build\run.js:252:3)
          at _runTestsForDescribeBlock (C:\Users\Rosaire\Desktop\Portfolio\node_modules\jest-circus\build\run.js:126:9)
          at _runTestsForDescribeBlock (C:\Users\Rosaire\Desktop\Portfolio\node_modules\jest-circus\build\run.js:121:9)
          at run (C:\Users\Rosaire\Desktop\Portfolio\node_modules\jest-circus\build\run.js:71:3)
          at runAndTransformResultsToJestFormat (C:\Users\Rosaire\Desktop\Portfolio\node_modules\jest-circus\build\legacy-code-todo-rewrite\jestAdapterInit.js:122:21)
          at jestAdapter (C:\Users\Rosaire\Desktop\Portfolio\node_modules\jest-circus\build\legacy-code-todo-rewrite\jestAdapter.js:79:19)
          at runTestInternal (C:\Users\Rosaire\Desktop\Portfolio\node_modules\jest-runner\build\runTest.js:367:16)
          at runTest (C:\Users\Rosaire\Desktop\Portfolio\node_modules\jest-runner\build\runTest.js:444:34)
          at Object.worker (C:\Users\Rosaire\Desktop\Portfolio\node_modules\jest-runner\build\testWorker.js:106:12) {
        detail: ReferenceError: IntersectionObserver is not defined
            at initIntersectionObserver (C:\Users\Rosaire\Desktop\Portfolio\node_modules\framer-motion\dist\cjs\index.js:1039:34)
            at observeIntersection (C:\Users\Rosaire\Desktop\Portfolio\node_modules\framer-motion\dist\cjs\index.js:1044:39)
            at InViewFeature.startObserver (C:\Users\Rosaire\Desktop\Portfolio\node_modules\framer-motion\dist\cjs\index.js:1101:16)
            at InViewFeature.mount (C:\Users\Rosaire\Desktop\Portfolio\node_modules\framer-motion\dist\cjs\index.js:1104:14)
            at HTMLVisualElement.updateFeatures (C:\Users\Rosaire\Desktop\Portfolio\node_modules\framer-motion\dist\cjs\index-legacy-87714a68.js:4267:25)
            at C:\Users\Rosaire\Desktop\Portfolio\node_modules\framer-motion\dist\cjs\index.js:103:23
            at commitHookEffectListMount (C:\Users\Rosaire\Desktop\Portfolio\node_modules\react-dom\cjs\react-dom.development.js:23189:26)
            at commitPassiveMountOnFiber (C:\Users\Rosaire\Desktop\Portfolio\node_modules\react-dom\cjs\react-dom.development.js:24970:11)
            at commitPassiveMountEffects_complete (C:\Users\Rosaire\Desktop\Portfolio\node_modules\react-dom\cjs\react-dom.development.js:24930:9)
            at commitPassiveMountEffects_begin (C:\Users\Rosaire\Desktop\Portfolio\node_modules\react-dom\cjs\react-dom.development.js:24917:7)
            at commitPassiveMountEffects (C:\Users\Rosaire\Desktop\Portfolio\node_modules\react-dom\cjs\react-dom.development.js:24905:3)
            at flushPassiveEffectsImpl (C:\Users\Rosaire\Desktop\Portfolio\node_modules\react-dom\cjs\react-dom.development.js:27078:3)
            at flushPassiveEffects (C:\Users\Rosaire\Desktop\Portfolio\node_modules\react-dom\cjs\react-dom.development.js:27023:14)
            at C:\Users\Rosaire\Desktop\Portfolio\node_modules\react-dom\cjs\react-dom.development.js:26808:9
            at flushActQueue (C:\Users\Rosaire\Desktop\Portfolio\node_modules\react\cjs\react.development.js:2667:24)
            at act (C:\Users\Rosaire\Desktop\Portfolio\node_modules\react\cjs\react.development.js:2582:11)
            at C:\Users\Rosaire\Desktop\Portfolio\node_modules\@testing-library\react\dist\act-compat.js:47:25
            at renderRoot (C:\Users\Rosaire\Desktop\Portfolio\node_modules\@testing-library\react\dist\pure.js:180:26)
            at render (C:\Users\Rosaire\Desktop\Portfolio\node_modules\@testing-library\react\dist\pure.js:271:10)
            at renderWithProviders (C:\Users\Rosaire\Desktop\Portfolio\components\contact\__tests__\ContactForm.test.tsx:22:16)
            at Object.renderWithProviders (C:\Users\Rosaire\Desktop\Portfolio\components\contact\__tests__\ContactForm.test.tsx:27:5)
            at Promise.then.completed (C:\Users\Rosaire\Desktop\Portfolio\node_modules\jest-circus\build\utils.js:298:28)
            at new Promise (<anonymous>)
            at callAsyncCircusFn (C:\Users\Rosaire\Desktop\Portfolio\node_modules\jest-circus\build\utils.js:231:10)
            at _callCircusTest (C:\Users\Rosaire\Desktop\Portfolio\node_modules\jest-circus\build\run.js:316:40)
            at processTicksAndRejections (node:internal/process/task_queues:104:5)
            at _runTest (C:\Users\Rosaire\Desktop\Portfolio\node_modules\jest-circus\build\run.js:252:3)
            at _runTestsForDescribeBlock (C:\Users\Rosaire\Desktop\Portfolio\node_modules\jest-circus\build\run.js:126:9)
            at _runTestsForDescribeBlock (C:\Users\Rosaire\Desktop\Portfolio\node_modules\jest-circus\build\run.js:121:9)
            at run (C:\Users\Rosaire\Desktop\Portfolio\node_modules\jest-circus\build\run.js:71:3)
            at runAndTransformResultsToJestFormat (C:\Users\Rosaire\Desktop\Portfolio\node_modules\jest-circus\build\legacy-code-todo-rewrite\jestAdapterInit.js:122:21)
            at jestAdapter (C:\Users\Rosaire\Desktop\Portfolio\node_modules\jest-circus\build\legacy-code-todo-rewrite\jestAdapter.js:79:19)
            at runTestInternal (C:\Users\Rosaire\Desktop\Portfolio\node_modules\jest-runner\build\runTest.js:367:16)
            at runTest (C:\Users\Rosaire\Desktop\Portfolio\node_modules\jest-runner\build\runTest.js:444:34)
            at Object.worker (C:\Users\Rosaire\Desktop\Portfolio\node_modules\jest-runner\build\testWorker.js:106:12),
        type: 'unhandled exception'
      }

    [0m [90m 20 |[39m
     [90m 21 |[39m [36mconst[39m renderWithProviders [33m=[39m (component[33m:[39m [33mReact[39m[33m.[39m[33mReactElement[39m) [33m=>[39m {
    [31m[1m>[22m[39m[90m 22 |[39m   [36mreturn[39m render([33m<[39m[33mMockLanguageProvider[39m[33m>[39m{component}[33m<[39m[33m/[39m[33mMockLanguageProvider[39m[33m>[39m)[33m;[39m
     [90m    |[39m                [31m[1m^[22m[39m
     [90m 23 |[39m }[33m;[39m
     [90m 24 |[39m
     [90m 25 |[39m describe([32m'ContactForm'[39m[33m,[39m () [33m=>[39m {[0m

      at VirtualConsole.<anonymous> (node_modules/@jest/environment-jsdom-abstract/build/index.js:87:23)
      at reportException (node_modules/jsdom/lib/jsdom/living/helpers/runtime-script-errors.js:70:28)
      at innerInvokeEventListeners (node_modules/jsdom/lib/jsdom/living/events/EventTarget-impl.js:353:9)
      at invokeEventListeners (node_modules/jsdom/lib/jsdom/living/events/EventTarget-impl.js:286:3)
      at HTMLUnknownElementImpl._dispatch (node_modules/jsdom/lib/jsdom/living/events/EventTarget-impl.js:233:9)
      at HTMLUnknownElementImpl.dispatchEvent (node_modules/jsdom/lib/jsdom/living/events/EventTarget-impl.js:104:17)
      at HTMLUnknownElement.dispatchEvent (node_modules/jsdom/lib/jsdom/living/generated/EventTarget.js:241:34)
      at Object.invokeGuardedCallbackDev (node_modules/react-dom/cjs/react-dom.development.js:4213:16)
      at invokeGuardedCallback (node_modules/react-dom/cjs/react-dom.development.js:4277:31)
      at reportUncaughtErrorInDEV (node_modules/react-dom/cjs/react-dom.development.js:22877:5)
      at captureCommitPhaseError (node_modules/react-dom/cjs/react-dom.development.js:27165:5)
      at commitPassiveMountEffects_complete (node_modules/react-dom/cjs/react-dom.development.js:24932:9)
      at commitPassiveMountEffects_begin (node_modules/react-dom/cjs/react-dom.development.js:24917:7)
      at commitPassiveMountEffects (node_modules/react-dom/cjs/react-dom.development.js:24905:3)
      at flushPassiveEffectsImpl (node_modules/react-dom/cjs/react-dom.development.js:27078:3)
      at flushPassiveEffects (node_modules/react-dom/cjs/react-dom.development.js:27023:14)
      at node_modules/react-dom/cjs/react-dom.development.js:26808:9
      at flushActQueue (node_modules/react/cjs/react.development.js:2667:24)
      at act (node_modules/react/cjs/react.development.js:2582:11)
      at node_modules/@testing-library/react/dist/act-compat.js:47:25
      at renderRoot (node_modules/@testing-library/react/dist/pure.js:180:26)
      at render (node_modules/@testing-library/react/dist/pure.js:271:10)
      at renderWithProviders (components/contact/__tests__/ContactForm.test.tsx:22:16)
      at Object.renderWithProviders (components/contact/__tests__/ContactForm.test.tsx:27:5)

    console.error
      The above error occurred in the <ForwardRef(MotionComponent)> component:
      
          at MotionComponent (C:\Users\Rosaire\Desktop\Portfolio\node_modules\framer-motion\dist\cjs\index.js:202:22)
          at ContactForm (C:\Users\Rosaire\Desktop\Portfolio\components\contact\ContactForm.tsx:9:43)
          at children (C:\Users\Rosaire\Desktop\Portfolio\components\contact\__tests__\ContactForm.test.tsx:9:33)
      
      Consider adding an error boundary to your tree to customize error handling behavior.
      Visit https://reactjs.org/link/error-boundaries to learn more about error boundaries.

    [0m [90m 20 |[39m
     [90m 21 |[39m [36mconst[39m renderWithProviders [33m=[39m (component[33m:[39m [33mReact[39m[33m.[39m[33mReactElement[39m) [33m=>[39m {
    [31m[1m>[22m[39m[90m 22 |[39m   [36mreturn[39m render([33m<[39m[33mMockLanguageProvider[39m[33m>[39m{component}[33m<[39m[33m/[39m[33mMockLanguageProvider[39m[33m>[39m)[33m;[39m
     [90m    |[39m                [31m[1m^[22m[39m
     [90m 23 |[39m }[33m;[39m
     [90m 24 |[39m
     [90m 25 |[39m describe([32m'ContactForm'[39m[33m,[39m () [33m=>[39m {[0m

      at logCapturedError (node_modules/react-dom/cjs/react-dom.development.js:18704:23)
      at update.callback (node_modules/react-dom/cjs/react-dom.development.js:18737:5)
      at callCallback (node_modules/react-dom/cjs/react-dom.development.js:15036:12)
      at commitUpdateQueue (node_modules/react-dom/cjs/react-dom.development.js:15057:9)
      at commitLayoutEffectOnFiber (node_modules/react-dom/cjs/react-dom.development.js:23430:13)
      at commitLayoutMountEffects_complete (node_modules/react-dom/cjs/react-dom.development.js:24727:9)
      at commitLayoutEffects_begin (node_modules/react-dom/cjs/react-dom.development.js:24713:7)
      at commitLayoutEffects (node_modules/react-dom/cjs/react-dom.development.js:24651:3)
      at commitRootImpl (node_modules/react-dom/cjs/react-dom.development.js:26862:5)
      at commitRoot (node_modules/react-dom/cjs/react-dom.development.js:26721:5)
      at performSyncWorkOnRoot (node_modules/react-dom/cjs/react-dom.development.js:26156:3)
      at flushSyncCallbacks (node_modules/react-dom/cjs/react-dom.development.js:12042:22)
      at flushPassiveEffectsImpl (node_modules/react-dom/cjs/react-dom.development.js:27099:3)
      at flushPassiveEffects (node_modules/react-dom/cjs/react-dom.development.js:27023:14)
      at node_modules/react-dom/cjs/react-dom.development.js:26808:9
      at flushActQueue (node_modules/react/cjs/react.development.js:2667:24)
      at act (node_modules/react/cjs/react.development.js:2582:11)
      at node_modules/@testing-library/react/dist/act-compat.js:47:25
      at renderRoot (node_modules/@testing-library/react/dist/pure.js:180:26)
      at render (node_modules/@testing-library/react/dist/pure.js:271:10)
      at renderWithProviders (components/contact/__tests__/ContactForm.test.tsx:22:16)
      at Object.renderWithProviders (components/contact/__tests__/ContactForm.test.tsx:27:5)

    console.error
      Error: Uncaught [ReferenceError: IntersectionObserver is not defined]
          at reportException (C:\Users\Rosaire\Desktop\Portfolio\node_modules\jsdom\lib\jsdom\living\helpers\runtime-script-errors.js:66:24)
          at innerInvokeEventListeners (C:\Users\Rosaire\Desktop\Portfolio\node_modules\jsdom\lib\jsdom\living\events\EventTarget-impl.js:353:9)
          at invokeEventListeners (C:\Users\Rosaire\Desktop\Portfolio\node_modules\jsdom\lib\jsdom\living\events\EventTarget-impl.js:286:3)
          at HTMLUnknownElementImpl._dispatch (C:\Users\Rosaire\Desktop\Portfolio\node_modules\jsdom\lib\jsdom\living\events\EventTarget-impl.js:233:9)
          at HTMLUnknownElementImpl.dispatchEvent (C:\Users\Rosaire\Desktop\Portfolio\node_modules\jsdom\lib\jsdom\living\events\EventTarget-impl.js:104:17)
          at HTMLUnknownElement.dispatchEvent (C:\Users\Rosaire\Desktop\Portfolio\node_modules\jsdom\lib\jsdom\living\generated\EventTarget.js:241:34)
          at Object.invokeGuardedCallbackDev (C:\Users\Rosaire\Desktop\Portfolio\node_modules\react-dom\cjs\react-dom.development.js:4213:16)
          at invokeGuardedCallback (C:\Users\Rosaire\Desktop\Portfolio\node_modules\react-dom\cjs\react-dom.development.js:4277:31)
          at reportUncaughtErrorInDEV (C:\Users\Rosaire\Desktop\Portfolio\node_modules\react-dom\cjs\react-dom.development.js:22877:5)
          at captureCommitPhaseError (C:\Users\Rosaire\Desktop\Portfolio\node_modules\react-dom\cjs\react-dom.development.js:27165:5)
          at commitPassiveMountEffects_complete (C:\Users\Rosaire\Desktop\Portfolio\node_modules\react-dom\cjs\react-dom.development.js:24932:9)
          at commitPassiveMountEffects_begin (C:\Users\Rosaire\Desktop\Portfolio\node_modules\react-dom\cjs\react-dom.development.js:24917:7)
          at commitPassiveMountEffects (C:\Users\Rosaire\Desktop\Portfolio\node_modules\react-dom\cjs\react-dom.development.js:24905:3)
          at flushPassiveEffectsImpl (C:\Users\Rosaire\Desktop\Portfolio\node_modules\react-dom\cjs\react-dom.development.js:27078:3)
          at flushPassiveEffects (C:\Users\Rosaire\Desktop\Portfolio\node_modules\react-dom\cjs\react-dom.development.js:27023:14)
          at C:\Users\Rosaire\Desktop\Portfolio\node_modules\react-dom\cjs\react-dom.development.js:26808:9
          at flushActQueue (C:\Users\Rosaire\Desktop\Portfolio\node_modules\react\cjs\react.development.js:2667:24)
          at act (C:\Users\Rosaire\Desktop\Portfolio\node_modules\react\cjs\react.development.js:2582:11)
          at C:\Users\Rosaire\Desktop\Portfolio\node_modules\@testing-library\react\dist\act-compat.js:47:25
          at renderRoot (C:\Users\Rosaire\Desktop\Portfolio\node_modules\@testing-library\react\dist\pure.js:180:26)
          at render (C:\Users\Rosaire\Desktop\Portfolio\node_modules\@testing-library\react\dist\pure.js:271:10)
          at renderWithProviders (C:\Users\Rosaire\Desktop\Portfolio\components\contact\__tests__\ContactForm.test.tsx:22:16)
          at Object.renderWithProviders (C:\Users\Rosaire\Desktop\Portfolio\components\contact\__tests__\ContactForm.test.tsx:34:5)
          at Promise.then.completed (C:\Users\Rosaire\Desktop\Portfolio\node_modules\jest-circus\build\utils.js:298:28)
          at new Promise (<anonymous>)
          at callAsyncCircusFn (C:\Users\Rosaire\Desktop\Portfolio\node_modules\jest-circus\build\utils.js:231:10)
          at _callCircusTest (C:\Users\Rosaire\Desktop\Portfolio\node_modules\jest-circus\build\run.js:316:40)
          at processTicksAndRejections (node:internal/process/task_queues:104:5)
          at _runTest (C:\Users\Rosaire\Desktop\Portfolio\node_modules\jest-circus\build\run.js:252:3)
          at _runTestsForDescribeBlock (C:\Users\Rosaire\Desktop\Portfolio\node_modules\jest-circus\build\run.js:126:9)
          at _runTestsForDescribeBlock (C:\Users\Rosaire\Desktop\Portfolio\node_modules\jest-circus\build\run.js:121:9)
          at run (C:\Users\Rosaire\Desktop\Portfolio\node_modules\jest-circus\build\run.js:71:3)
          at runAndTransformResultsToJestFormat (C:\Users\Rosaire\Desktop\Portfolio\node_modules\jest-circus\build\legacy-code-todo-rewrite\jestAdapterInit.js:122:21)
          at jestAdapter (C:\Users\Rosaire\Desktop\Portfolio\node_modules\jest-circus\build\legacy-code-todo-rewrite\jestAdapter.js:79:19)
          at runTestInternal (C:\Users\Rosaire\Desktop\Portfolio\node_modules\jest-runner\build\runTest.js:367:16)
          at runTest (C:\Users\Rosaire\Desktop\Portfolio\node_modules\jest-runner\build\runTest.js:444:34)
          at Object.worker (C:\Users\Rosaire\Desktop\Portfolio\node_modules\jest-runner\build\testWorker.js:106:12) {
        detail: ReferenceError: IntersectionObserver is not defined
            at initIntersectionObserver (C:\Users\Rosaire\Desktop\Portfolio\node_modules\framer-motion\dist\cjs\index.js:1039:34)
            at observeIntersection (C:\Users\Rosaire\Desktop\Portfolio\node_modules\framer-motion\dist\cjs\index.js:1044:39)
            at InViewFeature.startObserver (C:\Users\Rosaire\Desktop\Portfolio\node_modules\framer-motion\dist\cjs\index.js:1101:16)
            at InViewFeature.mount (C:\Users\Rosaire\Desktop\Portfolio\node_modules\framer-motion\dist\cjs\index.js:1104:14)
            at HTMLVisualElement.updateFeatures (C:\Users\Rosaire\Desktop\Portfolio\node_modules\framer-motion\dist\cjs\index-legacy-87714a68.js:4267:25)
            at C:\Users\Rosaire\Desktop\Portfolio\node_modules\framer-motion\dist\cjs\index.js:103:23
            at commitHookEffectListMount (C:\Users\Rosaire\Desktop\Portfolio\node_modules\react-dom\cjs\react-dom.development.js:23189:26)
            at commitPassiveMountOnFiber (C:\Users\Rosaire\Desktop\Portfolio\node_modules\react-dom\cjs\react-dom.development.js:24970:11)
            at commitPassiveMountEffects_complete (C:\Users\Rosaire\Desktop\Portfolio\node_modules\react-dom\cjs\react-dom.development.js:24930:9)
            at commitPassiveMountEffects_begin (C:\Users\Rosaire\Desktop\Portfolio\node_modules\react-dom\cjs\react-dom.development.js:24917:7)
            at commitPassiveMountEffects (C:\Users\Rosaire\Desktop\Portfolio\node_modules\react-dom\cjs\react-dom.development.js:24905:3)
            at flushPassiveEffectsImpl (C:\Users\Rosaire\Desktop\Portfolio\node_modules\react-dom\cjs\react-dom.development.js:27078:3)
            at flushPassiveEffects (C:\Users\Rosaire\Desktop\Portfolio\node_modules\react-dom\cjs\react-dom.development.js:27023:14)
            at C:\Users\Rosaire\Desktop\Portfolio\node_modules\react-dom\cjs\react-dom.development.js:26808:9
            at flushActQueue (C:\Users\Rosaire\Desktop\Portfolio\node_modules\react\cjs\react.development.js:2667:24)
            at act (C:\Users\Rosaire\Desktop\Portfolio\node_modules\react\cjs\react.development.js:2582:11)
            at C:\Users\Rosaire\Desktop\Portfolio\node_modules\@testing-library\react\dist\act-compat.js:47:25
            at renderRoot (C:\Users\Rosaire\Desktop\Portfolio\node_modules\@testing-library\react\dist\pure.js:180:26)
            at render (C:\Users\Rosaire\Desktop\Portfolio\node_modules\@testing-library\react\dist\pure.js:271:10)
            at renderWithProviders (C:\Users\Rosaire\Desktop\Portfolio\components\contact\__tests__\ContactForm.test.tsx:22:16)
            at Object.renderWithProviders (C:\Users\Rosaire\Desktop\Portfolio\components\contact\__tests__\ContactForm.test.tsx:34:5)
            at Promise.then.completed (C:\Users\Rosaire\Desktop\Portfolio\node_modules\jest-circus\build\utils.js:298:28)
            at new Promise (<anonymous>)
            at callAsyncCircusFn (C:\Users\Rosaire\Desktop\Portfolio\node_modules\jest-circus\build\utils.js:231:10)
            at _callCircusTest (C:\Users\Rosaire\Desktop\Portfolio\node_modules\jest-circus\build\run.js:316:40)
            at processTicksAndRejections (node:internal/process/task_queues:104:5)
            at _runTest (C:\Users\Rosaire\Desktop\Portfolio\node_modules\jest-circus\build\run.js:252:3)
            at _runTestsForDescribeBlock (C:\Users\Rosaire\Desktop\Portfolio\node_modules\jest-circus\build\run.js:126:9)
            at _runTestsForDescribeBlock (C:\Users\Rosaire\Desktop\Portfolio\node_modules\jest-circus\build\run.js:121:9)
            at run (C:\Users\Rosaire\Desktop\Portfolio\node_modules\jest-circus\build\run.js:71:3)
            at runAndTransformResultsToJestFormat (C:\Users\Rosaire\Desktop\Portfolio\node_modules\jest-circus\build\legacy-code-todo-rewrite\jestAdapterInit.js:122:21)
            at jestAdapter (C:\Users\Rosaire\Desktop\Portfolio\node_modules\jest-circus\build\legacy-code-todo-rewrite\jestAdapter.js:79:19)
            at runTestInternal (C:\Users\Rosaire\Desktop\Portfolio\node_modules\jest-runner\build\runTest.js:367:16)
            at runTest (C:\Users\Rosaire\Desktop\Portfolio\node_modules\jest-runner\build\runTest.js:444:34)
            at Object.worker (C:\Users\Rosaire\Desktop\Portfolio\node_modules\jest-runner\build\testWorker.js:106:12),
        type: 'unhandled exception'
      }

    [0m [90m 20 |[39m
     [90m 21 |[39m [36mconst[39m renderWithProviders [33m=[39m (component[33m:[39m [33mReact[39m[33m.[39m[33mReactElement[39m) [33m=>[39m {
    [31m[1m>[22m[39m[90m 22 |[39m   [36mreturn[39m render([33m<[39m[33mMockLanguageProvider[39m[33m>[39m{component}[33m<[39m[33m/[39m[33mMockLanguageProvider[39m[33m>[39m)[33m;[39m
     [90m    |[39m                [31m[1m^[22m[39m
     [90m 23 |[39m }[33m;[39m
     [90m 24 |[39m
     [90m 25 |[39m describe([32m'ContactForm'[39m[33m,[39m () [33m=>[39m {[0m

      at VirtualConsole.<anonymous> (node_modules/@jest/environment-jsdom-abstract/build/index.js:87:23)
      at reportException (node_modules/jsdom/lib/jsdom/living/helpers/runtime-script-errors.js:70:28)
      at innerInvokeEventListeners (node_modules/jsdom/lib/jsdom/living/events/EventTarget-impl.js:353:9)
      at invokeEventListeners (node_modules/jsdom/lib/jsdom/living/events/EventTarget-impl.js:286:3)
      at HTMLUnknownElementImpl._dispatch (node_modules/jsdom/lib/jsdom/living/events/EventTarget-impl.js:233:9)
      at HTMLUnknownElementImpl.dispatchEvent (node_modules/jsdom/lib/jsdom/living/events/EventTarget-impl.js:104:17)
      at HTMLUnknownElement.dispatchEvent (node_modules/jsdom/lib/jsdom/living/generated/EventTarget.js:241:34)
      at Object.invokeGuardedCallbackDev (node_modules/react-dom/cjs/react-dom.development.js:4213:16)
      at invokeGuardedCallback (node_modules/react-dom/cjs/react-dom.development.js:4277:31)
      at reportUncaughtErrorInDEV (node_modules/react-dom/cjs/react-dom.development.js:22877:5)
      at captureCommitPhaseError (node_modules/react-dom/cjs/react-dom.development.js:27165:5)
      at commitPassiveMountEffects_complete (node_modules/react-dom/cjs/react-dom.development.js:24932:9)
      at commitPassiveMountEffects_begin (node_modules/react-dom/cjs/react-dom.development.js:24917:7)
      at commitPassiveMountEffects (node_modules/react-dom/cjs/react-dom.development.js:24905:3)
      at flushPassiveEffectsImpl (node_modules/react-dom/cjs/react-dom.development.js:27078:3)
      at flushPassiveEffects (node_modules/react-dom/cjs/react-dom.development.js:27023:14)
      at node_modules/react-dom/cjs/react-dom.development.js:26808:9
      at flushActQueue (node_modules/react/cjs/react.development.js:2667:24)
      at act (node_modules/react/cjs/react.development.js:2582:11)
      at node_modules/@testing-library/react/dist/act-compat.js:47:25
      at renderRoot (node_modules/@testing-library/react/dist/pure.js:180:26)
      at render (node_modules/@testing-library/react/dist/pure.js:271:10)
      at renderWithProviders (components/contact/__tests__/ContactForm.test.tsx:22:16)
      at Object.renderWithProviders (components/contact/__tests__/ContactForm.test.tsx:34:5)

    console.error
      The above error occurred in the <ForwardRef(MotionComponent)> component:
      
          at MotionComponent (C:\Users\Rosaire\Desktop\Portfolio\node_modules\framer-motion\dist\cjs\index.js:202:22)
          at ContactForm (C:\Users\Rosaire\Desktop\Portfolio\components\contact\ContactForm.tsx:9:43)
          at children (C:\Users\Rosaire\Desktop\Portfolio\components\contact\__tests__\ContactForm.test.tsx:9:33)
      
      Consider adding an error boundary to your tree to customize error handling behavior.
      Visit https://reactjs.org/link/error-boundaries to learn more about error boundaries.

    [0m [90m 20 |[39m
     [90m 21 |[39m [36mconst[39m renderWithProviders [33m=[39m (component[33m:[39m [33mReact[39m[33m.[39m[33mReactElement[39m) [33m=>[39m {
    [31m[1m>[22m[39m[90m 22 |[39m   [36mreturn[39m render([33m<[39m[33mMockLanguageProvider[39m[33m>[39m{component}[33m<[39m[33m/[39m[33mMockLanguageProvider[39m[33m>[39m)[33m;[39m
     [90m    |[39m                [31m[1m^[22m[39m
     [90m 23 |[39m }[33m;[39m
     [90m 24 |[39m
     [90m 25 |[39m describe([32m'ContactForm'[39m[33m,[39m () [33m=>[39m {[0m

      at logCapturedError (node_modules/react-dom/cjs/react-dom.development.js:18704:23)
      at update.callback (node_modules/react-dom/cjs/react-dom.development.js:18737:5)
      at callCallback (node_modules/react-dom/cjs/react-dom.development.js:15036:12)
      at commitUpdateQueue (node_modules/react-dom/cjs/react-dom.development.js:15057:9)
      at commitLayoutEffectOnFiber (node_modules/react-dom/cjs/react-dom.development.js:23430:13)
      at commitLayoutMountEffects_complete (node_modules/react-dom/cjs/react-dom.development.js:24727:9)
      at commitLayoutEffects_begin (node_modules/react-dom/cjs/react-dom.development.js:24713:7)
      at commitLayoutEffects (node_modules/react-dom/cjs/react-dom.development.js:24651:3)
      at commitRootImpl (node_modules/react-dom/cjs/react-dom.development.js:26862:5)
      at commitRoot (node_modules/react-dom/cjs/react-dom.development.js:26721:5)
      at performSyncWorkOnRoot (node_modules/react-dom/cjs/react-dom.development.js:26156:3)
      at flushSyncCallbacks (node_modules/react-dom/cjs/react-dom.development.js:12042:22)
      at flushPassiveEffectsImpl (node_modules/react-dom/cjs/react-dom.development.js:27099:3)
      at flushPassiveEffects (node_modules/react-dom/cjs/react-dom.development.js:27023:14)
      at node_modules/react-dom/cjs/react-dom.development.js:26808:9
      at flushActQueue (node_modules/react/cjs/react.development.js:2667:24)
      at act (node_modules/react/cjs/react.development.js:2582:11)
      at node_modules/@testing-library/react/dist/act-compat.js:47:25
      at renderRoot (node_modules/@testing-library/react/dist/pure.js:180:26)
      at render (node_modules/@testing-library/react/dist/pure.js:271:10)
      at renderWithProviders (components/contact/__tests__/ContactForm.test.tsx:22:16)
      at Object.renderWithProviders (components/contact/__tests__/ContactForm.test.tsx:34:5)

    console.error
      Error: Uncaught [ReferenceError: IntersectionObserver is not defined]
          at reportException (C:\Users\Rosaire\Desktop\Portfolio\node_modules\jsdom\lib\jsdom\living\helpers\runtime-script-errors.js:66:24)
          at innerInvokeEventListeners (C:\Users\Rosaire\Desktop\Portfolio\node_modules\jsdom\lib\jsdom\living\events\EventTarget-impl.js:353:9)
          at invokeEventListeners (C:\Users\Rosaire\Desktop\Portfolio\node_modules\jsdom\lib\jsdom\living\events\EventTarget-impl.js:286:3)
          at HTMLUnknownElementImpl._dispatch (C:\Users\Rosaire\Desktop\Portfolio\node_modules\jsdom\lib\jsdom\living\events\EventTarget-impl.js:233:9)
          at HTMLUnknownElementImpl.dispatchEvent (C:\Users\Rosaire\Desktop\Portfolio\node_modules\jsdom\lib\jsdom\living\events\EventTarget-impl.js:104:17)
          at HTMLUnknownElement.dispatchEvent (C:\Users\Rosaire\Desktop\Portfolio\node_modules\jsdom\lib\jsdom\living\generated\EventTarget.js:241:34)
          at Object.invokeGuardedCallbackDev (C:\Users\Rosaire\Desktop\Portfolio\node_modules\react-dom\cjs\react-dom.development.js:4213:16)
          at invokeGuardedCallback (C:\Users\Rosaire\Desktop\Portfolio\node_modules\react-dom\cjs\react-dom.development.js:4277:31)
          at reportUncaughtErrorInDEV (C:\Users\Rosaire\Desktop\Portfolio\node_modules\react-dom\cjs\react-dom.development.js:22877:5)
          at captureCommitPhaseError (C:\Users\Rosaire\Desktop\Portfolio\node_modules\react-dom\cjs\react-dom.development.js:27165:5)
          at commitPassiveMountEffects_complete (C:\Users\Rosaire\Desktop\Portfolio\node_modules\react-dom\cjs\react-dom.development.js:24932:9)
          at commitPassiveMountEffects_begin (C:\Users\Rosaire\Desktop\Portfolio\node_modules\react-dom\cjs\react-dom.development.js:24917:7)
          at commitPassiveMountEffects (C:\Users\Rosaire\Desktop\Portfolio\node_modules\react-dom\cjs\react-dom.development.js:24905:3)
          at flushPassiveEffectsImpl (C:\Users\Rosaire\Desktop\Portfolio\node_modules\react-dom\cjs\react-dom.development.js:27078:3)
          at flushPassiveEffects (C:\Users\Rosaire\Desktop\Portfolio\node_modules\react-dom\cjs\react-dom.development.js:27023:14)
          at C:\Users\Rosaire\Desktop\Portfolio\node_modules\react-dom\cjs\react-dom.development.js:26808:9
          at flushActQueue (C:\Users\Rosaire\Desktop\Portfolio\node_modules\react\cjs\react.development.js:2667:24)
          at act (C:\Users\Rosaire\Desktop\Portfolio\node_modules\react\cjs\react.development.js:2582:11)
          at C:\Users\Rosaire\Desktop\Portfolio\node_modules\@testing-library\react\dist\act-compat.js:47:25
          at renderRoot (C:\Users\Rosaire\Desktop\Portfolio\node_modules\@testing-library\react\dist\pure.js:180:26)
          at render (C:\Users\Rosaire\Desktop\Portfolio\node_modules\@testing-library\react\dist\pure.js:271:10)
          at renderWithProviders (C:\Users\Rosaire\Desktop\Portfolio\components\contact\__tests__\ContactForm.test.tsx:22:16)
          at Object.renderWithProviders (C:\Users\Rosaire\Desktop\Portfolio\components\contact\__tests__\ContactForm.test.tsx:43:5)
          at Promise.then.completed (C:\Users\Rosaire\Desktop\Portfolio\node_modules\jest-circus\build\utils.js:298:28)
          at new Promise (<anonymous>)
          at callAsyncCircusFn (C:\Users\Rosaire\Desktop\Portfolio\node_modules\jest-circus\build\utils.js:231:10)
          at _callCircusTest (C:\Users\Rosaire\Desktop\Portfolio\node_modules\jest-circus\build\run.js:316:40)
          at processTicksAndRejections (node:internal/process/task_queues:104:5)
          at _runTest (C:\Users\Rosaire\Desktop\Portfolio\node_modules\jest-circus\build\run.js:252:3)
          at _runTestsForDescribeBlock (C:\Users\Rosaire\Desktop\Portfolio\node_modules\jest-circus\build\run.js:126:9)
          at _runTestsForDescribeBlock (C:\Users\Rosaire\Desktop\Portfolio\node_modules\jest-circus\build\run.js:121:9)
          at run (C:\Users\Rosaire\Desktop\Portfolio\node_modules\jest-circus\build\run.js:71:3)
          at runAndTransformResultsToJestFormat (C:\Users\Rosaire\Desktop\Portfolio\node_modules\jest-circus\build\legacy-code-todo-rewrite\jestAdapterInit.js:122:21)
          at jestAdapter (C:\Users\Rosaire\Desktop\Portfolio\node_modules\jest-circus\build\legacy-code-todo-rewrite\jestAdapter.js:79:19)
          at runTestInternal (C:\Users\Rosaire\Desktop\Portfolio\node_modules\jest-runner\build\runTest.js:367:16)
          at runTest (C:\Users\Rosaire\Desktop\Portfolio\node_modules\jest-runner\build\runTest.js:444:34)
          at Object.worker (C:\Users\Rosaire\Desktop\Portfolio\node_modules\jest-runner\build\testWorker.js:106:12) {
        detail: ReferenceError: IntersectionObserver is not defined
            at initIntersectionObserver (C:\Users\Rosaire\Desktop\Portfolio\node_modules\framer-motion\dist\cjs\index.js:1039:34)
            at observeIntersection (C:\Users\Rosaire\Desktop\Portfolio\node_modules\framer-motion\dist\cjs\index.js:1044:39)
            at InViewFeature.startObserver (C:\Users\Rosaire\Desktop\Portfolio\node_modules\framer-motion\dist\cjs\index.js:1101:16)
            at InViewFeature.mount (C:\Users\Rosaire\Desktop\Portfolio\node_modules\framer-motion\dist\cjs\index.js:1104:14)
            at HTMLVisualElement.updateFeatures (C:\Users\Rosaire\Desktop\Portfolio\node_modules\framer-motion\dist\cjs\index-legacy-87714a68.js:4267:25)
            at C:\Users\Rosaire\Desktop\Portfolio\node_modules\framer-motion\dist\cjs\index.js:103:23
            at commitHookEffectListMount (C:\Users\Rosaire\Desktop\Portfolio\node_modules\react-dom\cjs\react-dom.development.js:23189:26)
            at commitPassiveMountOnFiber (C:\Users\Rosaire\Desktop\Portfolio\node_modules\react-dom\cjs\react-dom.development.js:24970:11)
            at commitPassiveMountEffects_complete (C:\Users\Rosaire\Desktop\Portfolio\node_modules\react-dom\cjs\react-dom.development.js:24930:9)
            at commitPassiveMountEffects_begin (C:\Users\Rosaire\Desktop\Portfolio\node_modules\react-dom\cjs\react-dom.development.js:24917:7)
            at commitPassiveMountEffects (C:\Users\Rosaire\Desktop\Portfolio\node_modules\react-dom\cjs\react-dom.development.js:24905:3)
            at flushPassiveEffectsImpl (C:\Users\Rosaire\Desktop\Portfolio\node_modules\react-dom\cjs\react-dom.development.js:27078:3)
            at flushPassiveEffects (C:\Users\Rosaire\Desktop\Portfolio\node_modules\react-dom\cjs\react-dom.development.js:27023:14)
            at C:\Users\Rosaire\Desktop\Portfolio\node_modules\react-dom\cjs\react-dom.development.js:26808:9
            at flushActQueue (C:\Users\Rosaire\Desktop\Portfolio\node_modules\react\cjs\react.development.js:2667:24)
            at act (C:\Users\Rosaire\Desktop\Portfolio\node_modules\react\cjs\react.development.js:2582:11)
            at C:\Users\Rosaire\Desktop\Portfolio\node_modules\@testing-library\react\dist\act-compat.js:47:25
            at renderRoot (C:\Users\Rosaire\Desktop\Portfolio\node_modules\@testing-library\react\dist\pure.js:180:26)
            at render (C:\Users\Rosaire\Desktop\Portfolio\node_modules\@testing-library\react\dist\pure.js:271:10)
            at renderWithProviders (C:\Users\Rosaire\Desktop\Portfolio\components\contact\__tests__\ContactForm.test.tsx:22:16)
            at Object.renderWithProviders (C:\Users\Rosaire\Desktop\Portfolio\components\contact\__tests__\ContactForm.test.tsx:43:5)
            at Promise.then.completed (C:\Users\Rosaire\Desktop\Portfolio\node_modules\jest-circus\build\utils.js:298:28)
            at new Promise (<anonymous>)
            at callAsyncCircusFn (C:\Users\Rosaire\Desktop\Portfolio\node_modules\jest-circus\build\utils.js:231:10)
            at _callCircusTest (C:\Users\Rosaire\Desktop\Portfolio\node_modules\jest-circus\build\run.js:316:40)
            at processTicksAndRejections (node:internal/process/task_queues:104:5)
            at _runTest (C:\Users\Rosaire\Desktop\Portfolio\node_modules\jest-circus\build\run.js:252:3)
            at _runTestsForDescribeBlock (C:\Users\Rosaire\Desktop\Portfolio\node_modules\jest-circus\build\run.js:126:9)
            at _runTestsForDescribeBlock (C:\Users\Rosaire\Desktop\Portfolio\node_modules\jest-circus\build\run.js:121:9)
            at run (C:\Users\Rosaire\Desktop\Portfolio\node_modules\jest-circus\build\run.js:71:3)
            at runAndTransformResultsToJestFormat (C:\Users\Rosaire\Desktop\Portfolio\node_modules\jest-circus\build\legacy-code-todo-rewrite\jestAdapterInit.js:122:21)
            at jestAdapter (C:\Users\Rosaire\Desktop\Portfolio\node_modules\jest-circus\build\legacy-code-todo-rewrite\jestAdapter.js:79:19)
            at runTestInternal (C:\Users\Rosaire\Desktop\Portfolio\node_modules\jest-runner\build\runTest.js:367:16)
            at runTest (C:\Users\Rosaire\Desktop\Portfolio\node_modules\jest-runner\build\runTest.js:444:34)
            at Object.worker (C:\Users\Rosaire\Desktop\Portfolio\node_modules\jest-runner\build\testWorker.js:106:12),
        type: 'unhandled exception'
      }

    [0m [90m 20 |[39m
     [90m 21 |[39m [36mconst[39m renderWithProviders [33m=[39m (component[33m:[39m [33mReact[39m[33m.[39m[33mReactElement[39m) [33m=>[39m {
    [31m[1m>[22m[39m[90m 22 |[39m   [36mreturn[39m render([33m<[39m[33mMockLanguageProvider[39m[33m>[39m{component}[33m<[39m[33m/[39m[33mMockLanguageProvider[39m[33m>[39m)[33m;[39m
     [90m    |[39m                [31m[1m^[22m[39m
     [90m 23 |[39m }[33m;[39m
     [90m 24 |[39m
     [90m 25 |[39m describe([32m'ContactForm'[39m[33m,[39m () [33m=>[39m {[0m

      at VirtualConsole.<anonymous> (node_modules/@jest/environment-jsdom-abstract/build/index.js:87:23)
      at reportException (node_modules/jsdom/lib/jsdom/living/helpers/runtime-script-errors.js:70:28)
      at innerInvokeEventListeners (node_modules/jsdom/lib/jsdom/living/events/EventTarget-impl.js:353:9)
      at invokeEventListeners (node_modules/jsdom/lib/jsdom/living/events/EventTarget-impl.js:286:3)
      at HTMLUnknownElementImpl._dispatch (node_modules/jsdom/lib/jsdom/living/events/EventTarget-impl.js:233:9)
      at HTMLUnknownElementImpl.dispatchEvent (node_modules/jsdom/lib/jsdom/living/events/EventTarget-impl.js:104:17)
      at HTMLUnknownElement.dispatchEvent (node_modules/jsdom/lib/jsdom/living/generated/EventTarget.js:241:34)
      at Object.invokeGuardedCallbackDev (node_modules/react-dom/cjs/react-dom.development.js:4213:16)
      at invokeGuardedCallback (node_modules/react-dom/cjs/react-dom.development.js:4277:31)
      at reportUncaughtErrorInDEV (node_modules/react-dom/cjs/react-dom.development.js:22877:5)
      at captureCommitPhaseError (node_modules/react-dom/cjs/react-dom.development.js:27165:5)
      at commitPassiveMountEffects_complete (node_modules/react-dom/cjs/react-dom.development.js:24932:9)
      at commitPassiveMountEffects_begin (node_modules/react-dom/cjs/react-dom.development.js:24917:7)
      at commitPassiveMountEffects (node_modules/react-dom/cjs/react-dom.development.js:24905:3)
      at flushPassiveEffectsImpl (node_modules/react-dom/cjs/react-dom.development.js:27078:3)
      at flushPassiveEffects (node_modules/react-dom/cjs/react-dom.development.js:27023:14)
      at node_modules/react-dom/cjs/react-dom.development.js:26808:9
      at flushActQueue (node_modules/react/cjs/react.development.js:2667:24)
      at act (node_modules/react/cjs/react.development.js:2582:11)
      at node_modules/@testing-library/react/dist/act-compat.js:47:25
      at renderRoot (node_modules/@testing-library/react/dist/pure.js:180:26)
      at render (node_modules/@testing-library/react/dist/pure.js:271:10)
      at renderWithProviders (components/contact/__tests__/ContactForm.test.tsx:22:16)
      at Object.renderWithProviders (components/contact/__tests__/ContactForm.test.tsx:43:5)

    console.error
      The above error occurred in the <ForwardRef(MotionComponent)> component:
      
          at MotionComponent (C:\Users\Rosaire\Desktop\Portfolio\node_modules\framer-motion\dist\cjs\index.js:202:22)
          at ContactForm (C:\Users\Rosaire\Desktop\Portfolio\components\contact\ContactForm.tsx:9:43)
          at children (C:\Users\Rosaire\Desktop\Portfolio\components\contact\__tests__\ContactForm.test.tsx:9:33)
      
      Consider adding an error boundary to your tree to customize error handling behavior.
      Visit https://reactjs.org/link/error-boundaries to learn more about error boundaries.

    [0m [90m 20 |[39m
     [90m 21 |[39m [36mconst[39m renderWithProviders [33m=[39m (component[33m:[39m [33mReact[39m[33m.[39m[33mReactElement[39m) [33m=>[39m {
    [31m[1m>[22m[39m[90m 22 |[39m   [36mreturn[39m render([33m<[39m[33mMockLanguageProvider[39m[33m>[39m{component}[33m<[39m[33m/[39m[33mMockLanguageProvider[39m[33m>[39m)[33m;[39m
     [90m    |[39m                [31m[1m^[22m[39m
     [90m 23 |[39m }[33m;[39m
     [90m 24 |[39m
     [90m 25 |[39m describe([32m'ContactForm'[39m[33m,[39m () [33m=>[39m {[0m

      at logCapturedError (node_modules/react-dom/cjs/react-dom.development.js:18704:23)
      at update.callback (node_modules/react-dom/cjs/react-dom.development.js:18737:5)
      at callCallback (node_modules/react-dom/cjs/react-dom.development.js:15036:12)
      at commitUpdateQueue (node_modules/react-dom/cjs/react-dom.development.js:15057:9)
      at commitLayoutEffectOnFiber (node_modules/react-dom/cjs/react-dom.development.js:23430:13)
      at commitLayoutMountEffects_complete (node_modules/react-dom/cjs/react-dom.development.js:24727:9)
      at commitLayoutEffects_begin (node_modules/react-dom/cjs/react-dom.development.js:24713:7)
      at commitLayoutEffects (node_modules/react-dom/cjs/react-dom.development.js:24651:3)
      at commitRootImpl (node_modules/react-dom/cjs/react-dom.development.js:26862:5)
      at commitRoot (node_modules/react-dom/cjs/react-dom.development.js:26721:5)
      at performSyncWorkOnRoot (node_modules/react-dom/cjs/react-dom.development.js:26156:3)
      at flushSyncCallbacks (node_modules/react-dom/cjs/react-dom.development.js:12042:22)
      at flushPassiveEffectsImpl (node_modules/react-dom/cjs/react-dom.development.js:27099:3)
      at flushPassiveEffects (node_modules/react-dom/cjs/react-dom.development.js:27023:14)
      at node_modules/react-dom/cjs/react-dom.development.js:26808:9
      at flushActQueue (node_modules/react/cjs/react.development.js:2667:24)
      at act (node_modules/react/cjs/react.development.js:2582:11)
      at node_modules/@testing-library/react/dist/act-compat.js:47:25
      at renderRoot (node_modules/@testing-library/react/dist/pure.js:180:26)
      at render (node_modules/@testing-library/react/dist/pure.js:271:10)
      at renderWithProviders (components/contact/__tests__/ContactForm.test.tsx:22:16)
      at Object.renderWithProviders (components/contact/__tests__/ContactForm.test.tsx:43:5)

    console.error
      Error: Uncaught [ReferenceError: IntersectionObserver is not defined]
          at reportException (C:\Users\Rosaire\Desktop\Portfolio\node_modules\jsdom\lib\jsdom\living\helpers\runtime-script-errors.js:66:24)
          at innerInvokeEventListeners (C:\Users\Rosaire\Desktop\Portfolio\node_modules\jsdom\lib\jsdom\living\events\EventTarget-impl.js:353:9)
          at invokeEventListeners (C:\Users\Rosaire\Desktop\Portfolio\node_modules\jsdom\lib\jsdom\living\events\EventTarget-impl.js:286:3)
          at HTMLUnknownElementImpl._dispatch (C:\Users\Rosaire\Desktop\Portfolio\node_modules\jsdom\lib\jsdom\living\events\EventTarget-impl.js:233:9)
          at HTMLUnknownElementImpl.dispatchEvent (C:\Users\Rosaire\Desktop\Portfolio\node_modules\jsdom\lib\jsdom\living\events\EventTarget-impl.js:104:17)
          at HTMLUnknownElement.dispatchEvent (C:\Users\Rosaire\Desktop\Portfolio\node_modules\jsdom\lib\jsdom\living\generated\EventTarget.js:241:34)
          at Object.invokeGuardedCallbackDev (C:\Users\Rosaire\Desktop\Portfolio\node_modules\react-dom\cjs\react-dom.development.js:4213:16)
          at invokeGuardedCallback (C:\Users\Rosaire\Desktop\Portfolio\node_modules\react-dom\cjs\react-dom.development.js:4277:31)
          at reportUncaughtErrorInDEV (C:\Users\Rosaire\Desktop\Portfolio\node_modules\react-dom\cjs\react-dom.development.js:22877:5)
          at captureCommitPhaseError (C:\Users\Rosaire\Desktop\Portfolio\node_modules\react-dom\cjs\react-dom.development.js:27165:5)
          at commitPassiveMountEffects_complete (C:\Users\Rosaire\Desktop\Portfolio\node_modules\react-dom\cjs\react-dom.development.js:24932:9)
          at commitPassiveMountEffects_begin (C:\Users\Rosaire\Desktop\Portfolio\node_modules\react-dom\cjs\react-dom.development.js:24917:7)
          at commitPassiveMountEffects (C:\Users\Rosaire\Desktop\Portfolio\node_modules\react-dom\cjs\react-dom.development.js:24905:3)
          at flushPassiveEffectsImpl (C:\Users\Rosaire\Desktop\Portfolio\node_modules\react-dom\cjs\react-dom.development.js:27078:3)
          at flushPassiveEffects (C:\Users\Rosaire\Desktop\Portfolio\node_modules\react-dom\cjs\react-dom.development.js:27023:14)
          at C:\Users\Rosaire\Desktop\Portfolio\node_modules\react-dom\cjs\react-dom.development.js:26808:9
          at flushActQueue (C:\Users\Rosaire\Desktop\Portfolio\node_modules\react\cjs\react.development.js:2667:24)
          at act (C:\Users\Rosaire\Desktop\Portfolio\node_modules\react\cjs\react.development.js:2582:11)
          at C:\Users\Rosaire\Desktop\Portfolio\node_modules\@testing-library\react\dist\act-compat.js:47:25
          at renderRoot (C:\Users\Rosaire\Desktop\Portfolio\node_modules\@testing-library\react\dist\pure.js:180:26)
          at render (C:\Users\Rosaire\Desktop\Portfolio\node_modules\@testing-library\react\dist\pure.js:271:10)
          at renderWithProviders (C:\Users\Rosaire\Desktop\Portfolio\components\contact\__tests__\ContactForm.test.tsx:22:16)
          at Object.renderWithProviders (C:\Users\Rosaire\Desktop\Portfolio\components\contact\__tests__\ContactForm.test.tsx:48:5)
          at Promise.then.completed (C:\Users\Rosaire\Desktop\Portfolio\node_modules\jest-circus\build\utils.js:298:28)
          at new Promise (<anonymous>)
          at callAsyncCircusFn (C:\Users\Rosaire\Desktop\Portfolio\node_modules\jest-circus\build\utils.js:231:10)
          at _callCircusTest (C:\Users\Rosaire\Desktop\Portfolio\node_modules\jest-circus\build\run.js:316:40)
          at processTicksAndRejections (node:internal/process/task_queues:104:5)
          at _runTest (C:\Users\Rosaire\Desktop\Portfolio\node_modules\jest-circus\build\run.js:252:3)
          at _runTestsForDescribeBlock (C:\Users\Rosaire\Desktop\Portfolio\node_modules\jest-circus\build\run.js:126:9)
          at _runTestsForDescribeBlock (C:\Users\Rosaire\Desktop\Portfolio\node_modules\jest-circus\build\run.js:121:9)
          at run (C:\Users\Rosaire\Desktop\Portfolio\node_modules\jest-circus\build\run.js:71:3)
          at runAndTransformResultsToJestFormat (C:\Users\Rosaire\Desktop\Portfolio\node_modules\jest-circus\build\legacy-code-todo-rewrite\jestAdapterInit.js:122:21)
          at jestAdapter (C:\Users\Rosaire\Desktop\Portfolio\node_modules\jest-circus\build\legacy-code-todo-rewrite\jestAdapter.js:79:19)
          at runTestInternal (C:\Users\Rosaire\Desktop\Portfolio\node_modules\jest-runner\build\runTest.js:367:16)
          at runTest (C:\Users\Rosaire\Desktop\Portfolio\node_modules\jest-runner\build\runTest.js:444:34)
          at Object.worker (C:\Users\Rosaire\Desktop\Portfolio\node_modules\jest-runner\build\testWorker.js:106:12) {
        detail: ReferenceError: IntersectionObserver is not defined
            at initIntersectionObserver (C:\Users\Rosaire\Desktop\Portfolio\node_modules\framer-motion\dist\cjs\index.js:1039:34)
            at observeIntersection (C:\Users\Rosaire\Desktop\Portfolio\node_modules\framer-motion\dist\cjs\index.js:1044:39)
            at InViewFeature.startObserver (C:\Users\Rosaire\Desktop\Portfolio\node_modules\framer-motion\dist\cjs\index.js:1101:16)
            at InViewFeature.mount (C:\Users\Rosaire\Desktop\Portfolio\node_modules\framer-motion\dist\cjs\index.js:1104:14)
            at HTMLVisualElement.updateFeatures (C:\Users\Rosaire\Desktop\Portfolio\node_modules\framer-motion\dist\cjs\index-legacy-87714a68.js:4267:25)
            at C:\Users\Rosaire\Desktop\Portfolio\node_modules\framer-motion\dist\cjs\index.js:103:23
            at commitHookEffectListMount (C:\Users\Rosaire\Desktop\Portfolio\node_modules\react-dom\cjs\react-dom.development.js:23189:26)
            at commitPassiveMountOnFiber (C:\Users\Rosaire\Desktop\Portfolio\node_modules\react-dom\cjs\react-dom.development.js:24970:11)
            at commitPassiveMountEffects_complete (C:\Users\Rosaire\Desktop\Portfolio\node_modules\react-dom\cjs\react-dom.development.js:24930:9)
            at commitPassiveMountEffects_begin (C:\Users\Rosaire\Desktop\Portfolio\node_modules\react-dom\cjs\react-dom.development.js:24917:7)
            at commitPassiveMountEffects (C:\Users\Rosaire\Desktop\Portfolio\node_modules\react-dom\cjs\react-dom.development.js:24905:3)
            at flushPassiveEffectsImpl (C:\Users\Rosaire\Desktop\Portfolio\node_modules\react-dom\cjs\react-dom.development.js:27078:3)
            at flushPassiveEffects (C:\Users\Rosaire\Desktop\Portfolio\node_modules\react-dom\cjs\react-dom.development.js:27023:14)
            at C:\Users\Rosaire\Desktop\Portfolio\node_modules\react-dom\cjs\react-dom.development.js:26808:9
            at flushActQueue (C:\Users\Rosaire\Desktop\Portfolio\node_modules\react\cjs\react.development.js:2667:24)
            at act (C:\Users\Rosaire\Desktop\Portfolio\node_modules\react\cjs\react.development.js:2582:11)
            at C:\Users\Rosaire\Desktop\Portfolio\node_modules\@testing-library\react\dist\act-compat.js:47:25
            at renderRoot (C:\Users\Rosaire\Desktop\Portfolio\node_modules\@testing-library\react\dist\pure.js:180:26)
            at render (C:\Users\Rosaire\Desktop\Portfolio\node_modules\@testing-library\react\dist\pure.js:271:10)
            at renderWithProviders (C:\Users\Rosaire\Desktop\Portfolio\components\contact\__tests__\ContactForm.test.tsx:22:16)
            at Object.renderWithProviders (C:\Users\Rosaire\Desktop\Portfolio\components\contact\__tests__\ContactForm.test.tsx:48:5)
            at Promise.then.completed (C:\Users\Rosaire\Desktop\Portfolio\node_modules\jest-circus\build\utils.js:298:28)
            at new Promise (<anonymous>)
            at callAsyncCircusFn (C:\Users\Rosaire\Desktop\Portfolio\node_modules\jest-circus\build\utils.js:231:10)
            at _callCircusTest (C:\Users\Rosaire\Desktop\Portfolio\node_modules\jest-circus\build\run.js:316:40)
            at processTicksAndRejections (node:internal/process/task_queues:104:5)
            at _runTest (C:\Users\Rosaire\Desktop\Portfolio\node_modules\jest-circus\build\run.js:252:3)
            at _runTestsForDescribeBlock (C:\Users\Rosaire\Desktop\Portfolio\node_modules\jest-circus\build\run.js:126:9)
            at _runTestsForDescribeBlock (C:\Users\Rosaire\Desktop\Portfolio\node_modules\jest-circus\build\run.js:121:9)
            at run (C:\Users\Rosaire\Desktop\Portfolio\node_modules\jest-circus\build\run.js:71:3)
            at runAndTransformResultsToJestFormat (C:\Users\Rosaire\Desktop\Portfolio\node_modules\jest-circus\build\legacy-code-todo-rewrite\jestAdapterInit.js:122:21)
            at jestAdapter (C:\Users\Rosaire\Desktop\Portfolio\node_modules\jest-circus\build\legacy-code-todo-rewrite\jestAdapter.js:79:19)
            at runTestInternal (C:\Users\Rosaire\Desktop\Portfolio\node_modules\jest-runner\build\runTest.js:367:16)
            at runTest (C:\Users\Rosaire\Desktop\Portfolio\node_modules\jest-runner\build\runTest.js:444:34)
            at Object.worker (C:\Users\Rosaire\Desktop\Portfolio\node_modules\jest-runner\build\testWorker.js:106:12),
        type: 'unhandled exception'
      }

    [0m [90m 20 |[39m
     [90m 21 |[39m [36mconst[39m renderWithProviders [33m=[39m (component[33m:[39m [33mReact[39m[33m.[39m[33mReactElement[39m) [33m=>[39m {
    [31m[1m>[22m[39m[90m 22 |[39m   [36mreturn[39m render([33m<[39m[33mMockLanguageProvider[39m[33m>[39m{component}[33m<[39m[33m/[39m[33mMockLanguageProvider[39m[33m>[39m)[33m;[39m
     [90m    |[39m                [31m[1m^[22m[39m
     [90m 23 |[39m }[33m;[39m
     [90m 24 |[39m
     [90m 25 |[39m describe([32m'ContactForm'[39m[33m,[39m () [33m=>[39m {[0m

      at VirtualConsole.<anonymous> (node_modules/@jest/environment-jsdom-abstract/build/index.js:87:23)
      at reportException (node_modules/jsdom/lib/jsdom/living/helpers/runtime-script-errors.js:70:28)
      at innerInvokeEventListeners (node_modules/jsdom/lib/jsdom/living/events/EventTarget-impl.js:353:9)
      at invokeEventListeners (node_modules/jsdom/lib/jsdom/living/events/EventTarget-impl.js:286:3)
      at HTMLUnknownElementImpl._dispatch (node_modules/jsdom/lib/jsdom/living/events/EventTarget-impl.js:233:9)
      at HTMLUnknownElementImpl.dispatchEvent (node_modules/jsdom/lib/jsdom/living/events/EventTarget-impl.js:104:17)
      at HTMLUnknownElement.dispatchEvent (node_modules/jsdom/lib/jsdom/living/generated/EventTarget.js:241:34)
      at Object.invokeGuardedCallbackDev (node_modules/react-dom/cjs/react-dom.development.js:4213:16)
      at invokeGuardedCallback (node_modules/react-dom/cjs/react-dom.development.js:4277:31)
      at reportUncaughtErrorInDEV (node_modules/react-dom/cjs/react-dom.development.js:22877:5)
      at captureCommitPhaseError (node_modules/react-dom/cjs/react-dom.development.js:27165:5)
      at commitPassiveMountEffects_complete (node_modules/react-dom/cjs/react-dom.development.js:24932:9)
      at commitPassiveMountEffects_begin (node_modules/react-dom/cjs/react-dom.development.js:24917:7)
      at commitPassiveMountEffects (node_modules/react-dom/cjs/react-dom.development.js:24905:3)
      at flushPassiveEffectsImpl (node_modules/react-dom/cjs/react-dom.development.js:27078:3)
      at flushPassiveEffects (node_modules/react-dom/cjs/react-dom.development.js:27023:14)
      at node_modules/react-dom/cjs/react-dom.development.js:26808:9
      at flushActQueue (node_modules/react/cjs/react.development.js:2667:24)
      at act (node_modules/react/cjs/react.development.js:2582:11)
      at node_modules/@testing-library/react/dist/act-compat.js:47:25
      at renderRoot (node_modules/@testing-library/react/dist/pure.js:180:26)
      at render (node_modules/@testing-library/react/dist/pure.js:271:10)
      at renderWithProviders (components/contact/__tests__/ContactForm.test.tsx:22:16)
      at Object.renderWithProviders (components/contact/__tests__/ContactForm.test.tsx:48:5)

    console.error
      The above error occurred in the <ForwardRef(MotionComponent)> component:
      
          at MotionComponent (C:\Users\Rosaire\Desktop\Portfolio\node_modules\framer-motion\dist\cjs\index.js:202:22)
          at ContactForm (C:\Users\Rosaire\Desktop\Portfolio\components\contact\ContactForm.tsx:9:43)
          at children (C:\Users\Rosaire\Desktop\Portfolio\components\contact\__tests__\ContactForm.test.tsx:9:33)
      
      Consider adding an error boundary to your tree to customize error handling behavior.
      Visit https://reactjs.org/link/error-boundaries to learn more about error boundaries.

    [0m [90m 20 |[39m
     [90m 21 |[39m [36mconst[39m renderWithProviders [33m=[39m (component[33m:[39m [33mReact[39m[33m.[39m[33mReactElement[39m) [33m=>[39m {
    [31m[1m>[22m[39m[90m 22 |[39m   [36mreturn[39m render([33m<[39m[33mMockLanguageProvider[39m[33m>[39m{component}[33m<[39m[33m/[39m[33mMockLanguageProvider[39m[33m>[39m)[33m;[39m
     [90m    |[39m                [31m[1m^[22m[39m
     [90m 23 |[39m }[33m;[39m
     [90m 24 |[39m
     [90m 25 |[39m describe([32m'ContactForm'[39m[33m,[39m () [33m=>[39m {[0m

      at logCapturedError (node_modules/react-dom/cjs/react-dom.development.js:18704:23)
      at update.callback (node_modules/react-dom/cjs/react-dom.development.js:18737:5)
      at callCallback (node_modules/react-dom/cjs/react-dom.development.js:15036:12)
      at commitUpdateQueue (node_modules/react-dom/cjs/react-dom.development.js:15057:9)
      at commitLayoutEffectOnFiber (node_modules/react-dom/cjs/react-dom.development.js:23430:13)
      at commitLayoutMountEffects_complete (node_modules/react-dom/cjs/react-dom.development.js:24727:9)
      at commitLayoutEffects_begin (node_modules/react-dom/cjs/react-dom.development.js:24713:7)
      at commitLayoutEffects (node_modules/react-dom/cjs/react-dom.development.js:24651:3)
      at commitRootImpl (node_modules/react-dom/cjs/react-dom.development.js:26862:5)
      at commitRoot (node_modules/react-dom/cjs/react-dom.development.js:26721:5)
      at performSyncWorkOnRoot (node_modules/react-dom/cjs/react-dom.development.js:26156:3)
      at flushSyncCallbacks (node_modules/react-dom/cjs/react-dom.development.js:12042:22)
      at flushPassiveEffectsImpl (node_modules/react-dom/cjs/react-dom.development.js:27099:3)
      at flushPassiveEffects (node_modules/react-dom/cjs/react-dom.development.js:27023:14)
      at node_modules/react-dom/cjs/react-dom.development.js:26808:9
      at flushActQueue (node_modules/react/cjs/react.development.js:2667:24)
      at act (node_modules/react/cjs/react.development.js:2582:11)
      at node_modules/@testing-library/react/dist/act-compat.js:47:25
      at renderRoot (node_modules/@testing-library/react/dist/pure.js:180:26)
      at render (node_modules/@testing-library/react/dist/pure.js:271:10)
      at renderWithProviders (components/contact/__tests__/ContactForm.test.tsx:22:16)
      at Object.renderWithProviders (components/contact/__tests__/ContactForm.test.tsx:48:5)

    console.error
      Error: Uncaught [ReferenceError: IntersectionObserver is not defined]
          at reportException (C:\Users\Rosaire\Desktop\Portfolio\node_modules\jsdom\lib\jsdom\living\helpers\runtime-script-errors.js:66:24)
          at innerInvokeEventListeners (C:\Users\Rosaire\Desktop\Portfolio\node_modules\jsdom\lib\jsdom\living\events\EventTarget-impl.js:353:9)
          at invokeEventListeners (C:\Users\Rosaire\Desktop\Portfolio\node_modules\jsdom\lib\jsdom\living\events\EventTarget-impl.js:286:3)
          at HTMLUnknownElementImpl._dispatch (C:\Users\Rosaire\Desktop\Portfolio\node_modules\jsdom\lib\jsdom\living\events\EventTarget-impl.js:233:9)
          at HTMLUnknownElementImpl.dispatchEvent (C:\Users\Rosaire\Desktop\Portfolio\node_modules\jsdom\lib\jsdom\living\events\EventTarget-impl.js:104:17)
          at HTMLUnknownElement.dispatchEvent (C:\Users\Rosaire\Desktop\Portfolio\node_modules\jsdom\lib\jsdom\living\generated\EventTarget.js:241:34)
          at Object.invokeGuardedCallbackDev (C:\Users\Rosaire\Desktop\Portfolio\node_modules\react-dom\cjs\react-dom.development.js:4213:16)
          at invokeGuardedCallback (C:\Users\Rosaire\Desktop\Portfolio\node_modules\react-dom\cjs\react-dom.development.js:4277:31)
          at reportUncaughtErrorInDEV (C:\Users\Rosaire\Desktop\Portfolio\node_modules\react-dom\cjs\react-dom.development.js:22877:5)
          at captureCommitPhaseError (C:\Users\Rosaire\Desktop\Portfolio\node_modules\react-dom\cjs\react-dom.development.js:27165:5)
          at commitPassiveMountEffects_complete (C:\Users\Rosaire\Desktop\Portfolio\node_modules\react-dom\cjs\react-dom.development.js:24932:9)
          at commitPassiveMountEffects_begin (C:\Users\Rosaire\Desktop\Portfolio\node_modules\react-dom\cjs\react-dom.development.js:24917:7)
          at commitPassiveMountEffects (C:\Users\Rosaire\Desktop\Portfolio\node_modules\react-dom\cjs\react-dom.development.js:24905:3)
          at flushPassiveEffectsImpl (C:\Users\Rosaire\Desktop\Portfolio\node_modules\react-dom\cjs\react-dom.development.js:27078:3)
          at flushPassiveEffects (C:\Users\Rosaire\Desktop\Portfolio\node_modules\react-dom\cjs\react-dom.development.js:27023:14)
          at C:\Users\Rosaire\Desktop\Portfolio\node_modules\react-dom\cjs\react-dom.development.js:26808:9
          at flushActQueue (C:\Users\Rosaire\Desktop\Portfolio\node_modules\react\cjs\react.development.js:2667:24)
          at act (C:\Users\Rosaire\Desktop\Portfolio\node_modules\react\cjs\react.development.js:2582:11)
          at C:\Users\Rosaire\Desktop\Portfolio\node_modules\@testing-library\react\dist\act-compat.js:47:25
          at renderRoot (C:\Users\Rosaire\Desktop\Portfolio\node_modules\@testing-library\react\dist\pure.js:180:26)
          at render (C:\Users\Rosaire\Desktop\Portfolio\node_modules\@testing-library\react\dist\pure.js:271:10)
          at renderWithProviders (C:\Users\Rosaire\Desktop\Portfolio\components\contact\__tests__\ContactForm.test.tsx:22:16)
          at Object.renderWithProviders (C:\Users\Rosaire\Desktop\Portfolio\components\contact\__tests__\ContactForm.test.tsx:61:5)
          at Promise.then.completed (C:\Users\Rosaire\Desktop\Portfolio\node_modules\jest-circus\build\utils.js:298:28)
          at new Promise (<anonymous>)
          at callAsyncCircusFn (C:\Users\Rosaire\Desktop\Portfolio\node_modules\jest-circus\build\utils.js:231:10)
          at _callCircusTest (C:\Users\Rosaire\Desktop\Portfolio\node_modules\jest-circus\build\run.js:316:40)
          at processTicksAndRejections (node:internal/process/task_queues:104:5)
          at _runTest (C:\Users\Rosaire\Desktop\Portfolio\node_modules\jest-circus\build\run.js:252:3)
          at _runTestsForDescribeBlock (C:\Users\Rosaire\Desktop\Portfolio\node_modules\jest-circus\build\run.js:126:9)
          at _runTestsForDescribeBlock (C:\Users\Rosaire\Desktop\Portfolio\node_modules\jest-circus\build\run.js:121:9)
          at run (C:\Users\Rosaire\Desktop\Portfolio\node_modules\jest-circus\build\run.js:71:3)
          at runAndTransformResultsToJestFormat (C:\Users\Rosaire\Desktop\Portfolio\node_modules\jest-circus\build\legacy-code-todo-rewrite\jestAdapterInit.js:122:21)
          at jestAdapter (C:\Users\Rosaire\Desktop\Portfolio\node_modules\jest-circus\build\legacy-code-todo-rewrite\jestAdapter.js:79:19)
          at runTestInternal (C:\Users\Rosaire\Desktop\Portfolio\node_modules\jest-runner\build\runTest.js:367:16)
          at runTest (C:\Users\Rosaire\Desktop\Portfolio\node_modules\jest-runner\build\runTest.js:444:34)
          at Object.worker (C:\Users\Rosaire\Desktop\Portfolio\node_modules\jest-runner\build\testWorker.js:106:12) {
        detail: ReferenceError: IntersectionObserver is not defined
            at initIntersectionObserver (C:\Users\Rosaire\Desktop\Portfolio\node_modules\framer-motion\dist\cjs\index.js:1039:34)
            at observeIntersection (C:\Users\Rosaire\Desktop\Portfolio\node_modules\framer-motion\dist\cjs\index.js:1044:39)
            at InViewFeature.startObserver (C:\Users\Rosaire\Desktop\Portfolio\node_modules\framer-motion\dist\cjs\index.js:1101:16)
            at InViewFeature.mount (C:\Users\Rosaire\Desktop\Portfolio\node_modules\framer-motion\dist\cjs\index.js:1104:14)
            at HTMLVisualElement.updateFeatures (C:\Users\Rosaire\Desktop\Portfolio\node_modules\framer-motion\dist\cjs\index-legacy-87714a68.js:4267:25)
            at C:\Users\Rosaire\Desktop\Portfolio\node_modules\framer-motion\dist\cjs\index.js:103:23
            at commitHookEffectListMount (C:\Users\Rosaire\Desktop\Portfolio\node_modules\react-dom\cjs\react-dom.development.js:23189:26)
            at commitPassiveMountOnFiber (C:\Users\Rosaire\Desktop\Portfolio\node_modules\react-dom\cjs\react-dom.development.js:24970:11)
            at commitPassiveMountEffects_complete (C:\Users\Rosaire\Desktop\Portfolio\node_modules\react-dom\cjs\react-dom.development.js:24930:9)
            at commitPassiveMountEffects_begin (C:\Users\Rosaire\Desktop\Portfolio\node_modules\react-dom\cjs\react-dom.development.js:24917:7)
            at commitPassiveMountEffects (C:\Users\Rosaire\Desktop\Portfolio\node_modules\react-dom\cjs\react-dom.development.js:24905:3)
            at flushPassiveEffectsImpl (C:\Users\Rosaire\Desktop\Portfolio\node_modules\react-dom\cjs\react-dom.development.js:27078:3)
            at flushPassiveEffects (C:\Users\Rosaire\Desktop\Portfolio\node_modules\react-dom\cjs\react-dom.development.js:27023:14)
            at C:\Users\Rosaire\Desktop\Portfolio\node_modules\react-dom\cjs\react-dom.development.js:26808:9
            at flushActQueue (C:\Users\Rosaire\Desktop\Portfolio\node_modules\react\cjs\react.development.js:2667:24)
            at act (C:\Users\Rosaire\Desktop\Portfolio\node_modules\react\cjs\react.development.js:2582:11)
            at C:\Users\Rosaire\Desktop\Portfolio\node_modules\@testing-library\react\dist\act-compat.js:47:25
            at renderRoot (C:\Users\Rosaire\Desktop\Portfolio\node_modules\@testing-library\react\dist\pure.js:180:26)
            at render (C:\Users\Rosaire\Desktop\Portfolio\node_modules\@testing-library\react\dist\pure.js:271:10)
            at renderWithProviders (C:\Users\Rosaire\Desktop\Portfolio\components\contact\__tests__\ContactForm.test.tsx:22:16)
            at Object.renderWithProviders (C:\Users\Rosaire\Desktop\Portfolio\components\contact\__tests__\ContactForm.test.tsx:61:5)
            at Promise.then.completed (C:\Users\Rosaire\Desktop\Portfolio\node_modules\jest-circus\build\utils.js:298:28)
            at new Promise (<anonymous>)
            at callAsyncCircusFn (C:\Users\Rosaire\Desktop\Portfolio\node_modules\jest-circus\build\utils.js:231:10)
            at _callCircusTest (C:\Users\Rosaire\Desktop\Portfolio\node_modules\jest-circus\build\run.js:316:40)
            at processTicksAndRejections (node:internal/process/task_queues:104:5)
            at _runTest (C:\Users\Rosaire\Desktop\Portfolio\node_modules\jest-circus\build\run.js:252:3)
            at _runTestsForDescribeBlock (C:\Users\Rosaire\Desktop\Portfolio\node_modules\jest-circus\build\run.js:126:9)
            at _runTestsForDescribeBlock (C:\Users\Rosaire\Desktop\Portfolio\node_modules\jest-circus\build\run.js:121:9)
            at run (C:\Users\Rosaire\Desktop\Portfolio\node_modules\jest-circus\build\run.js:71:3)
            at runAndTransformResultsToJestFormat (C:\Users\Rosaire\Desktop\Portfolio\node_modules\jest-circus\build\legacy-code-todo-rewrite\jestAdapterInit.js:122:21)
            at jestAdapter (C:\Users\Rosaire\Desktop\Portfolio\node_modules\jest-circus\build\legacy-code-todo-rewrite\jestAdapter.js:79:19)
            at runTestInternal (C:\Users\Rosaire\Desktop\Portfolio\node_modules\jest-runner\build\runTest.js:367:16)
            at runTest (C:\Users\Rosaire\Desktop\Portfolio\node_modules\jest-runner\build\runTest.js:444:34)
            at Object.worker (C:\Users\Rosaire\Desktop\Portfolio\node_modules\jest-runner\build\testWorker.js:106:12),
        type: 'unhandled exception'
      }

    [0m [90m 20 |[39m
     [90m 21 |[39m [36mconst[39m renderWithProviders [33m=[39m (component[33m:[39m [33mReact[39m[33m.[39m[33mReactElement[39m) [33m=>[39m {
    [31m[1m>[22m[39m[90m 22 |[39m   [36mreturn[39m render([33m<[39m[33mMockLanguageProvider[39m[33m>[39m{component}[33m<[39m[33m/[39m[33mMockLanguageProvider[39m[33m>[39m)[33m;[39m
     [90m    |[39m                [31m[1m^[22m[39m
     [90m 23 |[39m }[33m;[39m
     [90m 24 |[39m
     [90m 25 |[39m describe([32m'ContactForm'[39m[33m,[39m () [33m=>[39m {[0m

      at VirtualConsole.<anonymous> (node_modules/@jest/environment-jsdom-abstract/build/index.js:87:23)
      at reportException (node_modules/jsdom/lib/jsdom/living/helpers/runtime-script-errors.js:70:28)
      at innerInvokeEventListeners (node_modules/jsdom/lib/jsdom/living/events/EventTarget-impl.js:353:9)
      at invokeEventListeners (node_modules/jsdom/lib/jsdom/living/events/EventTarget-impl.js:286:3)
      at HTMLUnknownElementImpl._dispatch (node_modules/jsdom/lib/jsdom/living/events/EventTarget-impl.js:233:9)
      at HTMLUnknownElementImpl.dispatchEvent (node_modules/jsdom/lib/jsdom/living/events/EventTarget-impl.js:104:17)
      at HTMLUnknownElement.dispatchEvent (node_modules/jsdom/lib/jsdom/living/generated/EventTarget.js:241:34)
      at Object.invokeGuardedCallbackDev (node_modules/react-dom/cjs/react-dom.development.js:4213:16)
      at invokeGuardedCallback (node_modules/react-dom/cjs/react-dom.development.js:4277:31)
      at reportUncaughtErrorInDEV (node_modules/react-dom/cjs/react-dom.development.js:22877:5)
      at captureCommitPhaseError (node_modules/react-dom/cjs/react-dom.development.js:27165:5)
      at commitPassiveMountEffects_complete (node_modules/react-dom/cjs/react-dom.development.js:24932:9)
      at commitPassiveMountEffects_begin (node_modules/react-dom/cjs/react-dom.development.js:24917:7)
      at commitPassiveMountEffects (node_modules/react-dom/cjs/react-dom.development.js:24905:3)
      at flushPassiveEffectsImpl (node_modules/react-dom/cjs/react-dom.development.js:27078:3)
      at flushPassiveEffects (node_modules/react-dom/cjs/react-dom.development.js:27023:14)
      at node_modules/react-dom/cjs/react-dom.development.js:26808:9
      at flushActQueue (node_modules/react/cjs/react.development.js:2667:24)
      at act (node_modules/react/cjs/react.development.js:2582:11)
      at node_modules/@testing-library/react/dist/act-compat.js:47:25
      at renderRoot (node_modules/@testing-library/react/dist/pure.js:180:26)
      at render (node_modules/@testing-library/react/dist/pure.js:271:10)
      at renderWithProviders (components/contact/__tests__/ContactForm.test.tsx:22:16)
      at Object.renderWithProviders (components/contact/__tests__/ContactForm.test.tsx:61:5)

    console.error
      The above error occurred in the <ForwardRef(MotionComponent)> component:
      
          at MotionComponent (C:\Users\Rosaire\Desktop\Portfolio\node_modules\framer-motion\dist\cjs\index.js:202:22)
          at ContactForm (C:\Users\Rosaire\Desktop\Portfolio\components\contact\ContactForm.tsx:9:43)
          at children (C:\Users\Rosaire\Desktop\Portfolio\components\contact\__tests__\ContactForm.test.tsx:9:33)
      
      Consider adding an error boundary to your tree to customize error handling behavior.
      Visit https://reactjs.org/link/error-boundaries to learn more about error boundaries.

    [0m [90m 20 |[39m
     [90m 21 |[39m [36mconst[39m renderWithProviders [33m=[39m (component[33m:[39m [33mReact[39m[33m.[39m[33mReactElement[39m) [33m=>[39m {
    [31m[1m>[22m[39m[90m 22 |[39m   [36mreturn[39m render([33m<[39m[33mMockLanguageProvider[39m[33m>[39m{component}[33m<[39m[33m/[39m[33mMockLanguageProvider[39m[33m>[39m)[33m;[39m
     [90m    |[39m                [31m[1m^[22m[39m
     [90m 23 |[39m }[33m;[39m
     [90m 24 |[39m
     [90m 25 |[39m describe([32m'ContactForm'[39m[33m,[39m () [33m=>[39m {[0m

      at logCapturedError (node_modules/react-dom/cjs/react-dom.development.js:18704:23)
      at update.callback (node_modules/react-dom/cjs/react-dom.development.js:18737:5)
      at callCallback (node_modules/react-dom/cjs/react-dom.development.js:15036:12)
      at commitUpdateQueue (node_modules/react-dom/cjs/react-dom.development.js:15057:9)
      at commitLayoutEffectOnFiber (node_modules/react-dom/cjs/react-dom.development.js:23430:13)
      at commitLayoutMountEffects_complete (node_modules/react-dom/cjs/react-dom.development.js:24727:9)
      at commitLayoutEffects_begin (node_modules/react-dom/cjs/react-dom.development.js:24713:7)
      at commitLayoutEffects (node_modules/react-dom/cjs/react-dom.development.js:24651:3)
      at commitRootImpl (node_modules/react-dom/cjs/react-dom.development.js:26862:5)
      at commitRoot (node_modules/react-dom/cjs/react-dom.development.js:26721:5)
      at performSyncWorkOnRoot (node_modules/react-dom/cjs/react-dom.development.js:26156:3)
      at flushSyncCallbacks (node_modules/react-dom/cjs/react-dom.development.js:12042:22)
      at flushPassiveEffectsImpl (node_modules/react-dom/cjs/react-dom.development.js:27099:3)
      at flushPassiveEffects (node_modules/react-dom/cjs/react-dom.development.js:27023:14)
      at node_modules/react-dom/cjs/react-dom.development.js:26808:9
      at flushActQueue (node_modules/react/cjs/react.development.js:2667:24)
      at act (node_modules/react/cjs/react.development.js:2582:11)
      at node_modules/@testing-library/react/dist/act-compat.js:47:25
      at renderRoot (node_modules/@testing-library/react/dist/pure.js:180:26)
      at render (node_modules/@testing-library/react/dist/pure.js:271:10)
      at renderWithProviders (components/contact/__tests__/ContactForm.test.tsx:22:16)
      at Object.renderWithProviders (components/contact/__tests__/ContactForm.test.tsx:61:5)

    console.error
      Error: Uncaught [ReferenceError: IntersectionObserver is not defined]
          at reportException (C:\Users\Rosaire\Desktop\Portfolio\node_modules\jsdom\lib\jsdom\living\helpers\runtime-script-errors.js:66:24)
          at innerInvokeEventListeners (C:\Users\Rosaire\Desktop\Portfolio\node_modules\jsdom\lib\jsdom\living\events\EventTarget-impl.js:353:9)
          at invokeEventListeners (C:\Users\Rosaire\Desktop\Portfolio\node_modules\jsdom\lib\jsdom\living\events\EventTarget-impl.js:286:3)
          at HTMLUnknownElementImpl._dispatch (C:\Users\Rosaire\Desktop\Portfolio\node_modules\jsdom\lib\jsdom\living\events\EventTarget-impl.js:233:9)
          at HTMLUnknownElementImpl.dispatchEvent (C:\Users\Rosaire\Desktop\Portfolio\node_modules\jsdom\lib\jsdom\living\events\EventTarget-impl.js:104:17)
          at HTMLUnknownElement.dispatchEvent (C:\Users\Rosaire\Desktop\Portfolio\node_modules\jsdom\lib\jsdom\living\generated\EventTarget.js:241:34)
          at Object.invokeGuardedCallbackDev (C:\Users\Rosaire\Desktop\Portfolio\node_modules\react-dom\cjs\react-dom.development.js:4213:16)
          at invokeGuardedCallback (C:\Users\Rosaire\Desktop\Portfolio\node_modules\react-dom\cjs\react-dom.development.js:4277:31)
          at reportUncaughtErrorInDEV (C:\Users\Rosaire\Desktop\Portfolio\node_modules\react-dom\cjs\react-dom.development.js:22877:5)
          at captureCommitPhaseError (C:\Users\Rosaire\Desktop\Portfolio\node_modules\react-dom\cjs\react-dom.development.js:27165:5)
          at commitPassiveMountEffects_complete (C:\Users\Rosaire\Desktop\Portfolio\node_modules\react-dom\cjs\react-dom.development.js:24932:9)
          at commitPassiveMountEffects_begin (C:\Users\Rosaire\Desktop\Portfolio\node_modules\react-dom\cjs\react-dom.development.js:24917:7)
          at commitPassiveMountEffects (C:\Users\Rosaire\Desktop\Portfolio\node_modules\react-dom\cjs\react-dom.development.js:24905:3)
          at flushPassiveEffectsImpl (C:\Users\Rosaire\Desktop\Portfolio\node_modules\react-dom\cjs\react-dom.development.js:27078:3)
          at flushPassiveEffects (C:\Users\Rosaire\Desktop\Portfolio\node_modules\react-dom\cjs\react-dom.development.js:27023:14)
          at C:\Users\Rosaire\Desktop\Portfolio\node_modules\react-dom\cjs\react-dom.development.js:26808:9
          at flushActQueue (C:\Users\Rosaire\Desktop\Portfolio\node_modules\react\cjs\react.development.js:2667:24)
          at act (C:\Users\Rosaire\Desktop\Portfolio\node_modules\react\cjs\react.development.js:2582:11)
          at C:\Users\Rosaire\Desktop\Portfolio\node_modules\@testing-library\react\dist\act-compat.js:47:25
          at renderRoot (C:\Users\Rosaire\Desktop\Portfolio\node_modules\@testing-library\react\dist\pure.js:180:26)
          at render (C:\Users\Rosaire\Desktop\Portfolio\node_modules\@testing-library\react\dist\pure.js:271:10)
          at renderWithProviders (C:\Users\Rosaire\Desktop\Portfolio\components\contact\__tests__\ContactForm.test.tsx:22:16)
          at Object.renderWithProviders (C:\Users\Rosaire\Desktop\Portfolio\components\contact\__tests__\ContactForm.test.tsx:74:5)
          at Promise.then.completed (C:\Users\Rosaire\Desktop\Portfolio\node_modules\jest-circus\build\utils.js:298:28)
          at new Promise (<anonymous>)
          at callAsyncCircusFn (C:\Users\Rosaire\Desktop\Portfolio\node_modules\jest-circus\build\utils.js:231:10)
          at _callCircusTest (C:\Users\Rosaire\Desktop\Portfolio\node_modules\jest-circus\build\run.js:316:40)
          at processTicksAndRejections (node:internal/process/task_queues:104:5)
          at _runTest (C:\Users\Rosaire\Desktop\Portfolio\node_modules\jest-circus\build\run.js:252:3)
          at _runTestsForDescribeBlock (C:\Users\Rosaire\Desktop\Portfolio\node_modules\jest-circus\build\run.js:126:9)
          at _runTestsForDescribeBlock (C:\Users\Rosaire\Desktop\Portfolio\node_modules\jest-circus\build\run.js:121:9)
          at run (C:\Users\Rosaire\Desktop\Portfolio\node_modules\jest-circus\build\run.js:71:3)
          at runAndTransformResultsToJestFormat (C:\Users\Rosaire\Desktop\Portfolio\node_modules\jest-circus\build\legacy-code-todo-rewrite\jestAdapterInit.js:122:21)
          at jestAdapter (C:\Users\Rosaire\Desktop\Portfolio\node_modules\jest-circus\build\legacy-code-todo-rewrite\jestAdapter.js:79:19)
          at runTestInternal (C:\Users\Rosaire\Desktop\Portfolio\node_modules\jest-runner\build\runTest.js:367:16)
          at runTest (C:\Users\Rosaire\Desktop\Portfolio\node_modules\jest-runner\build\runTest.js:444:34)
          at Object.worker (C:\Users\Rosaire\Desktop\Portfolio\node_modules\jest-runner\build\testWorker.js:106:12) {
        detail: ReferenceError: IntersectionObserver is not defined
            at initIntersectionObserver (C:\Users\Rosaire\Desktop\Portfolio\node_modules\framer-motion\dist\cjs\index.js:1039:34)
            at observeIntersection (C:\Users\Rosaire\Desktop\Portfolio\node_modules\framer-motion\dist\cjs\index.js:1044:39)
            at InViewFeature.startObserver (C:\Users\Rosaire\Desktop\Portfolio\node_modules\framer-motion\dist\cjs\index.js:1101:16)
            at InViewFeature.mount (C:\Users\Rosaire\Desktop\Portfolio\node_modules\framer-motion\dist\cjs\index.js:1104:14)
            at HTMLVisualElement.updateFeatures (C:\Users\Rosaire\Desktop\Portfolio\node_modules\framer-motion\dist\cjs\index-legacy-87714a68.js:4267:25)
            at C:\Users\Rosaire\Desktop\Portfolio\node_modules\framer-motion\dist\cjs\index.js:103:23
            at commitHookEffectListMount (C:\Users\Rosaire\Desktop\Portfolio\node_modules\react-dom\cjs\react-dom.development.js:23189:26)
            at commitPassiveMountOnFiber (C:\Users\Rosaire\Desktop\Portfolio\node_modules\react-dom\cjs\react-dom.development.js:24970:11)
            at commitPassiveMountEffects_complete (C:\Users\Rosaire\Desktop\Portfolio\node_modules\react-dom\cjs\react-dom.development.js:24930:9)
            at commitPassiveMountEffects_begin (C:\Users\Rosaire\Desktop\Portfolio\node_modules\react-dom\cjs\react-dom.development.js:24917:7)
            at commitPassiveMountEffects (C:\Users\Rosaire\Desktop\Portfolio\node_modules\react-dom\cjs\react-dom.development.js:24905:3)
            at flushPassiveEffectsImpl (C:\Users\Rosaire\Desktop\Portfolio\node_modules\react-dom\cjs\react-dom.development.js:27078:3)
            at flushPassiveEffects (C:\Users\Rosaire\Desktop\Portfolio\node_modules\react-dom\cjs\react-dom.development.js:27023:14)
            at C:\Users\Rosaire\Desktop\Portfolio\node_modules\react-dom\cjs\react-dom.development.js:26808:9
            at flushActQueue (C:\Users\Rosaire\Desktop\Portfolio\node_modules\react\cjs\react.development.js:2667:24)
            at act (C:\Users\Rosaire\Desktop\Portfolio\node_modules\react\cjs\react.development.js:2582:11)
            at C:\Users\Rosaire\Desktop\Portfolio\node_modules\@testing-library\react\dist\act-compat.js:47:25
            at renderRoot (C:\Users\Rosaire\Desktop\Portfolio\node_modules\@testing-library\react\dist\pure.js:180:26)
            at render (C:\Users\Rosaire\Desktop\Portfolio\node_modules\@testing-library\react\dist\pure.js:271:10)
            at renderWithProviders (C:\Users\Rosaire\Desktop\Portfolio\components\contact\__tests__\ContactForm.test.tsx:22:16)
            at Object.renderWithProviders (C:\Users\Rosaire\Desktop\Portfolio\components\contact\__tests__\ContactForm.test.tsx:74:5)
            at Promise.then.completed (C:\Users\Rosaire\Desktop\Portfolio\node_modules\jest-circus\build\utils.js:298:28)
            at new Promise (<anonymous>)
            at callAsyncCircusFn (C:\Users\Rosaire\Desktop\Portfolio\node_modules\jest-circus\build\utils.js:231:10)
            at _callCircusTest (C:\Users\Rosaire\Desktop\Portfolio\node_modules\jest-circus\build\run.js:316:40)
            at processTicksAndRejections (node:internal/process/task_queues:104:5)
            at _runTest (C:\Users\Rosaire\Desktop\Portfolio\node_modules\jest-circus\build\run.js:252:3)
            at _runTestsForDescribeBlock (C:\Users\Rosaire\Desktop\Portfolio\node_modules\jest-circus\build\run.js:126:9)
            at _runTestsForDescribeBlock (C:\Users\Rosaire\Desktop\Portfolio\node_modules\jest-circus\build\run.js:121:9)
            at run (C:\Users\Rosaire\Desktop\Portfolio\node_modules\jest-circus\build\run.js:71:3)
            at runAndTransformResultsToJestFormat (C:\Users\Rosaire\Desktop\Portfolio\node_modules\jest-circus\build\legacy-code-todo-rewrite\jestAdapterInit.js:122:21)
            at jestAdapter (C:\Users\Rosaire\Desktop\Portfolio\node_modules\jest-circus\build\legacy-code-todo-rewrite\jestAdapter.js:79:19)
            at runTestInternal (C:\Users\Rosaire\Desktop\Portfolio\node_modules\jest-runner\build\runTest.js:367:16)
            at runTest (C:\Users\Rosaire\Desktop\Portfolio\node_modules\jest-runner\build\runTest.js:444:34)
            at Object.worker (C:\Users\Rosaire\Desktop\Portfolio\node_modules\jest-runner\build\testWorker.js:106:12),
        type: 'unhandled exception'
      }

    [0m [90m 20 |[39m
     [90m 21 |[39m [36mconst[39m renderWithProviders [33m=[39m (component[33m:[39m [33mReact[39m[33m.[39m[33mReactElement[39m) [33m=>[39m {
    [31m[1m>[22m[39m[90m 22 |[39m   [36mreturn[39m render([33m<[39m[33mMockLanguageProvider[39m[33m>[39m{component}[33m<[39m[33m/[39m[33mMockLanguageProvider[39m[33m>[39m)[33m;[39m
     [90m    |[39m                [31m[1m^[22m[39m
     [90m 23 |[39m }[33m;[39m
     [90m 24 |[39m
     [90m 25 |[39m describe([32m'ContactForm'[39m[33m,[39m () [33m=>[39m {[0m

      at VirtualConsole.<anonymous> (node_modules/@jest/environment-jsdom-abstract/build/index.js:87:23)
      at reportException (node_modules/jsdom/lib/jsdom/living/helpers/runtime-script-errors.js:70:28)
      at innerInvokeEventListeners (node_modules/jsdom/lib/jsdom/living/events/EventTarget-impl.js:353:9)
      at invokeEventListeners (node_modules/jsdom/lib/jsdom/living/events/EventTarget-impl.js:286:3)
      at HTMLUnknownElementImpl._dispatch (node_modules/jsdom/lib/jsdom/living/events/EventTarget-impl.js:233:9)
      at HTMLUnknownElementImpl.dispatchEvent (node_modules/jsdom/lib/jsdom/living/events/EventTarget-impl.js:104:17)
      at HTMLUnknownElement.dispatchEvent (node_modules/jsdom/lib/jsdom/living/generated/EventTarget.js:241:34)
      at Object.invokeGuardedCallbackDev (node_modules/react-dom/cjs/react-dom.development.js:4213:16)
      at invokeGuardedCallback (node_modules/react-dom/cjs/react-dom.development.js:4277:31)
      at reportUncaughtErrorInDEV (node_modules/react-dom/cjs/react-dom.development.js:22877:5)
      at captureCommitPhaseError (node_modules/react-dom/cjs/react-dom.development.js:27165:5)
      at commitPassiveMountEffects_complete (node_modules/react-dom/cjs/react-dom.development.js:24932:9)
      at commitPassiveMountEffects_begin (node_modules/react-dom/cjs/react-dom.development.js:24917:7)
      at commitPassiveMountEffects (node_modules/react-dom/cjs/react-dom.development.js:24905:3)
      at flushPassiveEffectsImpl (node_modules/react-dom/cjs/react-dom.development.js:27078:3)
      at flushPassiveEffects (node_modules/react-dom/cjs/react-dom.development.js:27023:14)
      at node_modules/react-dom/cjs/react-dom.development.js:26808:9
      at flushActQueue (node_modules/react/cjs/react.development.js:2667:24)
      at act (node_modules/react/cjs/react.development.js:2582:11)
      at node_modules/@testing-library/react/dist/act-compat.js:47:25
      at renderRoot (node_modules/@testing-library/react/dist/pure.js:180:26)
      at render (node_modules/@testing-library/react/dist/pure.js:271:10)
      at renderWithProviders (components/contact/__tests__/ContactForm.test.tsx:22:16)
      at Object.renderWithProviders (components/contact/__tests__/ContactForm.test.tsx:74:5)

    console.error
      The above error occurred in the <ForwardRef(MotionComponent)> component:
      
          at MotionComponent (C:\Users\Rosaire\Desktop\Portfolio\node_modules\framer-motion\dist\cjs\index.js:202:22)
          at ContactForm (C:\Users\Rosaire\Desktop\Portfolio\components\contact\ContactForm.tsx:9:43)
          at children (C:\Users\Rosaire\Desktop\Portfolio\components\contact\__tests__\ContactForm.test.tsx:9:33)
      
      Consider adding an error boundary to your tree to customize error handling behavior.
      Visit https://reactjs.org/link/error-boundaries to learn more about error boundaries.

    [0m [90m 20 |[39m
     [90m 21 |[39m [36mconst[39m renderWithProviders [33m=[39m (component[33m:[39m [33mReact[39m[33m.[39m[33mReactElement[39m) [33m=>[39m {
    [31m[1m>[22m[39m[90m 22 |[39m   [36mreturn[39m render([33m<[39m[33mMockLanguageProvider[39m[33m>[39m{component}[33m<[39m[33m/[39m[33mMockLanguageProvider[39m[33m>[39m)[33m;[39m
     [90m    |[39m                [31m[1m^[22m[39m
     [90m 23 |[39m }[33m;[39m
     [90m 24 |[39m
     [90m 25 |[39m describe([32m'ContactForm'[39m[33m,[39m () [33m=>[39m {[0m

      at logCapturedError (node_modules/react-dom/cjs/react-dom.development.js:18704:23)
      at update.callback (node_modules/react-dom/cjs/react-dom.development.js:18737:5)
      at callCallback (node_modules/react-dom/cjs/react-dom.development.js:15036:12)
      at commitUpdateQueue (node_modules/react-dom/cjs/react-dom.development.js:15057:9)
      at commitLayoutEffectOnFiber (node_modules/react-dom/cjs/react-dom.development.js:23430:13)
      at commitLayoutMountEffects_complete (node_modules/react-dom/cjs/react-dom.development.js:24727:9)
      at commitLayoutEffects_begin (node_modules/react-dom/cjs/react-dom.development.js:24713:7)
      at commitLayoutEffects (node_modules/react-dom/cjs/react-dom.development.js:24651:3)
      at commitRootImpl (node_modules/react-dom/cjs/react-dom.development.js:26862:5)
      at commitRoot (node_modules/react-dom/cjs/react-dom.development.js:26721:5)
      at performSyncWorkOnRoot (node_modules/react-dom/cjs/react-dom.development.js:26156:3)
      at flushSyncCallbacks (node_modules/react-dom/cjs/react-dom.development.js:12042:22)
      at flushPassiveEffectsImpl (node_modules/react-dom/cjs/react-dom.development.js:27099:3)
      at flushPassiveEffects (node_modules/react-dom/cjs/react-dom.development.js:27023:14)
      at node_modules/react-dom/cjs/react-dom.development.js:26808:9
      at flushActQueue (node_modules/react/cjs/react.development.js:2667:24)
      at act (node_modules/react/cjs/react.development.js:2582:11)
      at node_modules/@testing-library/react/dist/act-compat.js:47:25
      at renderRoot (node_modules/@testing-library/react/dist/pure.js:180:26)
      at render (node_modules/@testing-library/react/dist/pure.js:271:10)
      at renderWithProviders (components/contact/__tests__/ContactForm.test.tsx:22:16)
      at Object.renderWithProviders (components/contact/__tests__/ContactForm.test.tsx:74:5)

    console.error
      Error: Uncaught [ReferenceError: IntersectionObserver is not defined]
          at reportException (C:\Users\Rosaire\Desktop\Portfolio\node_modules\jsdom\lib\jsdom\living\helpers\runtime-script-errors.js:66:24)
          at innerInvokeEventListeners (C:\Users\Rosaire\Desktop\Portfolio\node_modules\jsdom\lib\jsdom\living\events\EventTarget-impl.js:353:9)
          at invokeEventListeners (C:\Users\Rosaire\Desktop\Portfolio\node_modules\jsdom\lib\jsdom\living\events\EventTarget-impl.js:286:3)
          at HTMLUnknownElementImpl._dispatch (C:\Users\Rosaire\Desktop\Portfolio\node_modules\jsdom\lib\jsdom\living\events\EventTarget-impl.js:233:9)
          at HTMLUnknownElementImpl.dispatchEvent (C:\Users\Rosaire\Desktop\Portfolio\node_modules\jsdom\lib\jsdom\living\events\EventTarget-impl.js:104:17)
          at HTMLUnknownElement.dispatchEvent (C:\Users\Rosaire\Desktop\Portfolio\node_modules\jsdom\lib\jsdom\living\generated\EventTarget.js:241:34)
          at Object.invokeGuardedCallbackDev (C:\Users\Rosaire\Desktop\Portfolio\node_modules\react-dom\cjs\react-dom.development.js:4213:16)
          at invokeGuardedCallback (C:\Users\Rosaire\Desktop\Portfolio\node_modules\react-dom\cjs\react-dom.development.js:4277:31)
          at reportUncaughtErrorInDEV (C:\Users\Rosaire\Desktop\Portfolio\node_modules\react-dom\cjs\react-dom.development.js:22877:5)
          at captureCommitPhaseError (C:\Users\Rosaire\Desktop\Portfolio\node_modules\react-dom\cjs\react-dom.development.js:27165:5)
          at commitPassiveMountEffects_complete (C:\Users\Rosaire\Desktop\Portfolio\node_modules\react-dom\cjs\react-dom.development.js:24932:9)
          at commitPassiveMountEffects_begin (C:\Users\Rosaire\Desktop\Portfolio\node_modules\react-dom\cjs\react-dom.development.js:24917:7)
          at commitPassiveMountEffects (C:\Users\Rosaire\Desktop\Portfolio\node_modules\react-dom\cjs\react-dom.development.js:24905:3)
          at flushPassiveEffectsImpl (C:\Users\Rosaire\Desktop\Portfolio\node_modules\react-dom\cjs\react-dom.development.js:27078:3)
          at flushPassiveEffects (C:\Users\Rosaire\Desktop\Portfolio\node_modules\react-dom\cjs\react-dom.development.js:27023:14)
          at C:\Users\Rosaire\Desktop\Portfolio\node_modules\react-dom\cjs\react-dom.development.js:26808:9
          at flushActQueue (C:\Users\Rosaire\Desktop\Portfolio\node_modules\react\cjs\react.development.js:2667:24)
          at act (C:\Users\Rosaire\Desktop\Portfolio\node_modules\react\cjs\react.development.js:2582:11)
          at C:\Users\Rosaire\Desktop\Portfolio\node_modules\@testing-library\react\dist\act-compat.js:47:25
          at renderRoot (C:\Users\Rosaire\Desktop\Portfolio\node_modules\@testing-library\react\dist\pure.js:180:26)
          at render (C:\Users\Rosaire\Desktop\Portfolio\node_modules\@testing-library\react\dist\pure.js:271:10)
          at renderWithProviders (C:\Users\Rosaire\Desktop\Portfolio\components\contact\__tests__\ContactForm.test.tsx:22:16)
          at Object.renderWithProviders (C:\Users\Rosaire\Desktop\Portfolio\components\contact\__tests__\ContactForm.test.tsx:92:5)
          at Promise.then.completed (C:\Users\Rosaire\Desktop\Portfolio\node_modules\jest-circus\build\utils.js:298:28)
          at new Promise (<anonymous>)
          at callAsyncCircusFn (C:\Users\Rosaire\Desktop\Portfolio\node_modules\jest-circus\build\utils.js:231:10)
          at _callCircusTest (C:\Users\Rosaire\Desktop\Portfolio\node_modules\jest-circus\build\run.js:316:40)
          at processTicksAndRejections (node:internal/process/task_queues:104:5)
          at _runTest (C:\Users\Rosaire\Desktop\Portfolio\node_modules\jest-circus\build\run.js:252:3)
          at _runTestsForDescribeBlock (C:\Users\Rosaire\Desktop\Portfolio\node_modules\jest-circus\build\run.js:126:9)
          at _runTestsForDescribeBlock (C:\Users\Rosaire\Desktop\Portfolio\node_modules\jest-circus\build\run.js:121:9)
          at run (C:\Users\Rosaire\Desktop\Portfolio\node_modules\jest-circus\build\run.js:71:3)
          at runAndTransformResultsToJestFormat (C:\Users\Rosaire\Desktop\Portfolio\node_modules\jest-circus\build\legacy-code-todo-rewrite\jestAdapterInit.js:122:21)
          at jestAdapter (C:\Users\Rosaire\Desktop\Portfolio\node_modules\jest-circus\build\legacy-code-todo-rewrite\jestAdapter.js:79:19)
          at runTestInternal (C:\Users\Rosaire\Desktop\Portfolio\node_modules\jest-runner\build\runTest.js:367:16)
          at runTest (C:\Users\Rosaire\Desktop\Portfolio\node_modules\jest-runner\build\runTest.js:444:34)
          at Object.worker (C:\Users\Rosaire\Desktop\Portfolio\node_modules\jest-runner\build\testWorker.js:106:12) {
        detail: ReferenceError: IntersectionObserver is not defined
            at initIntersectionObserver (C:\Users\Rosaire\Desktop\Portfolio\node_modules\framer-motion\dist\cjs\index.js:1039:34)
            at observeIntersection (C:\Users\Rosaire\Desktop\Portfolio\node_modules\framer-motion\dist\cjs\index.js:1044:39)
            at InViewFeature.startObserver (C:\Users\Rosaire\Desktop\Portfolio\node_modules\framer-motion\dist\cjs\index.js:1101:16)
            at InViewFeature.mount (C:\Users\Rosaire\Desktop\Portfolio\node_modules\framer-motion\dist\cjs\index.js:1104:14)
            at HTMLVisualElement.updateFeatures (C:\Users\Rosaire\Desktop\Portfolio\node_modules\framer-motion\dist\cjs\index-legacy-87714a68.js:4267:25)
            at C:\Users\Rosaire\Desktop\Portfolio\node_modules\framer-motion\dist\cjs\index.js:103:23
            at commitHookEffectListMount (C:\Users\Rosaire\Desktop\Portfolio\node_modules\react-dom\cjs\react-dom.development.js:23189:26)
            at commitPassiveMountOnFiber (C:\Users\Rosaire\Desktop\Portfolio\node_modules\react-dom\cjs\react-dom.development.js:24970:11)
            at commitPassiveMountEffects_complete (C:\Users\Rosaire\Desktop\Portfolio\node_modules\react-dom\cjs\react-dom.development.js:24930:9)
            at commitPassiveMountEffects_begin (C:\Users\Rosaire\Desktop\Portfolio\node_modules\react-dom\cjs\react-dom.development.js:24917:7)
            at commitPassiveMountEffects (C:\Users\Rosaire\Desktop\Portfolio\node_modules\react-dom\cjs\react-dom.development.js:24905:3)
            at flushPassiveEffectsImpl (C:\Users\Rosaire\Desktop\Portfolio\node_modules\react-dom\cjs\react-dom.development.js:27078:3)
            at flushPassiveEffects (C:\Users\Rosaire\Desktop\Portfolio\node_modules\react-dom\cjs\react-dom.development.js:27023:14)
            at C:\Users\Rosaire\Desktop\Portfolio\node_modules\react-dom\cjs\react-dom.development.js:26808:9
            at flushActQueue (C:\Users\Rosaire\Desktop\Portfolio\node_modules\react\cjs\react.development.js:2667:24)
            at act (C:\Users\Rosaire\Desktop\Portfolio\node_modules\react\cjs\react.development.js:2582:11)
            at C:\Users\Rosaire\Desktop\Portfolio\node_modules\@testing-library\react\dist\act-compat.js:47:25
            at renderRoot (C:\Users\Rosaire\Desktop\Portfolio\node_modules\@testing-library\react\dist\pure.js:180:26)
            at render (C:\Users\Rosaire\Desktop\Portfolio\node_modules\@testing-library\react\dist\pure.js:271:10)
            at renderWithProviders (C:\Users\Rosaire\Desktop\Portfolio\components\contact\__tests__\ContactForm.test.tsx:22:16)
            at Object.renderWithProviders (C:\Users\Rosaire\Desktop\Portfolio\components\contact\__tests__\ContactForm.test.tsx:92:5)
            at Promise.then.completed (C:\Users\Rosaire\Desktop\Portfolio\node_modules\jest-circus\build\utils.js:298:28)
            at new Promise (<anonymous>)
            at callAsyncCircusFn (C:\Users\Rosaire\Desktop\Portfolio\node_modules\jest-circus\build\utils.js:231:10)
            at _callCircusTest (C:\Users\Rosaire\Desktop\Portfolio\node_modules\jest-circus\build\run.js:316:40)
            at processTicksAndRejections (node:internal/process/task_queues:104:5)
            at _runTest (C:\Users\Rosaire\Desktop\Portfolio\node_modules\jest-circus\build\run.js:252:3)
            at _runTestsForDescribeBlock (C:\Users\Rosaire\Desktop\Portfolio\node_modules\jest-circus\build\run.js:126:9)
            at _runTestsForDescribeBlock (C:\Users\Rosaire\Desktop\Portfolio\node_modules\jest-circus\build\run.js:121:9)
            at run (C:\Users\Rosaire\Desktop\Portfolio\node_modules\jest-circus\build\run.js:71:3)
            at runAndTransformResultsToJestFormat (C:\Users\Rosaire\Desktop\Portfolio\node_modules\jest-circus\build\legacy-code-todo-rewrite\jestAdapterInit.js:122:21)
            at jestAdapter (C:\Users\Rosaire\Desktop\Portfolio\node_modules\jest-circus\build\legacy-code-todo-rewrite\jestAdapter.js:79:19)
            at runTestInternal (C:\Users\Rosaire\Desktop\Portfolio\node_modules\jest-runner\build\runTest.js:367:16)
            at runTest (C:\Users\Rosaire\Desktop\Portfolio\node_modules\jest-runner\build\runTest.js:444:34)
            at Object.worker (C:\Users\Rosaire\Desktop\Portfolio\node_modules\jest-runner\build\testWorker.js:106:12),
        type: 'unhandled exception'
      }

    [0m [90m 20 |[39m
     [90m 21 |[39m [36mconst[39m renderWithProviders [33m=[39m (component[33m:[39m [33mReact[39m[33m.[39m[33mReactElement[39m) [33m=>[39m {
    [31m[1m>[22m[39m[90m 22 |[39m   [36mreturn[39m render([33m<[39m[33mMockLanguageProvider[39m[33m>[39m{component}[33m<[39m[33m/[39m[33mMockLanguageProvider[39m[33m>[39m)[33m;[39m
     [90m    |[39m                [31m[1m^[22m[39m
     [90m 23 |[39m }[33m;[39m
     [90m 24 |[39m
     [90m 25 |[39m describe([32m'ContactForm'[39m[33m,[39m () [33m=>[39m {[0m

      at VirtualConsole.<anonymous> (node_modules/@jest/environment-jsdom-abstract/build/index.js:87:23)
      at reportException (node_modules/jsdom/lib/jsdom/living/helpers/runtime-script-errors.js:70:28)
      at innerInvokeEventListeners (node_modules/jsdom/lib/jsdom/living/events/EventTarget-impl.js:353:9)
      at invokeEventListeners (node_modules/jsdom/lib/jsdom/living/events/EventTarget-impl.js:286:3)
      at HTMLUnknownElementImpl._dispatch (node_modules/jsdom/lib/jsdom/living/events/EventTarget-impl.js:233:9)
      at HTMLUnknownElementImpl.dispatchEvent (node_modules/jsdom/lib/jsdom/living/events/EventTarget-impl.js:104:17)
      at HTMLUnknownElement.dispatchEvent (node_modules/jsdom/lib/jsdom/living/generated/EventTarget.js:241:34)
      at Object.invokeGuardedCallbackDev (node_modules/react-dom/cjs/react-dom.development.js:4213:16)
      at invokeGuardedCallback (node_modules/react-dom/cjs/react-dom.development.js:4277:31)
      at reportUncaughtErrorInDEV (node_modules/react-dom/cjs/react-dom.development.js:22877:5)
      at captureCommitPhaseError (node_modules/react-dom/cjs/react-dom.development.js:27165:5)
      at commitPassiveMountEffects_complete (node_modules/react-dom/cjs/react-dom.development.js:24932:9)
      at commitPassiveMountEffects_begin (node_modules/react-dom/cjs/react-dom.development.js:24917:7)
      at commitPassiveMountEffects (node_modules/react-dom/cjs/react-dom.development.js:24905:3)
      at flushPassiveEffectsImpl (node_modules/react-dom/cjs/react-dom.development.js:27078:3)
      at flushPassiveEffects (node_modules/react-dom/cjs/react-dom.development.js:27023:14)
      at node_modules/react-dom/cjs/react-dom.development.js:26808:9
      at flushActQueue (node_modules/react/cjs/react.development.js:2667:24)
      at act (node_modules/react/cjs/react.development.js:2582:11)
      at node_modules/@testing-library/react/dist/act-compat.js:47:25
      at renderRoot (node_modules/@testing-library/react/dist/pure.js:180:26)
      at render (node_modules/@testing-library/react/dist/pure.js:271:10)
      at renderWithProviders (components/contact/__tests__/ContactForm.test.tsx:22:16)
      at Object.renderWithProviders (components/contact/__tests__/ContactForm.test.tsx:92:5)

    console.error
      The above error occurred in the <ForwardRef(MotionComponent)> component:
      
          at MotionComponent (C:\Users\Rosaire\Desktop\Portfolio\node_modules\framer-motion\dist\cjs\index.js:202:22)
          at ContactForm (C:\Users\Rosaire\Desktop\Portfolio\components\contact\ContactForm.tsx:9:43)
          at children (C:\Users\Rosaire\Desktop\Portfolio\components\contact\__tests__\ContactForm.test.tsx:9:33)
      
      Consider adding an error boundary to your tree to customize error handling behavior.
      Visit https://reactjs.org/link/error-boundaries to learn more about error boundaries.

    [0m [90m 20 |[39m
     [90m 21 |[39m [36mconst[39m renderWithProviders [33m=[39m (component[33m:[39m [33mReact[39m[33m.[39m[33mReactElement[39m) [33m=>[39m {
    [31m[1m>[22m[39m[90m 22 |[39m   [36mreturn[39m render([33m<[39m[33mMockLanguageProvider[39m[33m>[39m{component}[33m<[39m[33m/[39m[33mMockLanguageProvider[39m[33m>[39m)[33m;[39m
     [90m    |[39m                [31m[1m^[22m[39m
     [90m 23 |[39m }[33m;[39m
     [90m 24 |[39m
     [90m 25 |[39m describe([32m'ContactForm'[39m[33m,[39m () [33m=>[39m {[0m

      at logCapturedError (node_modules/react-dom/cjs/react-dom.development.js:18704:23)
      at update.callback (node_modules/react-dom/cjs/react-dom.development.js:18737:5)
      at callCallback (node_modules/react-dom/cjs/react-dom.development.js:15036:12)
      at commitUpdateQueue (node_modules/react-dom/cjs/react-dom.development.js:15057:9)
      at commitLayoutEffectOnFiber (node_modules/react-dom/cjs/react-dom.development.js:23430:13)
      at commitLayoutMountEffects_complete (node_modules/react-dom/cjs/react-dom.development.js:24727:9)
      at commitLayoutEffects_begin (node_modules/react-dom/cjs/react-dom.development.js:24713:7)
      at commitLayoutEffects (node_modules/react-dom/cjs/react-dom.development.js:24651:3)
      at commitRootImpl (node_modules/react-dom/cjs/react-dom.development.js:26862:5)
      at commitRoot (node_modules/react-dom/cjs/react-dom.development.js:26721:5)
      at performSyncWorkOnRoot (node_modules/react-dom/cjs/react-dom.development.js:26156:3)
      at flushSyncCallbacks (node_modules/react-dom/cjs/react-dom.development.js:12042:22)
      at flushPassiveEffectsImpl (node_modules/react-dom/cjs/react-dom.development.js:27099:3)
      at flushPassiveEffects (node_modules/react-dom/cjs/react-dom.development.js:27023:14)
      at node_modules/react-dom/cjs/react-dom.development.js:26808:9
      at flushActQueue (node_modules/react/cjs/react.development.js:2667:24)
      at act (node_modules/react/cjs/react.development.js:2582:11)
      at node_modules/@testing-library/react/dist/act-compat.js:47:25
      at renderRoot (node_modules/@testing-library/react/dist/pure.js:180:26)
      at render (node_modules/@testing-library/react/dist/pure.js:271:10)
      at renderWithProviders (components/contact/__tests__/ContactForm.test.tsx:22:16)
      at Object.renderWithProviders (components/contact/__tests__/ContactForm.test.tsx:92:5)

    console.error
      Error: Uncaught [ReferenceError: IntersectionObserver is not defined]
          at reportException (C:\Users\Rosaire\Desktop\Portfolio\node_modules\jsdom\lib\jsdom\living\helpers\runtime-script-errors.js:66:24)
          at innerInvokeEventListeners (C:\Users\Rosaire\Desktop\Portfolio\node_modules\jsdom\lib\jsdom\living\events\EventTarget-impl.js:353:9)
          at invokeEventListeners (C:\Users\Rosaire\Desktop\Portfolio\node_modules\jsdom\lib\jsdom\living\events\EventTarget-impl.js:286:3)
          at HTMLUnknownElementImpl._dispatch (C:\Users\Rosaire\Desktop\Portfolio\node_modules\jsdom\lib\jsdom\living\events\EventTarget-impl.js:233:9)
          at HTMLUnknownElementImpl.dispatchEvent (C:\Users\Rosaire\Desktop\Portfolio\node_modules\jsdom\lib\jsdom\living\events\EventTarget-impl.js:104:17)
          at HTMLUnknownElement.dispatchEvent (C:\Users\Rosaire\Desktop\Portfolio\node_modules\jsdom\lib\jsdom\living\generated\EventTarget.js:241:34)
          at Object.invokeGuardedCallbackDev (C:\Users\Rosaire\Desktop\Portfolio\node_modules\react-dom\cjs\react-dom.development.js:4213:16)
          at invokeGuardedCallback (C:\Users\Rosaire\Desktop\Portfolio\node_modules\react-dom\cjs\react-dom.development.js:4277:31)
          at reportUncaughtErrorInDEV (C:\Users\Rosaire\Desktop\Portfolio\node_modules\react-dom\cjs\react-dom.development.js:22877:5)
          at captureCommitPhaseError (C:\Users\Rosaire\Desktop\Portfolio\node_modules\react-dom\cjs\react-dom.development.js:27165:5)
          at commitPassiveMountEffects_complete (C:\Users\Rosaire\Desktop\Portfolio\node_modules\react-dom\cjs\react-dom.development.js:24932:9)
          at commitPassiveMountEffects_begin (C:\Users\Rosaire\Desktop\Portfolio\node_modules\react-dom\cjs\react-dom.development.js:24917:7)
          at commitPassiveMountEffects (C:\Users\Rosaire\Desktop\Portfolio\node_modules\react-dom\cjs\react-dom.development.js:24905:3)
          at flushPassiveEffectsImpl (C:\Users\Rosaire\Desktop\Portfolio\node_modules\react-dom\cjs\react-dom.development.js:27078:3)
          at flushPassiveEffects (C:\Users\Rosaire\Desktop\Portfolio\node_modules\react-dom\cjs\react-dom.development.js:27023:14)
          at C:\Users\Rosaire\Desktop\Portfolio\node_modules\react-dom\cjs\react-dom.development.js:26808:9
          at flushActQueue (C:\Users\Rosaire\Desktop\Portfolio\node_modules\react\cjs\react.development.js:2667:24)
          at act (C:\Users\Rosaire\Desktop\Portfolio\node_modules\react\cjs\react.development.js:2582:11)
          at C:\Users\Rosaire\Desktop\Portfolio\node_modules\@testing-library\react\dist\act-compat.js:47:25
          at renderRoot (C:\Users\Rosaire\Desktop\Portfolio\node_modules\@testing-library\react\dist\pure.js:180:26)
          at render (C:\Users\Rosaire\Desktop\Portfolio\node_modules\@testing-library\react\dist\pure.js:271:10)
          at renderWithProviders (C:\Users\Rosaire\Desktop\Portfolio\components\contact\__tests__\ContactForm.test.tsx:22:16)
          at Object.renderWithProviders (C:\Users\Rosaire\Desktop\Portfolio\components\contact\__tests__\ContactForm.test.tsx:112:5)
          at Promise.then.completed (C:\Users\Rosaire\Desktop\Portfolio\node_modules\jest-circus\build\utils.js:298:28)
          at new Promise (<anonymous>)
          at callAsyncCircusFn (C:\Users\Rosaire\Desktop\Portfolio\node_modules\jest-circus\build\utils.js:231:10)
          at _callCircusTest (C:\Users\Rosaire\Desktop\Portfolio\node_modules\jest-circus\build\run.js:316:40)
          at processTicksAndRejections (node:internal/process/task_queues:104:5)
          at _runTest (C:\Users\Rosaire\Desktop\Portfolio\node_modules\jest-circus\build\run.js:252:3)
          at _runTestsForDescribeBlock (C:\Users\Rosaire\Desktop\Portfolio\node_modules\jest-circus\build\run.js:126:9)
          at _runTestsForDescribeBlock (C:\Users\Rosaire\Desktop\Portfolio\node_modules\jest-circus\build\run.js:121:9)
          at run (C:\Users\Rosaire\Desktop\Portfolio\node_modules\jest-circus\build\run.js:71:3)
          at runAndTransformResultsToJestFormat (C:\Users\Rosaire\Desktop\Portfolio\node_modules\jest-circus\build\legacy-code-todo-rewrite\jestAdapterInit.js:122:21)
          at jestAdapter (C:\Users\Rosaire\Desktop\Portfolio\node_modules\jest-circus\build\legacy-code-todo-rewrite\jestAdapter.js:79:19)
          at runTestInternal (C:\Users\Rosaire\Desktop\Portfolio\node_modules\jest-runner\build\runTest.js:367:16)
          at runTest (C:\Users\Rosaire\Desktop\Portfolio\node_modules\jest-runner\build\runTest.js:444:34)
          at Object.worker (C:\Users\Rosaire\Desktop\Portfolio\node_modules\jest-runner\build\testWorker.js:106:12) {
        detail: ReferenceError: IntersectionObserver is not defined
            at initIntersectionObserver (C:\Users\Rosaire\Desktop\Portfolio\node_modules\framer-motion\dist\cjs\index.js:1039:34)
            at observeIntersection (C:\Users\Rosaire\Desktop\Portfolio\node_modules\framer-motion\dist\cjs\index.js:1044:39)
            at InViewFeature.startObserver (C:\Users\Rosaire\Desktop\Portfolio\node_modules\framer-motion\dist\cjs\index.js:1101:16)
            at InViewFeature.mount (C:\Users\Rosaire\Desktop\Portfolio\node_modules\framer-motion\dist\cjs\index.js:1104:14)
            at HTMLVisualElement.updateFeatures (C:\Users\Rosaire\Desktop\Portfolio\node_modules\framer-motion\dist\cjs\index-legacy-87714a68.js:4267:25)
            at C:\Users\Rosaire\Desktop\Portfolio\node_modules\framer-motion\dist\cjs\index.js:103:23
            at commitHookEffectListMount (C:\Users\Rosaire\Desktop\Portfolio\node_modules\react-dom\cjs\react-dom.development.js:23189:26)
            at commitPassiveMountOnFiber (C:\Users\Rosaire\Desktop\Portfolio\node_modules\react-dom\cjs\react-dom.development.js:24970:11)
            at commitPassiveMountEffects_complete (C:\Users\Rosaire\Desktop\Portfolio\node_modules\react-dom\cjs\react-dom.development.js:24930:9)
            at commitPassiveMountEffects_begin (C:\Users\Rosaire\Desktop\Portfolio\node_modules\react-dom\cjs\react-dom.development.js:24917:7)
            at commitPassiveMountEffects (C:\Users\Rosaire\Desktop\Portfolio\node_modules\react-dom\cjs\react-dom.development.js:24905:3)
            at flushPassiveEffectsImpl (C:\Users\Rosaire\Desktop\Portfolio\node_modules\react-dom\cjs\react-dom.development.js:27078:3)
            at flushPassiveEffects (C:\Users\Rosaire\Desktop\Portfolio\node_modules\react-dom\cjs\react-dom.development.js:27023:14)
            at C:\Users\Rosaire\Desktop\Portfolio\node_modules\react-dom\cjs\react-dom.development.js:26808:9
            at flushActQueue (C:\Users\Rosaire\Desktop\Portfolio\node_modules\react\cjs\react.development.js:2667:24)
            at act (C:\Users\Rosaire\Desktop\Portfolio\node_modules\react\cjs\react.development.js:2582:11)
            at C:\Users\Rosaire\Desktop\Portfolio\node_modules\@testing-library\react\dist\act-compat.js:47:25
            at renderRoot (C:\Users\Rosaire\Desktop\Portfolio\node_modules\@testing-library\react\dist\pure.js:180:26)
            at render (C:\Users\Rosaire\Desktop\Portfolio\node_modules\@testing-library\react\dist\pure.js:271:10)
            at renderWithProviders (C:\Users\Rosaire\Desktop\Portfolio\components\contact\__tests__\ContactForm.test.tsx:22:16)
            at Object.renderWithProviders (C:\Users\Rosaire\Desktop\Portfolio\components\contact\__tests__\ContactForm.test.tsx:112:5)
            at Promise.then.completed (C:\Users\Rosaire\Desktop\Portfolio\node_modules\jest-circus\build\utils.js:298:28)
            at new Promise (<anonymous>)
            at callAsyncCircusFn (C:\Users\Rosaire\Desktop\Portfolio\node_modules\jest-circus\build\utils.js:231:10)
            at _callCircusTest (C:\Users\Rosaire\Desktop\Portfolio\node_modules\jest-circus\build\run.js:316:40)
            at processTicksAndRejections (node:internal/process/task_queues:104:5)
            at _runTest (C:\Users\Rosaire\Desktop\Portfolio\node_modules\jest-circus\build\run.js:252:3)
            at _runTestsForDescribeBlock (C:\Users\Rosaire\Desktop\Portfolio\node_modules\jest-circus\build\run.js:126:9)
            at _runTestsForDescribeBlock (C:\Users\Rosaire\Desktop\Portfolio\node_modules\jest-circus\build\run.js:121:9)
            at run (C:\Users\Rosaire\Desktop\Portfolio\node_modules\jest-circus\build\run.js:71:3)
            at runAndTransformResultsToJestFormat (C:\Users\Rosaire\Desktop\Portfolio\node_modules\jest-circus\build\legacy-code-todo-rewrite\jestAdapterInit.js:122:21)
            at jestAdapter (C:\Users\Rosaire\Desktop\Portfolio\node_modules\jest-circus\build\legacy-code-todo-rewrite\jestAdapter.js:79:19)
            at runTestInternal (C:\Users\Rosaire\Desktop\Portfolio\node_modules\jest-runner\build\runTest.js:367:16)
            at runTest (C:\Users\Rosaire\Desktop\Portfolio\node_modules\jest-runner\build\runTest.js:444:34)
            at Object.worker (C:\Users\Rosaire\Desktop\Portfolio\node_modules\jest-runner\build\testWorker.js:106:12),
        type: 'unhandled exception'
      }

    [0m [90m 20 |[39m
     [90m 21 |[39m [36mconst[39m renderWithProviders [33m=[39m (component[33m:[39m [33mReact[39m[33m.[39m[33mReactElement[39m) [33m=>[39m {
    [31m[1m>[22m[39m[90m 22 |[39m   [36mreturn[39m render([33m<[39m[33mMockLanguageProvider[39m[33m>[39m{component}[33m<[39m[33m/[39m[33mMockLanguageProvider[39m[33m>[39m)[33m;[39m
     [90m    |[39m                [31m[1m^[22m[39m
     [90m 23 |[39m }[33m;[39m
     [90m 24 |[39m
     [90m 25 |[39m describe([32m'ContactForm'[39m[33m,[39m () [33m=>[39m {[0m

      at VirtualConsole.<anonymous> (node_modules/@jest/environment-jsdom-abstract/build/index.js:87:23)
      at reportException (node_modules/jsdom/lib/jsdom/living/helpers/runtime-script-errors.js:70:28)
      at innerInvokeEventListeners (node_modules/jsdom/lib/jsdom/living/events/EventTarget-impl.js:353:9)
      at invokeEventListeners (node_modules/jsdom/lib/jsdom/living/events/EventTarget-impl.js:286:3)
      at HTMLUnknownElementImpl._dispatch (node_modules/jsdom/lib/jsdom/living/events/EventTarget-impl.js:233:9)
      at HTMLUnknownElementImpl.dispatchEvent (node_modules/jsdom/lib/jsdom/living/events/EventTarget-impl.js:104:17)
      at HTMLUnknownElement.dispatchEvent (node_modules/jsdom/lib/jsdom/living/generated/EventTarget.js:241:34)
      at Object.invokeGuardedCallbackDev (node_modules/react-dom/cjs/react-dom.development.js:4213:16)
      at invokeGuardedCallback (node_modules/react-dom/cjs/react-dom.development.js:4277:31)
      at reportUncaughtErrorInDEV (node_modules/react-dom/cjs/react-dom.development.js:22877:5)
      at captureCommitPhaseError (node_modules/react-dom/cjs/react-dom.development.js:27165:5)
      at commitPassiveMountEffects_complete (node_modules/react-dom/cjs/react-dom.development.js:24932:9)
      at commitPassiveMountEffects_begin (node_modules/react-dom/cjs/react-dom.development.js:24917:7)
      at commitPassiveMountEffects (node_modules/react-dom/cjs/react-dom.development.js:24905:3)
      at flushPassiveEffectsImpl (node_modules/react-dom/cjs/react-dom.development.js:27078:3)
      at flushPassiveEffects (node_modules/react-dom/cjs/react-dom.development.js:27023:14)
      at node_modules/react-dom/cjs/react-dom.development.js:26808:9
      at flushActQueue (node_modules/react/cjs/react.development.js:2667:24)
      at act (node_modules/react/cjs/react.development.js:2582:11)
      at node_modules/@testing-library/react/dist/act-compat.js:47:25
      at renderRoot (node_modules/@testing-library/react/dist/pure.js:180:26)
      at render (node_modules/@testing-library/react/dist/pure.js:271:10)
      at renderWithProviders (components/contact/__tests__/ContactForm.test.tsx:22:16)
      at Object.renderWithProviders (components/contact/__tests__/ContactForm.test.tsx:112:5)

    console.error
      The above error occurred in the <ForwardRef(MotionComponent)> component:
      
          at MotionComponent (C:\Users\Rosaire\Desktop\Portfolio\node_modules\framer-motion\dist\cjs\index.js:202:22)
          at ContactForm (C:\Users\Rosaire\Desktop\Portfolio\components\contact\ContactForm.tsx:9:43)
          at children (C:\Users\Rosaire\Desktop\Portfolio\components\contact\__tests__\ContactForm.test.tsx:9:33)
      
      Consider adding an error boundary to your tree to customize error handling behavior.
      Visit https://reactjs.org/link/error-boundaries to learn more about error boundaries.

    [0m [90m 20 |[39m
     [90m 21 |[39m [36mconst[39m renderWithProviders [33m=[39m (component[33m:[39m [33mReact[39m[33m.[39m[33mReactElement[39m) [33m=>[39m {
    [31m[1m>[22m[39m[90m 22 |[39m   [36mreturn[39m render([33m<[39m[33mMockLanguageProvider[39m[33m>[39m{component}[33m<[39m[33m/[39m[33mMockLanguageProvider[39m[33m>[39m)[33m;[39m
     [90m    |[39m                [31m[1m^[22m[39m
     [90m 23 |[39m }[33m;[39m
     [90m 24 |[39m
     [90m 25 |[39m describe([32m'ContactForm'[39m[33m,[39m () [33m=>[39m {[0m

      at logCapturedError (node_modules/react-dom/cjs/react-dom.development.js:18704:23)
      at update.callback (node_modules/react-dom/cjs/react-dom.development.js:18737:5)
      at callCallback (node_modules/react-dom/cjs/react-dom.development.js:15036:12)
      at commitUpdateQueue (node_modules/react-dom/cjs/react-dom.development.js:15057:9)
      at commitLayoutEffectOnFiber (node_modules/react-dom/cjs/react-dom.development.js:23430:13)
      at commitLayoutMountEffects_complete (node_modules/react-dom/cjs/react-dom.development.js:24727:9)
      at commitLayoutEffects_begin (node_modules/react-dom/cjs/react-dom.development.js:24713:7)
      at commitLayoutEffects (node_modules/react-dom/cjs/react-dom.development.js:24651:3)
      at commitRootImpl (node_modules/react-dom/cjs/react-dom.development.js:26862:5)
      at commitRoot (node_modules/react-dom/cjs/react-dom.development.js:26721:5)
      at performSyncWorkOnRoot (node_modules/react-dom/cjs/react-dom.development.js:26156:3)
      at flushSyncCallbacks (node_modules/react-dom/cjs/react-dom.development.js:12042:22)
      at flushPassiveEffectsImpl (node_modules/react-dom/cjs/react-dom.development.js:27099:3)
      at flushPassiveEffects (node_modules/react-dom/cjs/react-dom.development.js:27023:14)
      at node_modules/react-dom/cjs/react-dom.development.js:26808:9
      at flushActQueue (node_modules/react/cjs/react.development.js:2667:24)
      at act (node_modules/react/cjs/react.development.js:2582:11)
      at node_modules/@testing-library/react/dist/act-compat.js:47:25
      at renderRoot (node_modules/@testing-library/react/dist/pure.js:180:26)
      at render (node_modules/@testing-library/react/dist/pure.js:271:10)
      at renderWithProviders (components/contact/__tests__/ContactForm.test.tsx:22:16)
      at Object.renderWithProviders (components/contact/__tests__/ContactForm.test.tsx:112:5)

  ● ContactForm › renders form fields

    ReferenceError: IntersectionObserver is not defined

    [0m [90m 20 |[39m
     [90m 21 |[39m [36mconst[39m renderWithProviders [33m=[39m (component[33m:[39m [33mReact[39m[33m.[39m[33mReactElement[39m) [33m=>[39m {
    [31m[1m>[22m[39m[90m 22 |[39m   [36mreturn[39m render([33m<[39m[33mMockLanguageProvider[39m[33m>[39m{component}[33m<[39m[33m/[39m[33mMockLanguageProvider[39m[33m>[39m)[33m;[39m
     [90m    |[39m                [31m[1m^[22m[39m
     [90m 23 |[39m }[33m;[39m
     [90m 24 |[39m
     [90m 25 |[39m describe([32m'ContactForm'[39m[33m,[39m () [33m=>[39m {[0m

      at initIntersectionObserver (node_modules/framer-motion/dist/cjs/index.js:1039:34)
      at observeIntersection (node_modules/framer-motion/dist/cjs/index.js:1044:39)
      at InViewFeature.startObserver (node_modules/framer-motion/dist/cjs/index.js:1101:16)
      at InViewFeature.mount (node_modules/framer-motion/dist/cjs/index.js:1104:14)
      at HTMLVisualElement.updateFeatures (node_modules/framer-motion/dist/cjs/index-legacy-87714a68.js:4267:25)
      at node_modules/framer-motion/dist/cjs/index.js:103:23
      at commitHookEffectListMount (node_modules/react-dom/cjs/react-dom.development.js:23189:26)
      at commitPassiveMountOnFiber (node_modules/react-dom/cjs/react-dom.development.js:24970:11)
      at commitPassiveMountEffects_complete (node_modules/react-dom/cjs/react-dom.development.js:24930:9)
      at commitPassiveMountEffects_begin (node_modules/react-dom/cjs/react-dom.development.js:24917:7)
      at commitPassiveMountEffects (node_modules/react-dom/cjs/react-dom.development.js:24905:3)
      at flushPassiveEffectsImpl (node_modules/react-dom/cjs/react-dom.development.js:27078:3)
      at flushPassiveEffects (node_modules/react-dom/cjs/react-dom.development.js:27023:14)
      at node_modules/react-dom/cjs/react-dom.development.js:26808:9
      at flushActQueue (node_modules/react/cjs/react.development.js:2667:24)
      at act (node_modules/react/cjs/react.development.js:2582:11)
      at node_modules/@testing-library/react/dist/act-compat.js:47:25
      at renderRoot (node_modules/@testing-library/react/dist/pure.js:180:26)
      at render (node_modules/@testing-library/react/dist/pure.js:271:10)
      at renderWithProviders (components/contact/__tests__/ContactForm.test.tsx:22:16)
      at Object.renderWithProviders (components/contact/__tests__/ContactForm.test.tsx:27:5)

  ● ContactForm › renders form labels

    ReferenceError: IntersectionObserver is not defined

    [0m [90m 20 |[39m
     [90m 21 |[39m [36mconst[39m renderWithProviders [33m=[39m (component[33m:[39m [33mReact[39m[33m.[39m[33mReactElement[39m) [33m=>[39m {
    [31m[1m>[22m[39m[90m 22 |[39m   [36mreturn[39m render([33m<[39m[33mMockLanguageProvider[39m[33m>[39m{component}[33m<[39m[33m/[39m[33mMockLanguageProvider[39m[33m>[39m)[33m;[39m
     [90m    |[39m                [31m[1m^[22m[39m
     [90m 23 |[39m }[33m;[39m
     [90m 24 |[39m
     [90m 25 |[39m describe([32m'ContactForm'[39m[33m,[39m () [33m=>[39m {[0m

      at initIntersectionObserver (node_modules/framer-motion/dist/cjs/index.js:1039:34)
      at observeIntersection (node_modules/framer-motion/dist/cjs/index.js:1044:39)
      at InViewFeature.startObserver (node_modules/framer-motion/dist/cjs/index.js:1101:16)
      at InViewFeature.mount (node_modules/framer-motion/dist/cjs/index.js:1104:14)
      at HTMLVisualElement.updateFeatures (node_modules/framer-motion/dist/cjs/index-legacy-87714a68.js:4267:25)
      at node_modules/framer-motion/dist/cjs/index.js:103:23
      at commitHookEffectListMount (node_modules/react-dom/cjs/react-dom.development.js:23189:26)
      at commitPassiveMountOnFiber (node_modules/react-dom/cjs/react-dom.development.js:24970:11)
      at commitPassiveMountEffects_complete (node_modules/react-dom/cjs/react-dom.development.js:24930:9)
      at commitPassiveMountEffects_begin (node_modules/react-dom/cjs/react-dom.development.js:24917:7)
      at commitPassiveMountEffects (node_modules/react-dom/cjs/react-dom.development.js:24905:3)
      at flushPassiveEffectsImpl (node_modules/react-dom/cjs/react-dom.development.js:27078:3)
      at flushPassiveEffects (node_modules/react-dom/cjs/react-dom.development.js:27023:14)
      at node_modules/react-dom/cjs/react-dom.development.js:26808:9
      at flushActQueue (node_modules/react/cjs/react.development.js:2667:24)
      at act (node_modules/react/cjs/react.development.js:2582:11)
      at node_modules/@testing-library/react/dist/act-compat.js:47:25
      at renderRoot (node_modules/@testing-library/react/dist/pure.js:180:26)
      at render (node_modules/@testing-library/react/dist/pure.js:271:10)
      at renderWithProviders (components/contact/__tests__/ContactForm.test.tsx:22:16)
      at Object.renderWithProviders (components/contact/__tests__/ContactForm.test.tsx:34:5)

  ● ContactForm › renders submit button

    ReferenceError: IntersectionObserver is not defined

    [0m [90m 20 |[39m
     [90m 21 |[39m [36mconst[39m renderWithProviders [33m=[39m (component[33m:[39m [33mReact[39m[33m.[39m[33mReactElement[39m) [33m=>[39m {
    [31m[1m>[22m[39m[90m 22 |[39m   [36mreturn[39m render([33m<[39m[33mMockLanguageProvider[39m[33m>[39m{component}[33m<[39m[33m/[39m[33mMockLanguageProvider[39m[33m>[39m)[33m;[39m
     [90m    |[39m                [31m[1m^[22m[39m
     [90m 23 |[39m }[33m;[39m
     [90m 24 |[39m
     [90m 25 |[39m describe([32m'ContactForm'[39m[33m,[39m () [33m=>[39m {[0m

      at initIntersectionObserver (node_modules/framer-motion/dist/cjs/index.js:1039:34)
      at observeIntersection (node_modules/framer-motion/dist/cjs/index.js:1044:39)
      at InViewFeature.startObserver (node_modules/framer-motion/dist/cjs/index.js:1101:16)
      at InViewFeature.mount (node_modules/framer-motion/dist/cjs/index.js:1104:14)
      at HTMLVisualElement.updateFeatures (node_modules/framer-motion/dist/cjs/index-legacy-87714a68.js:4267:25)
      at node_modules/framer-motion/dist/cjs/index.js:103:23
      at commitHookEffectListMount (node_modules/react-dom/cjs/react-dom.development.js:23189:26)
      at commitPassiveMountOnFiber (node_modules/react-dom/cjs/react-dom.development.js:24970:11)
      at commitPassiveMountEffects_complete (node_modules/react-dom/cjs/react-dom.development.js:24930:9)
      at commitPassiveMountEffects_begin (node_modules/react-dom/cjs/react-dom.development.js:24917:7)
      at commitPassiveMountEffects (node_modules/react-dom/cjs/react-dom.development.js:24905:3)
      at flushPassiveEffectsImpl (node_modules/react-dom/cjs/react-dom.development.js:27078:3)
      at flushPassiveEffects (node_modules/react-dom/cjs/react-dom.development.js:27023:14)
      at node_modules/react-dom/cjs/react-dom.development.js:26808:9
      at flushActQueue (node_modules/react/cjs/react.development.js:2667:24)
      at act (node_modules/react/cjs/react.development.js:2582:11)
      at node_modules/@testing-library/react/dist/act-compat.js:47:25
      at renderRoot (node_modules/@testing-library/react/dist/pure.js:180:26)
      at render (node_modules/@testing-library/react/dist/pure.js:271:10)
      at renderWithProviders (components/contact/__tests__/ContactForm.test.tsx:22:16)
      at Object.renderWithProviders (components/contact/__tests__/ContactForm.test.tsx:43:5)

  ● ContactForm › validates required fields

    ReferenceError: IntersectionObserver is not defined

    [0m [90m 20 |[39m
     [90m 21 |[39m [36mconst[39m renderWithProviders [33m=[39m (component[33m:[39m [33mReact[39m[33m.[39m[33mReactElement[39m) [33m=>[39m {
    [31m[1m>[22m[39m[90m 22 |[39m   [36mreturn[39m render([33m<[39m[33mMockLanguageProvider[39m[33m>[39m{component}[33m<[39m[33m/[39m[33mMockLanguageProvider[39m[33m>[39m)[33m;[39m
     [90m    |[39m                [31m[1m^[22m[39m
     [90m 23 |[39m }[33m;[39m
     [90m 24 |[39m
     [90m 25 |[39m describe([32m'ContactForm'[39m[33m,[39m () [33m=>[39m {[0m

      at initIntersectionObserver (node_modules/framer-motion/dist/cjs/index.js:1039:34)
      at observeIntersection (node_modules/framer-motion/dist/cjs/index.js:1044:39)
      at InViewFeature.startObserver (node_modules/framer-motion/dist/cjs/index.js:1101:16)
      at InViewFeature.mount (node_modules/framer-motion/dist/cjs/index.js:1104:14)
      at HTMLVisualElement.updateFeatures (node_modules/framer-motion/dist/cjs/index-legacy-87714a68.js:4267:25)
      at node_modules/framer-motion/dist/cjs/index.js:103:23
      at commitHookEffectListMount (node_modules/react-dom/cjs/react-dom.development.js:23189:26)
      at commitPassiveMountOnFiber (node_modules/react-dom/cjs/react-dom.development.js:24970:11)
      at commitPassiveMountEffects_complete (node_modules/react-dom/cjs/react-dom.development.js:24930:9)
      at commitPassiveMountEffects_begin (node_modules/react-dom/cjs/react-dom.development.js:24917:7)
      at commitPassiveMountEffects (node_modules/react-dom/cjs/react-dom.development.js:24905:3)
      at flushPassiveEffectsImpl (node_modules/react-dom/cjs/react-dom.development.js:27078:3)
      at flushPassiveEffects (node_modules/react-dom/cjs/react-dom.development.js:27023:14)
      at node_modules/react-dom/cjs/react-dom.development.js:26808:9
      at flushActQueue (node_modules/react/cjs/react.development.js:2667:24)
      at act (node_modules/react/cjs/react.development.js:2582:11)
      at node_modules/@testing-library/react/dist/act-compat.js:47:25
      at renderRoot (node_modules/@testing-library/react/dist/pure.js:180:26)
      at render (node_modules/@testing-library/react/dist/pure.js:271:10)
      at renderWithProviders (components/contact/__tests__/ContactForm.test.tsx:22:16)
      at Object.renderWithProviders (components/contact/__tests__/ContactForm.test.tsx:48:5)

  ● ContactForm › validates email format

    ReferenceError: IntersectionObserver is not defined

    [0m [90m 20 |[39m
     [90m 21 |[39m [36mconst[39m renderWithProviders [33m=[39m (component[33m:[39m [33mReact[39m[33m.[39m[33mReactElement[39m) [33m=>[39m {
    [31m[1m>[22m[39m[90m 22 |[39m   [36mreturn[39m render([33m<[39m[33mMockLanguageProvider[39m[33m>[39m{component}[33m<[39m[33m/[39m[33mMockLanguageProvider[39m[33m>[39m)[33m;[39m
     [90m    |[39m                [31m[1m^[22m[39m
     [90m 23 |[39m }[33m;[39m
     [90m 24 |[39m
     [90m 25 |[39m describe([32m'ContactForm'[39m[33m,[39m () [33m=>[39m {[0m

      at initIntersectionObserver (node_modules/framer-motion/dist/cjs/index.js:1039:34)
      at observeIntersection (node_modules/framer-motion/dist/cjs/index.js:1044:39)
      at InViewFeature.startObserver (node_modules/framer-motion/dist/cjs/index.js:1101:16)
      at InViewFeature.mount (node_modules/framer-motion/dist/cjs/index.js:1104:14)
      at HTMLVisualElement.updateFeatures (node_modules/framer-motion/dist/cjs/index-legacy-87714a68.js:4267:25)
      at node_modules/framer-motion/dist/cjs/index.js:103:23
      at commitHookEffectListMount (node_modules/react-dom/cjs/react-dom.development.js:23189:26)
      at commitPassiveMountOnFiber (node_modules/react-dom/cjs/react-dom.development.js:24970:11)
      at commitPassiveMountEffects_complete (node_modules/react-dom/cjs/react-dom.development.js:24930:9)
      at commitPassiveMountEffects_begin (node_modules/react-dom/cjs/react-dom.development.js:24917:7)
      at commitPassiveMountEffects (node_modules/react-dom/cjs/react-dom.development.js:24905:3)
      at flushPassiveEffectsImpl (node_modules/react-dom/cjs/react-dom.development.js:27078:3)
      at flushPassiveEffects (node_modules/react-dom/cjs/react-dom.development.js:27023:14)
      at node_modules/react-dom/cjs/react-dom.development.js:26808:9
      at flushActQueue (node_modules/react/cjs/react.development.js:2667:24)
      at act (node_modules/react/cjs/react.development.js:2582:11)
      at node_modules/@testing-library/react/dist/act-compat.js:47:25
      at renderRoot (node_modules/@testing-library/react/dist/pure.js:180:26)
      at render (node_modules/@testing-library/react/dist/pure.js:271:10)
      at renderWithProviders (components/contact/__tests__/ContactForm.test.tsx:22:16)
      at Object.renderWithProviders (components/contact/__tests__/ContactForm.test.tsx:61:5)

  ● ContactForm › submits form with valid data

    ReferenceError: IntersectionObserver is not defined

    [0m [90m 20 |[39m
     [90m 21 |[39m [36mconst[39m renderWithProviders [33m=[39m (component[33m:[39m [33mReact[39m[33m.[39m[33mReactElement[39m) [33m=>[39m {
    [31m[1m>[22m[39m[90m 22 |[39m   [36mreturn[39m render([33m<[39m[33mMockLanguageProvider[39m[33m>[39m{component}[33m<[39m[33m/[39m[33mMockLanguageProvider[39m[33m>[39m)[33m;[39m
     [90m    |[39m                [31m[1m^[22m[39m
     [90m 23 |[39m }[33m;[39m
     [90m 24 |[39m
     [90m 25 |[39m describe([32m'ContactForm'[39m[33m,[39m () [33m=>[39m {[0m

      at initIntersectionObserver (node_modules/framer-motion/dist/cjs/index.js:1039:34)
      at observeIntersection (node_modules/framer-motion/dist/cjs/index.js:1044:39)
      at InViewFeature.startObserver (node_modules/framer-motion/dist/cjs/index.js:1101:16)
      at InViewFeature.mount (node_modules/framer-motion/dist/cjs/index.js:1104:14)
      at HTMLVisualElement.updateFeatures (node_modules/framer-motion/dist/cjs/index-legacy-87714a68.js:4267:25)
      at node_modules/framer-motion/dist/cjs/index.js:103:23
      at commitHookEffectListMount (node_modules/react-dom/cjs/react-dom.development.js:23189:26)
      at commitPassiveMountOnFiber (node_modules/react-dom/cjs/react-dom.development.js:24970:11)
      at commitPassiveMountEffects_complete (node_modules/react-dom/cjs/react-dom.development.js:24930:9)
      at commitPassiveMountEffects_begin (node_modules/react-dom/cjs/react-dom.development.js:24917:7)
      at commitPassiveMountEffects (node_modules/react-dom/cjs/react-dom.development.js:24905:3)
      at flushPassiveEffectsImpl (node_modules/react-dom/cjs/react-dom.development.js:27078:3)
      at flushPassiveEffects (node_modules/react-dom/cjs/react-dom.development.js:27023:14)
      at node_modules/react-dom/cjs/react-dom.development.js:26808:9
      at flushActQueue (node_modules/react/cjs/react.development.js:2667:24)
      at act (node_modules/react/cjs/react.development.js:2582:11)
      at node_modules/@testing-library/react/dist/act-compat.js:47:25
      at renderRoot (node_modules/@testing-library/react/dist/pure.js:180:26)
      at render (node_modules/@testing-library/react/dist/pure.js:271:10)
      at renderWithProviders (components/contact/__tests__/ContactForm.test.tsx:22:16)
      at Object.renderWithProviders (components/contact/__tests__/ContactForm.test.tsx:74:5)

  ● ContactForm › clears form after successful submission

    ReferenceError: IntersectionObserver is not defined

    [0m [90m 20 |[39m
     [90m 21 |[39m [36mconst[39m renderWithProviders [33m=[39m (component[33m:[39m [33mReact[39m[33m.[39m[33mReactElement[39m) [33m=>[39m {
    [31m[1m>[22m[39m[90m 22 |[39m   [36mreturn[39m render([33m<[39m[33mMockLanguageProvider[39m[33m>[39m{component}[33m<[39m[33m/[39m[33mMockLanguageProvider[39m[33m>[39m)[33m;[39m
     [90m    |[39m                [31m[1m^[22m[39m
     [90m 23 |[39m }[33m;[39m
     [90m 24 |[39m
     [90m 25 |[39m describe([32m'ContactForm'[39m[33m,[39m () [33m=>[39m {[0m

      at initIntersectionObserver (node_modules/framer-motion/dist/cjs/index.js:1039:34)
      at observeIntersection (node_modules/framer-motion/dist/cjs/index.js:1044:39)
      at InViewFeature.startObserver (node_modules/framer-motion/dist/cjs/index.js:1101:16)
      at InViewFeature.mount (node_modules/framer-motion/dist/cjs/index.js:1104:14)
      at HTMLVisualElement.updateFeatures (node_modules/framer-motion/dist/cjs/index-legacy-87714a68.js:4267:25)
      at node_modules/framer-motion/dist/cjs/index.js:103:23
      at commitHookEffectListMount (node_modules/react-dom/cjs/react-dom.development.js:23189:26)
      at commitPassiveMountOnFiber (node_modules/react-dom/cjs/react-dom.development.js:24970:11)
      at commitPassiveMountEffects_complete (node_modules/react-dom/cjs/react-dom.development.js:24930:9)
      at commitPassiveMountEffects_begin (node_modules/react-dom/cjs/react-dom.development.js:24917:7)
      at commitPassiveMountEffects (node_modules/react-dom/cjs/react-dom.development.js:24905:3)
      at flushPassiveEffectsImpl (node_modules/react-dom/cjs/react-dom.development.js:27078:3)
      at flushPassiveEffects (node_modules/react-dom/cjs/react-dom.development.js:27023:14)
      at node_modules/react-dom/cjs/react-dom.development.js:26808:9
      at flushActQueue (node_modules/react/cjs/react.development.js:2667:24)
      at act (node_modules/react/cjs/react.development.js:2582:11)
      at node_modules/@testing-library/react/dist/act-compat.js:47:25
      at renderRoot (node_modules/@testing-library/react/dist/pure.js:180:26)
      at render (node_modules/@testing-library/react/dist/pure.js:271:10)
      at renderWithProviders (components/contact/__tests__/ContactForm.test.tsx:22:16)
      at Object.renderWithProviders (components/contact/__tests__/ContactForm.test.tsx:92:5)

  ● ContactForm › renders optional fields

    ReferenceError: IntersectionObserver is not defined

    [0m [90m 20 |[39m
     [90m 21 |[39m [36mconst[39m renderWithProviders [33m=[39m (component[33m:[39m [33mReact[39m[33m.[39m[33mReactElement[39m) [33m=>[39m {
    [31m[1m>[22m[39m[90m 22 |[39m   [36mreturn[39m render([33m<[39m[33mMockLanguageProvider[39m[33m>[39m{component}[33m<[39m[33m/[39m[33mMockLanguageProvider[39m[33m>[39m)[33m;[39m
     [90m    |[39m                [31m[1m^[22m[39m
     [90m 23 |[39m }[33m;[39m
     [90m 24 |[39m
     [90m 25 |[39m describe([32m'ContactForm'[39m[33m,[39m () [33m=>[39m {[0m

      at initIntersectionObserver (node_modules/framer-motion/dist/cjs/index.js:1039:34)
      at observeIntersection (node_modules/framer-motion/dist/cjs/index.js:1044:39)
      at InViewFeature.startObserver (node_modules/framer-motion/dist/cjs/index.js:1101:16)
      at InViewFeature.mount (node_modules/framer-motion/dist/cjs/index.js:1104:14)
      at HTMLVisualElement.updateFeatures (node_modules/framer-motion/dist/cjs/index-legacy-87714a68.js:4267:25)
      at node_modules/framer-motion/dist/cjs/index.js:103:23
      at commitHookEffectListMount (node_modules/react-dom/cjs/react-dom.development.js:23189:26)
      at commitPassiveMountOnFiber (node_modules/react-dom/cjs/react-dom.development.js:24970:11)
      at commitPassiveMountEffects_complete (node_modules/react-dom/cjs/react-dom.development.js:24930:9)
      at commitPassiveMountEffects_begin (node_modules/react-dom/cjs/react-dom.development.js:24917:7)
      at commitPassiveMountEffects (node_modules/react-dom/cjs/react-dom.development.js:24905:3)
      at flushPassiveEffectsImpl (node_modules/react-dom/cjs/react-dom.development.js:27078:3)
      at flushPassiveEffects (node_modules/react-dom/cjs/react-dom.development.js:27023:14)
      at node_modules/react-dom/cjs/react-dom.development.js:26808:9
      at flushActQueue (node_modules/react/cjs/react.development.js:2667:24)
      at act (node_modules/react/cjs/react.development.js:2582:11)
      at node_modules/@testing-library/react/dist/act-compat.js:47:25
      at renderRoot (node_modules/@testing-library/react/dist/pure.js:180:26)
      at render (node_modules/@testing-library/react/dist/pure.js:271:10)
      at renderWithProviders (components/contact/__tests__/ContactForm.test.tsx:22:16)
      at Object.renderWithProviders (components/contact/__tests__/ContactForm.test.tsx:112:5)

FAIL app/__tests__/responsive.property.test.tsx
  ● Responsive Layout Adaptation - Property Tests › should maintain readable text size across all viewports

    Property failed after 1 tests
    { seed: -1342164936, path: "0:0", endOnFailure: true }
    Counterexample: [320]
    Shrunk 1 time(s)

    Hint: Enable verbose mode in order to have the list of all failing values encountered during the run

    [0m [90m 33 |[39m
     [90m 34 |[39m   it([32m'should maintain readable text size across all viewports'[39m[33m,[39m () [33m=>[39m {
    [31m[1m>[22m[39m[90m 35 |[39m     fc[33m.[39massert(
     [90m    |[39m        [31m[1m^[22m[39m
     [90m 36 |[39m       fc[33m.[39mproperty(fc[33m.[39minteger({ min[33m:[39m [35m320[39m[33m,[39m max[33m:[39m [35m2560[39m })[33m,[39m (width) [33m=>[39m {
     [90m 37 |[39m         [33mObject[39m[33m.[39mdefineProperty(window[33m,[39m [32m'innerWidth'[39m[33m,[39m {
     [90m 38 |[39m           writable[33m:[39m [36mtrue[39m[33m,[39m[0m

      at buildError (node_modules/fast-check/lib/cjs/fast-check.js:2456:16)
      at throwIfFailed (node_modules/fast-check/lib/cjs/fast-check.js:2463:8)
      at reportRunDetails (node_modules/fast-check/lib/cjs/fast-check.js:2479:14)
      at Module.assert (node_modules/fast-check/lib/cjs/fast-check.js:2536:7)
      at Object.assert (app/__tests__/responsive.property.test.tsx:35:8)

    Cause:
    expect(received).toBeGreaterThanOrEqual(expected)

    Expected: >= 12
    Received:    NaN

    [0m [90m 49 |[39m         [36mconst[39m fontSize [33m=[39m parseFloat(computedStyle[33m.[39mfontSize)[33m;[39m
     [90m 50 |[39m
    [31m[1m>[22m[39m[90m 51 |[39m         expect(fontSize)[33m.[39mtoBeGreaterThanOrEqual(minFontSize)[33m;[39m
     [90m    |[39m                          [31m[1m^[22m[39m
     [90m 52 |[39m       })
     [90m 53 |[39m     )[33m;[39m
     [90m 54 |[39m   })[33m;[39m[0m

      at toBeGreaterThanOrEqual (app/__tests__/responsive.property.test.tsx:51:26)
      at Property.predicate (node_modules/fast-check/lib/cjs/fast-check.js:1348:99)
      at Property.run (node_modules/fast-check/lib/cjs/fast-check.js:1317:24)
      at runIt (node_modules/fast-check/lib/cjs/fast-check.js:2499:24)
      at check (node_modules/fast-check/lib/cjs/fast-check.js:2531:204)
      at Module.assert (node_modules/fast-check/lib/cjs/fast-check.js:2534:14)
      at Object.assert (app/__tests__/responsive.property.test.tsx:35:8)

  ● Responsive Layout Adaptation - Property Tests › should adapt navigation menu for mobile viewports

    Property failed after 6 tests
    { seed: 204601148, path: "5", endOnFailure: true }
    Counterexample: [768]
    Shrunk 0 time(s)

    Hint: Enable verbose mode in order to have the list of all failing values encountered during the run

    [0m [90m 128 |[39m
     [90m 129 |[39m   it([32m'should adapt navigation menu for mobile viewports'[39m[33m,[39m () [33m=>[39m {
    [31m[1m>[22m[39m[90m 130 |[39m     fc[33m.[39massert(
     [90m     |[39m        [31m[1m^[22m[39m
     [90m 131 |[39m       fc[33m.[39mproperty(fc[33m.[39minteger({ min[33m:[39m [35m320[39m[33m,[39m max[33m:[39m [35m768[39m })[33m,[39m (width) [33m=>[39m {
     [90m 132 |[39m         [33mObject[39m[33m.[39mdefineProperty(window[33m,[39m [32m'innerWidth'[39m[33m,[39m {
     [90m 133 |[39m           writable[33m:[39m [36mtrue[39m[33m,[39m[0m

      at buildError (node_modules/fast-check/lib/cjs/fast-check.js:2456:16)
      at throwIfFailed (node_modules/fast-check/lib/cjs/fast-check.js:2463:8)
      at reportRunDetails (node_modules/fast-check/lib/cjs/fast-check.js:2479:14)
      at Module.assert (node_modules/fast-check/lib/cjs/fast-check.js:2536:7)
      at Object.assert (app/__tests__/responsive.property.test.tsx:130:8)

    Cause:
    expect(received).toBe(expected) // Object.is equality

    Expected: true
    Received: false

    [0m [90m 141 |[39m         [90m// This is a simplified check - actual implementation depends on component[39m
     [90m 142 |[39m         [36mconst[39m isMobile [33m=[39m width [33m<[39m [35m768[39m[33m;[39m
    [31m[1m>[22m[39m[90m 143 |[39m         expect(isMobile)[33m.[39mtoBe([36mtrue[39m)[33m;[39m
     [90m     |[39m                          [31m[1m^[22m[39m
     [90m 144 |[39m       })
     [90m 145 |[39m     )[33m;[39m
     [90m 146 |[39m   })[33m;[39m[0m

      at toBe (app/__tests__/responsive.property.test.tsx:143:26)
      at Property.predicate (node_modules/fast-check/lib/cjs/fast-check.js:1348:99)
      at Property.run (node_modules/fast-check/lib/cjs/fast-check.js:1317:24)
      at runIt (node_modules/fast-check/lib/cjs/fast-check.js:2499:24)
      at check (node_modules/fast-check/lib/cjs/fast-check.js:2531:204)
      at Module.assert (node_modules/fast-check/lib/cjs/fast-check.js:2534:14)
      at Object.assert (app/__tests__/responsive.property.test.tsx:130:8)

FAIL app/__tests__/transitions.test.tsx
  ● Console

    console.error
      Warning: An update to TestComponent inside a test was not wrapped in act(...).
      
      When testing, code that causes React state updates should be wrapped into act(...):
      
      act(() => {
        /* fire events that update state */
      });
      /* assert on the output */
      
      This ensures that you're testing the behavior the user would see in the browser. Learn more at https://reactjs.org/link/wrap-tests-with-act
          at useState (C:\Users\Rosaire\Desktop\Portfolio\app\__tests__\transitions.test.tsx:133:39)

    [0m [90m 137 |[39m           [33m<[39m[33mdiv[39m[33m>[39m
     [90m 138 |[39m             [33m<[39m[33mp[39m[33m>[39m[33mCount[39m[33m:[39m {count}[33m<[39m[33m/[39m[33mp[39m[33m>[39m
    [31m[1m>[22m[39m[90m 139 |[39m             [33m<[39m[33mbutton[39m onClick[33m=[39m{() [33m=>[39m setCount(count [33m+[39m [35m1[39m)}[33m>[39m[33mIncrement[39m[33m<[39m[33m/[39m[33mbutton[39m[33m>[39m
     [90m     |[39m                                    [31m[1m^[22m[39m
     [90m 140 |[39m           [33m<[39m[33m/[39m[33mdiv[39m[33m>[39m
     [90m 141 |[39m         [33m<[39m[33m/[39m[33mPageTransition[39m[33m>[39m
     [90m 142 |[39m       )[33m;[39m[0m

      at printWarning (node_modules/react-dom/cjs/react-dom.development.js:86:30)
      at error (node_modules/react-dom/cjs/react-dom.development.js:60:7)
      at warnIfUpdatesNotWrappedWithActDEV (node_modules/react-dom/cjs/react-dom.development.js:27628:9)
      at scheduleUpdateOnFiber (node_modules/react-dom/cjs/react-dom.development.js:25547:5)
      at dispatchSetState (node_modules/react-dom/cjs/react-dom.development.js:16708:7)
      at setCount (app/__tests__/transitions.test.tsx:139:36)
      at HTMLUnknownElement.callCallback (node_modules/react-dom/cjs/react-dom.development.js:4164:14)
      at HTMLUnknownElement.callTheUserObjectsOperation (node_modules/jsdom/lib/jsdom/living/generated/EventListener.js:26:30)
      at innerInvokeEventListeners (node_modules/jsdom/lib/jsdom/living/events/EventTarget-impl.js:350:25)
      at invokeEventListeners (node_modules/jsdom/lib/jsdom/living/events/EventTarget-impl.js:286:3)
      at HTMLUnknownElementImpl._dispatch (node_modules/jsdom/lib/jsdom/living/events/EventTarget-impl.js:233:9)
      at HTMLUnknownElementImpl.dispatchEvent (node_modules/jsdom/lib/jsdom/living/events/EventTarget-impl.js:104:17)
      at HTMLUnknownElement.dispatchEvent (node_modules/jsdom/lib/jsdom/living/generated/EventTarget.js:241:34)
      at Object.invokeGuardedCallbackDev (node_modules/react-dom/cjs/react-dom.development.js:4213:16)
      at invokeGuardedCallback (node_modules/react-dom/cjs/react-dom.development.js:4277:31)
      at invokeGuardedCallbackAndCatchFirstError (node_modules/react-dom/cjs/react-dom.development.js:4291:25)
      at executeDispatch (node_modules/react-dom/cjs/react-dom.development.js:9041:3)
      at processDispatchQueueItemsInOrder (node_modules/react-dom/cjs/react-dom.development.js:9073:7)
      at processDispatchQueue (node_modules/react-dom/cjs/react-dom.development.js:9086:5)
      at dispatchEventsForPlugins (node_modules/react-dom/cjs/react-dom.development.js:9097:3)
      at node_modules/react-dom/cjs/react-dom.development.js:9288:12
      at batchedUpdates$1 (node_modules/react-dom/cjs/react-dom.development.js:26179:12)
      at batchedUpdates (node_modules/react-dom/cjs/react-dom.development.js:3991:12)
      at dispatchEventForPluginEventSystem (node_modules/react-dom/cjs/react-dom.development.js:9287:3)
      at dispatchEventWithEnableCapturePhaseSelectiveHydrationWithoutDiscreteEventReplay (node_modules/react-dom/cjs/react-dom.development.js:6465:5)
      at dispatchEvent (node_modules/react-dom/cjs/react-dom.development.js:6457:5)
      at dispatchDiscreteEvent (node_modules/react-dom/cjs/react-dom.development.js:6430:5)
      at HTMLDivElement.callTheUserObjectsOperation (node_modules/jsdom/lib/jsdom/living/generated/EventListener.js:26:30)
      at innerInvokeEventListeners (node_modules/jsdom/lib/jsdom/living/events/EventTarget-impl.js:350:25)
      at invokeEventListeners (node_modules/jsdom/lib/jsdom/living/events/EventTarget-impl.js:286:3)
      at HTMLButtonElementImpl._dispatch (node_modules/jsdom/lib/jsdom/living/events/EventTarget-impl.js:233:9)
      at fireAnEvent (node_modules/jsdom/lib/jsdom/living/helpers/events.js:18:36)
      at HTMLButtonElementImpl.click (node_modules/jsdom/lib/jsdom/living/nodes/HTMLElement-impl.js:85:5)
      at HTMLButtonElement.click (node_modules/jsdom/lib/jsdom/living/generated/HTMLElement.js:108:34)
      at Object.click (app/__tests__/transitions.test.tsx:150:12)

  ● Page Transition Animations › should maintain content visibility

    expect(element).toBeVisible()

    Received element is not visible:
      <div data-testid="content" />

    [0m [90m 83 |[39m
     [90m 84 |[39m     [36mconst[39m content [33m=[39m screen[33m.[39mgetByTestId([32m'content'[39m)[33m;[39m
    [31m[1m>[22m[39m[90m 85 |[39m     expect(content)[33m.[39mtoBeVisible()[33m;[39m
     [90m    |[39m                     [31m[1m^[22m[39m
     [90m 86 |[39m   })[33m;[39m
     [90m 87 |[39m
     [90m 88 |[39m   it([32m'should not affect content interactivity'[39m[33m,[39m () [33m=>[39m {[0m

      at Object.toBeVisible (app/__tests__/transitions.test.tsx:85:21)

  ● Page Transition Animations › should preserve component state during transition

    TestingLibraryElementError: Unable to find an element with the text: Count: 1. This could be because the text is broken up by multiple elements. In this case, you can provide a function for your text matcher to make your matcher more flexible.

    Ignored nodes: comments, script, style
    [36m<body>[39m
      [36m<div>[39m
        [36m<div[39m
          [33mstyle[39m=[32m"opacity: 0; transform: translateY(20px) translateZ(0);"[39m
        [36m>[39m
          [36m<div>[39m
            [36m<p>[39m
              [0mCount: [0m
              [0m0[0m
            [36m</p>[39m
            [36m<button>[39m
              [0mIncrement[0m
            [36m</button>[39m
          [36m</div>[39m
        [36m</div>[39m
      [36m</div>[39m
    [36m</body>[39m

    [0m [90m 150 |[39m     button[33m.[39mclick()[33m;[39m
     [90m 151 |[39m
    [31m[1m>[22m[39m[90m 152 |[39m     expect(screen[33m.[39mgetByText([32m'Count: 1'[39m))[33m.[39mtoBeInTheDocument()[33m;[39m
     [90m     |[39m                   [31m[1m^[22m[39m
     [90m 153 |[39m   })[33m;[39m
     [90m 154 |[39m })[33m;[39m
     [90m 155 |[39m[0m

      at Object.getElementError (node_modules/@testing-library/dom/dist/config.js:37:19)
      at node_modules/@testing-library/dom/dist/query-helpers.js:76:38
      at node_modules/@testing-library/dom/dist/query-helpers.js:52:17
      at node_modules/@testing-library/dom/dist/query-helpers.js:95:19
      at Object.getByText (app/__tests__/transitions.test.tsx:152:19)

FAIL app/__tests__/journey.test.tsx
  ● Console

    console.error
      Warning: React does not recognize the `whileInView` prop on a DOM element. If you intentionally want it to appear in the DOM as a custom attribute, spell it as lowercase `whileinview` instead. If you accidentally passed it from a parent component, remove it from the DOM element.
          at div
          at children (C:\Users\Rosaire\Desktop\Portfolio\app\__tests__\journey.test.tsx:8:13)
          at div
          at div
          at children (C:\Users\Rosaire\Desktop\Portfolio\app\__tests__\journey.test.tsx:8:13)
          at children (C:\Users\Rosaire\Desktop\Portfolio\components\shared\PageTransition.tsx:10:42)
          at Journey

    [0m [90m 12 |[39m describe([32m'Journey Page'[39m[33m,[39m () [33m=>[39m {
     [90m 13 |[39m   it([32m'renders journey page title'[39m[33m,[39m () [33m=>[39m {
    [31m[1m>[22m[39m[90m 14 |[39m     render([33m<[39m[33mJourney[39m [33m/[39m[33m>[39m)[33m;[39m
     [90m    |[39m           [31m[1m^[22m[39m
     [90m 15 |[39m     expect(screen[33m.[39mgetByText([32m'Mon Parcours'[39m))[33m.[39mtoBeInTheDocument()[33m;[39m
     [90m 16 |[39m   })[33m;[39m
     [90m 17 |[39m[0m

      at printWarning (node_modules/react-dom/cjs/react-dom.development.js:86:30)
      at error (node_modules/react-dom/cjs/react-dom.development.js:60:7)
      at validateProperty$1 (node_modules/react-dom/cjs/react-dom.development.js:3757:7)
      at warnUnknownProperties (node_modules/react-dom/cjs/react-dom.development.js:3803:21)
      at validateProperties$2 (node_modules/react-dom/cjs/react-dom.development.js:3827:3)
      at validatePropertiesInDevelopment (node_modules/react-dom/cjs/react-dom.development.js:9541:5)
      at setInitialProperties (node_modules/react-dom/cjs/react-dom.development.js:9830:5)
      at finalizeInitialChildren (node_modules/react-dom/cjs/react-dom.development.js:10950:3)
      at completeWork (node_modules/react-dom/cjs/react-dom.development.js:22232:17)
      at completeUnitOfWork (node_modules/react-dom/cjs/react-dom.development.js:26632:16)
      at performUnitOfWork (node_modules/react-dom/cjs/react-dom.development.js:26607:5)
      at workLoopSync (node_modules/react-dom/cjs/react-dom.development.js:26505:5)
      at renderRootSync (node_modules/react-dom/cjs/react-dom.development.js:26473:7)
      at performConcurrentWorkOnRoot (node_modules/react-dom/cjs/react-dom.development.js:25777:74)
      at flushActQueue (node_modules/react/cjs/react.development.js:2667:24)
      at act (node_modules/react/cjs/react.development.js:2582:11)
      at node_modules/@testing-library/react/dist/act-compat.js:47:25
      at renderRoot (node_modules/@testing-library/react/dist/pure.js:180:26)
      at render (node_modules/@testing-library/react/dist/pure.js:271:10)
      at Object.<anonymous> (app/__tests__/journey.test.tsx:14:11)

  ● Journey Page › renders all timeline events

    TestingLibraryElementError: Unable to find an element with the text: Google. This could be because the text is broken up by multiple elements. In this case, you can provide a function for your text matcher to make your matcher more flexible.

    Ignored nodes: comments, script, style
    [36m<body>[39m
      [36m<div>[39m
        [36m<div[39m
          [33manimate[39m=[32m"[object Object]"[39m
          [33mexit[39m=[32m"[object Object]"[39m
          [33minitial[39m=[32m"[object Object]"[39m
          [33mtransition[39m=[32m"[object Object]"[39m
        [36m>[39m
          [36m<div[39m
            [33mclass[39m=[32m"max-w-4xl mx-auto px-4 sm:px-6 lg:px-8 py-20"[39m
          [36m>[39m
            [36m<div[39m
              [33mclass[39m=[32m"mb-16"[39m
            [36m>[39m
              [36m<h1[39m
                [33mclass[39m=[32m"text-4xl md:text-5xl font-bold mb-4 text-slate-900 dark:text-white"[39m
              [36m>[39m
                [0mMon Parcours[0m
              [36m</h1>[39m
              [36m<p[39m
                [33mclass[39m=[32m"text-lg text-slate-600 dark:text-slate-400"[39m
              [36m>[39m
                [0mUne chronologie de mes formations, certifications et expériences marquantes.[0m
              [36m</p>[39m
            [36m</div>[39m
            [36m<div[39m
              [33mclass[39m=[32m"relative"[39m
              [33minitial[39m=[32m"hidden"[39m
              [33mvariants[39m=[32m"[object Object]"[39m
              [33mviewport[39m=[32m"[object Object]"[39m
              [33mwhileinview[39m=[32m"visible"[39m
            [36m>[39m
              [36m<div[39m
                [33mclass[39m=[32m"absolute left-0 md:left-1/2 top-0 bottom-0 w-1 bg-gradient-to-b from-blue-500 to-indigo-500 transform md:-translate-x-1/2"[39m
              [36m/>[39m
              [36m<div[39m
                [33mclass[39m=[32m"space-y-12 md:space-y-16"[39m
              [36m>[39m
                [36m<div[39m
                  [33mclass[39m=[32m"relative pl-8 md:pl-0 md:pr-1/2 md:text-right"[39m
                  [33mvariants[39m=[32m"[object Object]"[39m
                [36m>[39m
                  [36m<div[39m
                    [33mclass[39m=[32m"absolute left-0 md:left-1/2 top-0 w-4 h-4 bg-blue-600 dark:bg-blue-400 rounded-full transform -translate-x-1.5 md:-translate-x-1/2 mt-1"[39m
                  [36m/>[39m
                  [36m<div[39m
                    [33mclass[39m=[32m"bg-white dark:bg-slate-800 p-6 rounded-lg shadow-md border border-slate-200 dark:border-slate-700 hover:shadow-lg transition-shadow"[39m
                  [36m>[39m
                    [36m<div[39m
                      [33mclass[39m=[32m"flex items-center gap-2 mb-2"[39m
                    [36m>[39m
                      [36m<span[39m
                        [33mclass[39m=[32m"text-2xl"[39m
                      [36m>[39m
                        [0m📚[0m
                      [36m</span>[39m
                      [36m<span[39m
                        [33mclass[39m=[32m"text-sm font-semibold text-blue-600 dark:text-blue-400 uppercase tracking-wide"[39m
                      [36m>[39m
                        [0meducation[0m
                      [36m</span>[39m
                    [36m</div>[39m
                    [36m<h3[39m
                      [33mclass[39m=[32m"text-xl font-bold text-slate-900 dark:text-white mb-1"[39m
                    [36m>[39m
                      [0mFormation Google IT Support[0m
                    [36m</h3>[39m
                    [36m<p[39m
                      [33mclass[39m=[32m"text-sm text-slate-500 dark:text-slate-400 mb-3"[39m
                    [36m>[39m
                      [0mGoogle[0m
                      [0m • [0m
                      [0m2023[0m
                    [36m</p>[39m
                    [36m<p[39m
                      [33mclass[39m=[32m"text-slate-600 dark:text-slate-300"[39m
                    [36m>[39m
                      [0mCertification en support informatique[0m
                    [36m</p>[39m
                  [36m</div>[39m
                [36m</div>[39m
                [36m<div[39m
                  [33mclass[39m=[32m"relative pl-8 md:pl-0 md:pl-1/2 md:ml-auto"[39m
                  [33mvariants[39m=[32m"[object Object]"[39m
                [36m>[39m
                  [36m<div[39m
                    [33mclass[39m=[32m"absolute left-0 md:left-1/2 top-0 w-4 h-4 bg-blue-600 dark:bg-blue-400 rounded-full transform -translate-x-1.5 md:-translate-x-1/2 mt-1"[39m
                  [36m/>[39m
                  [36m<div[39m
                    [33mclass[39m=[32m"bg-white dark:bg-slate-800 p-6 rounded-lg shadow-md border border-slate-200 dark:border-slate-700 hover:shadow-lg transition-shadow"[39m
                  [36m>[39m
                    [36m<div[39m
                      [33mclass[39m=[32m"flex items-center gap-2 mb-2"[39m
                    [36m>[39m
                      [36m<span[39m
                        [33mclass[39m=[32m"text-2xl"[39m
                      [36m>[39m
                        [0m🏆[0m
                      [36m</span>[39m
                      [36m<span[39m
                        [33mclass[39m=[32m"text-sm font-semibold text-blue-600 dark:text-blue-400 uppercase tracking-wide"[39m
                      [36m>[39m
                        [0mcertification[0m
                      [36m</span>[39m
                    [36m</div>[39m
                    [36m<h3[39m
                      [33mclass[39m=[32m"text-xl font-bold text-slate-900 dark:text-white mb-1"[39m
                    [36m>[39m
                      [0mCertification freeCodeCamp[0m
                    [36m</h3>[39m
                    [36m<p[39m
                      [33mclass[39m=[32m"text-sm text-slate-500 dark:text-slate-400 mb-3"[39m
                    [36m>[39m
                      [0mfreeCodeCamp[0m
                      [0m • [0m
                      [0m2023[0m
                    [36m</p>[39m
                    [36m<p[39m
                      [33mclass[39m=[32m"text-slate-600 dark:text-slate-300"[39m
                    [36m>[39m
                      [0mDéveloppement web full-stack[0m
                    [36m</p>[39m
                  [36m</div>[39m
                [36m</div>[39m
                [36m<div[39m
                  [33mclass[39m=[32m"relative pl-8 md:pl-0 md:pr-1/2 md:text-right"[39m
                  [33mvariants[39m=[32m"[object Object]"[39m
                [36m>[39m
                  [36m<div[39m
                    [33mclass[39m=[32m"absolute left-0 md:left-1/2 top-0 w-4 h-4 bg-blue-600 dark:bg-blue-400 rounded-full transform -translate-x-1.5 md:-translate-x-1/2 mt-1"[39m
                  [36m/>[39m
                  [36m<div[39m
                    [33mclass[39m=[32m"bg-white dark:bg-slate-800 p-6 rounded-lg shadow-md border border-slate-200 dark:border-slate-700 hover:shadow-lg transition-shadow"[39m
                  [36m>[39m
                    [36m<div[39m
                      [33mclass[39m=[32m"flex items-center gap-2 mb-2"[39m
                    [36m>[39m
                      [36m<span[39m
                        [33mclass[39m=[32m"text-2xl"[39m
                      [36m>[39m
                        [0m⚡[0m
                      [36m</span>[39m
                      [36m<span[39m
                        [33mclass[39m=[32m"text-sm font-semibold text-blue-600 dark:text-blue-400 uppercase tracking-wide"[39m
                      [36m>[39m
                        [0mevent[0m
                      [36m</span>[39m
                    [36m</div>[39m
                    [36m<h3[39m
                      [33mclass[39m=[32m"text-xl font-bold text-slate-900 dark:text-white mb-1"[39m
                    [36m>[39m
                      [0mHackathon MIABE[0m
                    [36m</h3>[39m
                    [36m<p[39m
                      [33mclass[39m=[32m"text-sm text-slate-500 dark:text-slate-400 mb-3"[39m
                    [36m>[39m
                      [0mMIABE[0m
                      [0m • [0m
                      [0m2024[0m
                    [36m</p>[39m
                    [36m<p[39m
                      [33mclass[39m=[32m"text-slate-600 dark:text-slate-300"[39m
                    [36m>[39m
                      [0mParticipation à un hackathon national[0m
                    [36m</p>[39m
                  [36m</div>[39m
                [36m</div>[39m
                [36m<div[39m
                  [33mclass[39m=[32m"relative pl-8 md:pl-0 md:pl-1/2 md:ml-auto"[39m
                  [33mvariants[39m=[32m"[object Object]"[39m
                [36m>[39m
                  [36m<div[39m
                    [33mclass[39m=[32m"absolute left-0 md:left-1/2 top-0 w-4 h-4 bg-blue-600 dark:bg-blue-400 rounded-full transform -translate-x-1.5 md:-translate-x-1/2 mt-1"[39m
                  [36m/>[39m
                  [36m<div[39m
                    [33mclass[39m=[32m"bg-white dark:bg-slate-800 p-6 rounded-lg shadow-md border border-slate-200 dark:border-slate-700 hover:shadow-lg transition-shadow"[39m
                  [36m>[39m
                    [36m<div[39m
                      [33mclass[39m=[32m"flex items-center gap-2 mb-2"[39m
                    [36m>[39m
                      [36m<span[39m
                        [33mclass[39m=[32m"text-2xl"[39m
                      [36m>[39m
                        [0m⚡[0m
                      [36m</span>[39m
                      [36m<span[39m
                        [33mclass[39m=[32m"text-sm font-semibold text-blue-600 dark:text-blue-400 uppercase tracking-wide"[39m
                      [36m>[39m
                        [0mevent[0m
                      [36m</span>[39m
                    [36m</div>[39m
                    [36m<h3[39m
                      [33mclass[39m=[32m"text-xl font-bold text-slate-900 dark:text-white mb-1"[39m
                    [36m>[39m
                      [0mArduino Days 2026[0m
                    [36m</h3>[39m
                    [36m<p[39m
                      [33mclass[39m=[32m"text-sm text-slate-500 dark:text-slate-400 mb-3"[39m
                    [36m>[39m
                      [0mArduino[0m
                      [0m • [0m
                      [0m2026[0m
                    [36m</p>[39m
                    [36m<p[39m
                      [33mclass[39m=[32m"text-slate-600 dark:text-slate-300"[39m
                    [36m>[39m
                      [0mPrésentation de projets IoT[0m
                    [36m</p>[39m
                  [36m</div>[39m
                [36m</div>[39m
              [36m</div>[39m
            [36m</div>[39m
            [36m<div[39m
              [33mclass[39m=[32m"mt-20 p-8 bg-gradient-to-r from-blue-50 to-indigo-50 dark:from-slate-800 dark:to-slate-700 rounded-lg text-center"[39m
              [33minitial[39m=[32m"[object Object]"[39m
              [33mtransition[39m=[32m"[object Object]"[39m
              [33mviewport[39m=[32m"[object Object]"[39m
              [33mwhileinview[39m=[32m"[object Object]"[39m
            [36m>[39m
              [36m<h2[39m
                [33mclass[39m=[32m"text-2xl font-bold text-slate-900 dark:text-white mb-4"[39m
              [36m>[39m
                [0mIntéressé par une collaboration?[0m
              [36m</h2>[39m
              [36m<p[39m
                [33mclass[39m=[32m"text-slate-600 dark:text-slate-400 mb-6"[39m
              [36m>[39m
                [0mDécouvrez comment je peux contribuer à votre projet.[0m
              [36m</p>[39m
              [36m<a[39m
                [33mclass[39m=[32m"inline-block px-8 py-3 bg-blue-600 hover:bg-blue-700 text-white rounded-lg font-semibold transition-colors"[39m
                [33mhref[39m=[32m"/contact"[39m
              [36m>[39m
                [0mMe Contacter[0m
              [36m</a>[39m
            [36m</div>[39m
          [36m</div>[39m
        [36m</div>[39m
      [36m</div>[39m
    [36m</body>[39m

    [0m [90m 27 |[39m     [33mTIMELINE_EVENTS[39m[33m.[39mforEach((event) [33m=>[39m {
     [90m 28 |[39m       expect(screen[33m.[39mgetByText(event[33m.[39mtitle))[33m.[39mtoBeInTheDocument()[33m;[39m
    [31m[1m>[22m[39m[90m 29 |[39m       expect(screen[33m.[39mgetByText(event[33m.[39morganization))[33m.[39mtoBeInTheDocument()[33m;[39m
     [90m    |[39m                     [31m[1m^[22m[39m
     [90m 30 |[39m     })[33m;[39m
     [90m 31 |[39m   })[33m;[39m
     [90m 32 |[39m[0m

      at Object.getElementError (node_modules/@testing-library/dom/dist/config.js:37:19)
      at node_modules/@testing-library/dom/dist/query-helpers.js:76:38
      at node_modules/@testing-library/dom/dist/query-helpers.js:52:17
      at node_modules/@testing-library/dom/dist/query-helpers.js:95:19
      at getByText (app/__tests__/journey.test.tsx:29:21)
          at Array.forEach (<anonymous>)
      at Object.forEach (app/__tests__/journey.test.tsx:27:21)

  ● Journey Page › renders timeline event dates

    TestingLibraryElementError: Found multiple elements with the text: /2023/

    Here are the matching elements:

    Ignored nodes: comments, script, style
    [36m<p[39m
      [33mclass[39m=[32m"text-sm text-slate-500 dark:text-slate-400 mb-3"[39m
    [36m>[39m
      [0mGoogle[0m
      [0m • [0m
      [0m2023[0m
    [36m</p>[39m

    Ignored nodes: comments, script, style
    [36m<p[39m
      [33mclass[39m=[32m"text-sm text-slate-500 dark:text-slate-400 mb-3"[39m
    [36m>[39m
      [0mfreeCodeCamp[0m
      [0m • [0m
      [0m2023[0m
    [36m</p>[39m

    (If this is intentional, then use the `*AllBy*` variant of the query (like `queryAllByText`, `getAllByText`, or `findAllByText`)).

    Ignored nodes: comments, script, style
    [36m<body>[39m
      [36m<div>[39m
        [36m<div[39m
          [33manimate[39m=[32m"[object Object]"[39m
          [33mexit[39m=[32m"[object Object]"[39m
          [33minitial[39m=[32m"[object Object]"[39m
          [33mtransition[39m=[32m"[object Object]"[39m
        [36m>[39m
          [36m<div[39m
            [33mclass[39m=[32m"max-w-4xl mx-auto px-4 sm:px-6 lg:px-8 py-20"[39m
          [36m>[39m
            [36m<div[39m
              [33mclass[39m=[32m"mb-16"[39m
            [36m>[39m
              [36m<h1[39m
                [33mclass[39m=[32m"text-4xl md:text-5xl font-bold mb-4 text-slate-900 dark:text-white"[39m
              [36m>[39m
                [0mMon Parcours[0m
              [36m</h1>[39m
              [36m<p[39m
                [33mclass[39m=[32m"text-lg text-slate-600 dark:text-slate-400"[39m
              [36m>[39m
                [0mUne chronologie de mes formations, certifications et expériences marquantes.[0m
              [36m</p>[39m
            [36m</div>[39m
            [36m<div[39m
              [33mclass[39m=[32m"relative"[39m
              [33minitial[39m=[32m"hidden"[39m
              [33mvariants[39m=[32m"[object Object]"[39m
              [33mviewport[39m=[32m"[object Object]"[39m
              [33mwhileinview[39m=[32m"visible"[39m
            [36m>[39m
              [36m<div[39m
                [33mclass[39m=[32m"absolute left-0 md:left-1/2 top-0 bottom-0 w-1 bg-gradient-to-b from-blue-500 to-indigo-500 transform md:-translate-x-1/2"[39m
              [36m/>[39m
              [36m<div[39m
                [33mclass[39m=[32m"space-y-12 md:space-y-16"[39m
              [36m>[39m
                [36m<div[39m
                  [33mclass[39m=[32m"relative pl-8 md:pl-0 md:pr-1/2 md:text-right"[39m
                  [33mvariants[39m=[32m"[object Object]"[39m
                [36m>[39m
                  [36m<div[39m
                    [33mclass[39m=[32m"absolute left-0 md:left-1/2 top-0 w-4 h-4 bg-blue-600 dark:bg-blue-400 rounded-full transform -translate-x-1.5 md:-translate-x-1/2 mt-1"[39m
                  [36m/>[39m
                  [36m<div[39m
                    [33mclass[39m=[32m"bg-white dark:bg-slate-800 p-6 rounded-lg shadow-md border border-slate-200 dark:border-slate-700 hover:shadow-lg transition-shadow"[39m
                  [36m>[39m
                    [36m<div[39m
                      [33mclass[39m=[32m"flex items-center gap-2 mb-2"[39m
                    [36m>[39m
                      [36m<span[39m
                        [33mclass[39m=[32m"text-2xl"[39m
                      [36m>[39m
                        [0m📚[0m
                      [36m</span>[39m
                      [36m<span[39m
                        [33mclass[39m=[32m"text-sm font-semibold text-blue-600 dark:text-blue-400 uppercase tracking-wide"[39m
                      [36m>[39m
                        [0meducation[0m
                      [36m</span>[39m
                    [36m</div>[39m
                    [36m<h3[39m
                      [33mclass[39m=[32m"text-xl font-bold text-slate-900 dark:text-white mb-1"[39m
                    [36m>[39m
                      [0mFormation Google IT Support[0m
                    [36m</h3>[39m
                    [36m<p[39m
                      [33mclass[39m=[32m"text-sm text-slate-500 dark:text-slate-400 mb-3"[39m
                    [36m>[39m
                      [0mGoogle[0m
                      [0m • [0m
                      [0m2023[0m
                    [36m</p>[39m
                    [36m<p[39m
                      [33mclass[39m=[32m"text-slate-600 dark:text-slate-300"[39m
                    [36m>[39m
                      [0mCertification en support informatique[0m
                    [36m</p>[39m
                  [36m</div>[39m
                [36m</div>[39m
                [36m<div[39m
                  [33mclass[39m=[32m"relative pl-8 md:pl-0 md:pl-1/2 md:ml-auto"[39m
                  [33mvariants[39m=[32m"[object Object]"[39m
                [36m>[39m
                  [36m<div[39m
                    [33mclass[39m=[32m"absolute left-0 md:left-1/2 top-0 w-4 h-4 bg-blue-600 dark:bg-blue-400 rounded-full transform -translate-x-1.5 md:-translate-x-1/2 mt-1"[39m
                  [36m/>[39m
                  [36m<div[39m
                    [33mclass[39m=[32m"bg-white dark:bg-slate-800 p-6 rounded-lg shadow-md border border-slate-200 dark:border-slate-700 hover:shadow-lg transition-shadow"[39m
                  [36m>[39m
                    [36m<div[39m
                      [33mclass[39m=[32m"flex items-center gap-2 mb-2"[39m
                    [36m>[39m
                      [36m<span[39m
                        [33mclass[39m=[32m"text-2xl"[39m
                      [36m>[39m
                        [0m🏆[0m
                      [36m</span>[39m
                      [36m<span[39m
                        [33mclass[39m=[32m"text-sm font-semibold text-blue-600 dark:text-blue-400 uppercase tracking-wide"[39m
                      [36m>[39m
                        [0mcertification[0m
                      [36m</span>[39m
                    [36m</div>[39m
                    [36m<h3[39m
                      [33mclass[39m=[32m"text-xl font-bold text-slate-900 dark:text-white mb-1"[39m
                    [36m>[39m
                      [0mCertification freeCodeCamp[0m
                    [36m</h3>[39m
                    [36m<p[39m
                      [33mclass[39m=[32m"text-sm text-slate-500 dark:text-slate-400 mb-3"[39m
                    [36m>[39m
                      [0mfreeCodeCamp[0m
                      [0m • [0m
                      [0m2023[0m
                    [36m</p>[39m
                    [36m<p[39m
                      [33mclass[39m=[32m"text-slate-600 dark:text-slate-300"[39m
                    [36m>[39m
                      [0mDéveloppement web full-stack[0m
                    [36m</p>[39m
                  [36m</div>[39m
                [36m</div>[39m
                [36m<div[39m
                  [33mclass[39m=[32m"relative pl-8 md:pl-0 md:pr-1/2 md:text-right"[39m
                  [33mvariants[39m=[32m"[object Object]"[39m
                [36m>[39m
                  [36m<div[39m
                    [33mclass[39m=[32m"absolute left-0 md:left-1/2 top-0 w-4 h-4 bg-blue-600 dark:bg-blue-400 rounded-full transform -translate-x-1.5 md:-translate-x-1/2 mt-1"[39m
                  [36m/>[39m
                  [36m<div[39m
                    [33mclass[39m=[32m"bg-white dark:bg-slate-800 p-6 rounded-lg shadow-md border border-slate-200 dark:border-slate-700 hover:shadow-lg transition-shadow"[39m
                  [36m>[39m
                    [36m<div[39m
                      [33mclass[39m=[32m"flex items-center gap-2 mb-2"[39m
                    [36m>[39m
                      [36m<span[39m
                        [33mclass[39m=[32m"text-2xl"[39m
                      [36m>[39m
                        [0m⚡[0m
                      [36m</span>[39m
                      [36m<span[39m
                        [33mclass[39m=[32m"text-sm font-semibold text-blue-600 dark:text-blue-400 uppercase tracking-wide"[39m
                      [36m>[39m
                        [0mevent[0m
                      [36m</span>[39m
                    [36m</div>[39m
                    [36m<h3[39m
                      [33mclass[39m=[32m"text-xl font-bold text-slate-900 dark:text-white mb-1"[39m
                    [36m>[39m
                      [0mHackathon MIABE[0m
                    [36m</h3>[39m
                    [36m<p[39m
                      [33mclass[39m=[32m"text-sm text-slate-500 dark:text-slate-400 mb-3"[39m
                    [36m>[39m
                      [0mMIABE[0m
                      [0m • [0m
                      [0m2024[0m
                    [36m</p>[39m
                    [36m<p[39m
                      [33mclass[39m=[32m"text-slate-600 dark:text-slate-300"[39m
                    [36m>[39m
                      [0mParticipation à un hackathon national[0m
                    [36m</p>[39m
                  [36m</div>[39m
                [36m</div>[39m
                [36m<div[39m
                  [33mclass[39m=[32m"relative pl-8 md:pl-0 md:pl-1/2 md:ml-auto"[39m
                  [33mvariants[39m=[32m"[object Object]"[39m
                [36m>[39m
                  [36m<div[39m
                    [33mclass[39m=[32m"absolute left-0 md:left-1/2 top-0 w-4 h-4 bg-blue-600 dark:bg-blue-400 rounded-full transform -translate-x-1.5 md:-translate-x-1/2 mt-1"[39m
                  [36m/>[39m
                  [36m<div[39m
                    [33mclass[39m=[32m"bg-white dark:bg-slate-800 p-6 rounded-lg shadow-md border border-slate-200 dark:border-slate-700 hover:shadow-lg transition-shadow"[39m
                  [36m>[39m
                    [36m<div[39m
                      [33mclass[39m=[32m"flex items-center gap-2 mb-2"[39m
                    [36m>[39m
                      [36m<span[39m
                        [33mclass[39m=[32m"text-2xl"[39m
                      [36m>[39m
                        [0m⚡[0m
                      [36m</span>[39m
                      [36m<span[39m
                        [33mclass[39m=[32m"text-sm font-semibold text-blue-600 dark:text-blue-400 uppercase tracking-wide"[39m
                      [36m>[39m
                        [0mevent[0m
                      [36m</span>[39m
                    [36m</div>[39m
                    [36m<h3[39m
                      [33mclass[39m=[32m"text-xl font-bold text-slate-900 dark:text-white mb-1"[39m
                    [36m>[39m
                      [0mArduino Days 2026[0m
                    [36m</h3>[39m
                    [36m<p[39m
                      [33mclass[39m=[32m"text-sm text-slate-500 dark:text-slate-400 mb-3"[39m
                    [36m>[39m
                      [0mArduino[0m
                      [0m • [0m
                      [0m2026[0m
                    [36m</p>[39m
                    [36m<p[39m
                      [33mclass[39m=[32m"text-slate-600 dark:text-slate-300"[39m
                    [36m>[39m
                      [0mPrésentation de projets IoT[0m
                    [36m</p>[39m
                  [36m</div>[39m
                [36m</div>[39m
              [36m</div>[39m
            [36m</div>[39m
            [36m<div[39m
              [33mclass[39m=[32m"mt-20 p-8 bg-gradient-to-r from-blue-50 to-indigo-50 dark:from-slate-800 dark:to-slate-700 rounded-lg text-center"[39m
              [33minitial[39m=[32m"[object Object]"[39m
              [33mtransition[39m=[32m"[object Object]"[39m
              [33mviewport[39m=[32m"[object Object]"[39m
              [33mwhileinview[39m=[32m"[object Object]"[39m
            [36m>[39m
              [36m<h2[39m
                [33mclass[39m=[32m"text-2xl font-bold text-slate-900 dark:text-white mb-4"[39m
              [36m>[39m
                [0mIntéressé par une collaboration?[0m
              [36m</h2>[39m
              [36m<p[39m
                [33mclass[39m=[32m"text-slate-600 dark:text-slate-400 mb-6"[39m
              [36m>[39m
                [0mDécouvrez comment je peux contribuer à votre projet.[0m
              [36m</p>[39m
              [36m<a[39m
                [33mclass[39m=[32m"inline-block px-8 py-3 bg-blue-600 hover:bg-blue-700 text-white rounded-lg font-semibold transition-colors"[39m
                [33mhref[39m=[32m"/contact"[39m
              [36m>[39m
                [0mMe Contacter[0m
              [36m</a>[39m
            [36m</div>[39m
          [36m</div>[39m
        [36m</div>[39m
      [36m</div>[39m
    [36m</body>[39m

    [0m [90m 34 |[39m     render([33m<[39m[33mJourney[39m [33m/[39m[33m>[39m)[33m;[39m
     [90m 35 |[39m     [33mTIMELINE_EVENTS[39m[33m.[39mforEach((event) [33m=>[39m {
    [31m[1m>[22m[39m[90m 36 |[39m       expect(screen[33m.[39mgetByText([36mnew[39m [33mRegExp[39m(event[33m.[39mdate)))[33m.[39mtoBeInTheDocument()[33m;[39m
     [90m    |[39m                     [31m[1m^[22m[39m
     [90m 37 |[39m     })[33m;[39m
     [90m 38 |[39m   })[33m;[39m
     [90m 39 |[39m[0m

      at Object.getElementError (node_modules/@testing-library/dom/dist/config.js:37:19)
      at getElementError (node_modules/@testing-library/dom/dist/query-helpers.js:20:35)
      at getMultipleElementsFoundError (node_modules/@testing-library/dom/dist/query-helpers.js:23:10)
      at node_modules/@testing-library/dom/dist/query-helpers.js:55:13
      at node_modules/@testing-library/dom/dist/query-helpers.js:95:19
      at getByText (app/__tests__/journey.test.tsx:36:21)
          at Array.forEach (<anonymous>)
      at Object.forEach (app/__tests__/journey.test.tsx:35:21)

  ● Journey Page › renders timeline event types as badges

    TestingLibraryElementError: Found multiple elements with the text: /certification/i

    Here are the matching elements:

    Ignored nodes: comments, script, style
    [36m<p[39m
      [33mclass[39m=[32m"text-lg text-slate-600 dark:text-slate-400"[39m
    [36m>[39m
      [0mUne chronologie de mes formations, certifications et expériences marquantes.[0m
    [36m</p>[39m

    Ignored nodes: comments, script, style
    [36m<p[39m
      [33mclass[39m=[32m"text-slate-600 dark:text-slate-300"[39m
    [36m>[39m
      [0mCertification en support informatique[0m
    [36m</p>[39m

    Ignored nodes: comments, script, style
    [36m<span[39m
      [33mclass[39m=[32m"text-sm font-semibold text-blue-600 dark:text-blue-400 uppercase tracking-wide"[39m
    [36m>[39m
      [0mcertification[0m
    [36m</span>[39m

    Ignored nodes: comments, script, style
    [36m<h3[39m
      [33mclass[39m=[32m"text-xl font-bold text-slate-900 dark:text-white mb-1"[39m
    [36m>[39m
      [0mCertification freeCodeCamp[0m
    [36m</h3>[39m

    (If this is intentional, then use the `*AllBy*` variant of the query (like `queryAllByText`, `getAllByText`, or `findAllByText`)).

    Ignored nodes: comments, script, style
    [36m<body>[39m
      [36m<div>[39m
        [36m<div[39m
          [33manimate[39m=[32m"[object Object]"[39m
          [33mexit[39m=[32m"[object Object]"[39m
          [33minitial[39m=[32m"[object Object]"[39m
          [33mtransition[39m=[32m"[object Object]"[39m
        [36m>[39m
          [36m<div[39m
            [33mclass[39m=[32m"max-w-4xl mx-auto px-4 sm:px-6 lg:px-8 py-20"[39m
          [36m>[39m
            [36m<div[39m
              [33mclass[39m=[32m"mb-16"[39m
            [36m>[39m
              [36m<h1[39m
                [33mclass[39m=[32m"text-4xl md:text-5xl font-bold mb-4 text-slate-900 dark:text-white"[39m
              [36m>[39m
                [0mMon Parcours[0m
              [36m</h1>[39m
              [36m<p[39m
                [33mclass[39m=[32m"text-lg text-slate-600 dark:text-slate-400"[39m
              [36m>[39m
                [0mUne chronologie de mes formations, certifications et expériences marquantes.[0m
              [36m</p>[39m
            [36m</div>[39m
            [36m<div[39m
              [33mclass[39m=[32m"relative"[39m
              [33minitial[39m=[32m"hidden"[39m
              [33mvariants[39m=[32m"[object Object]"[39m
              [33mviewport[39m=[32m"[object Object]"[39m
              [33mwhileinview[39m=[32m"visible"[39m
            [36m>[39m
              [36m<div[39m
                [33mclass[39m=[32m"absolute left-0 md:left-1/2 top-0 bottom-0 w-1 bg-gradient-to-b from-blue-500 to-indigo-500 transform md:-translate-x-1/2"[39m
              [36m/>[39m
              [36m<div[39m
                [33mclass[39m=[32m"space-y-12 md:space-y-16"[39m
              [36m>[39m
                [36m<div[39m
                  [33mclass[39m=[32m"relative pl-8 md:pl-0 md:pr-1/2 md:text-right"[39m
                  [33mvariants[39m=[32m"[object Object]"[39m
                [36m>[39m
                  [36m<div[39m
                    [33mclass[39m=[32m"absolute left-0 md:left-1/2 top-0 w-4 h-4 bg-blue-600 dark:bg-blue-400 rounded-full transform -translate-x-1.5 md:-translate-x-1/2 mt-1"[39m
                  [36m/>[39m
                  [36m<div[39m
                    [33mclass[39m=[32m"bg-white dark:bg-slate-800 p-6 rounded-lg shadow-md border border-slate-200 dark:border-slate-700 hover:shadow-lg transition-shadow"[39m
                  [36m>[39m
                    [36m<div[39m
                      [33mclass[39m=[32m"flex items-center gap-2 mb-2"[39m
                    [36m>[39m
                      [36m<span[39m
                        [33mclass[39m=[32m"text-2xl"[39m
                      [36m>[39m
                        [0m📚[0m
                      [36m</span>[39m
                      [36m<span[39m
                        [33mclass[39m=[32m"text-sm font-semibold text-blue-600 dark:text-blue-400 uppercase tracking-wide"[39m
                      [36m>[39m
                        [0meducation[0m
                      [36m</span>[39m
                    [36m</div>[39m
                    [36m<h3[39m
                      [33mclass[39m=[32m"text-xl font-bold text-slate-900 dark:text-white mb-1"[39m
                    [36m>[39m
                      [0mFormation Google IT Support[0m
                    [36m</h3>[39m
                    [36m<p[39m
                      [33mclass[39m=[32m"text-sm text-slate-500 dark:text-slate-400 mb-3"[39m
                    [36m>[39m
                      [0mGoogle[0m
                      [0m • [0m
                      [0m2023[0m
                    [36m</p>[39m
                    [36m<p[39m
                      [33mclass[39m=[32m"text-slate-600 dark:text-slate-300"[39m
                    [36m>[39m
                      [0mCertification en support informatique[0m
                    [36m</p>[39m
                  [36m</div>[39m
                [36m</div>[39m
                [36m<div[39m
                  [33mclass[39m=[32m"relative pl-8 md:pl-0 md:pl-1/2 md:ml-auto"[39m
                  [33mvariants[39m=[32m"[object Object]"[39m
                [36m>[39m
                  [36m<div[39m
                    [33mclass[39m=[32m"absolute left-0 md:left-1/2 top-0 w-4 h-4 bg-blue-600 dark:bg-blue-400 rounded-full transform -translate-x-1.5 md:-translate-x-1/2 mt-1"[39m
                  [36m/>[39m
                  [36m<div[39m
                    [33mclass[39m=[32m"bg-white dark:bg-slate-800 p-6 rounded-lg shadow-md border border-slate-200 dark:border-slate-700 hover:shadow-lg transition-shadow"[39m
                  [36m>[39m
                    [36m<div[39m
                      [33mclass[39m=[32m"flex items-center gap-2 mb-2"[39m
                    [36m>[39m
                      [36m<span[39m
                        [33mclass[39m=[32m"text-2xl"[39m
                      [36m>[39m
                        [0m🏆[0m
                      [36m</span>[39m
                      [36m<span[39m
                        [33mclass[39m=[32m"text-sm font-semibold text-blue-600 dark:text-blue-400 uppercase tracking-wide"[39m
                      [36m>[39m
                        [0mcertification[0m
                      [36m</span>[39m
                    [36m</div>[39m
                    [36m<h3[39m
                      [33mclass[39m=[32m"text-xl font-bold text-slate-900 dark:text-white mb-1"[39m
                    [36m>[39m
                      [0mCertification freeCodeCamp[0m
                    [36m</h3>[39m
                    [36m<p[39m
                      [33mclass[39m=[32m"text-sm text-slate-500 dark:text-slate-400 mb-3"[39m
                    [36m>[39m
                      [0mfreeCodeCamp[0m
                      [0m • [0m
                      [0m2023[0m
                    [36m</p>[39m
                    [36m<p[39m
                      [33mclass[39m=[32m"text-slate-600 dark:text-slate-300"[39m
                    [36m>[39m
                      [0mDéveloppement web full-stack[0m
                    [36m</p>[39m
                  [36m</div>[39m
                [36m</div>[39m
                [36m<div[39m
                  [33mclass[39m=[32m"relative pl-8 md:pl-0 md:pr-1/2 md:text-right"[39m
                  [33mvariants[39m=[32m"[object Object]"[39m
                [36m>[39m
                  [36m<div[39m
                    [33mclass[39m=[32m"absolute left-0 md:left-1/2 top-0 w-4 h-4 bg-blue-600 dark:bg-blue-400 rounded-full transform -translate-x-1.5 md:-translate-x-1/2 mt-1"[39m
                  [36m/>[39m
                  [36m<div[39m
                    [33mclass[39m=[32m"bg-white dark:bg-slate-800 p-6 rounded-lg shadow-md border border-slate-200 dark:border-slate-700 hover:shadow-lg transition-shadow"[39m
                  [36m>[39m
                    [36m<div[39m
                      [33mclass[39m=[32m"flex items-center gap-2 mb-2"[39m
                    [36m>[39m
                      [36m<span[39m
                        [33mclass[39m=[32m"text-2xl"[39m
                      [36m>[39m
                        [0m⚡[0m
                      [36m</span>[39m
                      [36m<span[39m
                        [33mclass[39m=[32m"text-sm font-semibold text-blue-600 dark:text-blue-400 uppercase tracking-wide"[39m
                      [36m>[39m
                        [0mevent[0m
                      [36m</span>[39m
                    [36m</div>[39m
                    [36m<h3[39m
                      [33mclass[39m=[32m"text-xl font-bold text-slate-900 dark:text-white mb-1"[39m
                    [36m>[39m
                      [0mHackathon MIABE[0m
                    [36m</h3>[39m
                    [36m<p[39m
                      [33mclass[39m=[32m"text-sm text-slate-500 dark:text-slate-400 mb-3"[39m
                    [36m>[39m
                      [0mMIABE[0m
                      [0m • [0m
                      [0m2024[0m
                    [36m</p>[39m
                    [36m<p[39m
                      [33mclass[39m=[32m"text-slate-600 dark:text-slate-300"[39m
                    [36m>[39m
                      [0mParticipation à un hackathon national[0m
                    [36m</p>[39m
                  [36m</div>[39m
                [36m</div>[39m
                [36m<div[39m
                  [33mclass[39m=[32m"relative pl-8 md:pl-0 md:pl-1/2 md:ml-auto"[39m
                  [33mvariants[39m=[32m"[object Object]"[39m
                [36m>[39m
                  [36m<div[39m
                    [33mclass[39m=[32m"absolute left-0 md:left-1/2 top-0 w-4 h-4 bg-blue-600 dark:bg-blue-400 rounded-full transform -translate-x-1.5 md:-translate-x-1/2 mt-1"[39m
                  [36m/>[39m
                  [36m<div[39m
                    [33mclass[39m=[32m"bg-white dark:bg-slate-800 p-6 rounded-lg shadow-md border border-slate-200 dark:border-slate-700 hover:shadow-lg transition-shadow"[39m
                  [36m>[39m
                    [36m<div[39m
                      [33mclass[39m=[32m"flex items-center gap-2 mb-2"[39m
                    [36m>[39m
                      [36m<span[39m
                        [33mclass[39m=[32m"text-2xl"[39m
                      [36m>[39m
                        [0m⚡[0m
                      [36m</span>[39m
                      [36m<span[39m
                        [33mclass[39m=[32m"text-sm font-semibold text-blue-600 dark:text-blue-400 uppercase tracking-wide"[39m
                      [36m>[39m
                        [0mevent[0m
                      [36m</span>[39m
                    [36m</div>[39m
                    [36m<h3[39m
                      [33mclass[39m=[32m"text-xl font-bold text-slate-900 dark:text-white mb-1"[39m
                    [36m>[39m
                      [0mArduino Days 2026[0m
                    [36m</h3>[39m
                    [36m<p[39m
                      [33mclass[39m=[32m"text-sm text-slate-500 dark:text-slate-400 mb-3"[39m
                    [36m>[39m
                      [0mArduino[0m
                      [0m • [0m
                      [0m2026[0m
                    [36m</p>[39m
                    [36m<p[39m
                      [33mclass[39m=[32m"text-slate-600 dark:text-slate-300"[39m
                    [36m>[39m
                      [0mPrésentation de projets IoT[0m
                    [36m</p>[39m
                  [36m</div>[39m
                [36m</div>[39m
              [36m</div>[39m
            [36m</div>[39m
            [36m<div[39m
              [33mclass[39m=[32m"mt-20 p-8 bg-gradient-to-r from-blue-50 to-indigo-50 dark:from-slate-800 dark:to-slate-700 rounded-lg text-center"[39m
              [33minitial[39m=[32m"[object Object]"[39m
              [33mtransition[39m=[32m"[object Object]"[39m
              [33mviewport[39m=[32m"[object Object]"[39m
              [33mwhileinview[39m=[32m"[object Object]"[39m
            [36m>[39m
              [36m<h2[39m
                [33mclass[39m=[32m"text-2xl font-bold text-slate-900 dark:text-white mb-4"[39m
              [36m>[39m
                [0mIntéressé par une collaboration?[0m
              [36m</h2>[39m
              [36m<p[39m
                [33mclass[39m=[32m"text-slate-600 dark:text-slate-400 mb-6"[39m
              [36m>[39m
                [0mDécouvrez comment je peux contribuer à votre projet.[0m
              [36m</p>[39m
              [36m<a[39m
                [33mclass[39m=[32m"inline-block px-8 py-3 bg-blue-600 hover:bg-blue-700 text-white rounded-lg font-semibold transition-colors"[39m
                [33mhref[39m=[32m"/contact"[39m
              [36m>[39m
                [0mMe Contacter[0m
              [36m</a>[39m
            [36m</div>[39m
          [36m</div>[39m
        [36m</div>[39m
      [36m</div>[39m
    [36m</body>[39m

    [0m [90m 60 |[39m     [36mconst[39m eventTypes [33m=[39m [36mnew[39m [33mSet[39m([33mTIMELINE_EVENTS[39m[33m.[39mmap((e) [33m=>[39m e[33m.[39mtype))[33m;[39m
     [90m 61 |[39m     eventTypes[33m.[39mforEach((type) [33m=>[39m {
    [31m[1m>[22m[39m[90m 62 |[39m       expect(screen[33m.[39mgetByText([36mnew[39m [33mRegExp[39m(type[33m,[39m [32m'i'[39m)))[33m.[39mtoBeInTheDocument()[33m;[39m
     [90m    |[39m                     [31m[1m^[22m[39m
     [90m 63 |[39m     })[33m;[39m
     [90m 64 |[39m   })[33m;[39m
     [90m 65 |[39m[0m

      at Object.getElementError (node_modules/@testing-library/dom/dist/config.js:37:19)
      at getElementError (node_modules/@testing-library/dom/dist/query-helpers.js:20:35)
      at getMultipleElementsFoundError (node_modules/@testing-library/dom/dist/query-helpers.js:23:10)
      at node_modules/@testing-library/dom/dist/query-helpers.js:55:13
      at node_modules/@testing-library/dom/dist/query-helpers.js:95:19
      at getByText (app/__tests__/journey.test.tsx:62:21)
          at Set.forEach (<anonymous>)
      at Object.forEach (app/__tests__/journey.test.tsx:61:16)

FAIL components/layout/__tests__/Navigation.property.test.tsx
  ● Navigation - Property: Active State Consistency › should highlight only the active link for pathname: /

    expect(element).toHaveClass("text-blue-600")

    Expected the element to have class:
      text-blue-600
    Received:

    [0m [90m 36 |[39m       [90m// Check that the active link is highlighted[39m
     [90m 37 |[39m       [36mconst[39m activeLink [33m=[39m screen[33m.[39mgetByText(expectedActive)[33m.[39mclosest([32m'a'[39m)[33m;[39m
    [31m[1m>[22m[39m[90m 38 |[39m       expect(activeLink)[33m.[39mtoHaveClass([32m'text-blue-600'[39m)[33m;[39m
     [90m    |[39m                          [31m[1m^[22m[39m
     [90m 39 |[39m       expect(activeLink)[33m.[39mtoHaveClass([32m'border-blue-600'[39m)[33m;[39m
     [90m 40 |[39m       expect(activeLink)[33m.[39mtoHaveClass([32m'font-semibold'[39m)[33m;[39m
     [90m 41 |[39m[0m

      at Object.toHaveClass (components/layout/__tests__/Navigation.property.test.tsx:38:26)

  ● Navigation - Property: Active State Consistency › should highlight only the active link for pathname: /a-propos

    expect(element).toHaveClass("text-blue-600")

    Expected the element to have class:
      text-blue-600
    Received:

    [0m [90m 36 |[39m       [90m// Check that the active link is highlighted[39m
     [90m 37 |[39m       [36mconst[39m activeLink [33m=[39m screen[33m.[39mgetByText(expectedActive)[33m.[39mclosest([32m'a'[39m)[33m;[39m
    [31m[1m>[22m[39m[90m 38 |[39m       expect(activeLink)[33m.[39mtoHaveClass([32m'text-blue-600'[39m)[33m;[39m
     [90m    |[39m                          [31m[1m^[22m[39m
     [90m 39 |[39m       expect(activeLink)[33m.[39mtoHaveClass([32m'border-blue-600'[39m)[33m;[39m
     [90m 40 |[39m       expect(activeLink)[33m.[39mtoHaveClass([32m'font-semibold'[39m)[33m;[39m
     [90m 41 |[39m[0m

      at Object.toHaveClass (components/layout/__tests__/Navigation.property.test.tsx:38:26)

  ● Navigation - Property: Active State Consistency › should highlight only the active link for pathname: /competences

    expect(element).toHaveClass("text-blue-600")

    Expected the element to have class:
      text-blue-600
    Received:

    [0m [90m 36 |[39m       [90m// Check that the active link is highlighted[39m
     [90m 37 |[39m       [36mconst[39m activeLink [33m=[39m screen[33m.[39mgetByText(expectedActive)[33m.[39mclosest([32m'a'[39m)[33m;[39m
    [31m[1m>[22m[39m[90m 38 |[39m       expect(activeLink)[33m.[39mtoHaveClass([32m'text-blue-600'[39m)[33m;[39m
     [90m    |[39m                          [31m[1m^[22m[39m
     [90m 39 |[39m       expect(activeLink)[33m.[39mtoHaveClass([32m'border-blue-600'[39m)[33m;[39m
     [90m 40 |[39m       expect(activeLink)[33m.[39mtoHaveClass([32m'font-semibold'[39m)[33m;[39m
     [90m 41 |[39m[0m

      at Object.toHaveClass (components/layout/__tests__/Navigation.property.test.tsx:38:26)

  ● Navigation - Property: Active State Consistency › should highlight only the active link for pathname: /projets

    expect(element).toHaveClass("text-blue-600")

    Expected the element to have class:
      text-blue-600
    Received:

    [0m [90m 36 |[39m       [90m// Check that the active link is highlighted[39m
     [90m 37 |[39m       [36mconst[39m activeLink [33m=[39m screen[33m.[39mgetByText(expectedActive)[33m.[39mclosest([32m'a'[39m)[33m;[39m
    [31m[1m>[22m[39m[90m 38 |[39m       expect(activeLink)[33m.[39mtoHaveClass([32m'text-blue-600'[39m)[33m;[39m
     [90m    |[39m                          [31m[1m^[22m[39m
     [90m 39 |[39m       expect(activeLink)[33m.[39mtoHaveClass([32m'border-blue-600'[39m)[33m;[39m
     [90m 40 |[39m       expect(activeLink)[33m.[39mtoHaveClass([32m'font-semibold'[39m)[33m;[39m
     [90m 41 |[39m[0m

      at Object.toHaveClass (components/layout/__tests__/Navigation.property.test.tsx:38:26)

  ● Navigation - Property: Active State Consistency › should highlight only the active link for pathname: /contact

    expect(element).toHaveClass("text-blue-600")

    Expected the element to have class:
      text-blue-600
    Received:

    [0m [90m 36 |[39m       [90m// Check that the active link is highlighted[39m
     [90m 37 |[39m       [36mconst[39m activeLink [33m=[39m screen[33m.[39mgetByText(expectedActive)[33m.[39mclosest([32m'a'[39m)[33m;[39m
    [31m[1m>[22m[39m[90m 38 |[39m       expect(activeLink)[33m.[39mtoHaveClass([32m'text-blue-600'[39m)[33m;[39m
     [90m    |[39m                          [31m[1m^[22m[39m
     [90m 39 |[39m       expect(activeLink)[33m.[39mtoHaveClass([32m'border-blue-600'[39m)[33m;[39m
     [90m 40 |[39m       expect(activeLink)[33m.[39mtoHaveClass([32m'font-semibold'[39m)[33m;[39m
     [90m 41 |[39m[0m

      at Object.toHaveClass (components/layout/__tests__/Navigation.property.test.tsx:38:26)

  ● Navigation - Property: Active State Consistency › should have exactly one active link for any pathname

    expect(received).toBe(expected) // Object.is equality

    Expected: 1
    Received: 0

    [0m [90m 57 |[39m
     [90m 58 |[39m       [36mconst[39m activeLinks [33m=[39m container[33m.[39mquerySelectorAll([32m'a.text-blue-600'[39m)[33m;[39m
    [31m[1m>[22m[39m[90m 59 |[39m       expect(activeLinks[33m.[39mlength)[33m.[39mtoBe([35m1[39m)[33m;[39m
     [90m    |[39m                                  [31m[1m^[22m[39m
     [90m 60 |[39m     })[33m;[39m
     [90m 61 |[39m   })[33m;[39m
     [90m 62 |[39m[0m

      at toBe (components/layout/__tests__/Navigation.property.test.tsx:59:34)
          at Array.forEach (<anonymous>)
      at Object.forEach (components/layout/__tests__/Navigation.property.test.tsx:53:22)

  ● Navigation - Property: Active State Consistency › should maintain active state consistency across language changes

    expect(element).toHaveClass("text-blue-600")

    Expected the element to have class:
      text-blue-600
    Received:

    [0m [90m 67 |[39m
     [90m 68 |[39m     [36mlet[39m activeLink [33m=[39m screen[33m.[39mgetByText([32m'Projets'[39m)[33m.[39mclosest([32m'a'[39m)[33m;[39m
    [31m[1m>[22m[39m[90m 69 |[39m     expect(activeLink)[33m.[39mtoHaveClass([32m'text-blue-600'[39m)[33m;[39m
     [90m    |[39m                        [31m[1m^[22m[39m
     [90m 70 |[39m
     [90m 71 |[39m     rerender(
     [90m 72 |[39m       [33m<[39m[33mNavigation[39m pathname[33m=[39m[32m"/projets"[39m language[33m=[39m[32m"en"[39m [33m/[39m[33m>[39m[0m

      at Object.toHaveClass (components/layout/__tests__/Navigation.property.test.tsx:69:24)

FAIL components/about/__tests__/Timeline.test.tsx
  ● Console

    console.error
      Warning: React does not recognize the `whileInView` prop on a DOM element. If you intentionally want it to appear in the DOM as a custom attribute, spell it as lowercase `whileinview` instead. If you accidentally passed it from a parent component, remove it from the DOM element.
          at div
          at children (C:\Users\Rosaire\Desktop\Portfolio\components\about\__tests__\Timeline.test.tsx:8:13)
          at div
          at section
          at Timeline (C:\Users\Rosaire\Desktop\Portfolio\components\about\Timeline.tsx:10:47)

    [0m [90m 19 |[39m describe([32m'Timeline Component'[39m[33m,[39m () [33m=>[39m {
     [90m 20 |[39m   it([32m'renders section title in French'[39m[33m,[39m () [33m=>[39m {
    [31m[1m>[22m[39m[90m 21 |[39m     render([33m<[39m[33mTimeline[39m [33m/[39m[33m>[39m)[33m;[39m
     [90m    |[39m           [31m[1m^[22m[39m
     [90m 22 |[39m     expect(screen[33m.[39mgetByText([32m'Mon parcours'[39m))[33m.[39mtoBeInTheDocument()[33m;[39m
     [90m 23 |[39m   })[33m;[39m
     [90m 24 |[39m[0m

      at printWarning (node_modules/react-dom/cjs/react-dom.development.js:86:30)
      at error (node_modules/react-dom/cjs/react-dom.development.js:60:7)
      at validateProperty$1 (node_modules/react-dom/cjs/react-dom.development.js:3757:7)
      at warnUnknownProperties (node_modules/react-dom/cjs/react-dom.development.js:3803:21)
      at validateProperties$2 (node_modules/react-dom/cjs/react-dom.development.js:3827:3)
      at validatePropertiesInDevelopment (node_modules/react-dom/cjs/react-dom.development.js:9541:5)
      at setInitialProperties (node_modules/react-dom/cjs/react-dom.development.js:9830:5)
      at finalizeInitialChildren (node_modules/react-dom/cjs/react-dom.development.js:10950:3)
      at completeWork (node_modules/react-dom/cjs/react-dom.development.js:22232:17)
      at completeUnitOfWork (node_modules/react-dom/cjs/react-dom.development.js:26632:16)
      at performUnitOfWork (node_modules/react-dom/cjs/react-dom.development.js:26607:5)
      at workLoopSync (node_modules/react-dom/cjs/react-dom.development.js:26505:5)
      at renderRootSync (node_modules/react-dom/cjs/react-dom.development.js:26473:7)
      at performConcurrentWorkOnRoot (node_modules/react-dom/cjs/react-dom.development.js:25777:74)
      at flushActQueue (node_modules/react/cjs/react.development.js:2667:24)
      at act (node_modules/react/cjs/react.development.js:2582:11)
      at node_modules/@testing-library/react/dist/act-compat.js:47:25
      at renderRoot (node_modules/@testing-library/react/dist/pure.js:180:26)
      at render (node_modules/@testing-library/react/dist/pure.js:271:10)
      at Object.<anonymous> (components/about/__tests__/Timeline.test.tsx:21:11)

  ● Timeline Component › renders event dates

    TestingLibraryElementError: Found multiple elements with the text: 2023

    Here are the matching elements:

    Ignored nodes: comments, script, style
    [36m<span[39m
      [33mclass[39m=[32m"px-3 py-1 bg-blue-100 dark:bg-blue-900 text-blue-800 dark:text-blue-100 rounded-full text-sm font-medium"[39m
    [36m>[39m
      [0m2023[0m
    [36m</span>[39m

    Ignored nodes: comments, script, style
    [36m<span[39m
      [33mclass[39m=[32m"px-3 py-1 bg-blue-100 dark:bg-blue-900 text-blue-800 dark:text-blue-100 rounded-full text-sm font-medium"[39m
    [36m>[39m
      [0m2023[0m
    [36m</span>[39m

    (If this is intentional, then use the `*AllBy*` variant of the query (like `queryAllByText`, `getAllByText`, or `findAllByText`)).

    Ignored nodes: comments, script, style
    [36m<body>[39m
      [36m<div>[39m
        [36m<section[39m
          [33mclass[39m=[32m"py-20 px-4 bg-slate-50 dark:bg-slate-900"[39m
        [36m>[39m
          [36m<div[39m
            [33mclass[39m=[32m"max-w-4xl mx-auto"[39m
          [36m>[39m
            [36m<div[39m
              [33mclass[39m=[32m"text-center mb-16"[39m
              [33minitial[39m=[32m"[object Object]"[39m
              [33mtransition[39m=[32m"[object Object]"[39m
              [33mviewport[39m=[32m"[object Object]"[39m
              [33mwhileinview[39m=[32m"[object Object]"[39m
            [36m>[39m
              [36m<h2[39m
                [33mclass[39m=[32m"text-4xl md:text-5xl font-bold text-slate-900 dark:text-white mb-4"[39m
              [36m>[39m
                [0mMon parcours[0m
              [36m</h2>[39m
              [36m<p[39m
                [33mclass[39m=[32m"text-lg text-slate-600 dark:text-slate-400"[39m
              [36m>[39m
                [0mFormations, certifications et expériences marquantes[0m
              [36m</p>[39m
            [36m</div>[39m
            [36m<div[39m
              [33mclass[39m=[32m"space-y-8"[39m
              [33minitial[39m=[32m"hidden"[39m
              [33mvariants[39m=[32m"[object Object]"[39m
              [33mviewport[39m=[32m"[object Object]"[39m
              [33mwhileinview[39m=[32m"visible"[39m
            [36m>[39m
              [36m<div[39m
                [33mvariants[39m=[32m"[object Object]"[39m
              [36m>[39m
                [36m<div[39m
                  [33mclass[39m=[32m"flex gap-6"[39m
                [36m>[39m
                  [36m<div[39m
                    [33mclass[39m=[32m"flex flex-col items-center"[39m
                  [36m>[39m
                    [36m<div[39m
                      [33mclass[39m=[32m"w-12 h-12 bg-blue-600 dark:bg-blue-500 rounded-full flex items-center justify-center text-white font-bold text-lg"[39m
                    [36m>[39m
                      [0mbook[0m
                    [36m</div>[39m
                    [36m<div[39m
                      [33mclass[39m=[32m"w-1 h-24 bg-blue-200 dark:bg-blue-900 mt-4"[39m
                    [36m/>[39m
                  [36m</div>[39m
                  [36m<div[39m
                    [33mclass[39m=[32m"flex-1 pb-8"[39m
                  [36m>[39m
                    [36m<button[39m
                      [33mclass[39m=[32m"w-full text-left"[39m
                    [36m>[39m
                      [36m<div[39m
                        [33mclass[39m=[32m"bg-white dark:bg-slate-800 p-6 rounded-lg shadow-md hover:shadow-lg transition-shadow border border-slate-200 dark:border-slate-700 cursor-pointer"[39m
                      [36m>[39m
                        [36m<div[39m
                          [33mclass[39m=[32m"flex justify-between items-start mb-2"[39m
                        [36m>[39m
                          [36m<div>[39m
                            [36m<h3[39m
                              [33mclass[39m=[32m"text-xl font-bold text-slate-900 dark:text-white"[39m
                            [36m>[39m
                              [0mFormation Google IT Support[0m
                            [36m</h3>[39m
                            [36m<p[39m
                              [33mclass[39m=[32m"text-slate-600 dark:text-slate-400"[39m
                            [36m>[39m
                              [0mGoogle[0m
                            [36m</p>[39m
                          [36m</div>[39m
                          [36m<span[39m
                            [33mclass[39m=[32m"px-3 py-1 bg-blue-100 dark:bg-blue-900 text-blue-800 dark:text-blue-100 rounded-full text-sm font-medium"[39m
                          [36m>[39m
                            [0m2023[0m
                          [36m</span>[39m
                        [36m</div>[39m
                        [36m<div[39m
                          [33mclass[39m=[32m"mt-2 text-blue-600 dark:text-blue-400 text-sm font-medium"[39m
                        [36m>[39m
                          [0mAfficher plus[0m
                        [36m</div>[39m
                      [36m</div>[39m
                    [36m</button>[39m
                  [36m</div>[39m
                [36m</div>[39m
              [36m</div>[39m
              [36m<div[39m
                [33mvariants[39m=[32m"[object Object]"[39m
              [36m>[39m
                [36m<div[39m
                  [33mclass[39m=[32m"flex gap-6"[39m
                [36m>[39m
                  [36m<div[39m
                    [33mclass[39m=[32m"flex flex-col items-center"[39m
                  [36m>[39m
                    [36m<div[39m
                      [33mclass[39m=[32m"w-12 h-12 bg-blue-600 dark:bg-blue-500 rounded-full flex items-center justify-center text-white font-bold text-lg"[39m
                    [36m>[39m
                      [0maward[0m
                    [36m</div>[39m
                    [36m<div[39m
                      [33mclass[39m=[32m"w-1 h-24 bg-blue-200 dark:bg-blue-900 mt-4"[39m
                    [36m/>[39m
                  [36m</div>[39m
                  [36m<div[39m
                    [33mclass[39m=[32m"flex-1 pb-8"[39m
                  [36m>[39m
                    [36m<button[39m
                      [33mclass[39m=[32m"w-full text-left"[39m
                    [36m>[39m
                      [36m<div[39m
                        [33mclass[39m=[32m"bg-white dark:bg-slate-800 p-6 rounded-lg shadow-md hover:shadow-lg transition-shadow border border-slate-200 dark:border-slate-700 cursor-pointer"[39m
                      [36m>[39m
                        [36m<div[39m
                          [33mclass[39m=[32m"flex justify-between items-start mb-2"[39m
                        [36m>[39m
                          [36m<div>[39m
                            [36m<h3[39m
                              [33mclass[39m=[32m"text-xl font-bold text-slate-900 dark:text-white"[39m
                            [36m>[39m
                              [0mCertification freeCodeCamp[0m
                            [36m</h3>[39m
                            [36m<p[39m
                              [33mclass[39m=[32m"text-slate-600 dark:text-slate-400"[39m
                            [36m>[39m
                              [0mfreeCodeCamp[0m
                            [36m</p>[39m
                          [36m</div>[39m
                          [36m<span[39m
                            [33mclass[39m=[32m"px-3 py-1 bg-blue-100 dark:bg-blue-900 text-blue-800 dark:text-blue-100 rounded-full text-sm font-medium"[39m
                          [36m>[39m
                            [0m2023[0m
                          [36m</span>[39m
                        [36m</div>[39m
                        [36m<div[39m
                          [33mclass[39m=[32m"mt-2 text-blue-600 dark:text-blue-400 text-sm font-medium"[39m
                        [36m>[39m
                          [0mAfficher plus[0m
                        [36m</div>[39m
                      [36m</div>[39m
                    [36m</button>[39m
                  [36m</div>[39m
                [36m</div>[39m
              [36m</div>[39m
              [36m<div[39m
                [33mvariants[39m=[32m"[object Object]"[39m
              [36m>[39m
                [36m<div[39m
                  [33mclass[39m=[32m"flex gap-6"[39m
                [36m>[39m
                  [36m<div[39m
                    [33mclass[39m=[32m"flex flex-col items-center"[39m
                  [36m>[39m
                    [36m<div[39m
                      [33mclass[39m=[32m"w-12 h-12 bg-blue-600 dark:bg-blue-500 rounded-full flex items-center justify-center text-white font-bold text-lg"[39m
                    [36m>[39m
                      [0mzap[0m
                    [36m</div>[39m
                    [36m<div[39m
                      [33mclass[39m=[32m"w-1 h-24 bg-blue-200 dark:bg-blue-900 mt-4"[39m
                    [36m/>[39m
                  [36m</div>[39m
                  [36m<div[39m
                    [33mclass[39m=[32m"flex-1 pb-8"[39m
                  [36m>[39m
                    [36m<button[39m
                      [33mclass[39m=[32m"w-full text-left"[39m
                    [36m>[39m
                      [36m<div[39m
                        [33mclass[39m=[32m"bg-white dark:bg-slate-800 p-6 rounded-lg shadow-md hover:shadow-lg transition-shadow border border-slate-200 dark:border-slate-700 cursor-pointer"[39m
                      [36m>[39m
                        [36m<div[39m
                          [33mclass[39m=[32m"flex justify-between items-start mb-2"[39m
                        [36m>[39m
                          [36m<div>[39m
                            [36m<h3[39m
                              [33mclass[39m=[32m"text-xl font-bold text-slate-900 dark:text-white"[39m
                            [36m>[39m
                              [0mHackathon MIABE[0m
                            [36m</h3>[39m
                            [36m<p[39m
                              [33mclass[39m=[32m"text-slate-600 dark:text-slate-400"[39m
                            [36m>[39m
                              [0mMIABE[0m
                            [36m</p>[39m
                          [36m</div>[39m
                          [36m<span[39m
                            [33mclass[39m=[32m"px-3 py-1 bg-blue-100 dark:bg-blue-900 text-blue-800 dark:text-blue-100 rounded-full text-sm font-medium"[39m
                          [36m>[39m
                            [0m2024[0m
                          [36m</span>[39m
                        [36m</div>[39m
                        [36m<div[39m
                          [33mclass[39m=[32m"mt-2 text-blue-600 dark:text-blue-400 text-sm font-medium"[39m
                        [36m>[39m
                          [0mAfficher plus[0m
                        [36m</div>[39m
                      [36m</div>[39m
                    [36m</button>[39m
                  [36m</div>[39m
                [36m</div>[39m
              [36m</div>[39m
              [36m<div[39m
                [33mvariants[39m=[32m"[object Object]"[39m
              [36m>[39m
                [36m<div[39m
                  [33mclass[39m=[32m"flex gap-6"[39m
                [36m>[39m
                  [36m<div[39m
                    [33mclass[39m=[32m"flex flex-col items-center"[39m
                  [36m>[39m
                    [36m<div[39m
                      [33mclass[39m=[32m"w-12 h-12 bg-blue-600 dark:bg-blue-500 rounded-full flex items-center justify-center text-white font-bold text-lg"[39m
                    [36m>[39m
                      [0mcpu[0m
                    [36m</div>[39m
                  [36m</div>[39m
                  [36m<div[39m
                    [33mclass[39m=[32m"flex-1 pb-8"[39m
                  [36m>[39m
                    [36m<button[39m
                      [33mclass[39m=[32m"w-full text-left"[39m
                    [36m>[39m
                      [36m<div[39m
                        [33mclass[39m=[32m"bg-white dark:bg-slate-800 p-6 rounded-lg shadow-md hover:shadow-lg transition-shadow border border-slate-200 dark:border-slate-700 cursor-pointer"[39m
                      [36m>[39m
                        [36m<div[39m
                          [33mclass[39m=[32m"flex justify-between items-start mb-2"[39m
                        [36m>[39m
                          [36m<div>[39m
                            [36m<h3[39m
                              [33mclass[39m=[32m"text-xl font-bold text-slate-900 dark:text-white"[39m
                            [36m>[39m
                              [0mArduino Days 2026[0m
                            [36m</h3>[39m
                            [36m<p[39m
                              [33mclass[39m=[32m"text-slate-600 dark:text-slate-400"[39m
                            [36m>[39m
                              [0mArduino[0m
                            [36m</p>[39m
                          [36m</div>[39m
                          [36m<span[39m
                            [33mclass[39m=[32m"px-3 py-1 bg-blue-100 dark:bg-blue-900 text-blue-800 dark:text-blue-100 rounded-full text-sm font-medium"[39m
                          [36m>[39m
                            [0m2026[0m
                          [36m</span>[39m
                        [36m</div>[39m
                        [36m<div[39m
                          [33mclass[39m=[32m"mt-2 text-blue-600 dark:text-blue-400 text-sm font-medium"[39m
                        [36m>[39m
                          [0mAfficher plus[0m
                        [36m</div>[39m
                      [36m</div>[39m
                    [36m</button>[39m
                  [36m</div>[39m
                [36m</div>[39m
              [36m</div>[39m
            [36m</div>[39m
          [36m</div>[39m
        [36m</section>[39m
      [36m</div>[39m
    [36m</body>[39m

    [0m [90m 31 |[39m   it([32m'renders event dates'[39m[33m,[39m () [33m=>[39m {
     [90m 32 |[39m     render([33m<[39m[33mTimeline[39m [33m/[39m[33m>[39m)[33m;[39m
    [31m[1m>[22m[39m[90m 33 |[39m     expect(screen[33m.[39mgetByText([32m'2023'[39m))[33m.[39mtoBeInTheDocument()[33m;[39m
     [90m    |[39m                   [31m[1m^[22m[39m
     [90m 34 |[39m     expect(screen[33m.[39mgetByText([32m'2024'[39m))[33m.[39mtoBeInTheDocument()[33m;[39m
     [90m 35 |[39m   })[33m;[39m
     [90m 36 |[39m[0m

      at Object.getElementError (node_modules/@testing-library/dom/dist/config.js:37:19)
      at getElementError (node_modules/@testing-library/dom/dist/query-helpers.js:20:35)
      at getMultipleElementsFoundError (node_modules/@testing-library/dom/dist/query-helpers.js:23:10)
      at node_modules/@testing-library/dom/dist/query-helpers.js:55:13
      at node_modules/@testing-library/dom/dist/query-helpers.js:95:19
      at Object.getByText (components/about/__tests__/Timeline.test.tsx:33:19)

FAIL components/contact/__tests__/ContactForm.property.test.tsx
  ● ContactForm - Property-Based Tests › should validate that all required fields must be filled before submission

    property expects at least two parameters

    [0m [90m 27 |[39m   it([32m'should validate that all required fields must be filled before submission'[39m[33m,[39m () [33m=>[39m {
     [90m 28 |[39m     fc[33m.[39massert(
    [31m[1m>[22m[39m[90m 29 |[39m       fc[33m.[39mproperty(
     [90m    |[39m          [31m[1m^[22m[39m
     [90m 30 |[39m         fc[33m.[39mrecord({
     [90m 31 |[39m           name[33m:[39m fc[33m.[39moneof(fc[33m.[39mconstant([32m''[39m)[33m,[39m fc[33m.[39mstring())[33m,[39m
     [90m 32 |[39m           email[33m:[39m fc[33m.[39moneof(fc[33m.[39mconstant([32m''[39m)[33m,[39m fc[33m.[39mstring())[33m,[39m[0m

      at Module.property (node_modules/fast-check/lib/cjs/fast-check.js:1344:29)
      at Object.property (components/contact/__tests__/ContactForm.property.test.tsx:29:10)

  ● ContactForm - Property-Based Tests › should validate email format consistently

    Property failed after 1 tests
    { seed: 828342434, path: "0:0", endOnFailure: true }
    Counterexample: [""]
    Shrunk 1 time(s)

    Hint: Enable verbose mode in order to have the list of all failing values encountered during the run

    [0m [90m 67 |[39m
     [90m 68 |[39m   it([32m'should validate email format consistently'[39m[33m,[39m () [33m=>[39m {
    [31m[1m>[22m[39m[90m 69 |[39m     fc[33m.[39massert(
     [90m    |[39m        [31m[1m^[22m[39m
     [90m 70 |[39m       fc[33m.[39mproperty(fc[33m.[39mstring()[33m,[39m (email) [33m=>[39m {
     [90m 71 |[39m         [36mconst[39m { unmount } [33m=[39m render(
     [90m 72 |[39m           [33m<[39m[33mLanguageProvider[39m[33m>[39m[0m

      at buildError (node_modules/fast-check/lib/cjs/fast-check.js:2456:16)
      at throwIfFailed (node_modules/fast-check/lib/cjs/fast-check.js:2463:8)
      at reportRunDetails (node_modules/fast-check/lib/cjs/fast-check.js:2479:14)
      at Module.assert (node_modules/fast-check/lib/cjs/fast-check.js:2536:7)
      at Object.assert (components/contact/__tests__/ContactForm.property.test.tsx:69:8)

    Cause:
    ReferenceError: LanguageProvider is not defined

    [0m [90m 70 |[39m       fc[33m.[39mproperty(fc[33m.[39mstring()[33m,[39m (email) [33m=>[39m {
     [90m 71 |[39m         [36mconst[39m { unmount } [33m=[39m render(
    [31m[1m>[22m[39m[90m 72 |[39m           [33m<[39m[33mLanguageProvider[39m[33m>[39m
     [90m    |[39m            [31m[1m^[22m[39m
     [90m 73 |[39m             [33m<[39m[33mContactForm[39m [33m/[39m[33m>[39m
     [90m 74 |[39m           [33m<[39m[33m/[39m[33mLanguageProvider[39m[33m>[39m
     [90m 75 |[39m         )[33m;[39m[0m

      at LanguageProvider (components/contact/__tests__/ContactForm.property.test.tsx:72:12)
      at Property.predicate (node_modules/fast-check/lib/cjs/fast-check.js:1348:99)
      at Property.run (node_modules/fast-check/lib/cjs/fast-check.js:1317:24)
      at runIt (node_modules/fast-check/lib/cjs/fast-check.js:2499:24)
      at check (node_modules/fast-check/lib/cjs/fast-check.js:2531:204)
      at Module.assert (node_modules/fast-check/lib/cjs/fast-check.js:2534:14)
      at Object.assert (components/contact/__tests__/ContactForm.property.test.tsx:69:8)

  ● ContactForm - Property-Based Tests › should clear form fields after successful submission

    property expects at least two parameters

    [0m [90m 100 |[39m   it([32m'should clear form fields after successful submission'[39m[33m,[39m () [33m=>[39m {
     [90m 101 |[39m     fc[33m.[39massert(
    [31m[1m>[22m[39m[90m 102 |[39m       fc[33m.[39mproperty(
     [90m     |[39m          [31m[1m^[22m[39m
     [90m 103 |[39m         fc[33m.[39mrecord({
     [90m 104 |[39m           name[33m:[39m fc[33m.[39mstring({ minLength[33m:[39m [35m1[39m })[33m,[39m
     [90m 105 |[39m           email[33m:[39m fc[33m.[39memailAddress()[33m,[39m[0m

      at Module.property (node_modules/fast-check/lib/cjs/fast-check.js:1344:29)
      at Object.property (components/contact/__tests__/ContactForm.property.test.tsx:102:10)

  ● ContactForm - Property-Based Tests › should maintain form state consistency during user input

    property expects at least two parameters

    [0m [90m 138 |[39m   it([32m'should maintain form state consistency during user input'[39m[33m,[39m () [33m=>[39m {
     [90m 139 |[39m     fc[33m.[39massert(
    [31m[1m>[22m[39m[90m 140 |[39m       fc[33m.[39mproperty(
     [90m     |[39m          [31m[1m^[22m[39m
     [90m 141 |[39m         fc[33m.[39mrecord({
     [90m 142 |[39m           name[33m:[39m fc[33m.[39mstring()[33m,[39m
     [90m 143 |[39m           email[33m:[39m fc[33m.[39mstring()[33m,[39m[0m

      at Module.property (node_modules/fast-check/lib/cjs/fast-check.js:1344:29)
      at Object.property (components/contact/__tests__/ContactForm.property.test.tsx:140:10)

FAIL components/home/__tests__/Testimonial.test.tsx
  ● Console

    console.error
      Warning: React does not recognize the `whileInView` prop on a DOM element. If you intentionally want it to appear in the DOM as a custom attribute, spell it as lowercase `whileinview` instead. If you accidentally passed it from a parent component, remove it from the DOM element.
          at div
          at children (C:\Users\Rosaire\Desktop\Portfolio\components\home\__tests__\Testimonial.test.tsx:8:13)
          at div
          at section
          at Testimonial

    [0m [90m 19 |[39m describe([32m'Testimonial Component'[39m[33m,[39m () [33m=>[39m {
     [90m 20 |[39m   it([32m'renders 5 stars'[39m[33m,[39m () [33m=>[39m {
    [31m[1m>[22m[39m[90m 21 |[39m     [36mconst[39m { container } [33m=[39m render([33m<[39m[33mTestimonial[39m [33m/[39m[33m>[39m)[33m;[39m
     [90m    |[39m                                 [31m[1m^[22m[39m
     [90m 22 |[39m     [36mconst[39m stars [33m=[39m container[33m.[39mquerySelectorAll([32m'span:contains("⭐")'[39m)[33m;[39m
     [90m 23 |[39m     expect(stars[33m.[39mlength)[33m.[39mtoBeGreaterThanOrEqual([35m0[39m)[33m;[39m
     [90m 24 |[39m   })[33m;[39m[0m

      at printWarning (node_modules/react-dom/cjs/react-dom.development.js:86:30)
      at error (node_modules/react-dom/cjs/react-dom.development.js:60:7)
      at validateProperty$1 (node_modules/react-dom/cjs/react-dom.development.js:3757:7)
      at warnUnknownProperties (node_modules/react-dom/cjs/react-dom.development.js:3803:21)
      at validateProperties$2 (node_modules/react-dom/cjs/react-dom.development.js:3827:3)
      at validatePropertiesInDevelopment (node_modules/react-dom/cjs/react-dom.development.js:9541:5)
      at setInitialProperties (node_modules/react-dom/cjs/react-dom.development.js:9830:5)
      at finalizeInitialChildren (node_modules/react-dom/cjs/react-dom.development.js:10950:3)
      at completeWork (node_modules/react-dom/cjs/react-dom.development.js:22232:17)
      at completeUnitOfWork (node_modules/react-dom/cjs/react-dom.development.js:26632:16)
      at performUnitOfWork (node_modules/react-dom/cjs/react-dom.development.js:26607:5)
      at workLoopSync (node_modules/react-dom/cjs/react-dom.development.js:26505:5)
      at renderRootSync (node_modules/react-dom/cjs/react-dom.development.js:26473:7)
      at performConcurrentWorkOnRoot (node_modules/react-dom/cjs/react-dom.development.js:25777:74)
      at flushActQueue (node_modules/react/cjs/react.development.js:2667:24)
      at act (node_modules/react/cjs/react.development.js:2582:11)
      at node_modules/@testing-library/react/dist/act-compat.js:47:25
      at renderRoot (node_modules/@testing-library/react/dist/pure.js:180:26)
      at render (node_modules/@testing-library/react/dist/pure.js:271:10)
      at Object.<anonymous> (components/home/__tests__/Testimonial.test.tsx:21:33)

  ● Testimonial Component › renders 5 stars

    SyntaxError: 'span:contains(,,⭐,' is not a valid selector

    [0m [90m 20 |[39m   it([32m'renders 5 stars'[39m[33m,[39m () [33m=>[39m {
     [90m 21 |[39m     [36mconst[39m { container } [33m=[39m render([33m<[39m[33mTestimonial[39m [33m/[39m[33m>[39m)[33m;[39m
    [31m[1m>[22m[39m[90m 22 |[39m     [36mconst[39m stars [33m=[39m container[33m.[39mquerySelectorAll([32m'span:contains("⭐")'[39m)[33m;[39m
     [90m    |[39m                             [31m[1m^[22m[39m
     [90m 23 |[39m     expect(stars[33m.[39mlength)[33m.[39mtoBeGreaterThanOrEqual([35m0[39m)[33m;[39m
     [90m 24 |[39m   })[33m;[39m
     [90m 25 |[39m[0m

      at emit (node_modules/nwsapi/src/nwsapi.js:670:17)
      at parse (node_modules/nwsapi/src/nwsapi.js:1612:13)
      at Object._querySelectorAll [as select] (node_modules/nwsapi/src/nwsapi.js:1701:44)
      at HTMLDivElementImpl.querySelectorAll (node_modules/jsdom/lib/jsdom/living/nodes/ParentNode-impl.js:80:26)
      at HTMLDivElement.querySelectorAll (node_modules/jsdom/lib/jsdom/living/generated/Element.js:1119:58)
      at Object.querySelectorAll (components/home/__tests__/Testimonial.test.tsx:22:29)

FAIL components/contact/__tests__/ContactInfo.test.tsx
  ● Console

    console.error
      Error: Uncaught [ReferenceError: IntersectionObserver is not defined]
          at reportException (C:\Users\Rosaire\Desktop\Portfolio\node_modules\jsdom\lib\jsdom\living\helpers\runtime-script-errors.js:66:24)
          at innerInvokeEventListeners (C:\Users\Rosaire\Desktop\Portfolio\node_modules\jsdom\lib\jsdom\living\events\EventTarget-impl.js:353:9)
          at invokeEventListeners (C:\Users\Rosaire\Desktop\Portfolio\node_modules\jsdom\lib\jsdom\living\events\EventTarget-impl.js:286:3)
          at HTMLUnknownElementImpl._dispatch (C:\Users\Rosaire\Desktop\Portfolio\node_modules\jsdom\lib\jsdom\living\events\EventTarget-impl.js:233:9)
          at HTMLUnknownElementImpl.dispatchEvent (C:\Users\Rosaire\Desktop\Portfolio\node_modules\jsdom\lib\jsdom\living\events\EventTarget-impl.js:104:17)
          at HTMLUnknownElement.dispatchEvent (C:\Users\Rosaire\Desktop\Portfolio\node_modules\jsdom\lib\jsdom\living\generated\EventTarget.js:241:34)
          at Object.invokeGuardedCallbackDev (C:\Users\Rosaire\Desktop\Portfolio\node_modules\react-dom\cjs\react-dom.development.js:4213:16)
          at invokeGuardedCallback (C:\Users\Rosaire\Desktop\Portfolio\node_modules\react-dom\cjs\react-dom.development.js:4277:31)
          at reportUncaughtErrorInDEV (C:\Users\Rosaire\Desktop\Portfolio\node_modules\react-dom\cjs\react-dom.development.js:22877:5)
          at captureCommitPhaseError (C:\Users\Rosaire\Desktop\Portfolio\node_modules\react-dom\cjs\react-dom.development.js:27165:5)
          at commitPassiveMountEffects_complete (C:\Users\Rosaire\Desktop\Portfolio\node_modules\react-dom\cjs\react-dom.development.js:24932:9)
          at commitPassiveMountEffects_begin (C:\Users\Rosaire\Desktop\Portfolio\node_modules\react-dom\cjs\react-dom.development.js:24917:7)
          at commitPassiveMountEffects (C:\Users\Rosaire\Desktop\Portfolio\node_modules\react-dom\cjs\react-dom.development.js:24905:3)
          at flushPassiveEffectsImpl (C:\Users\Rosaire\Desktop\Portfolio\node_modules\react-dom\cjs\react-dom.development.js:27078:3)
          at flushPassiveEffects (C:\Users\Rosaire\Desktop\Portfolio\node_modules\react-dom\cjs\react-dom.development.js:27023:14)
          at C:\Users\Rosaire\Desktop\Portfolio\node_modules\react-dom\cjs\react-dom.development.js:26808:9
          at flushActQueue (C:\Users\Rosaire\Desktop\Portfolio\node_modules\react\cjs\react.development.js:2667:24)
          at act (C:\Users\Rosaire\Desktop\Portfolio\node_modules\react\cjs\react.development.js:2582:11)
          at C:\Users\Rosaire\Desktop\Portfolio\node_modules\@testing-library\react\dist\act-compat.js:47:25
          at renderRoot (C:\Users\Rosaire\Desktop\Portfolio\node_modules\@testing-library\react\dist\pure.js:180:26)
          at render (C:\Users\Rosaire\Desktop\Portfolio\node_modules\@testing-library\react\dist\pure.js:271:10)
          at renderWithProviders (C:\Users\Rosaire\Desktop\Portfolio\components\contact\__tests__\ContactInfo.test.tsx:22:16)
          at Object.renderWithProviders (C:\Users\Rosaire\Desktop\Portfolio\components\contact\__tests__\ContactInfo.test.tsx:27:5)
          at Promise.then.completed (C:\Users\Rosaire\Desktop\Portfolio\node_modules\jest-circus\build\utils.js:298:28)
          at new Promise (<anonymous>)
          at callAsyncCircusFn (C:\Users\Rosaire\Desktop\Portfolio\node_modules\jest-circus\build\utils.js:231:10)
          at _callCircusTest (C:\Users\Rosaire\Desktop\Portfolio\node_modules\jest-circus\build\run.js:316:40)
          at processTicksAndRejections (node:internal/process/task_queues:104:5)
          at _runTest (C:\Users\Rosaire\Desktop\Portfolio\node_modules\jest-circus\build\run.js:252:3)
          at _runTestsForDescribeBlock (C:\Users\Rosaire\Desktop\Portfolio\node_modules\jest-circus\build\run.js:126:9)
          at _runTestsForDescribeBlock (C:\Users\Rosaire\Desktop\Portfolio\node_modules\jest-circus\build\run.js:121:9)
          at run (C:\Users\Rosaire\Desktop\Portfolio\node_modules\jest-circus\build\run.js:71:3)
          at runAndTransformResultsToJestFormat (C:\Users\Rosaire\Desktop\Portfolio\node_modules\jest-circus\build\legacy-code-todo-rewrite\jestAdapterInit.js:122:21)
          at jestAdapter (C:\Users\Rosaire\Desktop\Portfolio\node_modules\jest-circus\build\legacy-code-todo-rewrite\jestAdapter.js:79:19)
          at runTestInternal (C:\Users\Rosaire\Desktop\Portfolio\node_modules\jest-runner\build\runTest.js:367:16)
          at runTest (C:\Users\Rosaire\Desktop\Portfolio\node_modules\jest-runner\build\runTest.js:444:34)
          at Object.worker (C:\Users\Rosaire\Desktop\Portfolio\node_modules\jest-runner\build\testWorker.js:106:12) {
        detail: ReferenceError: IntersectionObserver is not defined
            at initIntersectionObserver (C:\Users\Rosaire\Desktop\Portfolio\node_modules\framer-motion\dist\cjs\index.js:1039:34)
            at observeIntersection (C:\Users\Rosaire\Desktop\Portfolio\node_modules\framer-motion\dist\cjs\index.js:1044:39)
            at InViewFeature.startObserver (C:\Users\Rosaire\Desktop\Portfolio\node_modules\framer-motion\dist\cjs\index.js:1101:16)
            at InViewFeature.mount (C:\Users\Rosaire\Desktop\Portfolio\node_modules\framer-motion\dist\cjs\index.js:1104:14)
            at HTMLVisualElement.updateFeatures (C:\Users\Rosaire\Desktop\Portfolio\node_modules\framer-motion\dist\cjs\index-legacy-87714a68.js:4267:25)
            at C:\Users\Rosaire\Desktop\Portfolio\node_modules\framer-motion\dist\cjs\index.js:103:23
            at commitHookEffectListMount (C:\Users\Rosaire\Desktop\Portfolio\node_modules\react-dom\cjs\react-dom.development.js:23189:26)
            at commitPassiveMountOnFiber (C:\Users\Rosaire\Desktop\Portfolio\node_modules\react-dom\cjs\react-dom.development.js:24970:11)
            at commitPassiveMountEffects_complete (C:\Users\Rosaire\Desktop\Portfolio\node_modules\react-dom\cjs\react-dom.development.js:24930:9)
            at commitPassiveMountEffects_begin (C:\Users\Rosaire\Desktop\Portfolio\node_modules\react-dom\cjs\react-dom.development.js:24917:7)
            at commitPassiveMountEffects (C:\Users\Rosaire\Desktop\Portfolio\node_modules\react-dom\cjs\react-dom.development.js:24905:3)
            at flushPassiveEffectsImpl (C:\Users\Rosaire\Desktop\Portfolio\node_modules\react-dom\cjs\react-dom.development.js:27078:3)
            at flushPassiveEffects (C:\Users\Rosaire\Desktop\Portfolio\node_modules\react-dom\cjs\react-dom.development.js:27023:14)
            at C:\Users\Rosaire\Desktop\Portfolio\node_modules\react-dom\cjs\react-dom.development.js:26808:9
            at flushActQueue (C:\Users\Rosaire\Desktop\Portfolio\node_modules\react\cjs\react.development.js:2667:24)
            at act (C:\Users\Rosaire\Desktop\Portfolio\node_modules\react\cjs\react.development.js:2582:11)
            at C:\Users\Rosaire\Desktop\Portfolio\node_modules\@testing-library\react\dist\act-compat.js:47:25
            at renderRoot (C:\Users\Rosaire\Desktop\Portfolio\node_modules\@testing-library\react\dist\pure.js:180:26)
            at render (C:\Users\Rosaire\Desktop\Portfolio\node_modules\@testing-library\react\dist\pure.js:271:10)
            at renderWithProviders (C:\Users\Rosaire\Desktop\Portfolio\components\contact\__tests__\ContactInfo.test.tsx:22:16)
            at Object.renderWithProviders (C:\Users\Rosaire\Desktop\Portfolio\components\contact\__tests__\ContactInfo.test.tsx:27:5)
            at Promise.then.completed (C:\Users\Rosaire\Desktop\Portfolio\node_modules\jest-circus\build\utils.js:298:28)
            at new Promise (<anonymous>)
            at callAsyncCircusFn (C:\Users\Rosaire\Desktop\Portfolio\node_modules\jest-circus\build\utils.js:231:10)
            at _callCircusTest (C:\Users\Rosaire\Desktop\Portfolio\node_modules\jest-circus\build\run.js:316:40)
            at processTicksAndRejections (node:internal/process/task_queues:104:5)
            at _runTest (C:\Users\Rosaire\Desktop\Portfolio\node_modules\jest-circus\build\run.js:252:3)
            at _runTestsForDescribeBlock (C:\Users\Rosaire\Desktop\Portfolio\node_modules\jest-circus\build\run.js:126:9)
            at _runTestsForDescribeBlock (C:\Users\Rosaire\Desktop\Portfolio\node_modules\jest-circus\build\run.js:121:9)
            at run (C:\Users\Rosaire\Desktop\Portfolio\node_modules\jest-circus\build\run.js:71:3)
            at runAndTransformResultsToJestFormat (C:\Users\Rosaire\Desktop\Portfolio\node_modules\jest-circus\build\legacy-code-todo-rewrite\jestAdapterInit.js:122:21)
            at jestAdapter (C:\Users\Rosaire\Desktop\Portfolio\node_modules\jest-circus\build\legacy-code-todo-rewrite\jestAdapter.js:79:19)
            at runTestInternal (C:\Users\Rosaire\Desktop\Portfolio\node_modules\jest-runner\build\runTest.js:367:16)
            at runTest (C:\Users\Rosaire\Desktop\Portfolio\node_modules\jest-runner\build\runTest.js:444:34)
            at Object.worker (C:\Users\Rosaire\Desktop\Portfolio\node_modules\jest-runner\build\testWorker.js:106:12),
        type: 'unhandled exception'
      }

    [0m [90m 20 |[39m
     [90m 21 |[39m [36mconst[39m renderWithProviders [33m=[39m (component[33m:[39m [33mReact[39m[33m.[39m[33mReactElement[39m) [33m=>[39m {
    [31m[1m>[22m[39m[90m 22 |[39m   [36mreturn[39m render([33m<[39m[33mMockLanguageProvider[39m[33m>[39m{component}[33m<[39m[33m/[39m[33mMockLanguageProvider[39m[33m>[39m)[33m;[39m
     [90m    |[39m                [31m[1m^[22m[39m
     [90m 23 |[39m }[33m;[39m
     [90m 24 |[39m
     [90m 25 |[39m describe([32m'ContactInfo'[39m[33m,[39m () [33m=>[39m {[0m

      at VirtualConsole.<anonymous> (node_modules/@jest/environment-jsdom-abstract/build/index.js:87:23)
      at reportException (node_modules/jsdom/lib/jsdom/living/helpers/runtime-script-errors.js:70:28)
      at innerInvokeEventListeners (node_modules/jsdom/lib/jsdom/living/events/EventTarget-impl.js:353:9)
      at invokeEventListeners (node_modules/jsdom/lib/jsdom/living/events/EventTarget-impl.js:286:3)
      at HTMLUnknownElementImpl._dispatch (node_modules/jsdom/lib/jsdom/living/events/EventTarget-impl.js:233:9)
      at HTMLUnknownElementImpl.dispatchEvent (node_modules/jsdom/lib/jsdom/living/events/EventTarget-impl.js:104:17)
      at HTMLUnknownElement.dispatchEvent (node_modules/jsdom/lib/jsdom/living/generated/EventTarget.js:241:34)
      at Object.invokeGuardedCallbackDev (node_modules/react-dom/cjs/react-dom.development.js:4213:16)
      at invokeGuardedCallback (node_modules/react-dom/cjs/react-dom.development.js:4277:31)
      at reportUncaughtErrorInDEV (node_modules/react-dom/cjs/react-dom.development.js:22877:5)
      at captureCommitPhaseError (node_modules/react-dom/cjs/react-dom.development.js:27165:5)
      at commitPassiveMountEffects_complete (node_modules/react-dom/cjs/react-dom.development.js:24932:9)
      at commitPassiveMountEffects_begin (node_modules/react-dom/cjs/react-dom.development.js:24917:7)
      at commitPassiveMountEffects (node_modules/react-dom/cjs/react-dom.development.js:24905:3)
      at flushPassiveEffectsImpl (node_modules/react-dom/cjs/react-dom.development.js:27078:3)
      at flushPassiveEffects (node_modules/react-dom/cjs/react-dom.development.js:27023:14)
      at node_modules/react-dom/cjs/react-dom.development.js:26808:9
      at flushActQueue (node_modules/react/cjs/react.development.js:2667:24)
      at act (node_modules/react/cjs/react.development.js:2582:11)
      at node_modules/@testing-library/react/dist/act-compat.js:47:25
      at renderRoot (node_modules/@testing-library/react/dist/pure.js:180:26)
      at render (node_modules/@testing-library/react/dist/pure.js:271:10)
      at renderWithProviders (components/contact/__tests__/ContactInfo.test.tsx:22:16)
      at Object.renderWithProviders (components/contact/__tests__/ContactInfo.test.tsx:27:5)

    console.error
      The above error occurred in the <ForwardRef(MotionComponent)> component:
      
          at MotionComponent (C:\Users\Rosaire\Desktop\Portfolio\node_modules\framer-motion\dist\cjs\index.js:202:22)
          at ContactInfo
          at children (C:\Users\Rosaire\Desktop\Portfolio\components\contact\__tests__\ContactInfo.test.tsx:9:33)
      
      Consider adding an error boundary to your tree to customize error handling behavior.
      Visit https://reactjs.org/link/error-boundaries to learn more about error boundaries.

    [0m [90m 20 |[39m
     [90m 21 |[39m [36mconst[39m renderWithProviders [33m=[39m (component[33m:[39m [33mReact[39m[33m.[39m[33mReactElement[39m) [33m=>[39m {
    [31m[1m>[22m[39m[90m 22 |[39m   [36mreturn[39m render([33m<[39m[33mMockLanguageProvider[39m[33m>[39m{component}[33m<[39m[33m/[39m[33mMockLanguageProvider[39m[33m>[39m)[33m;[39m
     [90m    |[39m                [31m[1m^[22m[39m
     [90m 23 |[39m }[33m;[39m
     [90m 24 |[39m
     [90m 25 |[39m describe([32m'ContactInfo'[39m[33m,[39m () [33m=>[39m {[0m

      at logCapturedError (node_modules/react-dom/cjs/react-dom.development.js:18704:23)
      at update.callback (node_modules/react-dom/cjs/react-dom.development.js:18737:5)
      at callCallback (node_modules/react-dom/cjs/react-dom.development.js:15036:12)
      at commitUpdateQueue (node_modules/react-dom/cjs/react-dom.development.js:15057:9)
      at commitLayoutEffectOnFiber (node_modules/react-dom/cjs/react-dom.development.js:23430:13)
      at commitLayoutMountEffects_complete (node_modules/react-dom/cjs/react-dom.development.js:24727:9)
      at commitLayoutEffects_begin (node_modules/react-dom/cjs/react-dom.development.js:24713:7)
      at commitLayoutEffects (node_modules/react-dom/cjs/react-dom.development.js:24651:3)
      at commitRootImpl (node_modules/react-dom/cjs/react-dom.development.js:26862:5)
      at commitRoot (node_modules/react-dom/cjs/react-dom.development.js:26721:5)
      at performSyncWorkOnRoot (node_modules/react-dom/cjs/react-dom.development.js:26156:3)
      at flushSyncCallbacks (node_modules/react-dom/cjs/react-dom.development.js:12042:22)
      at flushPassiveEffectsImpl (node_modules/react-dom/cjs/react-dom.development.js:27099:3)
      at flushPassiveEffects (node_modules/react-dom/cjs/react-dom.development.js:27023:14)
      at node_modules/react-dom/cjs/react-dom.development.js:26808:9
      at flushActQueue (node_modules/react/cjs/react.development.js:2667:24)
      at act (node_modules/react/cjs/react.development.js:2582:11)
      at node_modules/@testing-library/react/dist/act-compat.js:47:25
      at renderRoot (node_modules/@testing-library/react/dist/pure.js:180:26)
      at render (node_modules/@testing-library/react/dist/pure.js:271:10)
      at renderWithProviders (components/contact/__tests__/ContactInfo.test.tsx:22:16)
      at Object.renderWithProviders (components/contact/__tests__/ContactInfo.test.tsx:27:5)

    console.error
      Error: Uncaught [ReferenceError: IntersectionObserver is not defined]
          at reportException (C:\Users\Rosaire\Desktop\Portfolio\node_modules\jsdom\lib\jsdom\living\helpers\runtime-script-errors.js:66:24)
          at innerInvokeEventListeners (C:\Users\Rosaire\Desktop\Portfolio\node_modules\jsdom\lib\jsdom\living\events\EventTarget-impl.js:353:9)
          at invokeEventListeners (C:\Users\Rosaire\Desktop\Portfolio\node_modules\jsdom\lib\jsdom\living\events\EventTarget-impl.js:286:3)
          at HTMLUnknownElementImpl._dispatch (C:\Users\Rosaire\Desktop\Portfolio\node_modules\jsdom\lib\jsdom\living\events\EventTarget-impl.js:233:9)
          at HTMLUnknownElementImpl.dispatchEvent (C:\Users\Rosaire\Desktop\Portfolio\node_modules\jsdom\lib\jsdom\living\events\EventTarget-impl.js:104:17)
          at HTMLUnknownElement.dispatchEvent (C:\Users\Rosaire\Desktop\Portfolio\node_modules\jsdom\lib\jsdom\living\generated\EventTarget.js:241:34)
          at Object.invokeGuardedCallbackDev (C:\Users\Rosaire\Desktop\Portfolio\node_modules\react-dom\cjs\react-dom.development.js:4213:16)
          at invokeGuardedCallback (C:\Users\Rosaire\Desktop\Portfolio\node_modules\react-dom\cjs\react-dom.development.js:4277:31)
          at reportUncaughtErrorInDEV (C:\Users\Rosaire\Desktop\Portfolio\node_modules\react-dom\cjs\react-dom.development.js:22877:5)
          at captureCommitPhaseError (C:\Users\Rosaire\Desktop\Portfolio\node_modules\react-dom\cjs\react-dom.development.js:27165:5)
          at commitPassiveMountEffects_complete (C:\Users\Rosaire\Desktop\Portfolio\node_modules\react-dom\cjs\react-dom.development.js:24932:9)
          at commitPassiveMountEffects_begin (C:\Users\Rosaire\Desktop\Portfolio\node_modules\react-dom\cjs\react-dom.development.js:24917:7)
          at commitPassiveMountEffects (C:\Users\Rosaire\Desktop\Portfolio\node_modules\react-dom\cjs\react-dom.development.js:24905:3)
          at flushPassiveEffectsImpl (C:\Users\Rosaire\Desktop\Portfolio\node_modules\react-dom\cjs\react-dom.development.js:27078:3)
          at flushPassiveEffects (C:\Users\Rosaire\Desktop\Portfolio\node_modules\react-dom\cjs\react-dom.development.js:27023:14)
          at C:\Users\Rosaire\Desktop\Portfolio\node_modules\react-dom\cjs\react-dom.development.js:26808:9
          at flushActQueue (C:\Users\Rosaire\Desktop\Portfolio\node_modules\react\cjs\react.development.js:2667:24)
          at act (C:\Users\Rosaire\Desktop\Portfolio\node_modules\react\cjs\react.development.js:2582:11)
          at C:\Users\Rosaire\Desktop\Portfolio\node_modules\@testing-library\react\dist\act-compat.js:47:25
          at renderRoot (C:\Users\Rosaire\Desktop\Portfolio\node_modules\@testing-library\react\dist\pure.js:180:26)
          at render (C:\Users\Rosaire\Desktop\Portfolio\node_modules\@testing-library\react\dist\pure.js:271:10)
          at renderWithProviders (C:\Users\Rosaire\Desktop\Portfolio\components\contact\__tests__\ContactInfo.test.tsx:22:16)
          at Object.renderWithProviders (C:\Users\Rosaire\Desktop\Portfolio\components\contact\__tests__\ContactInfo.test.tsx:32:5)
          at Promise.then.completed (C:\Users\Rosaire\Desktop\Portfolio\node_modules\jest-circus\build\utils.js:298:28)
          at new Promise (<anonymous>)
          at callAsyncCircusFn (C:\Users\Rosaire\Desktop\Portfolio\node_modules\jest-circus\build\utils.js:231:10)
          at _callCircusTest (C:\Users\Rosaire\Desktop\Portfolio\node_modules\jest-circus\build\run.js:316:40)
          at processTicksAndRejections (node:internal/process/task_queues:104:5)
          at _runTest (C:\Users\Rosaire\Desktop\Portfolio\node_modules\jest-circus\build\run.js:252:3)
          at _runTestsForDescribeBlock (C:\Users\Rosaire\Desktop\Portfolio\node_modules\jest-circus\build\run.js:126:9)
          at _runTestsForDescribeBlock (C:\Users\Rosaire\Desktop\Portfolio\node_modules\jest-circus\build\run.js:121:9)
          at run (C:\Users\Rosaire\Desktop\Portfolio\node_modules\jest-circus\build\run.js:71:3)
          at runAndTransformResultsToJestFormat (C:\Users\Rosaire\Desktop\Portfolio\node_modules\jest-circus\build\legacy-code-todo-rewrite\jestAdapterInit.js:122:21)
          at jestAdapter (C:\Users\Rosaire\Desktop\Portfolio\node_modules\jest-circus\build\legacy-code-todo-rewrite\jestAdapter.js:79:19)
          at runTestInternal (C:\Users\Rosaire\Desktop\Portfolio\node_modules\jest-runner\build\runTest.js:367:16)
          at runTest (C:\Users\Rosaire\Desktop\Portfolio\node_modules\jest-runner\build\runTest.js:444:34)
          at Object.worker (C:\Users\Rosaire\Desktop\Portfolio\node_modules\jest-runner\build\testWorker.js:106:12) {
        detail: ReferenceError: IntersectionObserver is not defined
            at initIntersectionObserver (C:\Users\Rosaire\Desktop\Portfolio\node_modules\framer-motion\dist\cjs\index.js:1039:34)
            at observeIntersection (C:\Users\Rosaire\Desktop\Portfolio\node_modules\framer-motion\dist\cjs\index.js:1044:39)
            at InViewFeature.startObserver (C:\Users\Rosaire\Desktop\Portfolio\node_modules\framer-motion\dist\cjs\index.js:1101:16)
            at InViewFeature.mount (C:\Users\Rosaire\Desktop\Portfolio\node_modules\framer-motion\dist\cjs\index.js:1104:14)
            at HTMLVisualElement.updateFeatures (C:\Users\Rosaire\Desktop\Portfolio\node_modules\framer-motion\dist\cjs\index-legacy-87714a68.js:4267:25)
            at C:\Users\Rosaire\Desktop\Portfolio\node_modules\framer-motion\dist\cjs\index.js:103:23
            at commitHookEffectListMount (C:\Users\Rosaire\Desktop\Portfolio\node_modules\react-dom\cjs\react-dom.development.js:23189:26)
            at commitPassiveMountOnFiber (C:\Users\Rosaire\Desktop\Portfolio\node_modules\react-dom\cjs\react-dom.development.js:24970:11)
            at commitPassiveMountEffects_complete (C:\Users\Rosaire\Desktop\Portfolio\node_modules\react-dom\cjs\react-dom.development.js:24930:9)
            at commitPassiveMountEffects_begin (C:\Users\Rosaire\Desktop\Portfolio\node_modules\react-dom\cjs\react-dom.development.js:24917:7)
            at commitPassiveMountEffects (C:\Users\Rosaire\Desktop\Portfolio\node_modules\react-dom\cjs\react-dom.development.js:24905:3)
            at flushPassiveEffectsImpl (C:\Users\Rosaire\Desktop\Portfolio\node_modules\react-dom\cjs\react-dom.development.js:27078:3)
            at flushPassiveEffects (C:\Users\Rosaire\Desktop\Portfolio\node_modules\react-dom\cjs\react-dom.development.js:27023:14)
            at C:\Users\Rosaire\Desktop\Portfolio\node_modules\react-dom\cjs\react-dom.development.js:26808:9
            at flushActQueue (C:\Users\Rosaire\Desktop\Portfolio\node_modules\react\cjs\react.development.js:2667:24)
            at act (C:\Users\Rosaire\Desktop\Portfolio\node_modules\react\cjs\react.development.js:2582:11)
            at C:\Users\Rosaire\Desktop\Portfolio\node_modules\@testing-library\react\dist\act-compat.js:47:25
            at renderRoot (C:\Users\Rosaire\Desktop\Portfolio\node_modules\@testing-library\react\dist\pure.js:180:26)
            at render (C:\Users\Rosaire\Desktop\Portfolio\node_modules\@testing-library\react\dist\pure.js:271:10)
            at renderWithProviders (C:\Users\Rosaire\Desktop\Portfolio\components\contact\__tests__\ContactInfo.test.tsx:22:16)
            at Object.renderWithProviders (C:\Users\Rosaire\Desktop\Portfolio\components\contact\__tests__\ContactInfo.test.tsx:32:5)
            at Promise.then.completed (C:\Users\Rosaire\Desktop\Portfolio\node_modules\jest-circus\build\utils.js:298:28)
            at new Promise (<anonymous>)
            at callAsyncCircusFn (C:\Users\Rosaire\Desktop\Portfolio\node_modules\jest-circus\build\utils.js:231:10)
            at _callCircusTest (C:\Users\Rosaire\Desktop\Portfolio\node_modules\jest-circus\build\run.js:316:40)
            at processTicksAndRejections (node:internal/process/task_queues:104:5)
            at _runTest (C:\Users\Rosaire\Desktop\Portfolio\node_modules\jest-circus\build\run.js:252:3)
            at _runTestsForDescribeBlock (C:\Users\Rosaire\Desktop\Portfolio\node_modules\jest-circus\build\run.js:126:9)
            at _runTestsForDescribeBlock (C:\Users\Rosaire\Desktop\Portfolio\node_modules\jest-circus\build\run.js:121:9)
            at run (C:\Users\Rosaire\Desktop\Portfolio\node_modules\jest-circus\build\run.js:71:3)
            at runAndTransformResultsToJestFormat (C:\Users\Rosaire\Desktop\Portfolio\node_modules\jest-circus\build\legacy-code-todo-rewrite\jestAdapterInit.js:122:21)
            at jestAdapter (C:\Users\Rosaire\Desktop\Portfolio\node_modules\jest-circus\build\legacy-code-todo-rewrite\jestAdapter.js:79:19)
            at runTestInternal (C:\Users\Rosaire\Desktop\Portfolio\node_modules\jest-runner\build\runTest.js:367:16)
            at runTest (C:\Users\Rosaire\Desktop\Portfolio\node_modules\jest-runner\build\runTest.js:444:34)
            at Object.worker (C:\Users\Rosaire\Desktop\Portfolio\node_modules\jest-runner\build\testWorker.js:106:12),
        type: 'unhandled exception'
      }

    [0m [90m 20 |[39m
     [90m 21 |[39m [36mconst[39m renderWithProviders [33m=[39m (component[33m:[39m [33mReact[39m[33m.[39m[33mReactElement[39m) [33m=>[39m {
    [31m[1m>[22m[39m[90m 22 |[39m   [36mreturn[39m render([33m<[39m[33mMockLanguageProvider[39m[33m>[39m{component}[33m<[39m[33m/[39m[33mMockLanguageProvider[39m[33m>[39m)[33m;[39m
     [90m    |[39m                [31m[1m^[22m[39m
     [90m 23 |[39m }[33m;[39m
     [90m 24 |[39m
     [90m 25 |[39m describe([32m'ContactInfo'[39m[33m,[39m () [33m=>[39m {[0m

      at VirtualConsole.<anonymous> (node_modules/@jest/environment-jsdom-abstract/build/index.js:87:23)
      at reportException (node_modules/jsdom/lib/jsdom/living/helpers/runtime-script-errors.js:70:28)
      at innerInvokeEventListeners (node_modules/jsdom/lib/jsdom/living/events/EventTarget-impl.js:353:9)
      at invokeEventListeners (node_modules/jsdom/lib/jsdom/living/events/EventTarget-impl.js:286:3)
      at HTMLUnknownElementImpl._dispatch (node_modules/jsdom/lib/jsdom/living/events/EventTarget-impl.js:233:9)
      at HTMLUnknownElementImpl.dispatchEvent (node_modules/jsdom/lib/jsdom/living/events/EventTarget-impl.js:104:17)
      at HTMLUnknownElement.dispatchEvent (node_modules/jsdom/lib/jsdom/living/generated/EventTarget.js:241:34)
      at Object.invokeGuardedCallbackDev (node_modules/react-dom/cjs/react-dom.development.js:4213:16)
      at invokeGuardedCallback (node_modules/react-dom/cjs/react-dom.development.js:4277:31)
      at reportUncaughtErrorInDEV (node_modules/react-dom/cjs/react-dom.development.js:22877:5)
      at captureCommitPhaseError (node_modules/react-dom/cjs/react-dom.development.js:27165:5)
      at commitPassiveMountEffects_complete (node_modules/react-dom/cjs/react-dom.development.js:24932:9)
      at commitPassiveMountEffects_begin (node_modules/react-dom/cjs/react-dom.development.js:24917:7)
      at commitPassiveMountEffects (node_modules/react-dom/cjs/react-dom.development.js:24905:3)
      at flushPassiveEffectsImpl (node_modules/react-dom/cjs/react-dom.development.js:27078:3)
      at flushPassiveEffects (node_modules/react-dom/cjs/react-dom.development.js:27023:14)
      at node_modules/react-dom/cjs/react-dom.development.js:26808:9
      at flushActQueue (node_modules/react/cjs/react.development.js:2667:24)
      at act (node_modules/react/cjs/react.development.js:2582:11)
      at node_modules/@testing-library/react/dist/act-compat.js:47:25
      at renderRoot (node_modules/@testing-library/react/dist/pure.js:180:26)
      at render (node_modules/@testing-library/react/dist/pure.js:271:10)
      at renderWithProviders (components/contact/__tests__/ContactInfo.test.tsx:22:16)
      at Object.renderWithProviders (components/contact/__tests__/ContactInfo.test.tsx:32:5)

    console.error
      The above error occurred in the <ForwardRef(MotionComponent)> component:
      
          at MotionComponent (C:\Users\Rosaire\Desktop\Portfolio\node_modules\framer-motion\dist\cjs\index.js:202:22)
          at ContactInfo
          at children (C:\Users\Rosaire\Desktop\Portfolio\components\contact\__tests__\ContactInfo.test.tsx:9:33)
      
      Consider adding an error boundary to your tree to customize error handling behavior.
      Visit https://reactjs.org/link/error-boundaries to learn more about error boundaries.

    [0m [90m 20 |[39m
     [90m 21 |[39m [36mconst[39m renderWithProviders [33m=[39m (component[33m:[39m [33mReact[39m[33m.[39m[33mReactElement[39m) [33m=>[39m {
    [31m[1m>[22m[39m[90m 22 |[39m   [36mreturn[39m render([33m<[39m[33mMockLanguageProvider[39m[33m>[39m{component}[33m<[39m[33m/[39m[33mMockLanguageProvider[39m[33m>[39m)[33m;[39m
     [90m    |[39m                [31m[1m^[22m[39m
     [90m 23 |[39m }[33m;[39m
     [90m 24 |[39m
     [90m 25 |[39m describe([32m'ContactInfo'[39m[33m,[39m () [33m=>[39m {[0m

      at logCapturedError (node_modules/react-dom/cjs/react-dom.development.js:18704:23)
      at update.callback (node_modules/react-dom/cjs/react-dom.development.js:18737:5)
      at callCallback (node_modules/react-dom/cjs/react-dom.development.js:15036:12)
      at commitUpdateQueue (node_modules/react-dom/cjs/react-dom.development.js:15057:9)
      at commitLayoutEffectOnFiber (node_modules/react-dom/cjs/react-dom.development.js:23430:13)
      at commitLayoutMountEffects_complete (node_modules/react-dom/cjs/react-dom.development.js:24727:9)
      at commitLayoutEffects_begin (node_modules/react-dom/cjs/react-dom.development.js:24713:7)
      at commitLayoutEffects (node_modules/react-dom/cjs/react-dom.development.js:24651:3)
      at commitRootImpl (node_modules/react-dom/cjs/react-dom.development.js:26862:5)
      at commitRoot (node_modules/react-dom/cjs/react-dom.development.js:26721:5)
      at performSyncWorkOnRoot (node_modules/react-dom/cjs/react-dom.development.js:26156:3)
      at flushSyncCallbacks (node_modules/react-dom/cjs/react-dom.development.js:12042:22)
      at flushPassiveEffectsImpl (node_modules/react-dom/cjs/react-dom.development.js:27099:3)
      at flushPassiveEffects (node_modules/react-dom/cjs/react-dom.development.js:27023:14)
      at node_modules/react-dom/cjs/react-dom.development.js:26808:9
      at flushActQueue (node_modules/react/cjs/react.development.js:2667:24)
      at act (node_modules/react/cjs/react.development.js:2582:11)
      at node_modules/@testing-library/react/dist/act-compat.js:47:25
      at renderRoot (node_modules/@testing-library/react/dist/pure.js:180:26)
      at render (node_modules/@testing-library/react/dist/pure.js:271:10)
      at renderWithProviders (components/contact/__tests__/ContactInfo.test.tsx:22:16)
      at Object.renderWithProviders (components/contact/__tests__/ContactInfo.test.tsx:32:5)

    console.error
      Error: Uncaught [ReferenceError: IntersectionObserver is not defined]
          at reportException (C:\Users\Rosaire\Desktop\Portfolio\node_modules\jsdom\lib\jsdom\living\helpers\runtime-script-errors.js:66:24)
          at innerInvokeEventListeners (C:\Users\Rosaire\Desktop\Portfolio\node_modules\jsdom\lib\jsdom\living\events\EventTarget-impl.js:353:9)
          at invokeEventListeners (C:\Users\Rosaire\Desktop\Portfolio\node_modules\jsdom\lib\jsdom\living\events\EventTarget-impl.js:286:3)
          at HTMLUnknownElementImpl._dispatch (C:\Users\Rosaire\Desktop\Portfolio\node_modules\jsdom\lib\jsdom\living\events\EventTarget-impl.js:233:9)
          at HTMLUnknownElementImpl.dispatchEvent (C:\Users\Rosaire\Desktop\Portfolio\node_modules\jsdom\lib\jsdom\living\events\EventTarget-impl.js:104:17)
          at HTMLUnknownElement.dispatchEvent (C:\Users\Rosaire\Desktop\Portfolio\node_modules\jsdom\lib\jsdom\living\generated\EventTarget.js:241:34)
          at Object.invokeGuardedCallbackDev (C:\Users\Rosaire\Desktop\Portfolio\node_modules\react-dom\cjs\react-dom.development.js:4213:16)
          at invokeGuardedCallback (C:\Users\Rosaire\Desktop\Portfolio\node_modules\react-dom\cjs\react-dom.development.js:4277:31)
          at reportUncaughtErrorInDEV (C:\Users\Rosaire\Desktop\Portfolio\node_modules\react-dom\cjs\react-dom.development.js:22877:5)
          at captureCommitPhaseError (C:\Users\Rosaire\Desktop\Portfolio\node_modules\react-dom\cjs\react-dom.development.js:27165:5)
          at commitPassiveMountEffects_complete (C:\Users\Rosaire\Desktop\Portfolio\node_modules\react-dom\cjs\react-dom.development.js:24932:9)
          at commitPassiveMountEffects_begin (C:\Users\Rosaire\Desktop\Portfolio\node_modules\react-dom\cjs\react-dom.development.js:24917:7)
          at commitPassiveMountEffects (C:\Users\Rosaire\Desktop\Portfolio\node_modules\react-dom\cjs\react-dom.development.js:24905:3)
          at flushPassiveEffectsImpl (C:\Users\Rosaire\Desktop\Portfolio\node_modules\react-dom\cjs\react-dom.development.js:27078:3)
          at flushPassiveEffects (C:\Users\Rosaire\Desktop\Portfolio\node_modules\react-dom\cjs\react-dom.development.js:27023:14)
          at C:\Users\Rosaire\Desktop\Portfolio\node_modules\react-dom\cjs\react-dom.development.js:26808:9
          at flushActQueue (C:\Users\Rosaire\Desktop\Portfolio\node_modules\react\cjs\react.development.js:2667:24)
          at act (C:\Users\Rosaire\Desktop\Portfolio\node_modules\react\cjs\react.development.js:2582:11)
          at C:\Users\Rosaire\Desktop\Portfolio\node_modules\@testing-library\react\dist\act-compat.js:47:25
          at renderRoot (C:\Users\Rosaire\Desktop\Portfolio\node_modules\@testing-library\react\dist\pure.js:180:26)
          at render (C:\Users\Rosaire\Desktop\Portfolio\node_modules\@testing-library\react\dist\pure.js:271:10)
          at renderWithProviders (C:\Users\Rosaire\Desktop\Portfolio\components\contact\__tests__\ContactInfo.test.tsx:22:16)
          at Object.renderWithProviders (C:\Users\Rosaire\Desktop\Portfolio\components\contact\__tests__\ContactInfo.test.tsx:39:5)
          at Promise.then.completed (C:\Users\Rosaire\Desktop\Portfolio\node_modules\jest-circus\build\utils.js:298:28)
          at new Promise (<anonymous>)
          at callAsyncCircusFn (C:\Users\Rosaire\Desktop\Portfolio\node_modules\jest-circus\build\utils.js:231:10)
          at _callCircusTest (C:\Users\Rosaire\Desktop\Portfolio\node_modules\jest-circus\build\run.js:316:40)
          at processTicksAndRejections (node:internal/process/task_queues:104:5)
          at _runTest (C:\Users\Rosaire\Desktop\Portfolio\node_modules\jest-circus\build\run.js:252:3)
          at _runTestsForDescribeBlock (C:\Users\Rosaire\Desktop\Portfolio\node_modules\jest-circus\build\run.js:126:9)
          at _runTestsForDescribeBlock (C:\Users\Rosaire\Desktop\Portfolio\node_modules\jest-circus\build\run.js:121:9)
          at run (C:\Users\Rosaire\Desktop\Portfolio\node_modules\jest-circus\build\run.js:71:3)
          at runAndTransformResultsToJestFormat (C:\Users\Rosaire\Desktop\Portfolio\node_modules\jest-circus\build\legacy-code-todo-rewrite\jestAdapterInit.js:122:21)
          at jestAdapter (C:\Users\Rosaire\Desktop\Portfolio\node_modules\jest-circus\build\legacy-code-todo-rewrite\jestAdapter.js:79:19)
          at runTestInternal (C:\Users\Rosaire\Desktop\Portfolio\node_modules\jest-runner\build\runTest.js:367:16)
          at runTest (C:\Users\Rosaire\Desktop\Portfolio\node_modules\jest-runner\build\runTest.js:444:34)
          at Object.worker (C:\Users\Rosaire\Desktop\Portfolio\node_modules\jest-runner\build\testWorker.js:106:12) {
        detail: ReferenceError: IntersectionObserver is not defined
            at initIntersectionObserver (C:\Users\Rosaire\Desktop\Portfolio\node_modules\framer-motion\dist\cjs\index.js:1039:34)
            at observeIntersection (C:\Users\Rosaire\Desktop\Portfolio\node_modules\framer-motion\dist\cjs\index.js:1044:39)
            at InViewFeature.startObserver (C:\Users\Rosaire\Desktop\Portfolio\node_modules\framer-motion\dist\cjs\index.js:1101:16)
            at InViewFeature.mount (C:\Users\Rosaire\Desktop\Portfolio\node_modules\framer-motion\dist\cjs\index.js:1104:14)
            at HTMLVisualElement.updateFeatures (C:\Users\Rosaire\Desktop\Portfolio\node_modules\framer-motion\dist\cjs\index-legacy-87714a68.js:4267:25)
            at C:\Users\Rosaire\Desktop\Portfolio\node_modules\framer-motion\dist\cjs\index.js:103:23
            at commitHookEffectListMount (C:\Users\Rosaire\Desktop\Portfolio\node_modules\react-dom\cjs\react-dom.development.js:23189:26)
            at commitPassiveMountOnFiber (C:\Users\Rosaire\Desktop\Portfolio\node_modules\react-dom\cjs\react-dom.development.js:24970:11)
            at commitPassiveMountEffects_complete (C:\Users\Rosaire\Desktop\Portfolio\node_modules\react-dom\cjs\react-dom.development.js:24930:9)
            at commitPassiveMountEffects_begin (C:\Users\Rosaire\Desktop\Portfolio\node_modules\react-dom\cjs\react-dom.development.js:24917:7)
            at commitPassiveMountEffects (C:\Users\Rosaire\Desktop\Portfolio\node_modules\react-dom\cjs\react-dom.development.js:24905:3)
            at flushPassiveEffectsImpl (C:\Users\Rosaire\Desktop\Portfolio\node_modules\react-dom\cjs\react-dom.development.js:27078:3)
            at flushPassiveEffects (C:\Users\Rosaire\Desktop\Portfolio\node_modules\react-dom\cjs\react-dom.development.js:27023:14)
            at C:\Users\Rosaire\Desktop\Portfolio\node_modules\react-dom\cjs\react-dom.development.js:26808:9
            at flushActQueue (C:\Users\Rosaire\Desktop\Portfolio\node_modules\react\cjs\react.development.js:2667:24)
            at act (C:\Users\Rosaire\Desktop\Portfolio\node_modules\react\cjs\react.development.js:2582:11)
            at C:\Users\Rosaire\Desktop\Portfolio\node_modules\@testing-library\react\dist\act-compat.js:47:25
            at renderRoot (C:\Users\Rosaire\Desktop\Portfolio\node_modules\@testing-library\react\dist\pure.js:180:26)
            at render (C:\Users\Rosaire\Desktop\Portfolio\node_modules\@testing-library\react\dist\pure.js:271:10)
            at renderWithProviders (C:\Users\Rosaire\Desktop\Portfolio\components\contact\__tests__\ContactInfo.test.tsx:22:16)
            at Object.renderWithProviders (C:\Users\Rosaire\Desktop\Portfolio\components\contact\__tests__\ContactInfo.test.tsx:39:5)
            at Promise.then.completed (C:\Users\Rosaire\Desktop\Portfolio\node_modules\jest-circus\build\utils.js:298:28)
            at new Promise (<anonymous>)
            at callAsyncCircusFn (C:\Users\Rosaire\Desktop\Portfolio\node_modules\jest-circus\build\utils.js:231:10)
            at _callCircusTest (C:\Users\Rosaire\Desktop\Portfolio\node_modules\jest-circus\build\run.js:316:40)
            at processTicksAndRejections (node:internal/process/task_queues:104:5)
            at _runTest (C:\Users\Rosaire\Desktop\Portfolio\node_modules\jest-circus\build\run.js:252:3)
            at _runTestsForDescribeBlock (C:\Users\Rosaire\Desktop\Portfolio\node_modules\jest-circus\build\run.js:126:9)
            at _runTestsForDescribeBlock (C:\Users\Rosaire\Desktop\Portfolio\node_modules\jest-circus\build\run.js:121:9)
            at run (C:\Users\Rosaire\Desktop\Portfolio\node_modules\jest-circus\build\run.js:71:3)
            at runAndTransformResultsToJestFormat (C:\Users\Rosaire\Desktop\Portfolio\node_modules\jest-circus\build\legacy-code-todo-rewrite\jestAdapterInit.js:122:21)
            at jestAdapter (C:\Users\Rosaire\Desktop\Portfolio\node_modules\jest-circus\build\legacy-code-todo-rewrite\jestAdapter.js:79:19)
            at runTestInternal (C:\Users\Rosaire\Desktop\Portfolio\node_modules\jest-runner\build\runTest.js:367:16)
            at runTest (C:\Users\Rosaire\Desktop\Portfolio\node_modules\jest-runner\build\runTest.js:444:34)
            at Object.worker (C:\Users\Rosaire\Desktop\Portfolio\node_modules\jest-runner\build\testWorker.js:106:12),
        type: 'unhandled exception'
      }

    [0m [90m 20 |[39m
     [90m 21 |[39m [36mconst[39m renderWithProviders [33m=[39m (component[33m:[39m [33mReact[39m[33m.[39m[33mReactElement[39m) [33m=>[39m {
    [31m[1m>[22m[39m[90m 22 |[39m   [36mreturn[39m render([33m<[39m[33mMockLanguageProvider[39m[33m>[39m{component}[33m<[39m[33m/[39m[33mMockLanguageProvider[39m[33m>[39m)[33m;[39m
     [90m    |[39m                [31m[1m^[22m[39m
     [90m 23 |[39m }[33m;[39m
     [90m 24 |[39m
     [90m 25 |[39m describe([32m'ContactInfo'[39m[33m,[39m () [33m=>[39m {[0m

      at VirtualConsole.<anonymous> (node_modules/@jest/environment-jsdom-abstract/build/index.js:87:23)
      at reportException (node_modules/jsdom/lib/jsdom/living/helpers/runtime-script-errors.js:70:28)
      at innerInvokeEventListeners (node_modules/jsdom/lib/jsdom/living/events/EventTarget-impl.js:353:9)
      at invokeEventListeners (node_modules/jsdom/lib/jsdom/living/events/EventTarget-impl.js:286:3)
      at HTMLUnknownElementImpl._dispatch (node_modules/jsdom/lib/jsdom/living/events/EventTarget-impl.js:233:9)
      at HTMLUnknownElementImpl.dispatchEvent (node_modules/jsdom/lib/jsdom/living/events/EventTarget-impl.js:104:17)
      at HTMLUnknownElement.dispatchEvent (node_modules/jsdom/lib/jsdom/living/generated/EventTarget.js:241:34)
      at Object.invokeGuardedCallbackDev (node_modules/react-dom/cjs/react-dom.development.js:4213:16)
      at invokeGuardedCallback (node_modules/react-dom/cjs/react-dom.development.js:4277:31)
      at reportUncaughtErrorInDEV (node_modules/react-dom/cjs/react-dom.development.js:22877:5)
      at captureCommitPhaseError (node_modules/react-dom/cjs/react-dom.development.js:27165:5)
      at commitPassiveMountEffects_complete (node_modules/react-dom/cjs/react-dom.development.js:24932:9)
      at commitPassiveMountEffects_begin (node_modules/react-dom/cjs/react-dom.development.js:24917:7)
      at commitPassiveMountEffects (node_modules/react-dom/cjs/react-dom.development.js:24905:3)
      at flushPassiveEffectsImpl (node_modules/react-dom/cjs/react-dom.development.js:27078:3)
      at flushPassiveEffects (node_modules/react-dom/cjs/react-dom.development.js:27023:14)
      at node_modules/react-dom/cjs/react-dom.development.js:26808:9
      at flushActQueue (node_modules/react/cjs/react.development.js:2667:24)
      at act (node_modules/react/cjs/react.development.js:2582:11)
      at node_modules/@testing-library/react/dist/act-compat.js:47:25
      at renderRoot (node_modules/@testing-library/react/dist/pure.js:180:26)
      at render (node_modules/@testing-library/react/dist/pure.js:271:10)
      at renderWithProviders (components/contact/__tests__/ContactInfo.test.tsx:22:16)
      at Object.renderWithProviders (components/contact/__tests__/ContactInfo.test.tsx:39:5)

    console.error
      The above error occurred in the <ForwardRef(MotionComponent)> component:
      
          at MotionComponent (C:\Users\Rosaire\Desktop\Portfolio\node_modules\framer-motion\dist\cjs\index.js:202:22)
          at ContactInfo
          at children (C:\Users\Rosaire\Desktop\Portfolio\components\contact\__tests__\ContactInfo.test.tsx:9:33)
      
      Consider adding an error boundary to your tree to customize error handling behavior.
      Visit https://reactjs.org/link/error-boundaries to learn more about error boundaries.

    [0m [90m 20 |[39m
     [90m 21 |[39m [36mconst[39m renderWithProviders [33m=[39m (component[33m:[39m [33mReact[39m[33m.[39m[33mReactElement[39m) [33m=>[39m {
    [31m[1m>[22m[39m[90m 22 |[39m   [36mreturn[39m render([33m<[39m[33mMockLanguageProvider[39m[33m>[39m{component}[33m<[39m[33m/[39m[33mMockLanguageProvider[39m[33m>[39m)[33m;[39m
     [90m    |[39m                [31m[1m^[22m[39m
     [90m 23 |[39m }[33m;[39m
     [90m 24 |[39m
     [90m 25 |[39m describe([32m'ContactInfo'[39m[33m,[39m () [33m=>[39m {[0m

      at logCapturedError (node_modules/react-dom/cjs/react-dom.development.js:18704:23)
      at update.callback (node_modules/react-dom/cjs/react-dom.development.js:18737:5)
      at callCallback (node_modules/react-dom/cjs/react-dom.development.js:15036:12)
      at commitUpdateQueue (node_modules/react-dom/cjs/react-dom.development.js:15057:9)
      at commitLayoutEffectOnFiber (node_modules/react-dom/cjs/react-dom.development.js:23430:13)
      at commitLayoutMountEffects_complete (node_modules/react-dom/cjs/react-dom.development.js:24727:9)
      at commitLayoutEffects_begin (node_modules/react-dom/cjs/react-dom.development.js:24713:7)
      at commitLayoutEffects (node_modules/react-dom/cjs/react-dom.development.js:24651:3)
      at commitRootImpl (node_modules/react-dom/cjs/react-dom.development.js:26862:5)
      at commitRoot (node_modules/react-dom/cjs/react-dom.development.js:26721:5)
      at performSyncWorkOnRoot (node_modules/react-dom/cjs/react-dom.development.js:26156:3)
      at flushSyncCallbacks (node_modules/react-dom/cjs/react-dom.development.js:12042:22)
      at flushPassiveEffectsImpl (node_modules/react-dom/cjs/react-dom.development.js:27099:3)
      at flushPassiveEffects (node_modules/react-dom/cjs/react-dom.development.js:27023:14)
      at node_modules/react-dom/cjs/react-dom.development.js:26808:9
      at flushActQueue (node_modules/react/cjs/react.development.js:2667:24)
      at act (node_modules/react/cjs/react.development.js:2582:11)
      at node_modules/@testing-library/react/dist/act-compat.js:47:25
      at renderRoot (node_modules/@testing-library/react/dist/pure.js:180:26)
      at render (node_modules/@testing-library/react/dist/pure.js:271:10)
      at renderWithProviders (components/contact/__tests__/ContactInfo.test.tsx:22:16)
      at Object.renderWithProviders (components/contact/__tests__/ContactInfo.test.tsx:39:5)

    console.error
      Error: Uncaught [ReferenceError: IntersectionObserver is not defined]
          at reportException (C:\Users\Rosaire\Desktop\Portfolio\node_modules\jsdom\lib\jsdom\living\helpers\runtime-script-errors.js:66:24)
          at innerInvokeEventListeners (C:\Users\Rosaire\Desktop\Portfolio\node_modules\jsdom\lib\jsdom\living\events\EventTarget-impl.js:353:9)
          at invokeEventListeners (C:\Users\Rosaire\Desktop\Portfolio\node_modules\jsdom\lib\jsdom\living\events\EventTarget-impl.js:286:3)
          at HTMLUnknownElementImpl._dispatch (C:\Users\Rosaire\Desktop\Portfolio\node_modules\jsdom\lib\jsdom\living\events\EventTarget-impl.js:233:9)
          at HTMLUnknownElementImpl.dispatchEvent (C:\Users\Rosaire\Desktop\Portfolio\node_modules\jsdom\lib\jsdom\living\events\EventTarget-impl.js:104:17)
          at HTMLUnknownElement.dispatchEvent (C:\Users\Rosaire\Desktop\Portfolio\node_modules\jsdom\lib\jsdom\living\generated\EventTarget.js:241:34)
          at Object.invokeGuardedCallbackDev (C:\Users\Rosaire\Desktop\Portfolio\node_modules\react-dom\cjs\react-dom.development.js:4213:16)
          at invokeGuardedCallback (C:\Users\Rosaire\Desktop\Portfolio\node_modules\react-dom\cjs\react-dom.development.js:4277:31)
          at reportUncaughtErrorInDEV (C:\Users\Rosaire\Desktop\Portfolio\node_modules\react-dom\cjs\react-dom.development.js:22877:5)
          at captureCommitPhaseError (C:\Users\Rosaire\Desktop\Portfolio\node_modules\react-dom\cjs\react-dom.development.js:27165:5)
          at commitPassiveMountEffects_complete (C:\Users\Rosaire\Desktop\Portfolio\node_modules\react-dom\cjs\react-dom.development.js:24932:9)
          at commitPassiveMountEffects_begin (C:\Users\Rosaire\Desktop\Portfolio\node_modules\react-dom\cjs\react-dom.development.js:24917:7)
          at commitPassiveMountEffects (C:\Users\Rosaire\Desktop\Portfolio\node_modules\react-dom\cjs\react-dom.development.js:24905:3)
          at flushPassiveEffectsImpl (C:\Users\Rosaire\Desktop\Portfolio\node_modules\react-dom\cjs\react-dom.development.js:27078:3)
          at flushPassiveEffects (C:\Users\Rosaire\Desktop\Portfolio\node_modules\react-dom\cjs\react-dom.development.js:27023:14)
          at C:\Users\Rosaire\Desktop\Portfolio\node_modules\react-dom\cjs\react-dom.development.js:26808:9
          at flushActQueue (C:\Users\Rosaire\Desktop\Portfolio\node_modules\react\cjs\react.development.js:2667:24)
          at act (C:\Users\Rosaire\Desktop\Portfolio\node_modules\react\cjs\react.development.js:2582:11)
          at C:\Users\Rosaire\Desktop\Portfolio\node_modules\@testing-library\react\dist\act-compat.js:47:25
          at renderRoot (C:\Users\Rosaire\Desktop\Portfolio\node_modules\@testing-library\react\dist\pure.js:180:26)
          at render (C:\Users\Rosaire\Desktop\Portfolio\node_modules\@testing-library\react\dist\pure.js:271:10)
          at renderWithProviders (C:\Users\Rosaire\Desktop\Portfolio\components\contact\__tests__\ContactInfo.test.tsx:22:16)
          at Object.renderWithProviders (C:\Users\Rosaire\Desktop\Portfolio\components\contact\__tests__\ContactInfo.test.tsx:46:5)
          at Promise.then.completed (C:\Users\Rosaire\Desktop\Portfolio\node_modules\jest-circus\build\utils.js:298:28)
          at new Promise (<anonymous>)
          at callAsyncCircusFn (C:\Users\Rosaire\Desktop\Portfolio\node_modules\jest-circus\build\utils.js:231:10)
          at _callCircusTest (C:\Users\Rosaire\Desktop\Portfolio\node_modules\jest-circus\build\run.js:316:40)
          at processTicksAndRejections (node:internal/process/task_queues:104:5)
          at _runTest (C:\Users\Rosaire\Desktop\Portfolio\node_modules\jest-circus\build\run.js:252:3)
          at _runTestsForDescribeBlock (C:\Users\Rosaire\Desktop\Portfolio\node_modules\jest-circus\build\run.js:126:9)
          at _runTestsForDescribeBlock (C:\Users\Rosaire\Desktop\Portfolio\node_modules\jest-circus\build\run.js:121:9)
          at run (C:\Users\Rosaire\Desktop\Portfolio\node_modules\jest-circus\build\run.js:71:3)
          at runAndTransformResultsToJestFormat (C:\Users\Rosaire\Desktop\Portfolio\node_modules\jest-circus\build\legacy-code-todo-rewrite\jestAdapterInit.js:122:21)
          at jestAdapter (C:\Users\Rosaire\Desktop\Portfolio\node_modules\jest-circus\build\legacy-code-todo-rewrite\jestAdapter.js:79:19)
          at runTestInternal (C:\Users\Rosaire\Desktop\Portfolio\node_modules\jest-runner\build\runTest.js:367:16)
          at runTest (C:\Users\Rosaire\Desktop\Portfolio\node_modules\jest-runner\build\runTest.js:444:34)
          at Object.worker (C:\Users\Rosaire\Desktop\Portfolio\node_modules\jest-runner\build\testWorker.js:106:12) {
        detail: ReferenceError: IntersectionObserver is not defined
            at initIntersectionObserver (C:\Users\Rosaire\Desktop\Portfolio\node_modules\framer-motion\dist\cjs\index.js:1039:34)
            at observeIntersection (C:\Users\Rosaire\Desktop\Portfolio\node_modules\framer-motion\dist\cjs\index.js:1044:39)
            at InViewFeature.startObserver (C:\Users\Rosaire\Desktop\Portfolio\node_modules\framer-motion\dist\cjs\index.js:1101:16)
            at InViewFeature.mount (C:\Users\Rosaire\Desktop\Portfolio\node_modules\framer-motion\dist\cjs\index.js:1104:14)
            at HTMLVisualElement.updateFeatures (C:\Users\Rosaire\Desktop\Portfolio\node_modules\framer-motion\dist\cjs\index-legacy-87714a68.js:4267:25)
            at C:\Users\Rosaire\Desktop\Portfolio\node_modules\framer-motion\dist\cjs\index.js:103:23
            at commitHookEffectListMount (C:\Users\Rosaire\Desktop\Portfolio\node_modules\react-dom\cjs\react-dom.development.js:23189:26)
            at commitPassiveMountOnFiber (C:\Users\Rosaire\Desktop\Portfolio\node_modules\react-dom\cjs\react-dom.development.js:24970:11)
            at commitPassiveMountEffects_complete (C:\Users\Rosaire\Desktop\Portfolio\node_modules\react-dom\cjs\react-dom.development.js:24930:9)
            at commitPassiveMountEffects_begin (C:\Users\Rosaire\Desktop\Portfolio\node_modules\react-dom\cjs\react-dom.development.js:24917:7)
            at commitPassiveMountEffects (C:\Users\Rosaire\Desktop\Portfolio\node_modules\react-dom\cjs\react-dom.development.js:24905:3)
            at flushPassiveEffectsImpl (C:\Users\Rosaire\Desktop\Portfolio\node_modules\react-dom\cjs\react-dom.development.js:27078:3)
            at flushPassiveEffects (C:\Users\Rosaire\Desktop\Portfolio\node_modules\react-dom\cjs\react-dom.development.js:27023:14)
            at C:\Users\Rosaire\Desktop\Portfolio\node_modules\react-dom\cjs\react-dom.development.js:26808:9
            at flushActQueue (C:\Users\Rosaire\Desktop\Portfolio\node_modules\react\cjs\react.development.js:2667:24)
            at act (C:\Users\Rosaire\Desktop\Portfolio\node_modules\react\cjs\react.development.js:2582:11)
            at C:\Users\Rosaire\Desktop\Portfolio\node_modules\@testing-library\react\dist\act-compat.js:47:25
            at renderRoot (C:\Users\Rosaire\Desktop\Portfolio\node_modules\@testing-library\react\dist\pure.js:180:26)
            at render (C:\Users\Rosaire\Desktop\Portfolio\node_modules\@testing-library\react\dist\pure.js:271:10)
            at renderWithProviders (C:\Users\Rosaire\Desktop\Portfolio\components\contact\__tests__\ContactInfo.test.tsx:22:16)
            at Object.renderWithProviders (C:\Users\Rosaire\Desktop\Portfolio\components\contact\__tests__\ContactInfo.test.tsx:46:5)
            at Promise.then.completed (C:\Users\Rosaire\Desktop\Portfolio\node_modules\jest-circus\build\utils.js:298:28)
            at new Promise (<anonymous>)
            at callAsyncCircusFn (C:\Users\Rosaire\Desktop\Portfolio\node_modules\jest-circus\build\utils.js:231:10)
            at _callCircusTest (C:\Users\Rosaire\Desktop\Portfolio\node_modules\jest-circus\build\run.js:316:40)
            at processTicksAndRejections (node:internal/process/task_queues:104:5)
            at _runTest (C:\Users\Rosaire\Desktop\Portfolio\node_modules\jest-circus\build\run.js:252:3)
            at _runTestsForDescribeBlock (C:\Users\Rosaire\Desktop\Portfolio\node_modules\jest-circus\build\run.js:126:9)
            at _runTestsForDescribeBlock (C:\Users\Rosaire\Desktop\Portfolio\node_modules\jest-circus\build\run.js:121:9)
            at run (C:\Users\Rosaire\Desktop\Portfolio\node_modules\jest-circus\build\run.js:71:3)
            at runAndTransformResultsToJestFormat (C:\Users\Rosaire\Desktop\Portfolio\node_modules\jest-circus\build\legacy-code-todo-rewrite\jestAdapterInit.js:122:21)
            at jestAdapter (C:\Users\Rosaire\Desktop\Portfolio\node_modules\jest-circus\build\legacy-code-todo-rewrite\jestAdapter.js:79:19)
            at runTestInternal (C:\Users\Rosaire\Desktop\Portfolio\node_modules\jest-runner\build\runTest.js:367:16)
            at runTest (C:\Users\Rosaire\Desktop\Portfolio\node_modules\jest-runner\build\runTest.js:444:34)
            at Object.worker (C:\Users\Rosaire\Desktop\Portfolio\node_modules\jest-runner\build\testWorker.js:106:12),
        type: 'unhandled exception'
      }

    [0m [90m 20 |[39m
     [90m 21 |[39m [36mconst[39m renderWithProviders [33m=[39m (component[33m:[39m [33mReact[39m[33m.[39m[33mReactElement[39m) [33m=>[39m {
    [31m[1m>[22m[39m[90m 22 |[39m   [36mreturn[39m render([33m<[39m[33mMockLanguageProvider[39m[33m>[39m{component}[33m<[39m[33m/[39m[33mMockLanguageProvider[39m[33m>[39m)[33m;[39m
     [90m    |[39m                [31m[1m^[22m[39m
     [90m 23 |[39m }[33m;[39m
     [90m 24 |[39m
     [90m 25 |[39m describe([32m'ContactInfo'[39m[33m,[39m () [33m=>[39m {[0m

      at VirtualConsole.<anonymous> (node_modules/@jest/environment-jsdom-abstract/build/index.js:87:23)
      at reportException (node_modules/jsdom/lib/jsdom/living/helpers/runtime-script-errors.js:70:28)
      at innerInvokeEventListeners (node_modules/jsdom/lib/jsdom/living/events/EventTarget-impl.js:353:9)
      at invokeEventListeners (node_modules/jsdom/lib/jsdom/living/events/EventTarget-impl.js:286:3)
      at HTMLUnknownElementImpl._dispatch (node_modules/jsdom/lib/jsdom/living/events/EventTarget-impl.js:233:9)
      at HTMLUnknownElementImpl.dispatchEvent (node_modules/jsdom/lib/jsdom/living/events/EventTarget-impl.js:104:17)
      at HTMLUnknownElement.dispatchEvent (node_modules/jsdom/lib/jsdom/living/generated/EventTarget.js:241:34)
      at Object.invokeGuardedCallbackDev (node_modules/react-dom/cjs/react-dom.development.js:4213:16)
      at invokeGuardedCallback (node_modules/react-dom/cjs/react-dom.development.js:4277:31)
      at reportUncaughtErrorInDEV (node_modules/react-dom/cjs/react-dom.development.js:22877:5)
      at captureCommitPhaseError (node_modules/react-dom/cjs/react-dom.development.js:27165:5)
      at commitPassiveMountEffects_complete (node_modules/react-dom/cjs/react-dom.development.js:24932:9)
      at commitPassiveMountEffects_begin (node_modules/react-dom/cjs/react-dom.development.js:24917:7)
      at commitPassiveMountEffects (node_modules/react-dom/cjs/react-dom.development.js:24905:3)
      at flushPassiveEffectsImpl (node_modules/react-dom/cjs/react-dom.development.js:27078:3)
      at flushPassiveEffects (node_modules/react-dom/cjs/react-dom.development.js:27023:14)
      at node_modules/react-dom/cjs/react-dom.development.js:26808:9
      at flushActQueue (node_modules/react/cjs/react.development.js:2667:24)
      at act (node_modules/react/cjs/react.development.js:2582:11)
      at node_modules/@testing-library/react/dist/act-compat.js:47:25
      at renderRoot (node_modules/@testing-library/react/dist/pure.js:180:26)
      at render (node_modules/@testing-library/react/dist/pure.js:271:10)
      at renderWithProviders (components/contact/__tests__/ContactInfo.test.tsx:22:16)
      at Object.renderWithProviders (components/contact/__tests__/ContactInfo.test.tsx:46:5)

    console.error
      The above error occurred in the <ForwardRef(MotionComponent)> component:
      
          at MotionComponent (C:\Users\Rosaire\Desktop\Portfolio\node_modules\framer-motion\dist\cjs\index.js:202:22)
          at ContactInfo
          at children (C:\Users\Rosaire\Desktop\Portfolio\components\contact\__tests__\ContactInfo.test.tsx:9:33)
      
      Consider adding an error boundary to your tree to customize error handling behavior.
      Visit https://reactjs.org/link/error-boundaries to learn more about error boundaries.

    [0m [90m 20 |[39m
     [90m 21 |[39m [36mconst[39m renderWithProviders [33m=[39m (component[33m:[39m [33mReact[39m[33m.[39m[33mReactElement[39m) [33m=>[39m {
    [31m[1m>[22m[39m[90m 22 |[39m   [36mreturn[39m render([33m<[39m[33mMockLanguageProvider[39m[33m>[39m{component}[33m<[39m[33m/[39m[33mMockLanguageProvider[39m[33m>[39m)[33m;[39m
     [90m    |[39m                [31m[1m^[22m[39m
     [90m 23 |[39m }[33m;[39m
     [90m 24 |[39m
     [90m 25 |[39m describe([32m'ContactInfo'[39m[33m,[39m () [33m=>[39m {[0m

      at logCapturedError (node_modules/react-dom/cjs/react-dom.development.js:18704:23)
      at update.callback (node_modules/react-dom/cjs/react-dom.development.js:18737:5)
      at callCallback (node_modules/react-dom/cjs/react-dom.development.js:15036:12)
      at commitUpdateQueue (node_modules/react-dom/cjs/react-dom.development.js:15057:9)
      at commitLayoutEffectOnFiber (node_modules/react-dom/cjs/react-dom.development.js:23430:13)
      at commitLayoutMountEffects_complete (node_modules/react-dom/cjs/react-dom.development.js:24727:9)
      at commitLayoutEffects_begin (node_modules/react-dom/cjs/react-dom.development.js:24713:7)
      at commitLayoutEffects (node_modules/react-dom/cjs/react-dom.development.js:24651:3)
      at commitRootImpl (node_modules/react-dom/cjs/react-dom.development.js:26862:5)
      at commitRoot (node_modules/react-dom/cjs/react-dom.development.js:26721:5)
      at performSyncWorkOnRoot (node_modules/react-dom/cjs/react-dom.development.js:26156:3)
      at flushSyncCallbacks (node_modules/react-dom/cjs/react-dom.development.js:12042:22)
      at flushPassiveEffectsImpl (node_modules/react-dom/cjs/react-dom.development.js:27099:3)
      at flushPassiveEffects (node_modules/react-dom/cjs/react-dom.development.js:27023:14)
      at node_modules/react-dom/cjs/react-dom.development.js:26808:9
      at flushActQueue (node_modules/react/cjs/react.development.js:2667:24)
      at act (node_modules/react/cjs/react.development.js:2582:11)
      at node_modules/@testing-library/react/dist/act-compat.js:47:25
      at renderRoot (node_modules/@testing-library/react/dist/pure.js:180:26)
      at render (node_modules/@testing-library/react/dist/pure.js:271:10)
      at renderWithProviders (components/contact/__tests__/ContactInfo.test.tsx:22:16)
      at Object.renderWithProviders (components/contact/__tests__/ContactInfo.test.tsx:46:5)

    console.error
      Error: Uncaught [ReferenceError: IntersectionObserver is not defined]
          at reportException (C:\Users\Rosaire\Desktop\Portfolio\node_modules\jsdom\lib\jsdom\living\helpers\runtime-script-errors.js:66:24)
          at innerInvokeEventListeners (C:\Users\Rosaire\Desktop\Portfolio\node_modules\jsdom\lib\jsdom\living\events\EventTarget-impl.js:353:9)
          at invokeEventListeners (C:\Users\Rosaire\Desktop\Portfolio\node_modules\jsdom\lib\jsdom\living\events\EventTarget-impl.js:286:3)
          at HTMLUnknownElementImpl._dispatch (C:\Users\Rosaire\Desktop\Portfolio\node_modules\jsdom\lib\jsdom\living\events\EventTarget-impl.js:233:9)
          at HTMLUnknownElementImpl.dispatchEvent (C:\Users\Rosaire\Desktop\Portfolio\node_modules\jsdom\lib\jsdom\living\events\EventTarget-impl.js:104:17)
          at HTMLUnknownElement.dispatchEvent (C:\Users\Rosaire\Desktop\Portfolio\node_modules\jsdom\lib\jsdom\living\generated\EventTarget.js:241:34)
          at Object.invokeGuardedCallbackDev (C:\Users\Rosaire\Desktop\Portfolio\node_modules\react-dom\cjs\react-dom.development.js:4213:16)
          at invokeGuardedCallback (C:\Users\Rosaire\Desktop\Portfolio\node_modules\react-dom\cjs\react-dom.development.js:4277:31)
          at reportUncaughtErrorInDEV (C:\Users\Rosaire\Desktop\Portfolio\node_modules\react-dom\cjs\react-dom.development.js:22877:5)
          at captureCommitPhaseError (C:\Users\Rosaire\Desktop\Portfolio\node_modules\react-dom\cjs\react-dom.development.js:27165:5)
          at commitPassiveMountEffects_complete (C:\Users\Rosaire\Desktop\Portfolio\node_modules\react-dom\cjs\react-dom.development.js:24932:9)
          at commitPassiveMountEffects_begin (C:\Users\Rosaire\Desktop\Portfolio\node_modules\react-dom\cjs\react-dom.development.js:24917:7)
          at commitPassiveMountEffects (C:\Users\Rosaire\Desktop\Portfolio\node_modules\react-dom\cjs\react-dom.development.js:24905:3)
          at flushPassiveEffectsImpl (C:\Users\Rosaire\Desktop\Portfolio\node_modules\react-dom\cjs\react-dom.development.js:27078:3)
          at flushPassiveEffects (C:\Users\Rosaire\Desktop\Portfolio\node_modules\react-dom\cjs\react-dom.development.js:27023:14)
          at C:\Users\Rosaire\Desktop\Portfolio\node_modules\react-dom\cjs\react-dom.development.js:26808:9
          at flushActQueue (C:\Users\Rosaire\Desktop\Portfolio\node_modules\react\cjs\react.development.js:2667:24)
          at act (C:\Users\Rosaire\Desktop\Portfolio\node_modules\react\cjs\react.development.js:2582:11)
          at C:\Users\Rosaire\Desktop\Portfolio\node_modules\@testing-library\react\dist\act-compat.js:47:25
          at renderRoot (C:\Users\Rosaire\Desktop\Portfolio\node_modules\@testing-library\react\dist\pure.js:180:26)
          at render (C:\Users\Rosaire\Desktop\Portfolio\node_modules\@testing-library\react\dist\pure.js:271:10)
          at renderWithProviders (C:\Users\Rosaire\Desktop\Portfolio\components\contact\__tests__\ContactInfo.test.tsx:22:16)
          at Object.renderWithProviders (C:\Users\Rosaire\Desktop\Portfolio\components\contact\__tests__\ContactInfo.test.tsx:53:27)
          at Promise.then.completed (C:\Users\Rosaire\Desktop\Portfolio\node_modules\jest-circus\build\utils.js:298:28)
          at new Promise (<anonymous>)
          at callAsyncCircusFn (C:\Users\Rosaire\Desktop\Portfolio\node_modules\jest-circus\build\utils.js:231:10)
          at _callCircusTest (C:\Users\Rosaire\Desktop\Portfolio\node_modules\jest-circus\build\run.js:316:40)
          at processTicksAndRejections (node:internal/process/task_queues:104:5)
          at _runTest (C:\Users\Rosaire\Desktop\Portfolio\node_modules\jest-circus\build\run.js:252:3)
          at _runTestsForDescribeBlock (C:\Users\Rosaire\Desktop\Portfolio\node_modules\jest-circus\build\run.js:126:9)
          at _runTestsForDescribeBlock (C:\Users\Rosaire\Desktop\Portfolio\node_modules\jest-circus\build\run.js:121:9)
          at run (C:\Users\Rosaire\Desktop\Portfolio\node_modules\jest-circus\build\run.js:71:3)
          at runAndTransformResultsToJestFormat (C:\Users\Rosaire\Desktop\Portfolio\node_modules\jest-circus\build\legacy-code-todo-rewrite\jestAdapterInit.js:122:21)
          at jestAdapter (C:\Users\Rosaire\Desktop\Portfolio\node_modules\jest-circus\build\legacy-code-todo-rewrite\jestAdapter.js:79:19)
          at runTestInternal (C:\Users\Rosaire\Desktop\Portfolio\node_modules\jest-runner\build\runTest.js:367:16)
          at runTest (C:\Users\Rosaire\Desktop\Portfolio\node_modules\jest-runner\build\runTest.js:444:34)
          at Object.worker (C:\Users\Rosaire\Desktop\Portfolio\node_modules\jest-runner\build\testWorker.js:106:12) {
        detail: ReferenceError: IntersectionObserver is not defined
            at initIntersectionObserver (C:\Users\Rosaire\Desktop\Portfolio\node_modules\framer-motion\dist\cjs\index.js:1039:34)
            at observeIntersection (C:\Users\Rosaire\Desktop\Portfolio\node_modules\framer-motion\dist\cjs\index.js:1044:39)
            at InViewFeature.startObserver (C:\Users\Rosaire\Desktop\Portfolio\node_modules\framer-motion\dist\cjs\index.js:1101:16)
            at InViewFeature.mount (C:\Users\Rosaire\Desktop\Portfolio\node_modules\framer-motion\dist\cjs\index.js:1104:14)
            at HTMLVisualElement.updateFeatures (C:\Users\Rosaire\Desktop\Portfolio\node_modules\framer-motion\dist\cjs\index-legacy-87714a68.js:4267:25)
            at C:\Users\Rosaire\Desktop\Portfolio\node_modules\framer-motion\dist\cjs\index.js:103:23
            at commitHookEffectListMount (C:\Users\Rosaire\Desktop\Portfolio\node_modules\react-dom\cjs\react-dom.development.js:23189:26)
            at commitPassiveMountOnFiber (C:\Users\Rosaire\Desktop\Portfolio\node_modules\react-dom\cjs\react-dom.development.js:24970:11)
            at commitPassiveMountEffects_complete (C:\Users\Rosaire\Desktop\Portfolio\node_modules\react-dom\cjs\react-dom.development.js:24930:9)
            at commitPassiveMountEffects_begin (C:\Users\Rosaire\Desktop\Portfolio\node_modules\react-dom\cjs\react-dom.development.js:24917:7)
            at commitPassiveMountEffects (C:\Users\Rosaire\Desktop\Portfolio\node_modules\react-dom\cjs\react-dom.development.js:24905:3)
            at flushPassiveEffectsImpl (C:\Users\Rosaire\Desktop\Portfolio\node_modules\react-dom\cjs\react-dom.development.js:27078:3)
            at flushPassiveEffects (C:\Users\Rosaire\Desktop\Portfolio\node_modules\react-dom\cjs\react-dom.development.js:27023:14)
            at C:\Users\Rosaire\Desktop\Portfolio\node_modules\react-dom\cjs\react-dom.development.js:26808:9
            at flushActQueue (C:\Users\Rosaire\Desktop\Portfolio\node_modules\react\cjs\react.development.js:2667:24)
            at act (C:\Users\Rosaire\Desktop\Portfolio\node_modules\react\cjs\react.development.js:2582:11)
            at C:\Users\Rosaire\Desktop\Portfolio\node_modules\@testing-library\react\dist\act-compat.js:47:25
            at renderRoot (C:\Users\Rosaire\Desktop\Portfolio\node_modules\@testing-library\react\dist\pure.js:180:26)
            at render (C:\Users\Rosaire\Desktop\Portfolio\node_modules\@testing-library\react\dist\pure.js:271:10)
            at renderWithProviders (C:\Users\Rosaire\Desktop\Portfolio\components\contact\__tests__\ContactInfo.test.tsx:22:16)
            at Object.renderWithProviders (C:\Users\Rosaire\Desktop\Portfolio\components\contact\__tests__\ContactInfo.test.tsx:53:27)
            at Promise.then.completed (C:\Users\Rosaire\Desktop\Portfolio\node_modules\jest-circus\build\utils.js:298:28)
            at new Promise (<anonymous>)
            at callAsyncCircusFn (C:\Users\Rosaire\Desktop\Portfolio\node_modules\jest-circus\build\utils.js:231:10)
            at _callCircusTest (C:\Users\Rosaire\Desktop\Portfolio\node_modules\jest-circus\build\run.js:316:40)
            at processTicksAndRejections (node:internal/process/task_queues:104:5)
            at _runTest (C:\Users\Rosaire\Desktop\Portfolio\node_modules\jest-circus\build\run.js:252:3)
            at _runTestsForDescribeBlock (C:\Users\Rosaire\Desktop\Portfolio\node_modules\jest-circus\build\run.js:126:9)
            at _runTestsForDescribeBlock (C:\Users\Rosaire\Desktop\Portfolio\node_modules\jest-circus\build\run.js:121:9)
            at run (C:\Users\Rosaire\Desktop\Portfolio\node_modules\jest-circus\build\run.js:71:3)
            at runAndTransformResultsToJestFormat (C:\Users\Rosaire\Desktop\Portfolio\node_modules\jest-circus\build\legacy-code-todo-rewrite\jestAdapterInit.js:122:21)
            at jestAdapter (C:\Users\Rosaire\Desktop\Portfolio\node_modules\jest-circus\build\legacy-code-todo-rewrite\jestAdapter.js:79:19)
            at runTestInternal (C:\Users\Rosaire\Desktop\Portfolio\node_modules\jest-runner\build\runTest.js:367:16)
            at runTest (C:\Users\Rosaire\Desktop\Portfolio\node_modules\jest-runner\build\runTest.js:444:34)
            at Object.worker (C:\Users\Rosaire\Desktop\Portfolio\node_modules\jest-runner\build\testWorker.js:106:12),
        type: 'unhandled exception'
      }

    [0m [90m 20 |[39m
     [90m 21 |[39m [36mconst[39m renderWithProviders [33m=[39m (component[33m:[39m [33mReact[39m[33m.[39m[33mReactElement[39m) [33m=>[39m {
    [31m[1m>[22m[39m[90m 22 |[39m   [36mreturn[39m render([33m<[39m[33mMockLanguageProvider[39m[33m>[39m{component}[33m<[39m[33m/[39m[33mMockLanguageProvider[39m[33m>[39m)[33m;[39m
     [90m    |[39m                [31m[1m^[22m[39m
     [90m 23 |[39m }[33m;[39m
     [90m 24 |[39m
     [90m 25 |[39m describe([32m'ContactInfo'[39m[33m,[39m () [33m=>[39m {[0m

      at VirtualConsole.<anonymous> (node_modules/@jest/environment-jsdom-abstract/build/index.js:87:23)
      at reportException (node_modules/jsdom/lib/jsdom/living/helpers/runtime-script-errors.js:70:28)
      at innerInvokeEventListeners (node_modules/jsdom/lib/jsdom/living/events/EventTarget-impl.js:353:9)
      at invokeEventListeners (node_modules/jsdom/lib/jsdom/living/events/EventTarget-impl.js:286:3)
      at HTMLUnknownElementImpl._dispatch (node_modules/jsdom/lib/jsdom/living/events/EventTarget-impl.js:233:9)
      at HTMLUnknownElementImpl.dispatchEvent (node_modules/jsdom/lib/jsdom/living/events/EventTarget-impl.js:104:17)
      at HTMLUnknownElement.dispatchEvent (node_modules/jsdom/lib/jsdom/living/generated/EventTarget.js:241:34)
      at Object.invokeGuardedCallbackDev (node_modules/react-dom/cjs/react-dom.development.js:4213:16)
      at invokeGuardedCallback (node_modules/react-dom/cjs/react-dom.development.js:4277:31)
      at reportUncaughtErrorInDEV (node_modules/react-dom/cjs/react-dom.development.js:22877:5)
      at captureCommitPhaseError (node_modules/react-dom/cjs/react-dom.development.js:27165:5)
      at commitPassiveMountEffects_complete (node_modules/react-dom/cjs/react-dom.development.js:24932:9)
      at commitPassiveMountEffects_begin (node_modules/react-dom/cjs/react-dom.development.js:24917:7)
      at commitPassiveMountEffects (node_modules/react-dom/cjs/react-dom.development.js:24905:3)
      at flushPassiveEffectsImpl (node_modules/react-dom/cjs/react-dom.development.js:27078:3)
      at flushPassiveEffects (node_modules/react-dom/cjs/react-dom.development.js:27023:14)
      at node_modules/react-dom/cjs/react-dom.development.js:26808:9
      at flushActQueue (node_modules/react/cjs/react.development.js:2667:24)
      at act (node_modules/react/cjs/react.development.js:2582:11)
      at node_modules/@testing-library/react/dist/act-compat.js:47:25
      at renderRoot (node_modules/@testing-library/react/dist/pure.js:180:26)
      at render (node_modules/@testing-library/react/dist/pure.js:271:10)
      at renderWithProviders (components/contact/__tests__/ContactInfo.test.tsx:22:16)
      at Object.renderWithProviders (components/contact/__tests__/ContactInfo.test.tsx:53:27)

    console.error
      The above error occurred in the <ForwardRef(MotionComponent)> component:
      
          at MotionComponent (C:\Users\Rosaire\Desktop\Portfolio\node_modules\framer-motion\dist\cjs\index.js:202:22)
          at ContactInfo
          at children (C:\Users\Rosaire\Desktop\Portfolio\components\contact\__tests__\ContactInfo.test.tsx:9:33)
      
      Consider adding an error boundary to your tree to customize error handling behavior.
      Visit https://reactjs.org/link/error-boundaries to learn more about error boundaries.

    [0m [90m 20 |[39m
     [90m 21 |[39m [36mconst[39m renderWithProviders [33m=[39m (component[33m:[39m [33mReact[39m[33m.[39m[33mReactElement[39m) [33m=>[39m {
    [31m[1m>[22m[39m[90m 22 |[39m   [36mreturn[39m render([33m<[39m[33mMockLanguageProvider[39m[33m>[39m{component}[33m<[39m[33m/[39m[33mMockLanguageProvider[39m[33m>[39m)[33m;[39m
     [90m    |[39m                [31m[1m^[22m[39m
     [90m 23 |[39m }[33m;[39m
     [90m 24 |[39m
     [90m 25 |[39m describe([32m'ContactInfo'[39m[33m,[39m () [33m=>[39m {[0m

      at logCapturedError (node_modules/react-dom/cjs/react-dom.development.js:18704:23)
      at update.callback (node_modules/react-dom/cjs/react-dom.development.js:18737:5)
      at callCallback (node_modules/react-dom/cjs/react-dom.development.js:15036:12)
      at commitUpdateQueue (node_modules/react-dom/cjs/react-dom.development.js:15057:9)
      at commitLayoutEffectOnFiber (node_modules/react-dom/cjs/react-dom.development.js:23430:13)
      at commitLayoutMountEffects_complete (node_modules/react-dom/cjs/react-dom.development.js:24727:9)
      at commitLayoutEffects_begin (node_modules/react-dom/cjs/react-dom.development.js:24713:7)
      at commitLayoutEffects (node_modules/react-dom/cjs/react-dom.development.js:24651:3)
      at commitRootImpl (node_modules/react-dom/cjs/react-dom.development.js:26862:5)
      at commitRoot (node_modules/react-dom/cjs/react-dom.development.js:26721:5)
      at performSyncWorkOnRoot (node_modules/react-dom/cjs/react-dom.development.js:26156:3)
      at flushSyncCallbacks (node_modules/react-dom/cjs/react-dom.development.js:12042:22)
      at flushPassiveEffectsImpl (node_modules/react-dom/cjs/react-dom.development.js:27099:3)
      at flushPassiveEffects (node_modules/react-dom/cjs/react-dom.development.js:27023:14)
      at node_modules/react-dom/cjs/react-dom.development.js:26808:9
      at flushActQueue (node_modules/react/cjs/react.development.js:2667:24)
      at act (node_modules/react/cjs/react.development.js:2582:11)
      at node_modules/@testing-library/react/dist/act-compat.js:47:25
      at renderRoot (node_modules/@testing-library/react/dist/pure.js:180:26)
      at render (node_modules/@testing-library/react/dist/pure.js:271:10)
      at renderWithProviders (components/contact/__tests__/ContactInfo.test.tsx:22:16)
      at Object.renderWithProviders (components/contact/__tests__/ContactInfo.test.tsx:53:27)

  ● ContactInfo › renders contact info title

    ReferenceError: IntersectionObserver is not defined

    [0m [90m 20 |[39m
     [90m 21 |[39m [36mconst[39m renderWithProviders [33m=[39m (component[33m:[39m [33mReact[39m[33m.[39m[33mReactElement[39m) [33m=>[39m {
    [31m[1m>[22m[39m[90m 22 |[39m   [36mreturn[39m render([33m<[39m[33mMockLanguageProvider[39m[33m>[39m{component}[33m<[39m[33m/[39m[33mMockLanguageProvider[39m[33m>[39m)[33m;[39m
     [90m    |[39m                [31m[1m^[22m[39m
     [90m 23 |[39m }[33m;[39m
     [90m 24 |[39m
     [90m 25 |[39m describe([32m'ContactInfo'[39m[33m,[39m () [33m=>[39m {[0m

      at initIntersectionObserver (node_modules/framer-motion/dist/cjs/index.js:1039:34)
      at observeIntersection (node_modules/framer-motion/dist/cjs/index.js:1044:39)
      at InViewFeature.startObserver (node_modules/framer-motion/dist/cjs/index.js:1101:16)
      at InViewFeature.mount (node_modules/framer-motion/dist/cjs/index.js:1104:14)
      at HTMLVisualElement.updateFeatures (node_modules/framer-motion/dist/cjs/index-legacy-87714a68.js:4267:25)
      at node_modules/framer-motion/dist/cjs/index.js:103:23
      at commitHookEffectListMount (node_modules/react-dom/cjs/react-dom.development.js:23189:26)
      at commitPassiveMountOnFiber (node_modules/react-dom/cjs/react-dom.development.js:24970:11)
      at commitPassiveMountEffects_complete (node_modules/react-dom/cjs/react-dom.development.js:24930:9)
      at commitPassiveMountEffects_begin (node_modules/react-dom/cjs/react-dom.development.js:24917:7)
      at commitPassiveMountEffects (node_modules/react-dom/cjs/react-dom.development.js:24905:3)
      at flushPassiveEffectsImpl (node_modules/react-dom/cjs/react-dom.development.js:27078:3)
      at flushPassiveEffects (node_modules/react-dom/cjs/react-dom.development.js:27023:14)
      at node_modules/react-dom/cjs/react-dom.development.js:26808:9
      at flushActQueue (node_modules/react/cjs/react.development.js:2667:24)
      at act (node_modules/react/cjs/react.development.js:2582:11)
      at node_modules/@testing-library/react/dist/act-compat.js:47:25
      at renderRoot (node_modules/@testing-library/react/dist/pure.js:180:26)
      at render (node_modules/@testing-library/react/dist/pure.js:271:10)
      at renderWithProviders (components/contact/__tests__/ContactInfo.test.tsx:22:16)
      at Object.renderWithProviders (components/contact/__tests__/ContactInfo.test.tsx:27:5)

  ● ContactInfo › renders all contact info items

    ReferenceError: IntersectionObserver is not defined

    [0m [90m 20 |[39m
     [90m 21 |[39m [36mconst[39m renderWithProviders [33m=[39m (component[33m:[39m [33mReact[39m[33m.[39m[33mReactElement[39m) [33m=>[39m {
    [31m[1m>[22m[39m[90m 22 |[39m   [36mreturn[39m render([33m<[39m[33mMockLanguageProvider[39m[33m>[39m{component}[33m<[39m[33m/[39m[33mMockLanguageProvider[39m[33m>[39m)[33m;[39m
     [90m    |[39m                [31m[1m^[22m[39m
     [90m 23 |[39m }[33m;[39m
     [90m 24 |[39m
     [90m 25 |[39m describe([32m'ContactInfo'[39m[33m,[39m () [33m=>[39m {[0m

      at initIntersectionObserver (node_modules/framer-motion/dist/cjs/index.js:1039:34)
      at observeIntersection (node_modules/framer-motion/dist/cjs/index.js:1044:39)
      at InViewFeature.startObserver (node_modules/framer-motion/dist/cjs/index.js:1101:16)
      at InViewFeature.mount (node_modules/framer-motion/dist/cjs/index.js:1104:14)
      at HTMLVisualElement.updateFeatures (node_modules/framer-motion/dist/cjs/index-legacy-87714a68.js:4267:25)
      at node_modules/framer-motion/dist/cjs/index.js:103:23
      at commitHookEffectListMount (node_modules/react-dom/cjs/react-dom.development.js:23189:26)
      at commitPassiveMountOnFiber (node_modules/react-dom/cjs/react-dom.development.js:24970:11)
      at commitPassiveMountEffects_complete (node_modules/react-dom/cjs/react-dom.development.js:24930:9)
      at commitPassiveMountEffects_begin (node_modules/react-dom/cjs/react-dom.development.js:24917:7)
      at commitPassiveMountEffects (node_modules/react-dom/cjs/react-dom.development.js:24905:3)
      at flushPassiveEffectsImpl (node_modules/react-dom/cjs/react-dom.development.js:27078:3)
      at flushPassiveEffects (node_modules/react-dom/cjs/react-dom.development.js:27023:14)
      at node_modules/react-dom/cjs/react-dom.development.js:26808:9
      at flushActQueue (node_modules/react/cjs/react.development.js:2667:24)
      at act (node_modules/react/cjs/react.development.js:2582:11)
      at node_modules/@testing-library/react/dist/act-compat.js:47:25
      at renderRoot (node_modules/@testing-library/react/dist/pure.js:180:26)
      at render (node_modules/@testing-library/react/dist/pure.js:271:10)
      at renderWithProviders (components/contact/__tests__/ContactInfo.test.tsx:22:16)
      at Object.renderWithProviders (components/contact/__tests__/ContactInfo.test.tsx:32:5)

  ● ContactInfo › renders contact info values

    ReferenceError: IntersectionObserver is not defined

    [0m [90m 20 |[39m
     [90m 21 |[39m [36mconst[39m renderWithProviders [33m=[39m (component[33m:[39m [33mReact[39m[33m.[39m[33mReactElement[39m) [33m=>[39m {
    [31m[1m>[22m[39m[90m 22 |[39m   [36mreturn[39m render([33m<[39m[33mMockLanguageProvider[39m[33m>[39m{component}[33m<[39m[33m/[39m[33mMockLanguageProvider[39m[33m>[39m)[33m;[39m
     [90m    |[39m                [31m[1m^[22m[39m
     [90m 23 |[39m }[33m;[39m
     [90m 24 |[39m
     [90m 25 |[39m describe([32m'ContactInfo'[39m[33m,[39m () [33m=>[39m {[0m

      at initIntersectionObserver (node_modules/framer-motion/dist/cjs/index.js:1039:34)
      at observeIntersection (node_modules/framer-motion/dist/cjs/index.js:1044:39)
      at InViewFeature.startObserver (node_modules/framer-motion/dist/cjs/index.js:1101:16)
      at InViewFeature.mount (node_modules/framer-motion/dist/cjs/index.js:1104:14)
      at HTMLVisualElement.updateFeatures (node_modules/framer-motion/dist/cjs/index-legacy-87714a68.js:4267:25)
      at node_modules/framer-motion/dist/cjs/index.js:103:23
      at commitHookEffectListMount (node_modules/react-dom/cjs/react-dom.development.js:23189:26)
      at commitPassiveMountOnFiber (node_modules/react-dom/cjs/react-dom.development.js:24970:11)
      at commitPassiveMountEffects_complete (node_modules/react-dom/cjs/react-dom.development.js:24930:9)
      at commitPassiveMountEffects_begin (node_modules/react-dom/cjs/react-dom.development.js:24917:7)
      at commitPassiveMountEffects (node_modules/react-dom/cjs/react-dom.development.js:24905:3)
      at flushPassiveEffectsImpl (node_modules/react-dom/cjs/react-dom.development.js:27078:3)
      at flushPassiveEffects (node_modules/react-dom/cjs/react-dom.development.js:27023:14)
      at node_modules/react-dom/cjs/react-dom.development.js:26808:9
      at flushActQueue (node_modules/react/cjs/react.development.js:2667:24)
      at act (node_modules/react/cjs/react.development.js:2582:11)
      at node_modules/@testing-library/react/dist/act-compat.js:47:25
      at renderRoot (node_modules/@testing-library/react/dist/pure.js:180:26)
      at render (node_modules/@testing-library/react/dist/pure.js:271:10)
      at renderWithProviders (components/contact/__tests__/ContactInfo.test.tsx:22:16)
      at Object.renderWithProviders (components/contact/__tests__/ContactInfo.test.tsx:39:5)

  ● ContactInfo › renders contact info icons

    ReferenceError: IntersectionObserver is not defined

    [0m [90m 20 |[39m
     [90m 21 |[39m [36mconst[39m renderWithProviders [33m=[39m (component[33m:[39m [33mReact[39m[33m.[39m[33mReactElement[39m) [33m=>[39m {
    [31m[1m>[22m[39m[90m 22 |[39m   [36mreturn[39m render([33m<[39m[33mMockLanguageProvider[39m[33m>[39m{component}[33m<[39m[33m/[39m[33mMockLanguageProvider[39m[33m>[39m)[33m;[39m
     [90m    |[39m                [31m[1m^[22m[39m
     [90m 23 |[39m }[33m;[39m
     [90m 24 |[39m
     [90m 25 |[39m describe([32m'ContactInfo'[39m[33m,[39m () [33m=>[39m {[0m

      at initIntersectionObserver (node_modules/framer-motion/dist/cjs/index.js:1039:34)
      at observeIntersection (node_modules/framer-motion/dist/cjs/index.js:1044:39)
      at InViewFeature.startObserver (node_modules/framer-motion/dist/cjs/index.js:1101:16)
      at InViewFeature.mount (node_modules/framer-motion/dist/cjs/index.js:1104:14)
      at HTMLVisualElement.updateFeatures (node_modules/framer-motion/dist/cjs/index-legacy-87714a68.js:4267:25)
      at node_modules/framer-motion/dist/cjs/index.js:103:23
      at commitHookEffectListMount (node_modules/react-dom/cjs/react-dom.development.js:23189:26)
      at commitPassiveMountOnFiber (node_modules/react-dom/cjs/react-dom.development.js:24970:11)
      at commitPassiveMountEffects_complete (node_modules/react-dom/cjs/react-dom.development.js:24930:9)
      at commitPassiveMountEffects_begin (node_modules/react-dom/cjs/react-dom.development.js:24917:7)
      at commitPassiveMountEffects (node_modules/react-dom/cjs/react-dom.development.js:24905:3)
      at flushPassiveEffectsImpl (node_modules/react-dom/cjs/react-dom.development.js:27078:3)
      at flushPassiveEffects (node_modules/react-dom/cjs/react-dom.development.js:27023:14)
      at node_modules/react-dom/cjs/react-dom.development.js:26808:9
      at flushActQueue (node_modules/react/cjs/react.development.js:2667:24)
      at act (node_modules/react/cjs/react.development.js:2582:11)
      at node_modules/@testing-library/react/dist/act-compat.js:47:25
      at renderRoot (node_modules/@testing-library/react/dist/pure.js:180:26)
      at render (node_modules/@testing-library/react/dist/pure.js:271:10)
      at renderWithProviders (components/contact/__tests__/ContactInfo.test.tsx:22:16)
      at Object.renderWithProviders (components/contact/__tests__/ContactInfo.test.tsx:46:5)

  ● ContactInfo › renders three info items in a grid

    ReferenceError: IntersectionObserver is not defined

    [0m [90m 20 |[39m
     [90m 21 |[39m [36mconst[39m renderWithProviders [33m=[39m (component[33m:[39m [33mReact[39m[33m.[39m[33mReactElement[39m) [33m=>[39m {
    [31m[1m>[22m[39m[90m 22 |[39m   [36mreturn[39m render([33m<[39m[33mMockLanguageProvider[39m[33m>[39m{component}[33m<[39m[33m/[39m[33mMockLanguageProvider[39m[33m>[39m)[33m;[39m
     [90m    |[39m                [31m[1m^[22m[39m
     [90m 23 |[39m }[33m;[39m
     [90m 24 |[39m
     [90m 25 |[39m describe([32m'ContactInfo'[39m[33m,[39m () [33m=>[39m {[0m

      at initIntersectionObserver (node_modules/framer-motion/dist/cjs/index.js:1039:34)
      at observeIntersection (node_modules/framer-motion/dist/cjs/index.js:1044:39)
      at InViewFeature.startObserver (node_modules/framer-motion/dist/cjs/index.js:1101:16)
      at InViewFeature.mount (node_modules/framer-motion/dist/cjs/index.js:1104:14)
      at HTMLVisualElement.updateFeatures (node_modules/framer-motion/dist/cjs/index-legacy-87714a68.js:4267:25)
      at node_modules/framer-motion/dist/cjs/index.js:103:23
      at commitHookEffectListMount (node_modules/react-dom/cjs/react-dom.development.js:23189:26)
      at commitPassiveMountOnFiber (node_modules/react-dom/cjs/react-dom.development.js:24970:11)
      at commitPassiveMountEffects_complete (node_modules/react-dom/cjs/react-dom.development.js:24930:9)
      at commitPassiveMountEffects_begin (node_modules/react-dom/cjs/react-dom.development.js:24917:7)
      at commitPassiveMountEffects (node_modules/react-dom/cjs/react-dom.development.js:24905:3)
      at flushPassiveEffectsImpl (node_modules/react-dom/cjs/react-dom.development.js:27078:3)
      at flushPassiveEffects (node_modules/react-dom/cjs/react-dom.development.js:27023:14)
      at node_modules/react-dom/cjs/react-dom.development.js:26808:9
      at flushActQueue (node_modules/react/cjs/react.development.js:2667:24)
      at act (node_modules/react/cjs/react.development.js:2582:11)
      at node_modules/@testing-library/react/dist/act-compat.js:47:25
      at renderRoot (node_modules/@testing-library/react/dist/pure.js:180:26)
      at render (node_modules/@testing-library/react/dist/pure.js:271:10)
      at renderWithProviders (components/contact/__tests__/ContactInfo.test.tsx:22:16)
      at Object.renderWithProviders (components/contact/__tests__/ContactInfo.test.tsx:53:27)

FAIL components/home/__tests__/FeaturedProjects.test.tsx
  ● Console

    console.error
      Warning: React does not recognize the `whileInView` prop on a DOM element. If you intentionally want it to appear in the DOM as a custom attribute, spell it as lowercase `whileinview` instead. If you accidentally passed it from a parent component, remove it from the DOM element.
          at div
          at children (C:\Users\Rosaire\Desktop\Portfolio\components\home\__tests__\FeaturedProjects.test.tsx:8:13)
          at div
          at section
          at FeaturedProjects

    [0m [90m 26 |[39m describe([32m'FeaturedProjects Component'[39m[33m,[39m () [33m=>[39m {
     [90m 27 |[39m   it([32m'renders section title in French'[39m[33m,[39m () [33m=>[39m {
    [31m[1m>[22m[39m[90m 28 |[39m     render([33m<[39m[33mFeaturedProjects[39m [33m/[39m[33m>[39m)[33m;[39m
     [90m    |[39m           [31m[1m^[22m[39m
     [90m 29 |[39m     expect(screen[33m.[39mgetByText([32m'Projets vedettes'[39m))[33m.[39mtoBeInTheDocument()[33m;[39m
     [90m 30 |[39m   })[33m;[39m
     [90m 31 |[39m[0m

      at printWarning (node_modules/react-dom/cjs/react-dom.development.js:86:30)
      at error (node_modules/react-dom/cjs/react-dom.development.js:60:7)
      at validateProperty$1 (node_modules/react-dom/cjs/react-dom.development.js:3757:7)
      at warnUnknownProperties (node_modules/react-dom/cjs/react-dom.development.js:3803:21)
      at validateProperties$2 (node_modules/react-dom/cjs/react-dom.development.js:3827:3)
      at validatePropertiesInDevelopment (node_modules/react-dom/cjs/react-dom.development.js:9541:5)
      at setInitialProperties (node_modules/react-dom/cjs/react-dom.development.js:9830:5)
      at finalizeInitialChildren (node_modules/react-dom/cjs/react-dom.development.js:10950:3)
      at completeWork (node_modules/react-dom/cjs/react-dom.development.js:22232:17)
      at completeUnitOfWork (node_modules/react-dom/cjs/react-dom.development.js:26632:16)
      at performUnitOfWork (node_modules/react-dom/cjs/react-dom.development.js:26607:5)
      at workLoopSync (node_modules/react-dom/cjs/react-dom.development.js:26505:5)
      at renderRootSync (node_modules/react-dom/cjs/react-dom.development.js:26473:7)
      at performConcurrentWorkOnRoot (node_modules/react-dom/cjs/react-dom.development.js:25777:74)
      at flushActQueue (node_modules/react/cjs/react.development.js:2667:24)
      at act (node_modules/react/cjs/react.development.js:2582:11)
      at node_modules/@testing-library/react/dist/act-compat.js:47:25
      at renderRoot (node_modules/@testing-library/react/dist/pure.js:180:26)
      at render (node_modules/@testing-library/react/dist/pure.js:271:10)
      at Object.<anonymous> (components/home/__tests__/FeaturedProjects.test.tsx:28:11)

  ● FeaturedProjects Component › renders project years

    TestingLibraryElementError: Found multiple elements with the text: 2024

    Here are the matching elements:

    Ignored nodes: comments, script, style
    [36m<span[39m
      [33mclass[39m=[32m"text-sm text-slate-500 dark:text-slate-400"[39m
    [36m>[39m
      [0m2024[0m
    [36m</span>[39m

    Ignored nodes: comments, script, style
    [36m<span[39m
      [33mclass[39m=[32m"text-sm text-slate-500 dark:text-slate-400"[39m
    [36m>[39m
      [0m2024[0m
    [36m</span>[39m

    (If this is intentional, then use the `*AllBy*` variant of the query (like `queryAllByText`, `getAllByText`, or `findAllByText`)).

    Ignored nodes: comments, script, style
    [36m<body>[39m
      [36m<div>[39m
        [36m<section[39m
          [33mclass[39m=[32m"py-20 px-4"[39m
        [36m>[39m
          [36m<div[39m
            [33mclass[39m=[32m"max-w-7xl mx-auto"[39m
          [36m>[39m
            [36m<div[39m
              [33mclass[39m=[32m"text-center mb-16"[39m
              [33minitial[39m=[32m"[object Object]"[39m
              [33mtransition[39m=[32m"[object Object]"[39m
              [33mviewport[39m=[32m"[object Object]"[39m
              [33mwhileinview[39m=[32m"[object Object]"[39m
            [36m>[39m
              [36m<h2[39m
                [33mclass[39m=[32m"text-4xl md:text-5xl font-bold text-slate-900 dark:text-white mb-4"[39m
              [36m>[39m
                [0mProjets vedettes[0m
              [36m</h2>[39m
              [36m<p[39m
                [33mclass[39m=[32m"text-lg text-slate-600 dark:text-slate-400"[39m
              [36m>[39m
                [0mDécouvrez mes réalisations les plus remarquables[0m
              [36m</p>[39m
            [36m</div>[39m
            [36m<div[39m
              [33mclass[39m=[32m"grid grid-cols-1 md:grid-cols-2 lg:grid-cols-3 gap-8"[39m
              [33minitial[39m=[32m"hidden"[39m
              [33mvariants[39m=[32m"[object Object]"[39m
              [33mviewport[39m=[32m"[object Object]"[39m
              [33mwhileinview[39m=[32m"visible"[39m
            [36m>[39m
              [36m<div[39m
                [33mvariants[39m=[32m"[object Object]"[39m
              [36m>[39m
                [36m<a[39m
                  [33mhref[39m=[32m"/projets/ecommerce-platform"[39m
                [36m>[39m
                  [36m<div[39m
                    [33mclass[39m=[32m"h-full bg-white dark:bg-slate-800 rounded-lg shadow-md hover:shadow-lg transition-shadow overflow-hidden cursor-pointer border border-slate-200 dark:border-slate-700"[39m
                  [36m>[39m
                    [36m<div[39m
                      [33mclass[39m=[32m"h-48 bg-gradient-to-br from-blue-400 to-blue-600 flex items-center justify-center"[39m
                    [36m>[39m
                      [36m<span[39m
                        [33mclass[39m=[32m"text-4xl"[39m
                      [36m>[39m
                        [0m📱[0m
                      [36m</span>[39m
                    [36m</div>[39m
                    [36m<div[39m
                      [33mclass[39m=[32m"p-6"[39m
                    [36m>[39m
                      [36m<div[39m
                        [33mclass[39m=[32m"flex items-center gap-2 mb-3"[39m
                      [36m>[39m
                        [36m<span[39m
                          [33mclass[39m=[32m"px-3 py-1 bg-blue-100 dark:bg-blue-900 text-blue-800 dark:text-blue-100 rounded-full text-sm font-medium"[39m
                        [36m>[39m
                          [0mecommerce[0m
                        [36m</span>[39m
                        [36m<span[39m
                          [33mclass[39m=[32m"text-sm text-slate-500 dark:text-slate-400"[39m
                        [36m>[39m
                          [0m2024[0m
                        [36m</span>[39m
                      [36m</div>[39m
                      [36m<h3[39m
                        [33mclass[39m=[32m"text-xl font-bold text-slate-900 dark:text-white mb-2"[39m
                      [36m>[39m
                        [0mPlateforme E-commerce[0m
                      [36m</h3>[39m
                      [36m<p[39m
                        [33mclass[39m=[32m"text-slate-600 dark:text-slate-400 mb-4 line-clamp-2"[39m
                      [36m>[39m
                        [0mSolution e-commerce complète avec intégration de paiement[0m
                      [36m</p>[39m
                      [36m<div[39m
                        [33mclass[39m=[32m"flex flex-wrap gap-2"[39m
                      [36m>[39m
                        [36m<span[39m
                          [33mclass[39m=[32m"px-2 py-1 bg-slate-100 dark:bg-slate-700 text-slate-700 dark:text-slate-300 rounded text-xs font-medium"[39m
                        [36m>[39m
                          [0mNext.js[0m
                        [36m</span>[39m
                        [36m<span[39m
                          [33mclass[39m=[32m"px-2 py-1 bg-slate-100 dark:bg-slate-700 text-slate-700 dark:text-slate-300 rounded text-xs font-medium"[39m
                        [36m>[39m
                          [0mTypeScript[0m
                        [36m</span>[39m
                        [36m<span[39m
                          [33mclass[39m=[32m"px-2 py-1 bg-slate-100 dark:bg-slate-700 text-slate-700 dark:text-slate-300 rounded text-xs font-medium"[39m
                        [36m>[39m
                          [0mStripe[0m
                        [36m</span>[39m
                        [36m<span[39m
                          [33mclass[39m=[32m"px-2 py-1 bg-slate-100 dark:bg-slate-700 text-slate-700 dark:text-slate-300 rounded text-xs font-medium"[39m
                        [36m>[39m
                          [0m+[0m
                          [0m2[0m
                        [36m</span>[39m
                      [36m</div>[39m
                    [36m</div>[39m
                  [36m</div>[39m
                [36m</a>[39m
              [36m</div>[39m
              [36m<div[39m
                [33mvariants[39m=[32m"[object Object]"[39m
              [36m>[39m
                [36m<a[39m
                  [33mhref[39m=[32m"/projets/mobile-app"[39m
                [36m>[39m
                  [36m<div[39m
                    [33mclass[39m=[32m"h-full bg-white dark:bg-slate-800 rounded-lg shadow-md hover:shadow-lg transition-shadow overflow-hidden cursor-pointer border border-slate-200 dark:border-slate-700"[39m
                  [36m>[39m
                    [36m<div[39m
                      [33mclass[39m=[32m"h-48 bg-gradient-to-br from-blue-400 to-blue-600 flex items-center justify-center"[39m
                    [36m>[39m
                      [36m<span[39m
                        [33mclass[39m=[32m"text-4xl"[39m
                      [36m>[39m
                        [0m📱[0m
                      [36m</span>[39m
                    [36m</div>[39m
                    [36m<div[39m
                      [33mclass[39m=[32m"p-6"[39m
                    [36m>[39m
                      [36m<div[39m
                        [33mclass[39m=[32m"flex items-center gap-2 mb-3"[39m
                      [36m>[39m
                        [36m<span[39m
                          [33mclass[39m=[32m"px-3 py-1 bg-blue-100 dark:bg-blue-900 text-blue-800 dark:text-blue-100 rounded-full text-sm font-medium"[39m
                        [36m>[39m
                          [0mmobile[0m
                        [36m</span>[39m
                        [36m<span[39m
                          [33mclass[39m=[32m"text-sm text-slate-500 dark:text-slate-400"[39m
                        [36m>[39m
                          [0m2024[0m
                        [36m</span>[39m
                      [36m</div>[39m
                      [36m<h3[39m
                        [33mclass[39m=[32m"text-xl font-bold text-slate-900 dark:text-white mb-2"[39m
                      [36m>[39m
                        [0mApplication Mobile[0m
                      [36m</h3>[39m
                      [36m<p[39m
                        [33mclass[39m=[32m"text-slate-600 dark:text-slate-400 mb-4 line-clamp-2"[39m
                      [36m>[39m
                        [0mApplication mobile cross-platform pour la gestion de tâches[0m
                      [36m</p>[39m
                      [36m<div[39m
                        [33mclass[39m=[32m"flex flex-wrap gap-2"[39m
                      [36m>[39m
                        [36m<span[39m
                          [33mclass[39m=[32m"px-2 py-1 bg-slate-100 dark:bg-slate-700 text-slate-700 dark:text-slate-300 rounded text-xs font-medium"[39m
                        [36m>[39m
                          [0mReact Native[0m
                        [36m</span>[39m
                        [36m<span[39m
                          [33mclass[39m=[32m"px-2 py-1 bg-slate-100 dark:bg-slate-700 text-slate-700 dark:text-slate-300 rounded text-xs font-medium"[39m
                        [36m>[39m
                          [0mFirebase[0m
                        [36m</span>[39m
                        [36m<span[39m
                          [33mclass[39m=[32m"px-2 py-1 bg-slate-100 dark:bg-slate-700 text-slate-700 dark:text-slate-300 rounded text-xs font-medium"[39m
                        [36m>[39m
                          [0mRedux[0m
                        [36m</span>[39m
                        [36m<span[39m
                          [33mclass[39m=[32m"px-2 py-1 bg-slate-100 dark:bg-slate-700 text-slate-700 dark:text-slate-300 rounded text-xs font-medium"[39m
                        [36m>[39m
                          [0m+[0m
                          [0m1[0m
                        [36m</span>[39m
                      [36m</div>[39m
                    [36m</div>[39m
                  [36m</div>[39m
                [36m</a>[39m
              [36m</div>[39m
              [36m<div[39m
                [33mvariants[39m=[32m"[object Object]"[39m
              [36m>[39m
                [36m<a[39m
                  [33mhref[39m=[32m"/projets/iot-smart-home"[39m
                [36m>[39m
                  [36m<div[39m
                    [33mclass[39m=[32m"h-full bg-white dark:bg-slate-800 rounded-lg shadow-md hover:shadow-lg transition-shadow overflow-hidden cursor-pointer border border-slate-200 dark:border-slate-700"[39m
                  [36m>[39m
                    [36m<div[39m
                      [33mclass[39m=[32m"h-48 bg-gradient-to-br from-blue-400 to-blue-600 flex items-center justify-center"[39m
                    [36m>[39m
                      [36m<span[39m
                        [33mclass[39m=[32m"text-4xl"[39m
                      [36m>[39m
                        [0m📱[0m
                      [36m</span>[39m
                    [36m</div>[39m
                    [36m<div[39m
                      [33mclass[39m=[32m"p-6"[39m
                    [36m>[39m
                      [36m<div[39m
                        [33mclass[39m=[32m"flex items-center gap-2 mb-3"[39m
                      [36m>[39m
                        [36m<span[39m
                          [33mclass[39m=[32m"px-3 py-1 bg-blue-100 dark:bg-blue-900 text-blue-800 dark:text-blue-100 rounded-full text-sm font-medium"[39m
                        [36m>[39m
                          [0miot[0m
                        [36m</span>[39m
                        [36m<span[39m
                          [33mclass[39m=[32m"text-sm text-slate-500 dark:text-slate-400"[39m
                        [36m>[39m
                          [0m2023[0m
                        [36m</span>[39m
                      [36m</div>[39m
                      [36m<h3[39m
                        [33mclass[39m=[32m"text-xl font-bold text-slate-900 dark:text-white mb-2"[39m
                      [36m>[39m
                        [0mSystème Domotique IoT[0m
                      [36m</h3>[39m
                      [36m<p[39m
                        [33mclass[39m=[32m"text-slate-600 dark:text-slate-400 mb-4 line-clamp-2"[39m
                      [36m>[39m
                        [0mSystème de domotique connecté avec contrôle via application[0m
                      [36m</p>[39m
                      [36m<div[39m
                        [33mclass[39m=[32m"flex flex-wrap gap-2"[39m
                      [36m>[39m
                        [36m<span[39m
                          [33mclass[39m=[32m"px-2 py-1 bg-slate-100 dark:bg-slate-700 text-slate-700 dark:text-slate-300 rounded text-xs font-medium"[39m
                        [36m>[39m
                          [0mArduino[0m
                        [36m</span>[39m
                        [36m<span[39m
                          [33mclass[39m=[32m"px-2 py-1 bg-slate-100 dark:bg-slate-700 text-slate-700 dark:text-slate-300 rounded text-xs font-medium"[39m
                        [36m>[39m
                          [0mPython[0m
                        [36m</span>[39m
                        [36m<span[39m
                          [33mclass[39m=[32m"px-2 py-1 bg-slate-100 dark:bg-slate-700 text-slate-700 dark:text-slate-300 rounded text-xs font-medium"[39m
                        [36m>[39m
                          [0mMQTT[0m
                        [36m</span>[39m
                        [36m<span[39m
                          [33mclass[39m=[32m"px-2 py-1 bg-slate-100 dark:bg-slate-700 text-slate-700 dark:text-slate-300 rounded text-xs font-medium"[39m
                        [36m>[39m
                          [0m+[0m
                          [0m1[0m
                        [36m</span>[39m
                      [36m</div>[39m
                    [36m</div>[39m
                  [36m</div>[39m
                [36m</a>[39m
              [36m</div>[39m
            [36m</div>[39m
            [36m<div[39m
              [33mclass[39m=[32m"text-center mt-12"[39m
              [33minitial[39m=[32m"[object Object]"[39m
              [33mtransition[39m=[32m"[object Object]"[39m
              [33mviewport[39m=[32m"[object Object]"[39m
              [33mwhileinview[39m=[32m"[object Object]"[39m
            [36m>[39m
              [36m<a[39m
                [33mhref[39m=[32m"/projets"[39m
              [36m>[39m
                [0mVoir tous les projets[0m
              [36m</a>[39m
            [36m</div>[39m
          [36m</div>[39m
        [36m</section>[39m
      [36m</div>[39m
    [36m</body>[39m

    [0m [90m 51 |[39m   it([32m'renders project years'[39m[33m,[39m () [33m=>[39m {
     [90m 52 |[39m     render([33m<[39m[33mFeaturedProjects[39m [33m/[39m[33m>[39m)[33m;[39m
    [31m[1m>[22m[39m[90m 53 |[39m     expect(screen[33m.[39mgetByText([32m'2024'[39m))[33m.[39mtoBeInTheDocument()[33m;[39m
     [90m    |[39m                   [31m[1m^[22m[39m
     [90m 54 |[39m   })[33m;[39m
     [90m 55 |[39m
     [90m 56 |[39m   it([32m'renders project technologies'[39m[33m,[39m () [33m=>[39m {[0m

      at Object.getElementError (node_modules/@testing-library/dom/dist/config.js:37:19)
      at getElementError (node_modules/@testing-library/dom/dist/query-helpers.js:20:35)
      at getMultipleElementsFoundError (node_modules/@testing-library/dom/dist/query-helpers.js:23:10)
      at node_modules/@testing-library/dom/dist/query-helpers.js:55:13
      at node_modules/@testing-library/dom/dist/query-helpers.js:95:19
      at Object.getByText (components/home/__tests__/FeaturedProjects.test.tsx:53:19)

FAIL components/layout/__tests__/Header.test.tsx
  ● Header Component › toggles mobile menu on button click

    expect(element).not.toBeInTheDocument()

    expected document not to contain element, found <a class="transition-colors pb-1 border-b-2 text-blue-600 dark:text-blue-400 border-blue-600 dark:border-blue-400 font-semibold" href="/">Accueil</a> instead

    [0m [90m 56 |[39m     
     [90m 57 |[39m     [90m// Initially, mobile menu should not be visible[39m
    [31m[1m>[22m[39m[90m 58 |[39m     expect(screen[33m.[39mqueryByText([32m'Accueil'[39m))[33m.[39mnot[33m.[39mtoBeInTheDocument()[33m;[39m
     [90m    |[39m                                               [31m[1m^[22m[39m
     [90m 59 |[39m     
     [90m 60 |[39m     [90m// Click to open[39m
     [90m 61 |[39m     fireEvent[33m.[39mclick(mobileMenuButton)[33m;[39m[0m

      at Object.toBeInTheDocument (components/layout/__tests__/Header.test.tsx:58:47)

FAIL components/project-detail/__tests__/ProjectContent.test.tsx
  ● Console

    console.error
      Warning: React does not recognize the `whileInView` prop on a DOM element. If you intentionally want it to appear in the DOM as a custom attribute, spell it as lowercase `whileinview` instead. If you accidentally passed it from a parent component, remove it from the DOM element.
          at div
          at children (C:\Users\Rosaire\Desktop\Portfolio\components\project-detail\__tests__\ProjectContent.test.tsx:9:13)
          at div
          at section
          at project (C:\Users\Rosaire\Desktop\Portfolio\components\project-detail\ProjectContent.tsx:11:42)

    [0m [90m 41 |[39m describe([32m'ProjectContent Component'[39m[33m,[39m () [33m=>[39m {
     [90m 42 |[39m   it([32m'renders context section'[39m[33m,[39m () [33m=>[39m {
    [31m[1m>[22m[39m[90m 43 |[39m     render([33m<[39m[33mProjectContent[39m project[33m=[39m{mockProject} [33m/[39m[33m>[39m)[33m;[39m
     [90m    |[39m           [31m[1m^[22m[39m
     [90m 44 |[39m     expect(screen[33m.[39mgetByText([32m'Le contexte'[39m))[33m.[39mtoBeInTheDocument()[33m;[39m
     [90m 45 |[39m     expect(screen[33m.[39mgetByText([32m'Test context'[39m))[33m.[39mtoBeInTheDocument()[33m;[39m
     [90m 46 |[39m   })[33m;[39m[0m

      at printWarning (node_modules/react-dom/cjs/react-dom.development.js:86:30)
      at error (node_modules/react-dom/cjs/react-dom.development.js:60:7)
      at validateProperty$1 (node_modules/react-dom/cjs/react-dom.development.js:3757:7)
      at warnUnknownProperties (node_modules/react-dom/cjs/react-dom.development.js:3803:21)
      at validateProperties$2 (node_modules/react-dom/cjs/react-dom.development.js:3827:3)
      at validatePropertiesInDevelopment (node_modules/react-dom/cjs/react-dom.development.js:9541:5)
      at setInitialProperties (node_modules/react-dom/cjs/react-dom.development.js:9830:5)
      at finalizeInitialChildren (node_modules/react-dom/cjs/react-dom.development.js:10950:3)
      at completeWork (node_modules/react-dom/cjs/react-dom.development.js:22232:17)
      at completeUnitOfWork (node_modules/react-dom/cjs/react-dom.development.js:26632:16)
      at performUnitOfWork (node_modules/react-dom/cjs/react-dom.development.js:26607:5)
      at workLoopSync (node_modules/react-dom/cjs/react-dom.development.js:26505:5)
      at renderRootSync (node_modules/react-dom/cjs/react-dom.development.js:26473:7)
      at performConcurrentWorkOnRoot (node_modules/react-dom/cjs/react-dom.development.js:25777:74)
      at flushActQueue (node_modules/react/cjs/react.development.js:2667:24)
      at act (node_modules/react/cjs/react.development.js:2582:11)
      at node_modules/@testing-library/react/dist/act-compat.js:47:25
      at renderRoot (node_modules/@testing-library/react/dist/pure.js:180:26)
      at render (node_modules/@testing-library/react/dist/pure.js:271:10)
      at Object.<anonymous> (components/project-detail/__tests__/ProjectContent.test.tsx:43:11)

  ● ProjectContent Component › renders testimonial section

    TestingLibraryElementError: Unable to find an element with the text: Great work!. This could be because the text is broken up by multiple elements. In this case, you can provide a function for your text matcher to make your matcher more flexible.

    Ignored nodes: comments, script, style
    [36m<body>[39m
      [36m<div>[39m
        [36m<section[39m
          [33mclass[39m=[32m"py-20 px-4"[39m
        [36m>[39m
          [36m<div[39m
            [33mclass[39m=[32m"max-w-4xl mx-auto"[39m
          [36m>[39m
            [36m<div[39m
              [33mclass[39m=[32m"space-y-16"[39m
              [33minitial[39m=[32m"hidden"[39m
              [33mvariants[39m=[32m"[object Object]"[39m
              [33mviewport[39m=[32m"[object Object]"[39m
              [33mwhileinview[39m=[32m"visible"[39m
            [36m>[39m
              [36m<div[39m
                [33mvariants[39m=[32m"[object Object]"[39m
              [36m>[39m
                [36m<h2[39m
                  [33mclass[39m=[32m"text-3xl font-bold text-slate-900 dark:text-white mb-4"[39m
                [36m>[39m
                  [0mLe contexte[0m
                [36m</h2>[39m
                [36m<p[39m
                  [33mclass[39m=[32m"text-lg text-slate-600 dark:text-slate-400 leading-relaxed"[39m
                [36m>[39m
                  [0mTest context[0m
                [36m</p>[39m
              [36m</div>[39m
              [36m<div[39m
                [33mvariants[39m=[32m"[object Object]"[39m
              [36m>[39m
                [36m<h2[39m
                  [33mclass[39m=[32m"text-3xl font-bold text-slate-900 dark:text-white mb-4"[39m
                [36m>[39m
                  [0mLa solution[0m
                [36m</h2>[39m
                [36m<p[39m
                  [33mclass[39m=[32m"text-lg text-slate-600 dark:text-slate-400 leading-relaxed"[39m
                [36m>[39m
                  [0mTest solution[0m
                [36m</p>[39m
              [36m</div>[39m
              [36m<div[39m
                [33mvariants[39m=[32m"[object Object]"[39m
              [36m>[39m
                [36m<h2[39m
                  [33mclass[39m=[32m"text-3xl font-bold text-slate-900 dark:text-white mb-4"[39m
                [36m>[39m
                  [0mTechnologies utilisées[0m
                [36m</h2>[39m
                [36m<div[39m
                  [33mclass[39m=[32m"flex flex-wrap gap-3"[39m
                [36m>[39m
                  [36m<span[39m
                    [33mclass[39m=[32m"px-4 py-2 bg-blue-100 dark:bg-blue-900 text-blue-800 dark:text-blue-100 rounded-full font-semibold"[39m
                  [36m>[39m
                    [0mReact[0m
                  [36m</span>[39m
                  [36m<span[39m
                    [33mclass[39m=[32m"px-4 py-2 bg-blue-100 dark:bg-blue-900 text-blue-800 dark:text-blue-100 rounded-full font-semibold"[39m
                  [36m>[39m
                    [0mTypeScript[0m
                  [36m</span>[39m
                [36m</div>[39m
              [36m</div>[39m
              [36m<div[39m
                [33mvariants[39m=[32m"[object Object]"[39m
              [36m>[39m
                [36m<h2[39m
                  [33mclass[39m=[32m"text-3xl font-bold text-slate-900 dark:text-white mb-4"[39m
                [36m>[39m
                  [0mRésultats[0m
                [36m</h2>[39m
                [36m<ul[39m
                  [33mclass[39m=[32m"space-y-3"[39m
                [36m>[39m
                  [36m<li[39m
                    [33mclass[39m=[32m"flex items-start gap-3 text-lg text-slate-600 dark:text-slate-400"[39m
                  [36m>[39m
                    [36m<span[39m
                      [33mclass[39m=[32m"text-green-600 dark:text-green-400 font-bold mt-1"[39m
                    [36m>[39m
                      [0m✓[0m
                    [36m</span>[39m
                    [36m<span>[39m
                      [0mResult 1[0m
                    [36m</span>[39m
                  [36m</li>[39m
                  [36m<li[39m
                    [33mclass[39m=[32m"flex items-start gap-3 text-lg text-slate-600 dark:text-slate-400"[39m
                  [36m>[39m
                    [36m<span[39m
                      [33mclass[39m=[32m"text-green-600 dark:text-green-400 font-bold mt-1"[39m
                    [36m>[39m
                      [0m✓[0m
                    [36m</span>[39m
                    [36m<span>[39m
                      [0mResult 2[0m
                    [36m</span>[39m
                  [36m</li>[39m
                [36m</ul>[39m
              [36m</div>[39m
              [36m<div[39m
                [33mvariants[39m=[32m"[object Object]"[39m
              [36m>[39m
                [36m<h2[39m
                  [33mclass[39m=[32m"text-3xl font-bold text-slate-900 dark:text-white mb-4"[39m
                [36m>[39m
                  [0mTémoignage[0m
                [36m</h2>[39m
                [36m<div[39m
                  [33mclass[39m=[32m"bg-slate-50 dark:bg-slate-800 p-8 rounded-lg border border-slate-200 dark:border-slate-700"[39m
                [36m>[39m
                  [36m<blockquote[39m
                    [33mclass[39m=[32m"text-lg text-slate-600 dark:text-slate-400 italic mb-4"[39m
                  [36m>[39m
                    [0m"[0m
                    [0mGreat work![0m
                    [0m"[0m
                  [36m</blockquote>[39m
                  [36m<div>[39m
                    [36m<p[39m
                      [33mclass[39m=[32m"font-bold text-slate-900 dark:text-white"[39m
                    [36m>[39m
                      [0mJohn Doe[0m
                    [36m</p>[39m
                    [36m<p[39m
                      [33mclass[39m=[32m"text-slate-600 dark:text-slate-400"[39m
                    [36m>[39m
                      [0mCEO[0m
                    [36m</p>[39m
                  [36m</div>[39m
                [36m</div>[39m
              [36m</div>[39m
            [36m</div>[39m
          [36m</div>[39m
        [36m</section>[39m
      [36m</div>[39m
    [36m</body>[39m

    [0m [90m 69 |[39m     render([33m<[39m[33mProjectContent[39m project[33m=[39m{mockProject} [33m/[39m[33m>[39m)[33m;[39m
     [90m 70 |[39m     expect(screen[33m.[39mgetByText([32m'Témoignage'[39m))[33m.[39mtoBeInTheDocument()[33m;[39m
    [31m[1m>[22m[39m[90m 71 |[39m     expect(screen[33m.[39mgetByText([32m'Great work!'[39m))[33m.[39mtoBeInTheDocument()[33m;[39m
     [90m    |[39m                   [31m[1m^[22m[39m
     [90m 72 |[39m     expect(screen[33m.[39mgetByText([32m'John Doe'[39m))[33m.[39mtoBeInTheDocument()[33m;[39m
     [90m 73 |[39m     expect(screen[33m.[39mgetByText([32m'CEO'[39m))[33m.[39mtoBeInTheDocument()[33m;[39m
     [90m 74 |[39m   })[33m;[39m[0m

      at Object.getElementError (node_modules/@testing-library/dom/dist/config.js:37:19)
      at node_modules/@testing-library/dom/dist/query-helpers.js:76:38
      at node_modules/@testing-library/dom/dist/query-helpers.js:52:17
      at node_modules/@testing-library/dom/dist/query-helpers.js:95:19
      at Object.getByText (components/project-detail/__tests__/ProjectContent.test.tsx:71:19)

FAIL components/contact/__tests__/ContactMethods.test.tsx
  ● Console

    console.error
      Error: Uncaught [ReferenceError: IntersectionObserver is not defined]
          at reportException (C:\Users\Rosaire\Desktop\Portfolio\node_modules\jsdom\lib\jsdom\living\helpers\runtime-script-errors.js:66:24)
          at innerInvokeEventListeners (C:\Users\Rosaire\Desktop\Portfolio\node_modules\jsdom\lib\jsdom\living\events\EventTarget-impl.js:353:9)
          at invokeEventListeners (C:\Users\Rosaire\Desktop\Portfolio\node_modules\jsdom\lib\jsdom\living\events\EventTarget-impl.js:286:3)
          at HTMLUnknownElementImpl._dispatch (C:\Users\Rosaire\Desktop\Portfolio\node_modules\jsdom\lib\jsdom\living\events\EventTarget-impl.js:233:9)
          at HTMLUnknownElementImpl.dispatchEvent (C:\Users\Rosaire\Desktop\Portfolio\node_modules\jsdom\lib\jsdom\living\events\EventTarget-impl.js:104:17)
          at HTMLUnknownElement.dispatchEvent (C:\Users\Rosaire\Desktop\Portfolio\node_modules\jsdom\lib\jsdom\living\generated\EventTarget.js:241:34)
          at Object.invokeGuardedCallbackDev (C:\Users\Rosaire\Desktop\Portfolio\node_modules\react-dom\cjs\react-dom.development.js:4213:16)
          at invokeGuardedCallback (C:\Users\Rosaire\Desktop\Portfolio\node_modules\react-dom\cjs\react-dom.development.js:4277:31)
          at reportUncaughtErrorInDEV (C:\Users\Rosaire\Desktop\Portfolio\node_modules\react-dom\cjs\react-dom.development.js:22877:5)
          at captureCommitPhaseError (C:\Users\Rosaire\Desktop\Portfolio\node_modules\react-dom\cjs\react-dom.development.js:27165:5)
          at commitPassiveMountEffects_complete (C:\Users\Rosaire\Desktop\Portfolio\node_modules\react-dom\cjs\react-dom.development.js:24932:9)
          at commitPassiveMountEffects_begin (C:\Users\Rosaire\Desktop\Portfolio\node_modules\react-dom\cjs\react-dom.development.js:24917:7)
          at commitPassiveMountEffects (C:\Users\Rosaire\Desktop\Portfolio\node_modules\react-dom\cjs\react-dom.development.js:24905:3)
          at flushPassiveEffectsImpl (C:\Users\Rosaire\Desktop\Portfolio\node_modules\react-dom\cjs\react-dom.development.js:27078:3)
          at flushPassiveEffects (C:\Users\Rosaire\Desktop\Portfolio\node_modules\react-dom\cjs\react-dom.development.js:27023:14)
          at C:\Users\Rosaire\Desktop\Portfolio\node_modules\react-dom\cjs\react-dom.development.js:26808:9
          at flushActQueue (C:\Users\Rosaire\Desktop\Portfolio\node_modules\react\cjs\react.development.js:2667:24)
          at act (C:\Users\Rosaire\Desktop\Portfolio\node_modules\react\cjs\react.development.js:2582:11)
          at C:\Users\Rosaire\Desktop\Portfolio\node_modules\@testing-library\react\dist\act-compat.js:47:25
          at renderRoot (C:\Users\Rosaire\Desktop\Portfolio\node_modules\@testing-library\react\dist\pure.js:180:26)
          at render (C:\Users\Rosaire\Desktop\Portfolio\node_modules\@testing-library\react\dist\pure.js:271:10)
          at renderWithProviders (C:\Users\Rosaire\Desktop\Portfolio\components\contact\__tests__\ContactMethods.test.tsx:22:16)
          at Object.renderWithProviders (C:\Users\Rosaire\Desktop\Portfolio\components\contact\__tests__\ContactMethods.test.tsx:27:5)
          at Promise.then.completed (C:\Users\Rosaire\Desktop\Portfolio\node_modules\jest-circus\build\utils.js:298:28)
          at new Promise (<anonymous>)
          at callAsyncCircusFn (C:\Users\Rosaire\Desktop\Portfolio\node_modules\jest-circus\build\utils.js:231:10)
          at _callCircusTest (C:\Users\Rosaire\Desktop\Portfolio\node_modules\jest-circus\build\run.js:316:40)
          at processTicksAndRejections (node:internal/process/task_queues:104:5)
          at _runTest (C:\Users\Rosaire\Desktop\Portfolio\node_modules\jest-circus\build\run.js:252:3)
          at _runTestsForDescribeBlock (C:\Users\Rosaire\Desktop\Portfolio\node_modules\jest-circus\build\run.js:126:9)
          at _runTestsForDescribeBlock (C:\Users\Rosaire\Desktop\Portfolio\node_modules\jest-circus\build\run.js:121:9)
          at run (C:\Users\Rosaire\Desktop\Portfolio\node_modules\jest-circus\build\run.js:71:3)
          at runAndTransformResultsToJestFormat (C:\Users\Rosaire\Desktop\Portfolio\node_modules\jest-circus\build\legacy-code-todo-rewrite\jestAdapterInit.js:122:21)
          at jestAdapter (C:\Users\Rosaire\Desktop\Portfolio\node_modules\jest-circus\build\legacy-code-todo-rewrite\jestAdapter.js:79:19)
          at runTestInternal (C:\Users\Rosaire\Desktop\Portfolio\node_modules\jest-runner\build\runTest.js:367:16)
          at runTest (C:\Users\Rosaire\Desktop\Portfolio\node_modules\jest-runner\build\runTest.js:444:34)
          at Object.worker (C:\Users\Rosaire\Desktop\Portfolio\node_modules\jest-runner\build\testWorker.js:106:12) {
        detail: ReferenceError: IntersectionObserver is not defined
            at initIntersectionObserver (C:\Users\Rosaire\Desktop\Portfolio\node_modules\framer-motion\dist\cjs\index.js:1039:34)
            at observeIntersection (C:\Users\Rosaire\Desktop\Portfolio\node_modules\framer-motion\dist\cjs\index.js:1044:39)
            at InViewFeature.startObserver (C:\Users\Rosaire\Desktop\Portfolio\node_modules\framer-motion\dist\cjs\index.js:1101:16)
            at InViewFeature.mount (C:\Users\Rosaire\Desktop\Portfolio\node_modules\framer-motion\dist\cjs\index.js:1104:14)
            at HTMLVisualElement.updateFeatures (C:\Users\Rosaire\Desktop\Portfolio\node_modules\framer-motion\dist\cjs\index-legacy-87714a68.js:4267:25)
            at C:\Users\Rosaire\Desktop\Portfolio\node_modules\framer-motion\dist\cjs\index.js:103:23
            at commitHookEffectListMount (C:\Users\Rosaire\Desktop\Portfolio\node_modules\react-dom\cjs\react-dom.development.js:23189:26)
            at commitPassiveMountOnFiber (C:\Users\Rosaire\Desktop\Portfolio\node_modules\react-dom\cjs\react-dom.development.js:24970:11)
            at commitPassiveMountEffects_complete (C:\Users\Rosaire\Desktop\Portfolio\node_modules\react-dom\cjs\react-dom.development.js:24930:9)
            at commitPassiveMountEffects_begin (C:\Users\Rosaire\Desktop\Portfolio\node_modules\react-dom\cjs\react-dom.development.js:24917:7)
            at commitPassiveMountEffects (C:\Users\Rosaire\Desktop\Portfolio\node_modules\react-dom\cjs\react-dom.development.js:24905:3)
            at flushPassiveEffectsImpl (C:\Users\Rosaire\Desktop\Portfolio\node_modules\react-dom\cjs\react-dom.development.js:27078:3)
            at flushPassiveEffects (C:\Users\Rosaire\Desktop\Portfolio\node_modules\react-dom\cjs\react-dom.development.js:27023:14)
            at C:\Users\Rosaire\Desktop\Portfolio\node_modules\react-dom\cjs\react-dom.development.js:26808:9
            at flushActQueue (C:\Users\Rosaire\Desktop\Portfolio\node_modules\react\cjs\react.development.js:2667:24)
            at act (C:\Users\Rosaire\Desktop\Portfolio\node_modules\react\cjs\react.development.js:2582:11)
            at C:\Users\Rosaire\Desktop\Portfolio\node_modules\@testing-library\react\dist\act-compat.js:47:25
            at renderRoot (C:\Users\Rosaire\Desktop\Portfolio\node_modules\@testing-library\react\dist\pure.js:180:26)
            at render (C:\Users\Rosaire\Desktop\Portfolio\node_modules\@testing-library\react\dist\pure.js:271:10)
            at renderWithProviders (C:\Users\Rosaire\Desktop\Portfolio\components\contact\__tests__\ContactMethods.test.tsx:22:16)
            at Object.renderWithProviders (C:\Users\Rosaire\Desktop\Portfolio\components\contact\__tests__\ContactMethods.test.tsx:27:5)
            at Promise.then.completed (C:\Users\Rosaire\Desktop\Portfolio\node_modules\jest-circus\build\utils.js:298:28)
            at new Promise (<anonymous>)
            at callAsyncCircusFn (C:\Users\Rosaire\Desktop\Portfolio\node_modules\jest-circus\build\utils.js:231:10)
            at _callCircusTest (C:\Users\Rosaire\Desktop\Portfolio\node_modules\jest-circus\build\run.js:316:40)
            at processTicksAndRejections (node:internal/process/task_queues:104:5)
            at _runTest (C:\Users\Rosaire\Desktop\Portfolio\node_modules\jest-circus\build\run.js:252:3)
            at _runTestsForDescribeBlock (C:\Users\Rosaire\Desktop\Portfolio\node_modules\jest-circus\build\run.js:126:9)
            at _runTestsForDescribeBlock (C:\Users\Rosaire\Desktop\Portfolio\node_modules\jest-circus\build\run.js:121:9)
            at run (C:\Users\Rosaire\Desktop\Portfolio\node_modules\jest-circus\build\run.js:71:3)
            at runAndTransformResultsToJestFormat (C:\Users\Rosaire\Desktop\Portfolio\node_modules\jest-circus\build\legacy-code-todo-rewrite\jestAdapterInit.js:122:21)
            at jestAdapter (C:\Users\Rosaire\Desktop\Portfolio\node_modules\jest-circus\build\legacy-code-todo-rewrite\jestAdapter.js:79:19)
            at runTestInternal (C:\Users\Rosaire\Desktop\Portfolio\node_modules\jest-runner\build\runTest.js:367:16)
            at runTest (C:\Users\Rosaire\Desktop\Portfolio\node_modules\jest-runner\build\runTest.js:444:34)
            at Object.worker (C:\Users\Rosaire\Desktop\Portfolio\node_modules\jest-runner\build\testWorker.js:106:12),
        type: 'unhandled exception'
      }

    [0m [90m 20 |[39m
     [90m 21 |[39m [36mconst[39m renderWithProviders [33m=[39m (component[33m:[39m [33mReact[39m[33m.[39m[33mReactElement[39m) [33m=>[39m {
    [31m[1m>[22m[39m[90m 22 |[39m   [36mreturn[39m render([33m<[39m[33mMockLanguageProvider[39m[33m>[39m{component}[33m<[39m[33m/[39m[33mMockLanguageProvider[39m[33m>[39m)[33m;[39m
     [90m    |[39m                [31m[1m^[22m[39m
     [90m 23 |[39m }[33m;[39m
     [90m 24 |[39m
     [90m 25 |[39m describe([32m'ContactMethods'[39m[33m,[39m () [33m=>[39m {[0m

      at VirtualConsole.<anonymous> (node_modules/@jest/environment-jsdom-abstract/build/index.js:87:23)
      at reportException (node_modules/jsdom/lib/jsdom/living/helpers/runtime-script-errors.js:70:28)
      at innerInvokeEventListeners (node_modules/jsdom/lib/jsdom/living/events/EventTarget-impl.js:353:9)
      at invokeEventListeners (node_modules/jsdom/lib/jsdom/living/events/EventTarget-impl.js:286:3)
      at HTMLUnknownElementImpl._dispatch (node_modules/jsdom/lib/jsdom/living/events/EventTarget-impl.js:233:9)
      at HTMLUnknownElementImpl.dispatchEvent (node_modules/jsdom/lib/jsdom/living/events/EventTarget-impl.js:104:17)
      at HTMLUnknownElement.dispatchEvent (node_modules/jsdom/lib/jsdom/living/generated/EventTarget.js:241:34)
      at Object.invokeGuardedCallbackDev (node_modules/react-dom/cjs/react-dom.development.js:4213:16)
      at invokeGuardedCallback (node_modules/react-dom/cjs/react-dom.development.js:4277:31)
      at reportUncaughtErrorInDEV (node_modules/react-dom/cjs/react-dom.development.js:22877:5)
      at captureCommitPhaseError (node_modules/react-dom/cjs/react-dom.development.js:27165:5)
      at commitPassiveMountEffects_complete (node_modules/react-dom/cjs/react-dom.development.js:24932:9)
      at commitPassiveMountEffects_begin (node_modules/react-dom/cjs/react-dom.development.js:24917:7)
      at commitPassiveMountEffects (node_modules/react-dom/cjs/react-dom.development.js:24905:3)
      at flushPassiveEffectsImpl (node_modules/react-dom/cjs/react-dom.development.js:27078:3)
      at flushPassiveEffects (node_modules/react-dom/cjs/react-dom.development.js:27023:14)
      at node_modules/react-dom/cjs/react-dom.development.js:26808:9
      at flushActQueue (node_modules/react/cjs/react.development.js:2667:24)
      at act (node_modules/react/cjs/react.development.js:2582:11)
      at node_modules/@testing-library/react/dist/act-compat.js:47:25
      at renderRoot (node_modules/@testing-library/react/dist/pure.js:180:26)
      at render (node_modules/@testing-library/react/dist/pure.js:271:10)
      at renderWithProviders (components/contact/__tests__/ContactMethods.test.tsx:22:16)
      at Object.renderWithProviders (components/contact/__tests__/ContactMethods.test.tsx:27:5)

    console.error
      The above error occurred in the <ForwardRef(MotionComponent)> component:
      
          at MotionComponent (C:\Users\Rosaire\Desktop\Portfolio\node_modules\framer-motion\dist\cjs\index.js:202:22)
          at ContactMethods
          at children (C:\Users\Rosaire\Desktop\Portfolio\components\contact\__tests__\ContactMethods.test.tsx:9:33)
      
      Consider adding an error boundary to your tree to customize error handling behavior.
      Visit https://reactjs.org/link/error-boundaries to learn more about error boundaries.

    [0m [90m 20 |[39m
     [90m 21 |[39m [36mconst[39m renderWithProviders [33m=[39m (component[33m:[39m [33mReact[39m[33m.[39m[33mReactElement[39m) [33m=>[39m {
    [31m[1m>[22m[39m[90m 22 |[39m   [36mreturn[39m render([33m<[39m[33mMockLanguageProvider[39m[33m>[39m{component}[33m<[39m[33m/[39m[33mMockLanguageProvider[39m[33m>[39m)[33m;[39m
     [90m    |[39m                [31m[1m^[22m[39m
     [90m 23 |[39m }[33m;[39m
     [90m 24 |[39m
     [90m 25 |[39m describe([32m'ContactMethods'[39m[33m,[39m () [33m=>[39m {[0m

      at logCapturedError (node_modules/react-dom/cjs/react-dom.development.js:18704:23)
      at update.callback (node_modules/react-dom/cjs/react-dom.development.js:18737:5)
      at callCallback (node_modules/react-dom/cjs/react-dom.development.js:15036:12)
      at commitUpdateQueue (node_modules/react-dom/cjs/react-dom.development.js:15057:9)
      at commitLayoutEffectOnFiber (node_modules/react-dom/cjs/react-dom.development.js:23430:13)
      at commitLayoutMountEffects_complete (node_modules/react-dom/cjs/react-dom.development.js:24727:9)
      at commitLayoutEffects_begin (node_modules/react-dom/cjs/react-dom.development.js:24713:7)
      at commitLayoutEffects (node_modules/react-dom/cjs/react-dom.development.js:24651:3)
      at commitRootImpl (node_modules/react-dom/cjs/react-dom.development.js:26862:5)
      at commitRoot (node_modules/react-dom/cjs/react-dom.development.js:26721:5)
      at performSyncWorkOnRoot (node_modules/react-dom/cjs/react-dom.development.js:26156:3)
      at flushSyncCallbacks (node_modules/react-dom/cjs/react-dom.development.js:12042:22)
      at flushPassiveEffectsImpl (node_modules/react-dom/cjs/react-dom.development.js:27099:3)
      at flushPassiveEffects (node_modules/react-dom/cjs/react-dom.development.js:27023:14)
      at node_modules/react-dom/cjs/react-dom.development.js:26808:9
      at flushActQueue (node_modules/react/cjs/react.development.js:2667:24)
      at act (node_modules/react/cjs/react.development.js:2582:11)
      at node_modules/@testing-library/react/dist/act-compat.js:47:25
      at renderRoot (node_modules/@testing-library/react/dist/pure.js:180:26)
      at render (node_modules/@testing-library/react/dist/pure.js:271:10)
      at renderWithProviders (components/contact/__tests__/ContactMethods.test.tsx:22:16)
      at Object.renderWithProviders (components/contact/__tests__/ContactMethods.test.tsx:27:5)

    console.error
      Error: Uncaught [ReferenceError: IntersectionObserver is not defined]
          at reportException (C:\Users\Rosaire\Desktop\Portfolio\node_modules\jsdom\lib\jsdom\living\helpers\runtime-script-errors.js:66:24)
          at innerInvokeEventListeners (C:\Users\Rosaire\Desktop\Portfolio\node_modules\jsdom\lib\jsdom\living\events\EventTarget-impl.js:353:9)
          at invokeEventListeners (C:\Users\Rosaire\Desktop\Portfolio\node_modules\jsdom\lib\jsdom\living\events\EventTarget-impl.js:286:3)
          at HTMLUnknownElementImpl._dispatch (C:\Users\Rosaire\Desktop\Portfolio\node_modules\jsdom\lib\jsdom\living\events\EventTarget-impl.js:233:9)
          at HTMLUnknownElementImpl.dispatchEvent (C:\Users\Rosaire\Desktop\Portfolio\node_modules\jsdom\lib\jsdom\living\events\EventTarget-impl.js:104:17)
          at HTMLUnknownElement.dispatchEvent (C:\Users\Rosaire\Desktop\Portfolio\node_modules\jsdom\lib\jsdom\living\generated\EventTarget.js:241:34)
          at Object.invokeGuardedCallbackDev (C:\Users\Rosaire\Desktop\Portfolio\node_modules\react-dom\cjs\react-dom.development.js:4213:16)
          at invokeGuardedCallback (C:\Users\Rosaire\Desktop\Portfolio\node_modules\react-dom\cjs\react-dom.development.js:4277:31)
          at reportUncaughtErrorInDEV (C:\Users\Rosaire\Desktop\Portfolio\node_modules\react-dom\cjs\react-dom.development.js:22877:5)
          at captureCommitPhaseError (C:\Users\Rosaire\Desktop\Portfolio\node_modules\react-dom\cjs\react-dom.development.js:27165:5)
          at commitPassiveMountEffects_complete (C:\Users\Rosaire\Desktop\Portfolio\node_modules\react-dom\cjs\react-dom.development.js:24932:9)
          at commitPassiveMountEffects_begin (C:\Users\Rosaire\Desktop\Portfolio\node_modules\react-dom\cjs\react-dom.development.js:24917:7)
          at commitPassiveMountEffects (C:\Users\Rosaire\Desktop\Portfolio\node_modules\react-dom\cjs\react-dom.development.js:24905:3)
          at flushPassiveEffectsImpl (C:\Users\Rosaire\Desktop\Portfolio\node_modules\react-dom\cjs\react-dom.development.js:27078:3)
          at flushPassiveEffects (C:\Users\Rosaire\Desktop\Portfolio\node_modules\react-dom\cjs\react-dom.development.js:27023:14)
          at C:\Users\Rosaire\Desktop\Portfolio\node_modules\react-dom\cjs\react-dom.development.js:26808:9
          at flushActQueue (C:\Users\Rosaire\Desktop\Portfolio\node_modules\react\cjs\react.development.js:2667:24)
          at act (C:\Users\Rosaire\Desktop\Portfolio\node_modules\react\cjs\react.development.js:2582:11)
          at C:\Users\Rosaire\Desktop\Portfolio\node_modules\@testing-library\react\dist\act-compat.js:47:25
          at renderRoot (C:\Users\Rosaire\Desktop\Portfolio\node_modules\@testing-library\react\dist\pure.js:180:26)
          at render (C:\Users\Rosaire\Desktop\Portfolio\node_modules\@testing-library\react\dist\pure.js:271:10)
          at renderWithProviders (C:\Users\Rosaire\Desktop\Portfolio\components\contact\__tests__\ContactMethods.test.tsx:22:16)
          at Object.renderWithProviders (C:\Users\Rosaire\Desktop\Portfolio\components\contact\__tests__\ContactMethods.test.tsx:32:5)
          at Promise.then.completed (C:\Users\Rosaire\Desktop\Portfolio\node_modules\jest-circus\build\utils.js:298:28)
          at new Promise (<anonymous>)
          at callAsyncCircusFn (C:\Users\Rosaire\Desktop\Portfolio\node_modules\jest-circus\build\utils.js:231:10)
          at _callCircusTest (C:\Users\Rosaire\Desktop\Portfolio\node_modules\jest-circus\build\run.js:316:40)
          at processTicksAndRejections (node:internal/process/task_queues:104:5)
          at _runTest (C:\Users\Rosaire\Desktop\Portfolio\node_modules\jest-circus\build\run.js:252:3)
          at _runTestsForDescribeBlock (C:\Users\Rosaire\Desktop\Portfolio\node_modules\jest-circus\build\run.js:126:9)
          at _runTestsForDescribeBlock (C:\Users\Rosaire\Desktop\Portfolio\node_modules\jest-circus\build\run.js:121:9)
          at run (C:\Users\Rosaire\Desktop\Portfolio\node_modules\jest-circus\build\run.js:71:3)
          at runAndTransformResultsToJestFormat (C:\Users\Rosaire\Desktop\Portfolio\node_modules\jest-circus\build\legacy-code-todo-rewrite\jestAdapterInit.js:122:21)
          at jestAdapter (C:\Users\Rosaire\Desktop\Portfolio\node_modules\jest-circus\build\legacy-code-todo-rewrite\jestAdapter.js:79:19)
          at runTestInternal (C:\Users\Rosaire\Desktop\Portfolio\node_modules\jest-runner\build\runTest.js:367:16)
          at runTest (C:\Users\Rosaire\Desktop\Portfolio\node_modules\jest-runner\build\runTest.js:444:34)
          at Object.worker (C:\Users\Rosaire\Desktop\Portfolio\node_modules\jest-runner\build\testWorker.js:106:12) {
        detail: ReferenceError: IntersectionObserver is not defined
            at initIntersectionObserver (C:\Users\Rosaire\Desktop\Portfolio\node_modules\framer-motion\dist\cjs\index.js:1039:34)
            at observeIntersection (C:\Users\Rosaire\Desktop\Portfolio\node_modules\framer-motion\dist\cjs\index.js:1044:39)
            at InViewFeature.startObserver (C:\Users\Rosaire\Desktop\Portfolio\node_modules\framer-motion\dist\cjs\index.js:1101:16)
            at InViewFeature.mount (C:\Users\Rosaire\Desktop\Portfolio\node_modules\framer-motion\dist\cjs\index.js:1104:14)
            at HTMLVisualElement.updateFeatures (C:\Users\Rosaire\Desktop\Portfolio\node_modules\framer-motion\dist\cjs\index-legacy-87714a68.js:4267:25)
            at C:\Users\Rosaire\Desktop\Portfolio\node_modules\framer-motion\dist\cjs\index.js:103:23
            at commitHookEffectListMount (C:\Users\Rosaire\Desktop\Portfolio\node_modules\react-dom\cjs\react-dom.development.js:23189:26)
            at commitPassiveMountOnFiber (C:\Users\Rosaire\Desktop\Portfolio\node_modules\react-dom\cjs\react-dom.development.js:24970:11)
            at commitPassiveMountEffects_complete (C:\Users\Rosaire\Desktop\Portfolio\node_modules\react-dom\cjs\react-dom.development.js:24930:9)
            at commitPassiveMountEffects_begin (C:\Users\Rosaire\Desktop\Portfolio\node_modules\react-dom\cjs\react-dom.development.js:24917:7)
            at commitPassiveMountEffects (C:\Users\Rosaire\Desktop\Portfolio\node_modules\react-dom\cjs\react-dom.development.js:24905:3)
            at flushPassiveEffectsImpl (C:\Users\Rosaire\Desktop\Portfolio\node_modules\react-dom\cjs\react-dom.development.js:27078:3)
            at flushPassiveEffects (C:\Users\Rosaire\Desktop\Portfolio\node_modules\react-dom\cjs\react-dom.development.js:27023:14)
            at C:\Users\Rosaire\Desktop\Portfolio\node_modules\react-dom\cjs\react-dom.development.js:26808:9
            at flushActQueue (C:\Users\Rosaire\Desktop\Portfolio\node_modules\react\cjs\react.development.js:2667:24)
            at act (C:\Users\Rosaire\Desktop\Portfolio\node_modules\react\cjs\react.development.js:2582:11)
            at C:\Users\Rosaire\Desktop\Portfolio\node_modules\@testing-library\react\dist\act-compat.js:47:25
            at renderRoot (C:\Users\Rosaire\Desktop\Portfolio\node_modules\@testing-library\react\dist\pure.js:180:26)
            at render (C:\Users\Rosaire\Desktop\Portfolio\node_modules\@testing-library\react\dist\pure.js:271:10)
            at renderWithProviders (C:\Users\Rosaire\Desktop\Portfolio\components\contact\__tests__\ContactMethods.test.tsx:22:16)
            at Object.renderWithProviders (C:\Users\Rosaire\Desktop\Portfolio\components\contact\__tests__\ContactMethods.test.tsx:32:5)
            at Promise.then.completed (C:\Users\Rosaire\Desktop\Portfolio\node_modules\jest-circus\build\utils.js:298:28)
            at new Promise (<anonymous>)
            at callAsyncCircusFn (C:\Users\Rosaire\Desktop\Portfolio\node_modules\jest-circus\build\utils.js:231:10)
            at _callCircusTest (C:\Users\Rosaire\Desktop\Portfolio\node_modules\jest-circus\build\run.js:316:40)
            at processTicksAndRejections (node:internal/process/task_queues:104:5)
            at _runTest (C:\Users\Rosaire\Desktop\Portfolio\node_modules\jest-circus\build\run.js:252:3)
            at _runTestsForDescribeBlock (C:\Users\Rosaire\Desktop\Portfolio\node_modules\jest-circus\build\run.js:126:9)
            at _runTestsForDescribeBlock (C:\Users\Rosaire\Desktop\Portfolio\node_modules\jest-circus\build\run.js:121:9)
            at run (C:\Users\Rosaire\Desktop\Portfolio\node_modules\jest-circus\build\run.js:71:3)
            at runAndTransformResultsToJestFormat (C:\Users\Rosaire\Desktop\Portfolio\node_modules\jest-circus\build\legacy-code-todo-rewrite\jestAdapterInit.js:122:21)
            at jestAdapter (C:\Users\Rosaire\Desktop\Portfolio\node_modules\jest-circus\build\legacy-code-todo-rewrite\jestAdapter.js:79:19)
            at runTestInternal (C:\Users\Rosaire\Desktop\Portfolio\node_modules\jest-runner\build\runTest.js:367:16)
            at runTest (C:\Users\Rosaire\Desktop\Portfolio\node_modules\jest-runner\build\runTest.js:444:34)
            at Object.worker (C:\Users\Rosaire\Desktop\Portfolio\node_modules\jest-runner\build\testWorker.js:106:12),
        type: 'unhandled exception'
      }

    [0m [90m 20 |[39m
     [90m 21 |[39m [36mconst[39m renderWithProviders [33m=[39m (component[33m:[39m [33mReact[39m[33m.[39m[33mReactElement[39m) [33m=>[39m {
    [31m[1m>[22m[39m[90m 22 |[39m   [36mreturn[39m render([33m<[39m[33mMockLanguageProvider[39m[33m>[39m{component}[33m<[39m[33m/[39m[33mMockLanguageProvider[39m[33m>[39m)[33m;[39m
     [90m    |[39m                [31m[1m^[22m[39m
     [90m 23 |[39m }[33m;[39m
     [90m 24 |[39m
     [90m 25 |[39m describe([32m'ContactMethods'[39m[33m,[39m () [33m=>[39m {[0m

      at VirtualConsole.<anonymous> (node_modules/@jest/environment-jsdom-abstract/build/index.js:87:23)
      at reportException (node_modules/jsdom/lib/jsdom/living/helpers/runtime-script-errors.js:70:28)
      at innerInvokeEventListeners (node_modules/jsdom/lib/jsdom/living/events/EventTarget-impl.js:353:9)
      at invokeEventListeners (node_modules/jsdom/lib/jsdom/living/events/EventTarget-impl.js:286:3)
      at HTMLUnknownElementImpl._dispatch (node_modules/jsdom/lib/jsdom/living/events/EventTarget-impl.js:233:9)
      at HTMLUnknownElementImpl.dispatchEvent (node_modules/jsdom/lib/jsdom/living/events/EventTarget-impl.js:104:17)
      at HTMLUnknownElement.dispatchEvent (node_modules/jsdom/lib/jsdom/living/generated/EventTarget.js:241:34)
      at Object.invokeGuardedCallbackDev (node_modules/react-dom/cjs/react-dom.development.js:4213:16)
      at invokeGuardedCallback (node_modules/react-dom/cjs/react-dom.development.js:4277:31)
      at reportUncaughtErrorInDEV (node_modules/react-dom/cjs/react-dom.development.js:22877:5)
      at captureCommitPhaseError (node_modules/react-dom/cjs/react-dom.development.js:27165:5)
      at commitPassiveMountEffects_complete (node_modules/react-dom/cjs/react-dom.development.js:24932:9)
      at commitPassiveMountEffects_begin (node_modules/react-dom/cjs/react-dom.development.js:24917:7)
      at commitPassiveMountEffects (node_modules/react-dom/cjs/react-dom.development.js:24905:3)
      at flushPassiveEffectsImpl (node_modules/react-dom/cjs/react-dom.development.js:27078:3)
      at flushPassiveEffects (node_modules/react-dom/cjs/react-dom.development.js:27023:14)
      at node_modules/react-dom/cjs/react-dom.development.js:26808:9
      at flushActQueue (node_modules/react/cjs/react.development.js:2667:24)
      at act (node_modules/react/cjs/react.development.js:2582:11)
      at node_modules/@testing-library/react/dist/act-compat.js:47:25
      at renderRoot (node_modules/@testing-library/react/dist/pure.js:180:26)
      at render (node_modules/@testing-library/react/dist/pure.js:271:10)
      at renderWithProviders (components/contact/__tests__/ContactMethods.test.tsx:22:16)
      at Object.renderWithProviders (components/contact/__tests__/ContactMethods.test.tsx:32:5)

    console.error
      The above error occurred in the <ForwardRef(MotionComponent)> component:
      
          at MotionComponent (C:\Users\Rosaire\Desktop\Portfolio\node_modules\framer-motion\dist\cjs\index.js:202:22)
          at ContactMethods
          at children (C:\Users\Rosaire\Desktop\Portfolio\components\contact\__tests__\ContactMethods.test.tsx:9:33)
      
      Consider adding an error boundary to your tree to customize error handling behavior.
      Visit https://reactjs.org/link/error-boundaries to learn more about error boundaries.

    [0m [90m 20 |[39m
     [90m 21 |[39m [36mconst[39m renderWithProviders [33m=[39m (component[33m:[39m [33mReact[39m[33m.[39m[33mReactElement[39m) [33m=>[39m {
    [31m[1m>[22m[39m[90m 22 |[39m   [36mreturn[39m render([33m<[39m[33mMockLanguageProvider[39m[33m>[39m{component}[33m<[39m[33m/[39m[33mMockLanguageProvider[39m[33m>[39m)[33m;[39m
     [90m    |[39m                [31m[1m^[22m[39m
     [90m 23 |[39m }[33m;[39m
     [90m 24 |[39m
     [90m 25 |[39m describe([32m'ContactMethods'[39m[33m,[39m () [33m=>[39m {[0m

      at logCapturedError (node_modules/react-dom/cjs/react-dom.development.js:18704:23)
      at update.callback (node_modules/react-dom/cjs/react-dom.development.js:18737:5)
      at callCallback (node_modules/react-dom/cjs/react-dom.development.js:15036:12)
      at commitUpdateQueue (node_modules/react-dom/cjs/react-dom.development.js:15057:9)
      at commitLayoutEffectOnFiber (node_modules/react-dom/cjs/react-dom.development.js:23430:13)
      at commitLayoutMountEffects_complete (node_modules/react-dom/cjs/react-dom.development.js:24727:9)
      at commitLayoutEffects_begin (node_modules/react-dom/cjs/react-dom.development.js:24713:7)
      at commitLayoutEffects (node_modules/react-dom/cjs/react-dom.development.js:24651:3)
      at commitRootImpl (node_modules/react-dom/cjs/react-dom.development.js:26862:5)
      at commitRoot (node_modules/react-dom/cjs/react-dom.development.js:26721:5)
      at performSyncWorkOnRoot (node_modules/react-dom/cjs/react-dom.development.js:26156:3)
      at flushSyncCallbacks (node_modules/react-dom/cjs/react-dom.development.js:12042:22)
      at flushPassiveEffectsImpl (node_modules/react-dom/cjs/react-dom.development.js:27099:3)
      at flushPassiveEffects (node_modules/react-dom/cjs/react-dom.development.js:27023:14)
      at node_modules/react-dom/cjs/react-dom.development.js:26808:9
      at flushActQueue (node_modules/react/cjs/react.development.js:2667:24)
      at act (node_modules/react/cjs/react.development.js:2582:11)
      at node_modules/@testing-library/react/dist/act-compat.js:47:25
      at renderRoot (node_modules/@testing-library/react/dist/pure.js:180:26)
      at render (node_modules/@testing-library/react/dist/pure.js:271:10)
      at renderWithProviders (components/contact/__tests__/ContactMethods.test.tsx:22:16)
      at Object.renderWithProviders (components/contact/__tests__/ContactMethods.test.tsx:32:5)

    console.error
      Error: Uncaught [ReferenceError: IntersectionObserver is not defined]
          at reportException (C:\Users\Rosaire\Desktop\Portfolio\node_modules\jsdom\lib\jsdom\living\helpers\runtime-script-errors.js:66:24)
          at innerInvokeEventListeners (C:\Users\Rosaire\Desktop\Portfolio\node_modules\jsdom\lib\jsdom\living\events\EventTarget-impl.js:353:9)
          at invokeEventListeners (C:\Users\Rosaire\Desktop\Portfolio\node_modules\jsdom\lib\jsdom\living\events\EventTarget-impl.js:286:3)
          at HTMLUnknownElementImpl._dispatch (C:\Users\Rosaire\Desktop\Portfolio\node_modules\jsdom\lib\jsdom\living\events\EventTarget-impl.js:233:9)
          at HTMLUnknownElementImpl.dispatchEvent (C:\Users\Rosaire\Desktop\Portfolio\node_modules\jsdom\lib\jsdom\living\events\EventTarget-impl.js:104:17)
          at HTMLUnknownElement.dispatchEvent (C:\Users\Rosaire\Desktop\Portfolio\node_modules\jsdom\lib\jsdom\living\generated\EventTarget.js:241:34)
          at Object.invokeGuardedCallbackDev (C:\Users\Rosaire\Desktop\Portfolio\node_modules\react-dom\cjs\react-dom.development.js:4213:16)
          at invokeGuardedCallback (C:\Users\Rosaire\Desktop\Portfolio\node_modules\react-dom\cjs\react-dom.development.js:4277:31)
          at reportUncaughtErrorInDEV (C:\Users\Rosaire\Desktop\Portfolio\node_modules\react-dom\cjs\react-dom.development.js:22877:5)
          at captureCommitPhaseError (C:\Users\Rosaire\Desktop\Portfolio\node_modules\react-dom\cjs\react-dom.development.js:27165:5)
          at commitPassiveMountEffects_complete (C:\Users\Rosaire\Desktop\Portfolio\node_modules\react-dom\cjs\react-dom.development.js:24932:9)
          at commitPassiveMountEffects_begin (C:\Users\Rosaire\Desktop\Portfolio\node_modules\react-dom\cjs\react-dom.development.js:24917:7)
          at commitPassiveMountEffects (C:\Users\Rosaire\Desktop\Portfolio\node_modules\react-dom\cjs\react-dom.development.js:24905:3)
          at flushPassiveEffectsImpl (C:\Users\Rosaire\Desktop\Portfolio\node_modules\react-dom\cjs\react-dom.development.js:27078:3)
          at flushPassiveEffects (C:\Users\Rosaire\Desktop\Portfolio\node_modules\react-dom\cjs\react-dom.development.js:27023:14)
          at C:\Users\Rosaire\Desktop\Portfolio\node_modules\react-dom\cjs\react-dom.development.js:26808:9
          at flushActQueue (C:\Users\Rosaire\Desktop\Portfolio\node_modules\react\cjs\react.development.js:2667:24)
          at act (C:\Users\Rosaire\Desktop\Portfolio\node_modules\react\cjs\react.development.js:2582:11)
          at C:\Users\Rosaire\Desktop\Portfolio\node_modules\@testing-library\react\dist\act-compat.js:47:25
          at renderRoot (C:\Users\Rosaire\Desktop\Portfolio\node_modules\@testing-library\react\dist\pure.js:180:26)
          at render (C:\Users\Rosaire\Desktop\Portfolio\node_modules\@testing-library\react\dist\pure.js:271:10)
          at renderWithProviders (C:\Users\Rosaire\Desktop\Portfolio\components\contact\__tests__\ContactMethods.test.tsx:22:16)
          at Object.renderWithProviders (C:\Users\Rosaire\Desktop\Portfolio\components\contact\__tests__\ContactMethods.test.tsx:40:5)
          at Promise.then.completed (C:\Users\Rosaire\Desktop\Portfolio\node_modules\jest-circus\build\utils.js:298:28)
          at new Promise (<anonymous>)
          at callAsyncCircusFn (C:\Users\Rosaire\Desktop\Portfolio\node_modules\jest-circus\build\utils.js:231:10)
          at _callCircusTest (C:\Users\Rosaire\Desktop\Portfolio\node_modules\jest-circus\build\run.js:316:40)
          at processTicksAndRejections (node:internal/process/task_queues:104:5)
          at _runTest (C:\Users\Rosaire\Desktop\Portfolio\node_modules\jest-circus\build\run.js:252:3)
          at _runTestsForDescribeBlock (C:\Users\Rosaire\Desktop\Portfolio\node_modules\jest-circus\build\run.js:126:9)
          at _runTestsForDescribeBlock (C:\Users\Rosaire\Desktop\Portfolio\node_modules\jest-circus\build\run.js:121:9)
          at run (C:\Users\Rosaire\Desktop\Portfolio\node_modules\jest-circus\build\run.js:71:3)
          at runAndTransformResultsToJestFormat (C:\Users\Rosaire\Desktop\Portfolio\node_modules\jest-circus\build\legacy-code-todo-rewrite\jestAdapterInit.js:122:21)
          at jestAdapter (C:\Users\Rosaire\Desktop\Portfolio\node_modules\jest-circus\build\legacy-code-todo-rewrite\jestAdapter.js:79:19)
          at runTestInternal (C:\Users\Rosaire\Desktop\Portfolio\node_modules\jest-runner\build\runTest.js:367:16)
          at runTest (C:\Users\Rosaire\Desktop\Portfolio\node_modules\jest-runner\build\runTest.js:444:34)
          at Object.worker (C:\Users\Rosaire\Desktop\Portfolio\node_modules\jest-runner\build\testWorker.js:106:12) {
        detail: ReferenceError: IntersectionObserver is not defined
            at initIntersectionObserver (C:\Users\Rosaire\Desktop\Portfolio\node_modules\framer-motion\dist\cjs\index.js:1039:34)
            at observeIntersection (C:\Users\Rosaire\Desktop\Portfolio\node_modules\framer-motion\dist\cjs\index.js:1044:39)
            at InViewFeature.startObserver (C:\Users\Rosaire\Desktop\Portfolio\node_modules\framer-motion\dist\cjs\index.js:1101:16)
            at InViewFeature.mount (C:\Users\Rosaire\Desktop\Portfolio\node_modules\framer-motion\dist\cjs\index.js:1104:14)
            at HTMLVisualElement.updateFeatures (C:\Users\Rosaire\Desktop\Portfolio\node_modules\framer-motion\dist\cjs\index-legacy-87714a68.js:4267:25)
            at C:\Users\Rosaire\Desktop\Portfolio\node_modules\framer-motion\dist\cjs\index.js:103:23
            at commitHookEffectListMount (C:\Users\Rosaire\Desktop\Portfolio\node_modules\react-dom\cjs\react-dom.development.js:23189:26)
            at commitPassiveMountOnFiber (C:\Users\Rosaire\Desktop\Portfolio\node_modules\react-dom\cjs\react-dom.development.js:24970:11)
            at commitPassiveMountEffects_complete (C:\Users\Rosaire\Desktop\Portfolio\node_modules\react-dom\cjs\react-dom.development.js:24930:9)
            at commitPassiveMountEffects_begin (C:\Users\Rosaire\Desktop\Portfolio\node_modules\react-dom\cjs\react-dom.development.js:24917:7)
            at commitPassiveMountEffects (C:\Users\Rosaire\Desktop\Portfolio\node_modules\react-dom\cjs\react-dom.development.js:24905:3)
            at flushPassiveEffectsImpl (C:\Users\Rosaire\Desktop\Portfolio\node_modules\react-dom\cjs\react-dom.development.js:27078:3)
            at flushPassiveEffects (C:\Users\Rosaire\Desktop\Portfolio\node_modules\react-dom\cjs\react-dom.development.js:27023:14)
            at C:\Users\Rosaire\Desktop\Portfolio\node_modules\react-dom\cjs\react-dom.development.js:26808:9
            at flushActQueue (C:\Users\Rosaire\Desktop\Portfolio\node_modules\react\cjs\react.development.js:2667:24)
            at act (C:\Users\Rosaire\Desktop\Portfolio\node_modules\react\cjs\react.development.js:2582:11)
            at C:\Users\Rosaire\Desktop\Portfolio\node_modules\@testing-library\react\dist\act-compat.js:47:25
            at renderRoot (C:\Users\Rosaire\Desktop\Portfolio\node_modules\@testing-library\react\dist\pure.js:180:26)
            at render (C:\Users\Rosaire\Desktop\Portfolio\node_modules\@testing-library\react\dist\pure.js:271:10)
            at renderWithProviders (C:\Users\Rosaire\Desktop\Portfolio\components\contact\__tests__\ContactMethods.test.tsx:22:16)
            at Object.renderWithProviders (C:\Users\Rosaire\Desktop\Portfolio\components\contact\__tests__\ContactMethods.test.tsx:40:5)
            at Promise.then.completed (C:\Users\Rosaire\Desktop\Portfolio\node_modules\jest-circus\build\utils.js:298:28)
            at new Promise (<anonymous>)
            at callAsyncCircusFn (C:\Users\Rosaire\Desktop\Portfolio\node_modules\jest-circus\build\utils.js:231:10)
            at _callCircusTest (C:\Users\Rosaire\Desktop\Portfolio\node_modules\jest-circus\build\run.js:316:40)
            at processTicksAndRejections (node:internal/process/task_queues:104:5)
            at _runTest (C:\Users\Rosaire\Desktop\Portfolio\node_modules\jest-circus\build\run.js:252:3)
            at _runTestsForDescribeBlock (C:\Users\Rosaire\Desktop\Portfolio\node_modules\jest-circus\build\run.js:126:9)
            at _runTestsForDescribeBlock (C:\Users\Rosaire\Desktop\Portfolio\node_modules\jest-circus\build\run.js:121:9)
            at run (C:\Users\Rosaire\Desktop\Portfolio\node_modules\jest-circus\build\run.js:71:3)
            at runAndTransformResultsToJestFormat (C:\Users\Rosaire\Desktop\Portfolio\node_modules\jest-circus\build\legacy-code-todo-rewrite\jestAdapterInit.js:122:21)
            at jestAdapter (C:\Users\Rosaire\Desktop\Portfolio\node_modules\jest-circus\build\legacy-code-todo-rewrite\jestAdapter.js:79:19)
            at runTestInternal (C:\Users\Rosaire\Desktop\Portfolio\node_modules\jest-runner\build\runTest.js:367:16)
            at runTest (C:\Users\Rosaire\Desktop\Portfolio\node_modules\jest-runner\build\runTest.js:444:34)
            at Object.worker (C:\Users\Rosaire\Desktop\Portfolio\node_modules\jest-runner\build\testWorker.js:106:12),
        type: 'unhandled exception'
      }

    [0m [90m 20 |[39m
     [90m 21 |[39m [36mconst[39m renderWithProviders [33m=[39m (component[33m:[39m [33mReact[39m[33m.[39m[33mReactElement[39m) [33m=>[39m {
    [31m[1m>[22m[39m[90m 22 |[39m   [36mreturn[39m render([33m<[39m[33mMockLanguageProvider[39m[33m>[39m{component}[33m<[39m[33m/[39m[33mMockLanguageProvider[39m[33m>[39m)[33m;[39m
     [90m    |[39m                [31m[1m^[22m[39m
     [90m 23 |[39m }[33m;[39m
     [90m 24 |[39m
     [90m 25 |[39m describe([32m'ContactMethods'[39m[33m,[39m () [33m=>[39m {[0m

      at VirtualConsole.<anonymous> (node_modules/@jest/environment-jsdom-abstract/build/index.js:87:23)
      at reportException (node_modules/jsdom/lib/jsdom/living/helpers/runtime-script-errors.js:70:28)
      at innerInvokeEventListeners (node_modules/jsdom/lib/jsdom/living/events/EventTarget-impl.js:353:9)
      at invokeEventListeners (node_modules/jsdom/lib/jsdom/living/events/EventTarget-impl.js:286:3)
      at HTMLUnknownElementImpl._dispatch (node_modules/jsdom/lib/jsdom/living/events/EventTarget-impl.js:233:9)
      at HTMLUnknownElementImpl.dispatchEvent (node_modules/jsdom/lib/jsdom/living/events/EventTarget-impl.js:104:17)
      at HTMLUnknownElement.dispatchEvent (node_modules/jsdom/lib/jsdom/living/generated/EventTarget.js:241:34)
      at Object.invokeGuardedCallbackDev (node_modules/react-dom/cjs/react-dom.development.js:4213:16)
      at invokeGuardedCallback (node_modules/react-dom/cjs/react-dom.development.js:4277:31)
      at reportUncaughtErrorInDEV (node_modules/react-dom/cjs/react-dom.development.js:22877:5)
      at captureCommitPhaseError (node_modules/react-dom/cjs/react-dom.development.js:27165:5)
      at commitPassiveMountEffects_complete (node_modules/react-dom/cjs/react-dom.development.js:24932:9)
      at commitPassiveMountEffects_begin (node_modules/react-dom/cjs/react-dom.development.js:24917:7)
      at commitPassiveMountEffects (node_modules/react-dom/cjs/react-dom.development.js:24905:3)
      at flushPassiveEffectsImpl (node_modules/react-dom/cjs/react-dom.development.js:27078:3)
      at flushPassiveEffects (node_modules/react-dom/cjs/react-dom.development.js:27023:14)
      at node_modules/react-dom/cjs/react-dom.development.js:26808:9
      at flushActQueue (node_modules/react/cjs/react.development.js:2667:24)
      at act (node_modules/react/cjs/react.development.js:2582:11)
      at node_modules/@testing-library/react/dist/act-compat.js:47:25
      at renderRoot (node_modules/@testing-library/react/dist/pure.js:180:26)
      at render (node_modules/@testing-library/react/dist/pure.js:271:10)
      at renderWithProviders (components/contact/__tests__/ContactMethods.test.tsx:22:16)
      at Object.renderWithProviders (components/contact/__tests__/ContactMethods.test.tsx:40:5)

    console.error
      The above error occurred in the <ForwardRef(MotionComponent)> component:
      
          at MotionComponent (C:\Users\Rosaire\Desktop\Portfolio\node_modules\framer-motion\dist\cjs\index.js:202:22)
          at ContactMethods
          at children (C:\Users\Rosaire\Desktop\Portfolio\components\contact\__tests__\ContactMethods.test.tsx:9:33)
      
      Consider adding an error boundary to your tree to customize error handling behavior.
      Visit https://reactjs.org/link/error-boundaries to learn more about error boundaries.

    [0m [90m 20 |[39m
     [90m 21 |[39m [36mconst[39m renderWithProviders [33m=[39m (component[33m:[39m [33mReact[39m[33m.[39m[33mReactElement[39m) [33m=>[39m {
    [31m[1m>[22m[39m[90m 22 |[39m   [36mreturn[39m render([33m<[39m[33mMockLanguageProvider[39m[33m>[39m{component}[33m<[39m[33m/[39m[33mMockLanguageProvider[39m[33m>[39m)[33m;[39m
     [90m    |[39m                [31m[1m^[22m[39m
     [90m 23 |[39m }[33m;[39m
     [90m 24 |[39m
     [90m 25 |[39m describe([32m'ContactMethods'[39m[33m,[39m () [33m=>[39m {[0m

      at logCapturedError (node_modules/react-dom/cjs/react-dom.development.js:18704:23)
      at update.callback (node_modules/react-dom/cjs/react-dom.development.js:18737:5)
      at callCallback (node_modules/react-dom/cjs/react-dom.development.js:15036:12)
      at commitUpdateQueue (node_modules/react-dom/cjs/react-dom.development.js:15057:9)
      at commitLayoutEffectOnFiber (node_modules/react-dom/cjs/react-dom.development.js:23430:13)
      at commitLayoutMountEffects_complete (node_modules/react-dom/cjs/react-dom.development.js:24727:9)
      at commitLayoutEffects_begin (node_modules/react-dom/cjs/react-dom.development.js:24713:7)
      at commitLayoutEffects (node_modules/react-dom/cjs/react-dom.development.js:24651:3)
      at commitRootImpl (node_modules/react-dom/cjs/react-dom.development.js:26862:5)
      at commitRoot (node_modules/react-dom/cjs/react-dom.development.js:26721:5)
      at performSyncWorkOnRoot (node_modules/react-dom/cjs/react-dom.development.js:26156:3)
      at flushSyncCallbacks (node_modules/react-dom/cjs/react-dom.development.js:12042:22)
      at flushPassiveEffectsImpl (node_modules/react-dom/cjs/react-dom.development.js:27099:3)
      at flushPassiveEffects (node_modules/react-dom/cjs/react-dom.development.js:27023:14)
      at node_modules/react-dom/cjs/react-dom.development.js:26808:9
      at flushActQueue (node_modules/react/cjs/react.development.js:2667:24)
      at act (node_modules/react/cjs/react.development.js:2582:11)
      at node_modules/@testing-library/react/dist/act-compat.js:47:25
      at renderRoot (node_modules/@testing-library/react/dist/pure.js:180:26)
      at render (node_modules/@testing-library/react/dist/pure.js:271:10)
      at renderWithProviders (components/contact/__tests__/ContactMethods.test.tsx:22:16)
      at Object.renderWithProviders (components/contact/__tests__/ContactMethods.test.tsx:40:5)

    console.error
      Error: Uncaught [ReferenceError: IntersectionObserver is not defined]
          at reportException (C:\Users\Rosaire\Desktop\Portfolio\node_modules\jsdom\lib\jsdom\living\helpers\runtime-script-errors.js:66:24)
          at innerInvokeEventListeners (C:\Users\Rosaire\Desktop\Portfolio\node_modules\jsdom\lib\jsdom\living\events\EventTarget-impl.js:353:9)
          at invokeEventListeners (C:\Users\Rosaire\Desktop\Portfolio\node_modules\jsdom\lib\jsdom\living\events\EventTarget-impl.js:286:3)
          at HTMLUnknownElementImpl._dispatch (C:\Users\Rosaire\Desktop\Portfolio\node_modules\jsdom\lib\jsdom\living\events\EventTarget-impl.js:233:9)
          at HTMLUnknownElementImpl.dispatchEvent (C:\Users\Rosaire\Desktop\Portfolio\node_modules\jsdom\lib\jsdom\living\events\EventTarget-impl.js:104:17)
          at HTMLUnknownElement.dispatchEvent (C:\Users\Rosaire\Desktop\Portfolio\node_modules\jsdom\lib\jsdom\living\generated\EventTarget.js:241:34)
          at Object.invokeGuardedCallbackDev (C:\Users\Rosaire\Desktop\Portfolio\node_modules\react-dom\cjs\react-dom.development.js:4213:16)
          at invokeGuardedCallback (C:\Users\Rosaire\Desktop\Portfolio\node_modules\react-dom\cjs\react-dom.development.js:4277:31)
          at reportUncaughtErrorInDEV (C:\Users\Rosaire\Desktop\Portfolio\node_modules\react-dom\cjs\react-dom.development.js:22877:5)
          at captureCommitPhaseError (C:\Users\Rosaire\Desktop\Portfolio\node_modules\react-dom\cjs\react-dom.development.js:27165:5)
          at commitPassiveMountEffects_complete (C:\Users\Rosaire\Desktop\Portfolio\node_modules\react-dom\cjs\react-dom.development.js:24932:9)
          at commitPassiveMountEffects_begin (C:\Users\Rosaire\Desktop\Portfolio\node_modules\react-dom\cjs\react-dom.development.js:24917:7)
          at commitPassiveMountEffects (C:\Users\Rosaire\Desktop\Portfolio\node_modules\react-dom\cjs\react-dom.development.js:24905:3)
          at flushPassiveEffectsImpl (C:\Users\Rosaire\Desktop\Portfolio\node_modules\react-dom\cjs\react-dom.development.js:27078:3)
          at flushPassiveEffects (C:\Users\Rosaire\Desktop\Portfolio\node_modules\react-dom\cjs\react-dom.development.js:27023:14)
          at C:\Users\Rosaire\Desktop\Portfolio\node_modules\react-dom\cjs\react-dom.development.js:26808:9
          at flushActQueue (C:\Users\Rosaire\Desktop\Portfolio\node_modules\react\cjs\react.development.js:2667:24)
          at act (C:\Users\Rosaire\Desktop\Portfolio\node_modules\react\cjs\react.development.js:2582:11)
          at C:\Users\Rosaire\Desktop\Portfolio\node_modules\@testing-library\react\dist\act-compat.js:47:25
          at renderRoot (C:\Users\Rosaire\Desktop\Portfolio\node_modules\@testing-library\react\dist\pure.js:180:26)
          at render (C:\Users\Rosaire\Desktop\Portfolio\node_modules\@testing-library\react\dist\pure.js:271:10)
          at renderWithProviders (C:\Users\Rosaire\Desktop\Portfolio\components\contact\__tests__\ContactMethods.test.tsx:22:16)
          at Object.renderWithProviders (C:\Users\Rosaire\Desktop\Portfolio\components\contact\__tests__\ContactMethods.test.tsx:52:5)
          at Promise.then.completed (C:\Users\Rosaire\Desktop\Portfolio\node_modules\jest-circus\build\utils.js:298:28)
          at new Promise (<anonymous>)
          at callAsyncCircusFn (C:\Users\Rosaire\Desktop\Portfolio\node_modules\jest-circus\build\utils.js:231:10)
          at _callCircusTest (C:\Users\Rosaire\Desktop\Portfolio\node_modules\jest-circus\build\run.js:316:40)
          at processTicksAndRejections (node:internal/process/task_queues:104:5)
          at _runTest (C:\Users\Rosaire\Desktop\Portfolio\node_modules\jest-circus\build\run.js:252:3)
          at _runTestsForDescribeBlock (C:\Users\Rosaire\Desktop\Portfolio\node_modules\jest-circus\build\run.js:126:9)
          at _runTestsForDescribeBlock (C:\Users\Rosaire\Desktop\Portfolio\node_modules\jest-circus\build\run.js:121:9)
          at run (C:\Users\Rosaire\Desktop\Portfolio\node_modules\jest-circus\build\run.js:71:3)
          at runAndTransformResultsToJestFormat (C:\Users\Rosaire\Desktop\Portfolio\node_modules\jest-circus\build\legacy-code-todo-rewrite\jestAdapterInit.js:122:21)
          at jestAdapter (C:\Users\Rosaire\Desktop\Portfolio\node_modules\jest-circus\build\legacy-code-todo-rewrite\jestAdapter.js:79:19)
          at runTestInternal (C:\Users\Rosaire\Desktop\Portfolio\node_modules\jest-runner\build\runTest.js:367:16)
          at runTest (C:\Users\Rosaire\Desktop\Portfolio\node_modules\jest-runner\build\runTest.js:444:34)
          at Object.worker (C:\Users\Rosaire\Desktop\Portfolio\node_modules\jest-runner\build\testWorker.js:106:12) {
        detail: ReferenceError: IntersectionObserver is not defined
            at initIntersectionObserver (C:\Users\Rosaire\Desktop\Portfolio\node_modules\framer-motion\dist\cjs\index.js:1039:34)
            at observeIntersection (C:\Users\Rosaire\Desktop\Portfolio\node_modules\framer-motion\dist\cjs\index.js:1044:39)
            at InViewFeature.startObserver (C:\Users\Rosaire\Desktop\Portfolio\node_modules\framer-motion\dist\cjs\index.js:1101:16)
            at InViewFeature.mount (C:\Users\Rosaire\Desktop\Portfolio\node_modules\framer-motion\dist\cjs\index.js:1104:14)
            at HTMLVisualElement.updateFeatures (C:\Users\Rosaire\Desktop\Portfolio\node_modules\framer-motion\dist\cjs\index-legacy-87714a68.js:4267:25)
            at C:\Users\Rosaire\Desktop\Portfolio\node_modules\framer-motion\dist\cjs\index.js:103:23
            at commitHookEffectListMount (C:\Users\Rosaire\Desktop\Portfolio\node_modules\react-dom\cjs\react-dom.development.js:23189:26)
            at commitPassiveMountOnFiber (C:\Users\Rosaire\Desktop\Portfolio\node_modules\react-dom\cjs\react-dom.development.js:24970:11)
            at commitPassiveMountEffects_complete (C:\Users\Rosaire\Desktop\Portfolio\node_modules\react-dom\cjs\react-dom.development.js:24930:9)
            at commitPassiveMountEffects_begin (C:\Users\Rosaire\Desktop\Portfolio\node_modules\react-dom\cjs\react-dom.development.js:24917:7)
            at commitPassiveMountEffects (C:\Users\Rosaire\Desktop\Portfolio\node_modules\react-dom\cjs\react-dom.development.js:24905:3)
            at flushPassiveEffectsImpl (C:\Users\Rosaire\Desktop\Portfolio\node_modules\react-dom\cjs\react-dom.development.js:27078:3)
            at flushPassiveEffects (C:\Users\Rosaire\Desktop\Portfolio\node_modules\react-dom\cjs\react-dom.development.js:27023:14)
            at C:\Users\Rosaire\Desktop\Portfolio\node_modules\react-dom\cjs\react-dom.development.js:26808:9
            at flushActQueue (C:\Users\Rosaire\Desktop\Portfolio\node_modules\react\cjs\react.development.js:2667:24)
            at act (C:\Users\Rosaire\Desktop\Portfolio\node_modules\react\cjs\react.development.js:2582:11)
            at C:\Users\Rosaire\Desktop\Portfolio\node_modules\@testing-library\react\dist\act-compat.js:47:25
            at renderRoot (C:\Users\Rosaire\Desktop\Portfolio\node_modules\@testing-library\react\dist\pure.js:180:26)
            at render (C:\Users\Rosaire\Desktop\Portfolio\node_modules\@testing-library\react\dist\pure.js:271:10)
            at renderWithProviders (C:\Users\Rosaire\Desktop\Portfolio\components\contact\__tests__\ContactMethods.test.tsx:22:16)
            at Object.renderWithProviders (C:\Users\Rosaire\Desktop\Portfolio\components\contact\__tests__\ContactMethods.test.tsx:52:5)
            at Promise.then.completed (C:\Users\Rosaire\Desktop\Portfolio\node_modules\jest-circus\build\utils.js:298:28)
            at new Promise (<anonymous>)
            at callAsyncCircusFn (C:\Users\Rosaire\Desktop\Portfolio\node_modules\jest-circus\build\utils.js:231:10)
            at _callCircusTest (C:\Users\Rosaire\Desktop\Portfolio\node_modules\jest-circus\build\run.js:316:40)
            at processTicksAndRejections (node:internal/process/task_queues:104:5)
            at _runTest (C:\Users\Rosaire\Desktop\Portfolio\node_modules\jest-circus\build\run.js:252:3)
            at _runTestsForDescribeBlock (C:\Users\Rosaire\Desktop\Portfolio\node_modules\jest-circus\build\run.js:126:9)
            at _runTestsForDescribeBlock (C:\Users\Rosaire\Desktop\Portfolio\node_modules\jest-circus\build\run.js:121:9)
            at run (C:\Users\Rosaire\Desktop\Portfolio\node_modules\jest-circus\build\run.js:71:3)
            at runAndTransformResultsToJestFormat (C:\Users\Rosaire\Desktop\Portfolio\node_modules\jest-circus\build\legacy-code-todo-rewrite\jestAdapterInit.js:122:21)
            at jestAdapter (C:\Users\Rosaire\Desktop\Portfolio\node_modules\jest-circus\build\legacy-code-todo-rewrite\jestAdapter.js:79:19)
            at runTestInternal (C:\Users\Rosaire\Desktop\Portfolio\node_modules\jest-runner\build\runTest.js:367:16)
            at runTest (C:\Users\Rosaire\Desktop\Portfolio\node_modules\jest-runner\build\runTest.js:444:34)
            at Object.worker (C:\Users\Rosaire\Desktop\Portfolio\node_modules\jest-runner\build\testWorker.js:106:12),
        type: 'unhandled exception'
      }

    [0m [90m 20 |[39m
     [90m 21 |[39m [36mconst[39m renderWithProviders [33m=[39m (component[33m:[39m [33mReact[39m[33m.[39m[33mReactElement[39m) [33m=>[39m {
    [31m[1m>[22m[39m[90m 22 |[39m   [36mreturn[39m render([33m<[39m[33mMockLanguageProvider[39m[33m>[39m{component}[33m<[39m[33m/[39m[33mMockLanguageProvider[39m[33m>[39m)[33m;[39m
     [90m    |[39m                [31m[1m^[22m[39m
     [90m 23 |[39m }[33m;[39m
     [90m 24 |[39m
     [90m 25 |[39m describe([32m'ContactMethods'[39m[33m,[39m () [33m=>[39m {[0m

      at VirtualConsole.<anonymous> (node_modules/@jest/environment-jsdom-abstract/build/index.js:87:23)
      at reportException (node_modules/jsdom/lib/jsdom/living/helpers/runtime-script-errors.js:70:28)
      at innerInvokeEventListeners (node_modules/jsdom/lib/jsdom/living/events/EventTarget-impl.js:353:9)
      at invokeEventListeners (node_modules/jsdom/lib/jsdom/living/events/EventTarget-impl.js:286:3)
      at HTMLUnknownElementImpl._dispatch (node_modules/jsdom/lib/jsdom/living/events/EventTarget-impl.js:233:9)
      at HTMLUnknownElementImpl.dispatchEvent (node_modules/jsdom/lib/jsdom/living/events/EventTarget-impl.js:104:17)
      at HTMLUnknownElement.dispatchEvent (node_modules/jsdom/lib/jsdom/living/generated/EventTarget.js:241:34)
      at Object.invokeGuardedCallbackDev (node_modules/react-dom/cjs/react-dom.development.js:4213:16)
      at invokeGuardedCallback (node_modules/react-dom/cjs/react-dom.development.js:4277:31)
      at reportUncaughtErrorInDEV (node_modules/react-dom/cjs/react-dom.development.js:22877:5)
      at captureCommitPhaseError (node_modules/react-dom/cjs/react-dom.development.js:27165:5)
      at commitPassiveMountEffects_complete (node_modules/react-dom/cjs/react-dom.development.js:24932:9)
      at commitPassiveMountEffects_begin (node_modules/react-dom/cjs/react-dom.development.js:24917:7)
      at commitPassiveMountEffects (node_modules/react-dom/cjs/react-dom.development.js:24905:3)
      at flushPassiveEffectsImpl (node_modules/react-dom/cjs/react-dom.development.js:27078:3)
      at flushPassiveEffects (node_modules/react-dom/cjs/react-dom.development.js:27023:14)
      at node_modules/react-dom/cjs/react-dom.development.js:26808:9
      at flushActQueue (node_modules/react/cjs/react.development.js:2667:24)
      at act (node_modules/react/cjs/react.development.js:2582:11)
      at node_modules/@testing-library/react/dist/act-compat.js:47:25
      at renderRoot (node_modules/@testing-library/react/dist/pure.js:180:26)
      at render (node_modules/@testing-library/react/dist/pure.js:271:10)
      at renderWithProviders (components/contact/__tests__/ContactMethods.test.tsx:22:16)
      at Object.renderWithProviders (components/contact/__tests__/ContactMethods.test.tsx:52:5)

    console.error
      The above error occurred in the <ForwardRef(MotionComponent)> component:
      
          at MotionComponent (C:\Users\Rosaire\Desktop\Portfolio\node_modules\framer-motion\dist\cjs\index.js:202:22)
          at ContactMethods
          at children (C:\Users\Rosaire\Desktop\Portfolio\components\contact\__tests__\ContactMethods.test.tsx:9:33)
      
      Consider adding an error boundary to your tree to customize error handling behavior.
      Visit https://reactjs.org/link/error-boundaries to learn more about error boundaries.

    [0m [90m 20 |[39m
     [90m 21 |[39m [36mconst[39m renderWithProviders [33m=[39m (component[33m:[39m [33mReact[39m[33m.[39m[33mReactElement[39m) [33m=>[39m {
    [31m[1m>[22m[39m[90m 22 |[39m   [36mreturn[39m render([33m<[39m[33mMockLanguageProvider[39m[33m>[39m{component}[33m<[39m[33m/[39m[33mMockLanguageProvider[39m[33m>[39m)[33m;[39m
     [90m    |[39m                [31m[1m^[22m[39m
     [90m 23 |[39m }[33m;[39m
     [90m 24 |[39m
     [90m 25 |[39m describe([32m'ContactMethods'[39m[33m,[39m () [33m=>[39m {[0m

      at logCapturedError (node_modules/react-dom/cjs/react-dom.development.js:18704:23)
      at update.callback (node_modules/react-dom/cjs/react-dom.development.js:18737:5)
      at callCallback (node_modules/react-dom/cjs/react-dom.development.js:15036:12)
      at commitUpdateQueue (node_modules/react-dom/cjs/react-dom.development.js:15057:9)
      at commitLayoutEffectOnFiber (node_modules/react-dom/cjs/react-dom.development.js:23430:13)
      at commitLayoutMountEffects_complete (node_modules/react-dom/cjs/react-dom.development.js:24727:9)
      at commitLayoutEffects_begin (node_modules/react-dom/cjs/react-dom.development.js:24713:7)
      at commitLayoutEffects (node_modules/react-dom/cjs/react-dom.development.js:24651:3)
      at commitRootImpl (node_modules/react-dom/cjs/react-dom.development.js:26862:5)
      at commitRoot (node_modules/react-dom/cjs/react-dom.development.js:26721:5)
      at performSyncWorkOnRoot (node_modules/react-dom/cjs/react-dom.development.js:26156:3)
      at flushSyncCallbacks (node_modules/react-dom/cjs/react-dom.development.js:12042:22)
      at flushPassiveEffectsImpl (node_modules/react-dom/cjs/react-dom.development.js:27099:3)
      at flushPassiveEffects (node_modules/react-dom/cjs/react-dom.development.js:27023:14)
      at node_modules/react-dom/cjs/react-dom.development.js:26808:9
      at flushActQueue (node_modules/react/cjs/react.development.js:2667:24)
      at act (node_modules/react/cjs/react.development.js:2582:11)
      at node_modules/@testing-library/react/dist/act-compat.js:47:25
      at renderRoot (node_modules/@testing-library/react/dist/pure.js:180:26)
      at render (node_modules/@testing-library/react/dist/pure.js:271:10)
      at renderWithProviders (components/contact/__tests__/ContactMethods.test.tsx:22:16)
      at Object.renderWithProviders (components/contact/__tests__/ContactMethods.test.tsx:52:5)

    console.error
      Error: Uncaught [ReferenceError: IntersectionObserver is not defined]
          at reportException (C:\Users\Rosaire\Desktop\Portfolio\node_modules\jsdom\lib\jsdom\living\helpers\runtime-script-errors.js:66:24)
          at innerInvokeEventListeners (C:\Users\Rosaire\Desktop\Portfolio\node_modules\jsdom\lib\jsdom\living\events\EventTarget-impl.js:353:9)
          at invokeEventListeners (C:\Users\Rosaire\Desktop\Portfolio\node_modules\jsdom\lib\jsdom\living\events\EventTarget-impl.js:286:3)
          at HTMLUnknownElementImpl._dispatch (C:\Users\Rosaire\Desktop\Portfolio\node_modules\jsdom\lib\jsdom\living\events\EventTarget-impl.js:233:9)
          at HTMLUnknownElementImpl.dispatchEvent (C:\Users\Rosaire\Desktop\Portfolio\node_modules\jsdom\lib\jsdom\living\events\EventTarget-impl.js:104:17)
          at HTMLUnknownElement.dispatchEvent (C:\Users\Rosaire\Desktop\Portfolio\node_modules\jsdom\lib\jsdom\living\generated\EventTarget.js:241:34)
          at Object.invokeGuardedCallbackDev (C:\Users\Rosaire\Desktop\Portfolio\node_modules\react-dom\cjs\react-dom.development.js:4213:16)
          at invokeGuardedCallback (C:\Users\Rosaire\Desktop\Portfolio\node_modules\react-dom\cjs\react-dom.development.js:4277:31)
          at reportUncaughtErrorInDEV (C:\Users\Rosaire\Desktop\Portfolio\node_modules\react-dom\cjs\react-dom.development.js:22877:5)
          at captureCommitPhaseError (C:\Users\Rosaire\Desktop\Portfolio\node_modules\react-dom\cjs\react-dom.development.js:27165:5)
          at commitPassiveMountEffects_complete (C:\Users\Rosaire\Desktop\Portfolio\node_modules\react-dom\cjs\react-dom.development.js:24932:9)
          at commitPassiveMountEffects_begin (C:\Users\Rosaire\Desktop\Portfolio\node_modules\react-dom\cjs\react-dom.development.js:24917:7)
          at commitPassiveMountEffects (C:\Users\Rosaire\Desktop\Portfolio\node_modules\react-dom\cjs\react-dom.development.js:24905:3)
          at flushPassiveEffectsImpl (C:\Users\Rosaire\Desktop\Portfolio\node_modules\react-dom\cjs\react-dom.development.js:27078:3)
          at flushPassiveEffects (C:\Users\Rosaire\Desktop\Portfolio\node_modules\react-dom\cjs\react-dom.development.js:27023:14)
          at C:\Users\Rosaire\Desktop\Portfolio\node_modules\react-dom\cjs\react-dom.development.js:26808:9
          at flushActQueue (C:\Users\Rosaire\Desktop\Portfolio\node_modules\react\cjs\react.development.js:2667:24)
          at act (C:\Users\Rosaire\Desktop\Portfolio\node_modules\react\cjs\react.development.js:2582:11)
          at C:\Users\Rosaire\Desktop\Portfolio\node_modules\@testing-library\react\dist\act-compat.js:47:25
          at renderRoot (C:\Users\Rosaire\Desktop\Portfolio\node_modules\@testing-library\react\dist\pure.js:180:26)
          at render (C:\Users\Rosaire\Desktop\Portfolio\node_modules\@testing-library\react\dist\pure.js:271:10)
          at renderWithProviders (C:\Users\Rosaire\Desktop\Portfolio\components\contact\__tests__\ContactMethods.test.tsx:22:16)
          at Object.renderWithProviders (C:\Users\Rosaire\Desktop\Portfolio\components\contact\__tests__\ContactMethods.test.tsx:62:5)
          at Promise.then.completed (C:\Users\Rosaire\Desktop\Portfolio\node_modules\jest-circus\build\utils.js:298:28)
          at new Promise (<anonymous>)
          at callAsyncCircusFn (C:\Users\Rosaire\Desktop\Portfolio\node_modules\jest-circus\build\utils.js:231:10)
          at _callCircusTest (C:\Users\Rosaire\Desktop\Portfolio\node_modules\jest-circus\build\run.js:316:40)
          at processTicksAndRejections (node:internal/process/task_queues:104:5)
          at _runTest (C:\Users\Rosaire\Desktop\Portfolio\node_modules\jest-circus\build\run.js:252:3)
          at _runTestsForDescribeBlock (C:\Users\Rosaire\Desktop\Portfolio\node_modules\jest-circus\build\run.js:126:9)
          at _runTestsForDescribeBlock (C:\Users\Rosaire\Desktop\Portfolio\node_modules\jest-circus\build\run.js:121:9)
          at run (C:\Users\Rosaire\Desktop\Portfolio\node_modules\jest-circus\build\run.js:71:3)
          at runAndTransformResultsToJestFormat (C:\Users\Rosaire\Desktop\Portfolio\node_modules\jest-circus\build\legacy-code-todo-rewrite\jestAdapterInit.js:122:21)
          at jestAdapter (C:\Users\Rosaire\Desktop\Portfolio\node_modules\jest-circus\build\legacy-code-todo-rewrite\jestAdapter.js:79:19)
          at runTestInternal (C:\Users\Rosaire\Desktop\Portfolio\node_modules\jest-runner\build\runTest.js:367:16)
          at runTest (C:\Users\Rosaire\Desktop\Portfolio\node_modules\jest-runner\build\runTest.js:444:34)
          at Object.worker (C:\Users\Rosaire\Desktop\Portfolio\node_modules\jest-runner\build\testWorker.js:106:12) {
        detail: ReferenceError: IntersectionObserver is not defined
            at initIntersectionObserver (C:\Users\Rosaire\Desktop\Portfolio\node_modules\framer-motion\dist\cjs\index.js:1039:34)
            at observeIntersection (C:\Users\Rosaire\Desktop\Portfolio\node_modules\framer-motion\dist\cjs\index.js:1044:39)
            at InViewFeature.startObserver (C:\Users\Rosaire\Desktop\Portfolio\node_modules\framer-motion\dist\cjs\index.js:1101:16)
            at InViewFeature.mount (C:\Users\Rosaire\Desktop\Portfolio\node_modules\framer-motion\dist\cjs\index.js:1104:14)
            at HTMLVisualElement.updateFeatures (C:\Users\Rosaire\Desktop\Portfolio\node_modules\framer-motion\dist\cjs\index-legacy-87714a68.js:4267:25)
            at C:\Users\Rosaire\Desktop\Portfolio\node_modules\framer-motion\dist\cjs\index.js:103:23
            at commitHookEffectListMount (C:\Users\Rosaire\Desktop\Portfolio\node_modules\react-dom\cjs\react-dom.development.js:23189:26)
            at commitPassiveMountOnFiber (C:\Users\Rosaire\Desktop\Portfolio\node_modules\react-dom\cjs\react-dom.development.js:24970:11)
            at commitPassiveMountEffects_complete (C:\Users\Rosaire\Desktop\Portfolio\node_modules\react-dom\cjs\react-dom.development.js:24930:9)
            at commitPassiveMountEffects_begin (C:\Users\Rosaire\Desktop\Portfolio\node_modules\react-dom\cjs\react-dom.development.js:24917:7)
            at commitPassiveMountEffects (C:\Users\Rosaire\Desktop\Portfolio\node_modules\react-dom\cjs\react-dom.development.js:24905:3)
            at flushPassiveEffectsImpl (C:\Users\Rosaire\Desktop\Portfolio\node_modules\react-dom\cjs\react-dom.development.js:27078:3)
            at flushPassiveEffects (C:\Users\Rosaire\Desktop\Portfolio\node_modules\react-dom\cjs\react-dom.development.js:27023:14)
            at C:\Users\Rosaire\Desktop\Portfolio\node_modules\react-dom\cjs\react-dom.development.js:26808:9
            at flushActQueue (C:\Users\Rosaire\Desktop\Portfolio\node_modules\react\cjs\react.development.js:2667:24)
            at act (C:\Users\Rosaire\Desktop\Portfolio\node_modules\react\cjs\react.development.js:2582:11)
            at C:\Users\Rosaire\Desktop\Portfolio\node_modules\@testing-library\react\dist\act-compat.js:47:25
            at renderRoot (C:\Users\Rosaire\Desktop\Portfolio\node_modules\@testing-library\react\dist\pure.js:180:26)
            at render (C:\Users\Rosaire\Desktop\Portfolio\node_modules\@testing-library\react\dist\pure.js:271:10)
            at renderWithProviders (C:\Users\Rosaire\Desktop\Portfolio\components\contact\__tests__\ContactMethods.test.tsx:22:16)
            at Object.renderWithProviders (C:\Users\Rosaire\Desktop\Portfolio\components\contact\__tests__\ContactMethods.test.tsx:62:5)
            at Promise.then.completed (C:\Users\Rosaire\Desktop\Portfolio\node_modules\jest-circus\build\utils.js:298:28)
            at new Promise (<anonymous>)
            at callAsyncCircusFn (C:\Users\Rosaire\Desktop\Portfolio\node_modules\jest-circus\build\utils.js:231:10)
            at _callCircusTest (C:\Users\Rosaire\Desktop\Portfolio\node_modules\jest-circus\build\run.js:316:40)
            at processTicksAndRejections (node:internal/process/task_queues:104:5)
            at _runTest (C:\Users\Rosaire\Desktop\Portfolio\node_modules\jest-circus\build\run.js:252:3)
            at _runTestsForDescribeBlock (C:\Users\Rosaire\Desktop\Portfolio\node_modules\jest-circus\build\run.js:126:9)
            at _runTestsForDescribeBlock (C:\Users\Rosaire\Desktop\Portfolio\node_modules\jest-circus\build\run.js:121:9)
            at run (C:\Users\Rosaire\Desktop\Portfolio\node_modules\jest-circus\build\run.js:71:3)
            at runAndTransformResultsToJestFormat (C:\Users\Rosaire\Desktop\Portfolio\node_modules\jest-circus\build\legacy-code-todo-rewrite\jestAdapterInit.js:122:21)
            at jestAdapter (C:\Users\Rosaire\Desktop\Portfolio\node_modules\jest-circus\build\legacy-code-todo-rewrite\jestAdapter.js:79:19)
            at runTestInternal (C:\Users\Rosaire\Desktop\Portfolio\node_modules\jest-runner\build\runTest.js:367:16)
            at runTest (C:\Users\Rosaire\Desktop\Portfolio\node_modules\jest-runner\build\runTest.js:444:34)
            at Object.worker (C:\Users\Rosaire\Desktop\Portfolio\node_modules\jest-runner\build\testWorker.js:106:12),
        type: 'unhandled exception'
      }

    [0m [90m 20 |[39m
     [90m 21 |[39m [36mconst[39m renderWithProviders [33m=[39m (component[33m:[39m [33mReact[39m[33m.[39m[33mReactElement[39m) [33m=>[39m {
    [31m[1m>[22m[39m[90m 22 |[39m   [36mreturn[39m render([33m<[39m[33mMockLanguageProvider[39m[33m>[39m{component}[33m<[39m[33m/[39m[33mMockLanguageProvider[39m[33m>[39m)[33m;[39m
     [90m    |[39m                [31m[1m^[22m[39m
     [90m 23 |[39m }[33m;[39m
     [90m 24 |[39m
     [90m 25 |[39m describe([32m'ContactMethods'[39m[33m,[39m () [33m=>[39m {[0m

      at VirtualConsole.<anonymous> (node_modules/@jest/environment-jsdom-abstract/build/index.js:87:23)
      at reportException (node_modules/jsdom/lib/jsdom/living/helpers/runtime-script-errors.js:70:28)
      at innerInvokeEventListeners (node_modules/jsdom/lib/jsdom/living/events/EventTarget-impl.js:353:9)
      at invokeEventListeners (node_modules/jsdom/lib/jsdom/living/events/EventTarget-impl.js:286:3)
      at HTMLUnknownElementImpl._dispatch (node_modules/jsdom/lib/jsdom/living/events/EventTarget-impl.js:233:9)
      at HTMLUnknownElementImpl.dispatchEvent (node_modules/jsdom/lib/jsdom/living/events/EventTarget-impl.js:104:17)
      at HTMLUnknownElement.dispatchEvent (node_modules/jsdom/lib/jsdom/living/generated/EventTarget.js:241:34)
      at Object.invokeGuardedCallbackDev (node_modules/react-dom/cjs/react-dom.development.js:4213:16)
      at invokeGuardedCallback (node_modules/react-dom/cjs/react-dom.development.js:4277:31)
      at reportUncaughtErrorInDEV (node_modules/react-dom/cjs/react-dom.development.js:22877:5)
      at captureCommitPhaseError (node_modules/react-dom/cjs/react-dom.development.js:27165:5)
      at commitPassiveMountEffects_complete (node_modules/react-dom/cjs/react-dom.development.js:24932:9)
      at commitPassiveMountEffects_begin (node_modules/react-dom/cjs/react-dom.development.js:24917:7)
      at commitPassiveMountEffects (node_modules/react-dom/cjs/react-dom.development.js:24905:3)
      at flushPassiveEffectsImpl (node_modules/react-dom/cjs/react-dom.development.js:27078:3)
      at flushPassiveEffects (node_modules/react-dom/cjs/react-dom.development.js:27023:14)
      at node_modules/react-dom/cjs/react-dom.development.js:26808:9
      at flushActQueue (node_modules/react/cjs/react.development.js:2667:24)
      at act (node_modules/react/cjs/react.development.js:2582:11)
      at node_modules/@testing-library/react/dist/act-compat.js:47:25
      at renderRoot (node_modules/@testing-library/react/dist/pure.js:180:26)
      at render (node_modules/@testing-library/react/dist/pure.js:271:10)
      at renderWithProviders (components/contact/__tests__/ContactMethods.test.tsx:22:16)
      at Object.renderWithProviders (components/contact/__tests__/ContactMethods.test.tsx:62:5)

    console.error
      The above error occurred in the <ForwardRef(MotionComponent)> component:
      
          at MotionComponent (C:\Users\Rosaire\Desktop\Portfolio\node_modules\framer-motion\dist\cjs\index.js:202:22)
          at ContactMethods
          at children (C:\Users\Rosaire\Desktop\Portfolio\components\contact\__tests__\ContactMethods.test.tsx:9:33)
      
      Consider adding an error boundary to your tree to customize error handling behavior.
      Visit https://reactjs.org/link/error-boundaries to learn more about error boundaries.

    [0m [90m 20 |[39m
     [90m 21 |[39m [36mconst[39m renderWithProviders [33m=[39m (component[33m:[39m [33mReact[39m[33m.[39m[33mReactElement[39m) [33m=>[39m {
    [31m[1m>[22m[39m[90m 22 |[39m   [36mreturn[39m render([33m<[39m[33mMockLanguageProvider[39m[33m>[39m{component}[33m<[39m[33m/[39m[33mMockLanguageProvider[39m[33m>[39m)[33m;[39m
     [90m    |[39m                [31m[1m^[22m[39m
     [90m 23 |[39m }[33m;[39m
     [90m 24 |[39m
     [90m 25 |[39m describe([32m'ContactMethods'[39m[33m,[39m () [33m=>[39m {[0m

      at logCapturedError (node_modules/react-dom/cjs/react-dom.development.js:18704:23)
      at update.callback (node_modules/react-dom/cjs/react-dom.development.js:18737:5)
      at callCallback (node_modules/react-dom/cjs/react-dom.development.js:15036:12)
      at commitUpdateQueue (node_modules/react-dom/cjs/react-dom.development.js:15057:9)
      at commitLayoutEffectOnFiber (node_modules/react-dom/cjs/react-dom.development.js:23430:13)
      at commitLayoutMountEffects_complete (node_modules/react-dom/cjs/react-dom.development.js:24727:9)
      at commitLayoutEffects_begin (node_modules/react-dom/cjs/react-dom.development.js:24713:7)
      at commitLayoutEffects (node_modules/react-dom/cjs/react-dom.development.js:24651:3)
      at commitRootImpl (node_modules/react-dom/cjs/react-dom.development.js:26862:5)
      at commitRoot (node_modules/react-dom/cjs/react-dom.development.js:26721:5)
      at performSyncWorkOnRoot (node_modules/react-dom/cjs/react-dom.development.js:26156:3)
      at flushSyncCallbacks (node_modules/react-dom/cjs/react-dom.development.js:12042:22)
      at flushPassiveEffectsImpl (node_modules/react-dom/cjs/react-dom.development.js:27099:3)
      at flushPassiveEffects (node_modules/react-dom/cjs/react-dom.development.js:27023:14)
      at node_modules/react-dom/cjs/react-dom.development.js:26808:9
      at flushActQueue (node_modules/react/cjs/react.development.js:2667:24)
      at act (node_modules/react/cjs/react.development.js:2582:11)
      at node_modules/@testing-library/react/dist/act-compat.js:47:25
      at renderRoot (node_modules/@testing-library/react/dist/pure.js:180:26)
      at render (node_modules/@testing-library/react/dist/pure.js:271:10)
      at renderWithProviders (components/contact/__tests__/ContactMethods.test.tsx:22:16)
      at Object.renderWithProviders (components/contact/__tests__/ContactMethods.test.tsx:62:5)

  ● ContactMethods › renders contact methods title

    ReferenceError: IntersectionObserver is not defined

    [0m [90m 20 |[39m
     [90m 21 |[39m [36mconst[39m renderWithProviders [33m=[39m (component[33m:[39m [33mReact[39m[33m.[39m[33mReactElement[39m) [33m=>[39m {
    [31m[1m>[22m[39m[90m 22 |[39m   [36mreturn[39m render([33m<[39m[33mMockLanguageProvider[39m[33m>[39m{component}[33m<[39m[33m/[39m[33mMockLanguageProvider[39m[33m>[39m)[33m;[39m
     [90m    |[39m                [31m[1m^[22m[39m
     [90m 23 |[39m }[33m;[39m
     [90m 24 |[39m
     [90m 25 |[39m describe([32m'ContactMethods'[39m[33m,[39m () [33m=>[39m {[0m

      at initIntersectionObserver (node_modules/framer-motion/dist/cjs/index.js:1039:34)
      at observeIntersection (node_modules/framer-motion/dist/cjs/index.js:1044:39)
      at InViewFeature.startObserver (node_modules/framer-motion/dist/cjs/index.js:1101:16)
      at InViewFeature.mount (node_modules/framer-motion/dist/cjs/index.js:1104:14)
      at HTMLVisualElement.updateFeatures (node_modules/framer-motion/dist/cjs/index-legacy-87714a68.js:4267:25)
      at node_modules/framer-motion/dist/cjs/index.js:103:23
      at commitHookEffectListMount (node_modules/react-dom/cjs/react-dom.development.js:23189:26)
      at commitPassiveMountOnFiber (node_modules/react-dom/cjs/react-dom.development.js:24970:11)
      at commitPassiveMountEffects_complete (node_modules/react-dom/cjs/react-dom.development.js:24930:9)
      at commitPassiveMountEffects_begin (node_modules/react-dom/cjs/react-dom.development.js:24917:7)
      at commitPassiveMountEffects (node_modules/react-dom/cjs/react-dom.development.js:24905:3)
      at flushPassiveEffectsImpl (node_modules/react-dom/cjs/react-dom.development.js:27078:3)
      at flushPassiveEffects (node_modules/react-dom/cjs/react-dom.development.js:27023:14)
      at node_modules/react-dom/cjs/react-dom.development.js:26808:9
      at flushActQueue (node_modules/react/cjs/react.development.js:2667:24)
      at act (node_modules/react/cjs/react.development.js:2582:11)
      at node_modules/@testing-library/react/dist/act-compat.js:47:25
      at renderRoot (node_modules/@testing-library/react/dist/pure.js:180:26)
      at render (node_modules/@testing-library/react/dist/pure.js:271:10)
      at renderWithProviders (components/contact/__tests__/ContactMethods.test.tsx:22:16)
      at Object.renderWithProviders (components/contact/__tests__/ContactMethods.test.tsx:27:5)

  ● ContactMethods › renders all contact method buttons

    ReferenceError: IntersectionObserver is not defined

    [0m [90m 20 |[39m
     [90m 21 |[39m [36mconst[39m renderWithProviders [33m=[39m (component[33m:[39m [33mReact[39m[33m.[39m[33mReactElement[39m) [33m=>[39m {
    [31m[1m>[22m[39m[90m 22 |[39m   [36mreturn[39m render([33m<[39m[33mMockLanguageProvider[39m[33m>[39m{component}[33m<[39m[33m/[39m[33mMockLanguageProvider[39m[33m>[39m)[33m;[39m
     [90m    |[39m                [31m[1m^[22m[39m
     [90m 23 |[39m }[33m;[39m
     [90m 24 |[39m
     [90m 25 |[39m describe([32m'ContactMethods'[39m[33m,[39m () [33m=>[39m {[0m

      at initIntersectionObserver (node_modules/framer-motion/dist/cjs/index.js:1039:34)
      at observeIntersection (node_modules/framer-motion/dist/cjs/index.js:1044:39)
      at InViewFeature.startObserver (node_modules/framer-motion/dist/cjs/index.js:1101:16)
      at InViewFeature.mount (node_modules/framer-motion/dist/cjs/index.js:1104:14)
      at HTMLVisualElement.updateFeatures (node_modules/framer-motion/dist/cjs/index-legacy-87714a68.js:4267:25)
      at node_modules/framer-motion/dist/cjs/index.js:103:23
      at commitHookEffectListMount (node_modules/react-dom/cjs/react-dom.development.js:23189:26)
      at commitPassiveMountOnFiber (node_modules/react-dom/cjs/react-dom.development.js:24970:11)
      at commitPassiveMountEffects_complete (node_modules/react-dom/cjs/react-dom.development.js:24930:9)
      at commitPassiveMountEffects_begin (node_modules/react-dom/cjs/react-dom.development.js:24917:7)
      at commitPassiveMountEffects (node_modules/react-dom/cjs/react-dom.development.js:24905:3)
      at flushPassiveEffectsImpl (node_modules/react-dom/cjs/react-dom.development.js:27078:3)
      at flushPassiveEffects (node_modules/react-dom/cjs/react-dom.development.js:27023:14)
      at node_modules/react-dom/cjs/react-dom.development.js:26808:9
      at flushActQueue (node_modules/react/cjs/react.development.js:2667:24)
      at act (node_modules/react/cjs/react.development.js:2582:11)
      at node_modules/@testing-library/react/dist/act-compat.js:47:25
      at renderRoot (node_modules/@testing-library/react/dist/pure.js:180:26)
      at render (node_modules/@testing-library/react/dist/pure.js:271:10)
      at renderWithProviders (components/contact/__tests__/ContactMethods.test.tsx:22:16)
      at Object.renderWithProviders (components/contact/__tests__/ContactMethods.test.tsx:32:5)

  ● ContactMethods › renders contact method links with correct href attributes

    ReferenceError: IntersectionObserver is not defined

    [0m [90m 20 |[39m
     [90m 21 |[39m [36mconst[39m renderWithProviders [33m=[39m (component[33m:[39m [33mReact[39m[33m.[39m[33mReactElement[39m) [33m=>[39m {
    [31m[1m>[22m[39m[90m 22 |[39m   [36mreturn[39m render([33m<[39m[33mMockLanguageProvider[39m[33m>[39m{component}[33m<[39m[33m/[39m[33mMockLanguageProvider[39m[33m>[39m)[33m;[39m
     [90m    |[39m                [31m[1m^[22m[39m
     [90m 23 |[39m }[33m;[39m
     [90m 24 |[39m
     [90m 25 |[39m describe([32m'ContactMethods'[39m[33m,[39m () [33m=>[39m {[0m

      at initIntersectionObserver (node_modules/framer-motion/dist/cjs/index.js:1039:34)
      at observeIntersection (node_modules/framer-motion/dist/cjs/index.js:1044:39)
      at InViewFeature.startObserver (node_modules/framer-motion/dist/cjs/index.js:1101:16)
      at InViewFeature.mount (node_modules/framer-motion/dist/cjs/index.js:1104:14)
      at HTMLVisualElement.updateFeatures (node_modules/framer-motion/dist/cjs/index-legacy-87714a68.js:4267:25)
      at node_modules/framer-motion/dist/cjs/index.js:103:23
      at commitHookEffectListMount (node_modules/react-dom/cjs/react-dom.development.js:23189:26)
      at commitPassiveMountOnFiber (node_modules/react-dom/cjs/react-dom.development.js:24970:11)
      at commitPassiveMountEffects_complete (node_modules/react-dom/cjs/react-dom.development.js:24930:9)
      at commitPassiveMountEffects_begin (node_modules/react-dom/cjs/react-dom.development.js:24917:7)
      at commitPassiveMountEffects (node_modules/react-dom/cjs/react-dom.development.js:24905:3)
      at flushPassiveEffectsImpl (node_modules/react-dom/cjs/react-dom.development.js:27078:3)
      at flushPassiveEffects (node_modules/react-dom/cjs/react-dom.development.js:27023:14)
      at node_modules/react-dom/cjs/react-dom.development.js:26808:9
      at flushActQueue (node_modules/react/cjs/react.development.js:2667:24)
      at act (node_modules/react/cjs/react.development.js:2582:11)
      at node_modules/@testing-library/react/dist/act-compat.js:47:25
      at renderRoot (node_modules/@testing-library/react/dist/pure.js:180:26)
      at render (node_modules/@testing-library/react/dist/pure.js:271:10)
      at renderWithProviders (components/contact/__tests__/ContactMethods.test.tsx:22:16)
      at Object.renderWithProviders (components/contact/__tests__/ContactMethods.test.tsx:40:5)

  ● ContactMethods › renders contact method links with target="_blank"

    ReferenceError: IntersectionObserver is not defined

    [0m [90m 20 |[39m
     [90m 21 |[39m [36mconst[39m renderWithProviders [33m=[39m (component[33m:[39m [33mReact[39m[33m.[39m[33mReactElement[39m) [33m=>[39m {
    [31m[1m>[22m[39m[90m 22 |[39m   [36mreturn[39m render([33m<[39m[33mMockLanguageProvider[39m[33m>[39m{component}[33m<[39m[33m/[39m[33mMockLanguageProvider[39m[33m>[39m)[33m;[39m
     [90m    |[39m                [31m[1m^[22m[39m
     [90m 23 |[39m }[33m;[39m
     [90m 24 |[39m
     [90m 25 |[39m describe([32m'ContactMethods'[39m[33m,[39m () [33m=>[39m {[0m

      at initIntersectionObserver (node_modules/framer-motion/dist/cjs/index.js:1039:34)
      at observeIntersection (node_modules/framer-motion/dist/cjs/index.js:1044:39)
      at InViewFeature.startObserver (node_modules/framer-motion/dist/cjs/index.js:1101:16)
      at InViewFeature.mount (node_modules/framer-motion/dist/cjs/index.js:1104:14)
      at HTMLVisualElement.updateFeatures (node_modules/framer-motion/dist/cjs/index-legacy-87714a68.js:4267:25)
      at node_modules/framer-motion/dist/cjs/index.js:103:23
      at commitHookEffectListMount (node_modules/react-dom/cjs/react-dom.development.js:23189:26)
      at commitPassiveMountOnFiber (node_modules/react-dom/cjs/react-dom.development.js:24970:11)
      at commitPassiveMountEffects_complete (node_modules/react-dom/cjs/react-dom.development.js:24930:9)
      at commitPassiveMountEffects_begin (node_modules/react-dom/cjs/react-dom.development.js:24917:7)
      at commitPassiveMountEffects (node_modules/react-dom/cjs/react-dom.development.js:24905:3)
      at flushPassiveEffectsImpl (node_modules/react-dom/cjs/react-dom.development.js:27078:3)
      at flushPassiveEffects (node_modules/react-dom/cjs/react-dom.development.js:27023:14)
      at node_modules/react-dom/cjs/react-dom.development.js:26808:9
      at flushActQueue (node_modules/react/cjs/react.development.js:2667:24)
      at act (node_modules/react/cjs/react.development.js:2582:11)
      at node_modules/@testing-library/react/dist/act-compat.js:47:25
      at renderRoot (node_modules/@testing-library/react/dist/pure.js:180:26)
      at render (node_modules/@testing-library/react/dist/pure.js:271:10)
      at renderWithProviders (components/contact/__tests__/ContactMethods.test.tsx:22:16)
      at Object.renderWithProviders (components/contact/__tests__/ContactMethods.test.tsx:52:5)

  ● ContactMethods › renders contact method icons

    ReferenceError: IntersectionObserver is not defined

    [0m [90m 20 |[39m
     [90m 21 |[39m [36mconst[39m renderWithProviders [33m=[39m (component[33m:[39m [33mReact[39m[33m.[39m[33mReactElement[39m) [33m=>[39m {
    [31m[1m>[22m[39m[90m 22 |[39m   [36mreturn[39m render([33m<[39m[33mMockLanguageProvider[39m[33m>[39m{component}[33m<[39m[33m/[39m[33mMockLanguageProvider[39m[33m>[39m)[33m;[39m
     [90m    |[39m                [31m[1m^[22m[39m
     [90m 23 |[39m }[33m;[39m
     [90m 24 |[39m
     [90m 25 |[39m describe([32m'ContactMethods'[39m[33m,[39m () [33m=>[39m {[0m

      at initIntersectionObserver (node_modules/framer-motion/dist/cjs/index.js:1039:34)
      at observeIntersection (node_modules/framer-motion/dist/cjs/index.js:1044:39)
      at InViewFeature.startObserver (node_modules/framer-motion/dist/cjs/index.js:1101:16)
      at InViewFeature.mount (node_modules/framer-motion/dist/cjs/index.js:1104:14)
      at HTMLVisualElement.updateFeatures (node_modules/framer-motion/dist/cjs/index-legacy-87714a68.js:4267:25)
      at node_modules/framer-motion/dist/cjs/index.js:103:23
      at commitHookEffectListMount (node_modules/react-dom/cjs/react-dom.development.js:23189:26)
      at commitPassiveMountOnFiber (node_modules/react-dom/cjs/react-dom.development.js:24970:11)
      at commitPassiveMountEffects_complete (node_modules/react-dom/cjs/react-dom.development.js:24930:9)
      at commitPassiveMountEffects_begin (node_modules/react-dom/cjs/react-dom.development.js:24917:7)
      at commitPassiveMountEffects (node_modules/react-dom/cjs/react-dom.development.js:24905:3)
      at flushPassiveEffectsImpl (node_modules/react-dom/cjs/react-dom.development.js:27078:3)
      at flushPassiveEffects (node_modules/react-dom/cjs/react-dom.development.js:27023:14)
      at node_modules/react-dom/cjs/react-dom.development.js:26808:9
      at flushActQueue (node_modules/react/cjs/react.development.js:2667:24)
      at act (node_modules/react/cjs/react.development.js:2582:11)
      at node_modules/@testing-library/react/dist/act-compat.js:47:25
      at renderRoot (node_modules/@testing-library/react/dist/pure.js:180:26)
      at render (node_modules/@testing-library/react/dist/pure.js:271:10)
      at renderWithProviders (components/contact/__tests__/ContactMethods.test.tsx:22:16)
      at Object.renderWithProviders (components/contact/__tests__/ContactMethods.test.tsx:62:5)

FAIL components/layout/__tests__/Footer.test.tsx
  ● Footer Component › renders footer with all sections

    TestingLibraryElementError: Found multiple elements with the text: Contact

    Here are the matching elements:

    Ignored nodes: comments, script, style
    [36m<a[39m
      [33mhref[39m=[32m"/contact"[39m
    [36m>[39m
      [0mContact[0m
    [36m</a>[39m

    Ignored nodes: comments, script, style
    [36m<h4[39m
      [33mclass[39m=[32m"font-semibold mb-4"[39m
    [36m>[39m
      [0mContact[0m
    [36m</h4>[39m

    (If this is intentional, then use the `*AllBy*` variant of the query (like `queryAllByText`, `getAllByText`, or `findAllByText`)).

    Ignored nodes: comments, script, style
    [36m<body>[39m
      [36m<div>[39m
        [36m<footer[39m
          [33mclass[39m=[32m"bg-slate-900 dark:bg-slate-950 text-white py-12 border-t border-slate-800"[39m
        [36m>[39m
          [36m<div[39m
            [33mclass[39m=[32m"max-w-7xl mx-auto px-4 sm:px-6 lg:px-8"[39m
          [36m>[39m
            [36m<div[39m
              [33mclass[39m=[32m"grid grid-cols-1 md:grid-cols-4 gap-8 mb-8"[39m
            [36m>[39m
              [36m<div>[39m
                [36m<h3[39m
                  [33mclass[39m=[32m"text-2xl font-bold mb-2"[39m
                [36m>[39m
                  [0mRosaire Kakpo[0m
                [36m</h3>[39m
                [36m<p[39m
                  [33mclass[39m=[32m"text-slate-400 text-sm"[39m
                [36m>[39m
                  [0mDéveloppeur Full Stack spécialisé en web, mobile, e-commerce et IoT.[0m
                [36m</p>[39m
              [36m</div>[39m
              [36m<div>[39m
                [36m<h4[39m
                  [33mclass[39m=[32m"font-semibold mb-4"[39m
                [36m>[39m
                  [0mNavigation[0m
                [36m</h4>[39m
                [36m<ul[39m
                  [33mclass[39m=[32m"space-y-2"[39m
                [36m>[39m
                  [36m<li>[39m
                    [36m<a[39m
                      [33mhref[39m=[32m"/"[39m
                    [36m>[39m
                      [0mAccueil[0m
                    [36m</a>[39m
                  [36m</li>[39m
                  [36m<li>[39m
                    [36m<a[39m
                      [33mhref[39m=[32m"/a-propos"[39m
                    [36m>[39m
                      [0mÀ propos[0m
                    [36m</a>[39m
                  [36m</li>[39m
                  [36m<li>[39m
                    [36m<a[39m
                      [33mhref[39m=[32m"/competences"[39m
                    [36m>[39m
                      [0mCompétences[0m
                    [36m</a>[39m
                  [36m</li>[39m
                  [36m<li>[39m
                    [36m<a[39m
                      [33mhref[39m=[32m"/projets"[39m
                    [36m>[39m
                      [0mProjets[0m
                    [36m</a>[39m
                  [36m</li>[39m
                  [36m<li>[39m
                    [36m<a[39m
                      [33mhref[39m=[32m"/contact"[39m
                    [36m>[39m
                      [0mContact[0m
                    [36m</a>[39m
                  [36m</li>[39m
                [36m</ul>[39m
              [36m</div>[39m
              [36m<div>[39m
                [36m<h4[39m
                  [33mclass[39m=[32m"font-semibold mb-4"[39m
                [36m>[39m
                  [0mRéseaux[0m
                [36m</h4>[39m
                [36m<ul[39m
                  [33mclass[39m=[32m"space-y-2"[39m
                [36m>[39m
                  [36m<li>[39m
                    [36m<a[39m
                      [33mclass[39m=[32m"text-slate-400 hover:text-white transition-colors text-sm"[39m
                      [33mhref[39m=[32m"https://github.com"[39m
                      [33mrel[39m=[32m"noopener noreferrer"[39m
                      [33mtarget[39m=[32m"_blank"[39m
                    [36m>[39m
                      [0mGitHub[0m
                    [36m</a>[39m
                  [36m</li>[39m
                  [36m<li>[39m
                    [36m<a[39m
                      [33mclass[39m=[32m"text-slate-400 hover:text-white transition-colors text-sm"[39m
                      [33mhref[39m=[32m"https://linkedin.com"[39m
                      [33mrel[39m=[32m"noopener noreferrer"[39m
                      [33mtarget[39m=[32m"_blank"[39m
                    [36m>[39m
                      [0mLinkedIn[0m
                    [36m</a>[39m
                  [36m</li>[39m
                  [36m<li>[39m
                    [36m<a[39m
                      [33mclass[39m=[32m"text-slate-400 hover:text-white transition-colors text-sm"[39m
                      [33mhref[39m=[32m"https://twitter.com"[39m
                      [33mrel[39m=[32m"noopener noreferrer"[39m
                      [33mtarget[39m=[32m"_blank"[39m
                    [36m>[39m
                      [0mTwitter[0m
                    [36m</a>[39m
                  [36m</li>[39m
                [36m</ul>[39m
              [36m</div>[39m
              [36m<div>[39m
                [36m<h4[39m
                  [33mclass[39m=[32m"font-semibold mb-4"[39m
                [36m>[39m
                  [0mContact[0m
                [36m</h4>[39m
                [36m<ul[39m
                  [33mclass[39m=[32m"space-y-2 text-sm text-slate-400"[39m
                [36m>[39m
                  [36m<li>[39m
                    [0mCotonou, Bénin[0m
                  [36m</li>[39m
                  [36m<li>[39m
                    [36m<a[39m
                      [33mclass[39m=[32m"hover:text-white transition-colors"[39m
                      [33mhref[39m=[32m"mailto:contact@rosairekakpo.com"[39m
                    [36m>[39m
                      [0mcontact@rosairekakpo.com[0m
                    [36m</a>[39m
                  [36m</li>[39m
                  [36m<li[39m
                    [33mclass[39m=[32m"text-green-400 font-semibold"[39m
                  [36m>[39m
                    [0m✓ Disponible[0m
                  [36m</li>[39m
                [36m</ul>[39m
              [36m</div>[39m
            [36m</div>[39m
            [36m<div[39m
              [33mclass[39m=[32m"border-t border-slate-800 pt-8"[39m
            [36m>[39m
              [36m<div[39m
                [33mclass[39m=[32m"flex flex-col md:flex-row justify-between items-center text-sm text-slate-400"[39m
              [36m>[39m
                [36m<p>[39m
                  [0m© 2024 Rosaire Kakpo.[0m
                  [0m [0m
                  [0mTous droits réservés.[0m
                [36m</p>[39m
                [36m<p>[39m
                  [0mConçu et développé par Rosaire Kakpo[0m
                [36m</p>[39m
              [36m</div>[39m
            [36m</div>[39m
          [36m</div>[39m
        [36m</footer>[39m
      [36m</div>[39m
    [36m</body>[39m

    [0m [90m 24 |[39m     expect(screen[33m.[39mgetByText([32m'Navigation'[39m))[33m.[39mtoBeInTheDocument()[33m;[39m
     [90m 25 |[39m     expect(screen[33m.[39mgetByText([32m'Réseaux'[39m))[33m.[39mtoBeInTheDocument()[33m;[39m
    [31m[1m>[22m[39m[90m 26 |[39m     expect(screen[33m.[39mgetByText([32m'Contact'[39m))[33m.[39mtoBeInTheDocument()[33m;[39m
     [90m    |[39m                   [31m[1m^[22m[39m
     [90m 27 |[39m   })[33m;[39m
     [90m 28 |[39m
     [90m 29 |[39m   it([32m'renders all navigation links'[39m[33m,[39m () [33m=>[39m {[0m

      at Object.getElementError (node_modules/@testing-library/dom/dist/config.js:37:19)
      at getElementError (node_modules/@testing-library/dom/dist/query-helpers.js:20:35)
      at getMultipleElementsFoundError (node_modules/@testing-library/dom/dist/query-helpers.js:23:10)
      at node_modules/@testing-library/dom/dist/query-helpers.js:55:13
      at node_modules/@testing-library/dom/dist/query-helpers.js:95:19
      at Object.getByText (components/layout/__tests__/Footer.test.tsx:26:19)

  ● Footer Component › renders all navigation links

    TestingLibraryElementError: Found multiple elements with the text: Contact

    Here are the matching elements:

    Ignored nodes: comments, script, style
    [36m<a[39m
      [33mhref[39m=[32m"/contact"[39m
    [36m>[39m
      [0mContact[0m
    [36m</a>[39m

    Ignored nodes: comments, script, style
    [36m<h4[39m
      [33mclass[39m=[32m"font-semibold mb-4"[39m
    [36m>[39m
      [0mContact[0m
    [36m</h4>[39m

    (If this is intentional, then use the `*AllBy*` variant of the query (like `queryAllByText`, `getAllByText`, or `findAllByText`)).

    Ignored nodes: comments, script, style
    [36m<body>[39m
      [36m<div>[39m
        [36m<footer[39m
          [33mclass[39m=[32m"bg-slate-900 dark:bg-slate-950 text-white py-12 border-t border-slate-800"[39m
        [36m>[39m
          [36m<div[39m
            [33mclass[39m=[32m"max-w-7xl mx-auto px-4 sm:px-6 lg:px-8"[39m
          [36m>[39m
            [36m<div[39m
              [33mclass[39m=[32m"grid grid-cols-1 md:grid-cols-4 gap-8 mb-8"[39m
            [36m>[39m
              [36m<div>[39m
                [36m<h3[39m
                  [33mclass[39m=[32m"text-2xl font-bold mb-2"[39m
                [36m>[39m
                  [0mRosaire Kakpo[0m
                [36m</h3>[39m
                [36m<p[39m
                  [33mclass[39m=[32m"text-slate-400 text-sm"[39m
                [36m>[39m
                  [0mDéveloppeur Full Stack spécialisé en web, mobile, e-commerce et IoT.[0m
                [36m</p>[39m
              [36m</div>[39m
              [36m<div>[39m
                [36m<h4[39m
                  [33mclass[39m=[32m"font-semibold mb-4"[39m
                [36m>[39m
                  [0mNavigation[0m
                [36m</h4>[39m
                [36m<ul[39m
                  [33mclass[39m=[32m"space-y-2"[39m
                [36m>[39m
                  [36m<li>[39m
                    [36m<a[39m
                      [33mhref[39m=[32m"/"[39m
                    [36m>[39m
                      [0mAccueil[0m
                    [36m</a>[39m
                  [36m</li>[39m
                  [36m<li>[39m
                    [36m<a[39m
                      [33mhref[39m=[32m"/a-propos"[39m
                    [36m>[39m
                      [0mÀ propos[0m
                    [36m</a>[39m
                  [36m</li>[39m
                  [36m<li>[39m
                    [36m<a[39m
                      [33mhref[39m=[32m"/competences"[39m
                    [36m>[39m
                      [0mCompétences[0m
                    [36m</a>[39m
                  [36m</li>[39m
                  [36m<li>[39m
                    [36m<a[39m
                      [33mhref[39m=[32m"/projets"[39m
                    [36m>[39m
                      [0mProjets[0m
                    [36m</a>[39m
                  [36m</li>[39m
                  [36m<li>[39m
                    [36m<a[39m
                      [33mhref[39m=[32m"/contact"[39m
                    [36m>[39m
                      [0mContact[0m
                    [36m</a>[39m
                  [36m</li>[39m
                [36m</ul>[39m
              [36m</div>[39m
              [36m<div>[39m
                [36m<h4[39m
                  [33mclass[39m=[32m"font-semibold mb-4"[39m
                [36m>[39m
                  [0mRéseaux[0m
                [36m</h4>[39m
                [36m<ul[39m
                  [33mclass[39m=[32m"space-y-2"[39m
                [36m>[39m
                  [36m<li>[39m
                    [36m<a[39m
                      [33mclass[39m=[32m"text-slate-400 hover:text-white transition-colors text-sm"[39m
                      [33mhref[39m=[32m"https://github.com"[39m
                      [33mrel[39m=[32m"noopener noreferrer"[39m
                      [33mtarget[39m=[32m"_blank"[39m
                    [36m>[39m
                      [0mGitHub[0m
                    [36m</a>[39m
                  [36m</li>[39m
                  [36m<li>[39m
                    [36m<a[39m
                      [33mclass[39m=[32m"text-slate-400 hover:text-white transition-colors text-sm"[39m
                      [33mhref[39m=[32m"https://linkedin.com"[39m
                      [33mrel[39m=[32m"noopener noreferrer"[39m
                      [33mtarget[39m=[32m"_blank"[39m
                    [36m>[39m
                      [0mLinkedIn[0m
                    [36m</a>[39m
                  [36m</li>[39m
                  [36m<li>[39m
                    [36m<a[39m
                      [33mclass[39m=[32m"text-slate-400 hover:text-white transition-colors text-sm"[39m
                      [33mhref[39m=[32m"https://twitter.com"[39m
                      [33mrel[39m=[32m"noopener noreferrer"[39m
                      [33mtarget[39m=[32m"_blank"[39m
                    [36m>[39m
                      [0mTwitter[0m
                    [36m</a>[39m
                  [36m</li>[39m
                [36m</ul>[39m
              [36m</div>[39m
              [36m<div>[39m
                [36m<h4[39m
                  [33mclass[39m=[32m"font-semibold mb-4"[39m
                [36m>[39m
                  [0mContact[0m
                [36m</h4>[39m
                [36m<ul[39m
                  [33mclass[39m=[32m"space-y-2 text-sm text-slate-400"[39m
                [36m>[39m
                  [36m<li>[39m
                    [0mCotonou, Bénin[0m
                  [36m</li>[39m
                  [36m<li>[39m
                    [36m<a[39m
                      [33mclass[39m=[32m"hover:text-white transition-colors"[39m
                      [33mhref[39m=[32m"mailto:contact@rosairekakpo.com"[39m
                    [36m>[39m
                      [0mcontact@rosairekakpo.com[0m
                    [36m</a>[39m
                  [36m</li>[39m
                  [36m<li[39m
                    [33mclass[39m=[32m"text-green-400 font-semibold"[39m
                  [36m>[39m
                    [0m✓ Disponible[0m
                  [36m</li>[39m
                [36m</ul>[39m
              [36m</div>[39m
            [36m</div>[39m
            [36m<div[39m
              [33mclass[39m=[32m"border-t border-slate-800 pt-8"[39m
            [36m>[39m
              [36m<div[39m
                [33mclass[39m=[32m"flex flex-col md:flex-row justify-between items-center text-sm text-slate-400"[39m
              [36m>[39m
                [36m<p>[39m
                  [0m© 2024 Rosaire Kakpo.[0m
                  [0m [0m
                  [0mTous droits réservés.[0m
                [36m</p>[39m
                [36m<p>[39m
                  [0mConçu et développé par Rosaire Kakpo[0m
                [36m</p>[39m
              [36m</div>[39m
            [36m</div>[39m
          [36m</div>[39m
        [36m</footer>[39m
      [36m</div>[39m
    [36m</body>[39m

    [0m [90m 34 |[39m     expect(screen[33m.[39mgetByText([32m'Compétences'[39m))[33m.[39mtoBeInTheDocument()[33m;[39m
     [90m 35 |[39m     expect(screen[33m.[39mgetByText([32m'Projets'[39m))[33m.[39mtoBeInTheDocument()[33m;[39m
    [31m[1m>[22m[39m[90m 36 |[39m     expect(screen[33m.[39mgetByText([32m'Contact'[39m))[33m.[39mtoBeInTheDocument()[33m;[39m
     [90m    |[39m                   [31m[1m^[22m[39m
     [90m 37 |[39m   })[33m;[39m
     [90m 38 |[39m
     [90m 39 |[39m   it([32m'renders social media links'[39m[33m,[39m () [33m=>[39m {[0m

      at Object.getElementError (node_modules/@testing-library/dom/dist/config.js:37:19)
      at getElementError (node_modules/@testing-library/dom/dist/query-helpers.js:20:35)
      at getMultipleElementsFoundError (node_modules/@testing-library/dom/dist/query-helpers.js:23:10)
      at node_modules/@testing-library/dom/dist/query-helpers.js:55:13
      at node_modules/@testing-library/dom/dist/query-helpers.js:95:19
      at Object.getByText (components/layout/__tests__/Footer.test.tsx:36:19)

FAIL components/projects/__tests__/ProjectCard.test.tsx
  ● Console

    console.error
      Warning: React does not recognize the `whileInView` prop on a DOM element. If you intentionally want it to appear in the DOM as a custom attribute, spell it as lowercase `whileinview` instead. If you accidentally passed it from a parent component, remove it from the DOM element.
          at div
          at children (C:\Users\Rosaire\Desktop\Portfolio\components\projects\__tests__\ProjectCard.test.tsx:9:13)
          at project (C:\Users\Rosaire\Desktop\Portfolio\components\projects\ProjectCard.tsx:12:39)

    [0m [90m 39 |[39m describe([32m'ProjectCard Component'[39m[33m,[39m () [33m=>[39m {
     [90m 40 |[39m   it([32m'renders project title'[39m[33m,[39m () [33m=>[39m {
    [31m[1m>[22m[39m[90m 41 |[39m     render([33m<[39m[33mProjectCard[39m project[33m=[39m{mockProject} language[33m=[39m[32m"fr"[39m [33m/[39m[33m>[39m)[33m;[39m
     [90m    |[39m           [31m[1m^[22m[39m
     [90m 42 |[39m     expect(screen[33m.[39mgetByText([32m'Test Project'[39m))[33m.[39mtoBeInTheDocument()[33m;[39m
     [90m 43 |[39m   })[33m;[39m
     [90m 44 |[39m[0m

      at printWarning (node_modules/react-dom/cjs/react-dom.development.js:86:30)
      at error (node_modules/react-dom/cjs/react-dom.development.js:60:7)
      at validateProperty$1 (node_modules/react-dom/cjs/react-dom.development.js:3757:7)
      at warnUnknownProperties (node_modules/react-dom/cjs/react-dom.development.js:3803:21)
      at validateProperties$2 (node_modules/react-dom/cjs/react-dom.development.js:3827:3)
      at validatePropertiesInDevelopment (node_modules/react-dom/cjs/react-dom.development.js:9541:5)
      at setInitialProperties (node_modules/react-dom/cjs/react-dom.development.js:9830:5)
      at finalizeInitialChildren (node_modules/react-dom/cjs/react-dom.development.js:10950:3)
      at completeWork (node_modules/react-dom/cjs/react-dom.development.js:22232:17)
      at completeUnitOfWork (node_modules/react-dom/cjs/react-dom.development.js:26632:16)
      at performUnitOfWork (node_modules/react-dom/cjs/react-dom.development.js:26607:5)
      at workLoopSync (node_modules/react-dom/cjs/react-dom.development.js:26505:5)
      at renderRootSync (node_modules/react-dom/cjs/react-dom.development.js:26473:7)
      at performConcurrentWorkOnRoot (node_modules/react-dom/cjs/react-dom.development.js:25777:74)
      at flushActQueue (node_modules/react/cjs/react.development.js:2667:24)
      at act (node_modules/react/cjs/react.development.js:2582:11)
      at node_modules/@testing-library/react/dist/act-compat.js:47:25
      at renderRoot (node_modules/@testing-library/react/dist/pure.js:180:26)
      at render (node_modules/@testing-library/react/dist/pure.js:271:10)
      at Object.<anonymous> (components/projects/__tests__/ProjectCard.test.tsx:41:11)

  ● ProjectCard Component › renders first result

    TestingLibraryElementError: Unable to find an element with the text: 50% increase in performance. This could be because the text is broken up by multiple elements. In this case, you can provide a function for your text matcher to make your matcher more flexible.

    Ignored nodes: comments, script, style
    [36m<body>[39m
      [36m<div>[39m
        [36m<div[39m
          [33minitial[39m=[32m"[object Object]"[39m
          [33mtransition[39m=[32m"[object Object]"[39m
          [33mviewport[39m=[32m"[object Object]"[39m
          [33mwhileinview[39m=[32m"[object Object]"[39m
        [36m>[39m
          [36m<a[39m
            [33mhref[39m=[32m"/projets/test-project"[39m
          [36m>[39m
            [36m<div[39m
              [33mclass[39m=[32m"h-full bg-white dark:bg-slate-800 rounded-lg shadow-md hover:shadow-lg transition-shadow overflow-hidden cursor-pointer border border-slate-200 dark:border-slate-700 group"[39m
            [36m>[39m
              [36m<div[39m
                [33mclass[39m=[32m"h-48 bg-gradient-to-br from-blue-400 to-blue-600 dark:from-blue-600 dark:to-blue-800 flex items-center justify-center overflow-hidden relative"[39m
              [36m>[39m
                [36m<div[39m
                  [33mclass[39m=[32m"text-6xl group-hover:scale-110 transition-transform duration-300"[39m
                [36m>[39m
                  [0m📱[0m
                [36m</div>[39m
              [36m</div>[39m
              [36m<div[39m
                [33mclass[39m=[32m"p-6"[39m
              [36m>[39m
                [36m<div[39m
                  [33mclass[39m=[32m"flex items-center gap-2 mb-3"[39m
                [36m>[39m
                  [36m<span[39m
                    [33mclass[39m=[32m"px-3 py-1 bg-blue-100 dark:bg-blue-900 text-blue-800 dark:text-blue-100 rounded-full text-sm font-medium"[39m
                  [36m>[39m
                    [0mweb[0m
                  [36m</span>[39m
                  [36m<span[39m
                    [33mclass[39m=[32m"text-sm text-slate-500 dark:text-slate-400"[39m
                  [36m>[39m
                    [0m2024[0m
                  [36m</span>[39m
                [36m</div>[39m
                [36m<h3[39m
                  [33mclass[39m=[32m"text-xl font-bold text-slate-900 dark:text-white mb-2 group-hover:text-blue-600 dark:group-hover:text-blue-400 transition-colors"[39m
                [36m>[39m
                  [0mTest Project[0m
                [36m</h3>[39m
                [36m<p[39m
                  [33mclass[39m=[32m"text-slate-600 dark:text-slate-400 mb-4 line-clamp-2 text-sm"[39m
                [36m>[39m
                  [0mA test project description[0m
                [36m</p>[39m
                [36m<div[39m
                  [33mclass[39m=[32m"flex flex-wrap gap-2 mb-4"[39m
                [36m>[39m
                  [36m<span[39m
                    [33mclass[39m=[32m"px-2 py-1 bg-slate-100 dark:bg-slate-700 text-slate-700 dark:text-slate-300 rounded text-xs font-medium"[39m
                  [36m>[39m
                    [0mReact[0m
                  [36m</span>[39m
                  [36m<span[39m
                    [33mclass[39m=[32m"px-2 py-1 bg-slate-100 dark:bg-slate-700 text-slate-700 dark:text-slate-300 rounded text-xs font-medium"[39m
                  [36m>[39m
                    [0mTypeScript[0m
                  [36m</span>[39m
                  [36m<span[39m
                    [33mclass[39m=[32m"px-2 py-1 bg-slate-100 dark:bg-slate-700 text-slate-700 dark:text-slate-300 rounded text-xs font-medium"[39m
                  [36m>[39m
                    [0mTailwind CSS[0m
                  [36m</span>[39m
                  [36m<span[39m
                    [33mclass[39m=[32m"px-2 py-1 bg-slate-100 dark:bg-slate-700 text-slate-700 dark:text-slate-300 rounded text-xs font-medium"[39m
                  [36m>[39m
                    [0m+[0m
                    [0m1[0m
                  [36m</span>[39m
                [36m</div>[39m
                [36m<p[39m
                  [33mclass[39m=[32m"text-sm text-blue-600 dark:text-blue-400 font-semibold"[39m
                [36m>[39m
                  [0m✓ [0m
                  [0m50% increase in performance[0m
                [36m</p>[39m
              [36m</div>[39m
            [36m</div>[39m
          [36m</a>[39m
        [36m</div>[39m
      [36m</div>[39m
    [36m</body>[39m

    [0m [90m 72 |[39m   it([32m'renders first result'[39m[33m,[39m () [33m=>[39m {
     [90m 73 |[39m     render([33m<[39m[33mProjectCard[39m project[33m=[39m{mockProject} language[33m=[39m[32m"fr"[39m [33m/[39m[33m>[39m)[33m;[39m
    [31m[1m>[22m[39m[90m 74 |[39m     expect(screen[33m.[39mgetByText([32m'50% increase in performance'[39m))[33m.[39mtoBeInTheDocument()[33m;[39m
     [90m    |[39m                   [31m[1m^[22m[39m
     [90m 75 |[39m   })[33m;[39m
     [90m 76 |[39m
     [90m 77 |[39m   it([32m'renders link to project detail page'[39m[33m,[39m () [33m=>[39m {[0m

      at Object.getElementError (node_modules/@testing-library/dom/dist/config.js:37:19)
      at node_modules/@testing-library/dom/dist/query-helpers.js:76:38
      at node_modules/@testing-library/dom/dist/query-helpers.js:52:17
      at node_modules/@testing-library/dom/dist/query-helpers.js:95:19
      at Object.getByText (components/projects/__tests__/ProjectCard.test.tsx:74:19)

FAIL components/project-detail/__tests__/ProjectNavigation.test.tsx
  ● Console

    console.error
      Warning: React does not recognize the `whileInView` prop on a DOM element. If you intentionally want it to appear in the DOM as a custom attribute, spell it as lowercase `whileinview` instead. If you accidentally passed it from a parent component, remove it from the DOM element.
          at div
          at children (C:\Users\Rosaire\Desktop\Portfolio\components\project-detail\__tests__\ProjectNavigation.test.tsx:9:13)
          at div
          at div
          at section
          at previousProject (C:\Users\Rosaire\Desktop\Portfolio\components\project-detail\ProjectNavigation.tsx:14:3)

    [0m [90m 44 |[39m   it([32m'renders previous project link'[39m[33m,[39m () [33m=>[39m {
     [90m 45 |[39m     [36mconst[39m previousProject [33m=[39m { [33m...[39mmockProject[33m,[39m slug[33m:[39m [32m'previous'[39m[33m,[39m title[33m:[39m [32m'Previous Project'[39m }[33m;[39m
    [31m[1m>[22m[39m[90m 46 |[39m     render(
     [90m    |[39m           [31m[1m^[22m[39m
     [90m 47 |[39m       [33m<[39m[33mProjectNavigation[39m previousProject[33m=[39m{previousProject} nextProject[33m=[39m{[36mnull[39m} [33m/[39m[33m>[39m
     [90m 48 |[39m     )[33m;[39m
     [90m 49 |[39m     expect(screen[33m.[39mgetByText([32m'Projet précédent'[39m))[33m.[39mtoBeInTheDocument()[33m;[39m[0m

      at printWarning (node_modules/react-dom/cjs/react-dom.development.js:86:30)
      at error (node_modules/react-dom/cjs/react-dom.development.js:60:7)
      at validateProperty$1 (node_modules/react-dom/cjs/react-dom.development.js:3757:7)
      at warnUnknownProperties (node_modules/react-dom/cjs/react-dom.development.js:3803:21)
      at validateProperties$2 (node_modules/react-dom/cjs/react-dom.development.js:3827:3)
      at validatePropertiesInDevelopment (node_modules/react-dom/cjs/react-dom.development.js:9541:5)
      at setInitialProperties (node_modules/react-dom/cjs/react-dom.development.js:9830:5)
      at finalizeInitialChildren (node_modules/react-dom/cjs/react-dom.development.js:10950:3)
      at completeWork (node_modules/react-dom/cjs/react-dom.development.js:22232:17)
      at completeUnitOfWork (node_modules/react-dom/cjs/react-dom.development.js:26632:16)
      at performUnitOfWork (node_modules/react-dom/cjs/react-dom.development.js:26607:5)
      at workLoopSync (node_modules/react-dom/cjs/react-dom.development.js:26505:5)
      at renderRootSync (node_modules/react-dom/cjs/react-dom.development.js:26473:7)
      at performConcurrentWorkOnRoot (node_modules/react-dom/cjs/react-dom.development.js:25777:74)
      at flushActQueue (node_modules/react/cjs/react.development.js:2667:24)
      at act (node_modules/react/cjs/react.development.js:2582:11)
      at node_modules/@testing-library/react/dist/act-compat.js:47:25
      at renderRoot (node_modules/@testing-library/react/dist/pure.js:180:26)
      at render (node_modules/@testing-library/react/dist/pure.js:271:10)
      at Object.<anonymous> (components/project-detail/__tests__/ProjectNavigation.test.tsx:46:11)

  ● ProjectNavigation Component › renders previous project link

    TestingLibraryElementError: Unable to find an element with the text: Projet précédent. This could be because the text is broken up by multiple elements. In this case, you can provide a function for your text matcher to make your matcher more flexible.

    Ignored nodes: comments, script, style
    [36m<body>[39m
      [36m<div>[39m
        [36m<section[39m
          [33mclass[39m=[32m"py-20 px-4 bg-slate-50 dark:bg-slate-900"[39m
        [36m>[39m
          [36m<div[39m
            [33mclass[39m=[32m"max-w-7xl mx-auto"[39m
          [36m>[39m
            [36m<div[39m
              [33mclass[39m=[32m"grid grid-cols-1 md:grid-cols-2 gap-8"[39m
            [36m>[39m
              [36m<div[39m
                [33minitial[39m=[32m"[object Object]"[39m
                [33mtransition[39m=[32m"[object Object]"[39m
                [33mviewport[39m=[32m"[object Object]"[39m
                [33mwhileinview[39m=[32m"[object Object]"[39m
              [36m>[39m
                [36m<a[39m
                  [33mhref[39m=[32m"/projets/previous"[39m
                [36m>[39m
                  [36m<div[39m
                    [33mclass[39m=[32m"bg-white dark:bg-slate-800 p-6 rounded-lg shadow-md hover:shadow-lg transition-shadow border border-slate-200 dark:border-slate-700 cursor-pointer"[39m
                  [36m>[39m
                    [36m<p[39m
                      [33mclass[39m=[32m"text-sm text-slate-600 dark:text-slate-400 mb-2"[39m
                    [36m>[39m
                      [0m← [0m
                      [0mProjet précédent[0m
                    [36m</p>[39m
                    [36m<h3[39m
                      [33mclass[39m=[32m"text-xl font-bold text-slate-900 dark:text-white hover:text-blue-600 dark:hover:text-blue-400 transition-colors"[39m
                    [36m>[39m
                      [0mPrevious Project[0m
                    [36m</h3>[39m
                  [36m</div>[39m
                [36m</a>[39m
              [36m</div>[39m
              [36m<div />[39m
            [36m</div>[39m
          [36m</div>[39m
        [36m</section>[39m
      [36m</div>[39m
    [36m</body>[39m

    [0m [90m 47 |[39m       [33m<[39m[33mProjectNavigation[39m previousProject[33m=[39m{previousProject} nextProject[33m=[39m{[36mnull[39m} [33m/[39m[33m>[39m
     [90m 48 |[39m     )[33m;[39m
    [31m[1m>[22m[39m[90m 49 |[39m     expect(screen[33m.[39mgetByText([32m'Projet précédent'[39m))[33m.[39mtoBeInTheDocument()[33m;[39m
     [90m    |[39m                   [31m[1m^[22m[39m
     [90m 50 |[39m     expect(screen[33m.[39mgetByText([32m'Previous Project'[39m))[33m.[39mtoBeInTheDocument()[33m;[39m
     [90m 51 |[39m   })[33m;[39m
     [90m 52 |[39m[0m

      at Object.getElementError (node_modules/@testing-library/dom/dist/config.js:37:19)
      at node_modules/@testing-library/dom/dist/query-helpers.js:76:38
      at node_modules/@testing-library/dom/dist/query-helpers.js:52:17
      at node_modules/@testing-library/dom/dist/query-helpers.js:95:19
      at Object.getByText (components/project-detail/__tests__/ProjectNavigation.test.tsx:49:19)

  ● ProjectNavigation Component › renders next project link

    TestingLibraryElementError: Unable to find an element with the text: Projet suivant. This could be because the text is broken up by multiple elements. In this case, you can provide a function for your text matcher to make your matcher more flexible.

    Ignored nodes: comments, script, style
    [36m<body>[39m
      [36m<div>[39m
        [36m<section[39m
          [33mclass[39m=[32m"py-20 px-4 bg-slate-50 dark:bg-slate-900"[39m
        [36m>[39m
          [36m<div[39m
            [33mclass[39m=[32m"max-w-7xl mx-auto"[39m
          [36m>[39m
            [36m<div[39m
              [33mclass[39m=[32m"grid grid-cols-1 md:grid-cols-2 gap-8"[39m
            [36m>[39m
              [36m<div />[39m
              [36m<div[39m
                [33mclass[39m=[32m"md:text-right"[39m
                [33minitial[39m=[32m"[object Object]"[39m
                [33mtransition[39m=[32m"[object Object]"[39m
                [33mviewport[39m=[32m"[object Object]"[39m
                [33mwhileinview[39m=[32m"[object Object]"[39m
              [36m>[39m
                [36m<a[39m
                  [33mhref[39m=[32m"/projets/next"[39m
                [36m>[39m
                  [36m<div[39m
                    [33mclass[39m=[32m"bg-white dark:bg-slate-800 p-6 rounded-lg shadow-md hover:shadow-lg transition-shadow border border-slate-200 dark:border-slate-700 cursor-pointer"[39m
                  [36m>[39m
                    [36m<p[39m
                      [33mclass[39m=[32m"text-sm text-slate-600 dark:text-slate-400 mb-2"[39m
                    [36m>[39m
                      [0mProjet suivant[0m
                      [0m →[0m
                    [36m</p>[39m
                    [36m<h3[39m
                      [33mclass[39m=[32m"text-xl font-bold text-slate-900 dark:text-white hover:text-blue-600 dark:hover:text-blue-400 transition-colors"[39m
                    [36m>[39m
                      [0mNext Project[0m
                    [36m</h3>[39m
                  [36m</div>[39m
                [36m</a>[39m
              [36m</div>[39m
            [36m</div>[39m
          [36m</div>[39m
        [36m</section>[39m
      [36m</div>[39m
    [36m</body>[39m

    [0m [90m 56 |[39m       [33m<[39m[33mProjectNavigation[39m previousProject[33m=[39m{[36mnull[39m} nextProject[33m=[39m{nextProject} [33m/[39m[33m>[39m
     [90m 57 |[39m     )[33m;[39m
    [31m[1m>[22m[39m[90m 58 |[39m     expect(screen[33m.[39mgetByText([32m'Projet suivant'[39m))[33m.[39mtoBeInTheDocument()[33m;[39m
     [90m    |[39m                   [31m[1m^[22m[39m
     [90m 59 |[39m     expect(screen[33m.[39mgetByText([32m'Next Project'[39m))[33m.[39mtoBeInTheDocument()[33m;[39m
     [90m 60 |[39m   })[33m;[39m
     [90m 61 |[39m[0m

      at Object.getElementError (node_modules/@testing-library/dom/dist/config.js:37:19)
      at node_modules/@testing-library/dom/dist/query-helpers.js:76:38
      at node_modules/@testing-library/dom/dist/query-helpers.js:52:17
      at node_modules/@testing-library/dom/dist/query-helpers.js:95:19
      at Object.getByText (components/project-detail/__tests__/ProjectNavigation.test.tsx:58:19)

  ● ProjectNavigation Component › renders both navigation links

    TestingLibraryElementError: Unable to find an element with the text: Projet précédent. This could be because the text is broken up by multiple elements. In this case, you can provide a function for your text matcher to make your matcher more flexible.

    Ignored nodes: comments, script, style
    [36m<body>[39m
      [36m<div>[39m
        [36m<section[39m
          [33mclass[39m=[32m"py-20 px-4 bg-slate-50 dark:bg-slate-900"[39m
        [36m>[39m
          [36m<div[39m
            [33mclass[39m=[32m"max-w-7xl mx-auto"[39m
          [36m>[39m
            [36m<div[39m
              [33mclass[39m=[32m"grid grid-cols-1 md:grid-cols-2 gap-8"[39m
            [36m>[39m
              [36m<div[39m
                [33minitial[39m=[32m"[object Object]"[39m
                [33mtransition[39m=[32m"[object Object]"[39m
                [33mviewport[39m=[32m"[object Object]"[39m
                [33mwhileinview[39m=[32m"[object Object]"[39m
              [36m>[39m
                [36m<a[39m
                  [33mhref[39m=[32m"/projets/previous"[39m
                [36m>[39m
                  [36m<div[39m
                    [33mclass[39m=[32m"bg-white dark:bg-slate-800 p-6 rounded-lg shadow-md hover:shadow-lg transition-shadow border border-slate-200 dark:border-slate-700 cursor-pointer"[39m
                  [36m>[39m
                    [36m<p[39m
                      [33mclass[39m=[32m"text-sm text-slate-600 dark:text-slate-400 mb-2"[39m
                    [36m>[39m
                      [0m← [0m
                      [0mProjet précédent[0m
                    [36m</p>[39m
                    [36m<h3[39m
                      [33mclass[39m=[32m"text-xl font-bold text-slate-900 dark:text-white hover:text-blue-600 dark:hover:text-blue-400 transition-colors"[39m
                    [36m>[39m
                      [0mPrevious[0m
                    [36m</h3>[39m
                  [36m</div>[39m
                [36m</a>[39m
              [36m</div>[39m
              [36m<div[39m
                [33mclass[39m=[32m"md:text-right"[39m
                [33minitial[39m=[32m"[object Object]"[39m
                [33mtransition[39m=[32m"[object Object]"[39m
                [33mviewport[39m=[32m"[object Object]"[39m
                [33mwhileinview[39m=[32m"[object Object]"[39m
              [36m>[39m
                [36m<a[39m
                  [33mhref[39m=[32m"/projets/next"[39m
                [36m>[39m
                  [36m<div[39m
                    [33mclass[39m=[32m"bg-white dark:bg-slate-800 p-6 rounded-lg shadow-md hover:shadow-lg transition-shadow border border-slate-200 dark:border-slate-700 cursor-pointer"[39m
                  [36m>[39m
                    [36m<p[39m
                      [33mclass[39m=[32m"text-sm text-slate-600 dark:text-slate-400 mb-2"[39m
                    [36m>[39m
                      [0mProjet suivant[0m
                      [0m →[0m
                    [36m</p>[39m
                    [36m<h3[39m
                      [33mclass[39m=[32m"text-xl font-bold text-slate-900 dark:text-white hover:text-blue-600 dark:hover:text-blue-400 transition-colors"[39m
                    [36m>[39m
                      [0mNext[0m
                    [36m</h3>[39m
                  [36m</div>[39m
                [36m</a>[39m
              [36m</div>[39m
            [36m</div>[39m
          [36m</div>[39m
        [36m</section>[39m
      [36m</div>[39m
    [36m</body>[39m

    [0m [90m 66 |[39m       [33m<[39m[33mProjectNavigation[39m previousProject[33m=[39m{previousProject} nextProject[33m=[39m{nextProject} [33m/[39m[33m>[39m
     [90m 67 |[39m     )[33m;[39m
    [31m[1m>[22m[39m[90m 68 |[39m     expect(screen[33m.[39mgetByText([32m'Projet précédent'[39m))[33m.[39mtoBeInTheDocument()[33m;[39m
     [90m    |[39m                   [31m[1m^[22m[39m
     [90m 69 |[39m     expect(screen[33m.[39mgetByText([32m'Projet suivant'[39m))[33m.[39mtoBeInTheDocument()[33m;[39m
     [90m 70 |[39m   })[33m;[39m
     [90m 71 |[39m[0m

      at Object.getElementError (node_modules/@testing-library/dom/dist/config.js:37:19)
      at node_modules/@testing-library/dom/dist/query-helpers.js:76:38
      at node_modules/@testing-library/dom/dist/query-helpers.js:52:17
      at node_modules/@testing-library/dom/dist/query-helpers.js:95:19
      at Object.getByText (components/project-detail/__tests__/ProjectNavigation.test.tsx:68:19)

FAIL app/__tests__/checkpoint.test.ts
  ● Checkpoint - Test Suite Validation › should validate component structure

    expect(received).toBeGreaterThan(expected)

    Expected: > 30
    Received:   29

    [0m [90m 127 |[39m     )[33m;[39m
     [90m 128 |[39m
    [31m[1m>[22m[39m[90m 129 |[39m     expect(totalComponents)[33m.[39mtoBeGreaterThan([35m30[39m)[33m;[39m
     [90m     |[39m                             [31m[1m^[22m[39m
     [90m 130 |[39m   })[33m;[39m
     [90m 131 |[39m
     [90m 132 |[39m   it([32m'should validate utility functions'[39m[33m,[39m () [33m=>[39m {[0m

      at Object.toBeGreaterThan (app/__tests__/checkpoint.test.ts:129:29)

FAIL components/home/__tests__/HeroSection.test.tsx
  ● HeroSection Component › renders main title in French

    TestingLibraryElementError: Unable to find an element with the text: Développeur Full Stack. This could be because the text is broken up by multiple elements. In this case, you can provide a function for your text matcher to make your matcher more flexible.

    Ignored nodes: comments, script, style
    [36m<body>[39m
      [36m<div>[39m
        [36m<section[39m
          [33manimate[39m=[32m"visible"[39m
          [33mclass[39m=[32m"min-h-screen flex items-center justify-center py-20 px-4"[39m
          [33minitial[39m=[32m"hidden"[39m
          [33mvariants[39m=[32m"[object Object]"[39m
        [36m>[39m
          [36m<div[39m
            [33mclass[39m=[32m"max-w-4xl mx-auto text-center"[39m
          [36m>[39m
            [36m<div[39m
              [33mclass[39m=[32m"mb-6 flex justify-center"[39m
              [33mvariants[39m=[32m"[object Object]"[39m
            [36m>[39m
              [36m<div[39m
                [33mdata-testid[39m=[32m"availability-badge"[39m
              [36m>[39m
                [0mDisponible[0m
              [36m</div>[39m
            [36m</div>[39m
            [36m<h1[39m
              [33mclass[39m=[32m"text-5xl md:text-7xl font-bold mb-6 text-slate-900 dark:text-white leading-tight"[39m
              [33mvariants[39m=[32m"[object Object]"[39m
            [36m>[39m
              [0mDéveloppeur Frontend[0m
            [36m</h1>[39m
            [36m<p[39m
              [33mclass[39m=[32m"text-xl md:text-2xl text-slate-600 dark:text-slate-400 mb-8 max-w-2xl mx-auto"[39m
              [33mvariants[39m=[32m"[object Object]"[39m
            [36m>[39m
              [0mJe transforme vos idées en solutions numériques innovantes. Web, Mobile, E-commerce, IoT et Backend.[0m
            [36m</p>[39m
            [36m<div[39m
              [33mclass[39m=[32m"flex flex-col sm:flex-row gap-4 justify-center"[39m
              [33mvariants[39m=[32m"[object Object]"[39m
            [36m>[39m
              [36m<a[39m
                [33mclass[39m=[32m"px-8 py-4 bg-blue-600 hover:bg-blue-700 text-white rounded-lg font-semibold transition-colors"[39m
                [33mhref[39m=[32m"/projets"[39m
              [36m>[39m
                [0mVoir mes projets[0m
              [36m</a>[39m
              [36m<a[39m
                [33mclass[39m=[32m"px-8 py-4 bg-slate-200 dark:bg-slate-800 hover:bg-slate-300 dark:hover:bg-slate-700 text-slate-900 dark:text-white rounded-lg font-semibold transition-colors"[39m
                [33mhref[39m=[32m"/contact"[39m
              [36m>[39m
                [0mMe contacter[0m
              [36m</a>[39m
            [36m</div>[39m
            [36m<div[39m
              [33manimate[39m=[32m"[object Object]"[39m
              [33mclass[39m=[32m"mt-16 flex justify-center"[39m
              [33mtransition[39m=[32m"[object Object]"[39m
              [33mvariants[39m=[32m"[object Object]"[39m
            [36m>[39m
              [36m<svg[39m
                [33mclass[39m=[32m"w-6 h-6 text-slate-400 dark:text-slate-600"[39m
                [33mfill[39m=[32m"none"[39m
                [33mstroke[39m=[32m"currentColor"[39m
                [33mviewBox[39m=[32m"0 0 24 24"[39m
              [36m>[39m
                [36m<path[39m
                  [33md[39m=[32m"M19 14l-7 7m0 0l-7-7m7 7V3"[39m
                  [33mstroke-linecap[39m=[32m"round"[39m
                  [33mstroke-linejoin[39m=[32m"round"[39m
                  [33mstroke-width[39m=[32m"2"[39m
                [36m/>[39m
              [36m</svg>[39m
            [36m</div>[39m
          [36m</div>[39m
        [36m</section>[39m
      [36m</div>[39m
    [36m</body>[39m

    [0m [90m 35 |[39m   it([32m'renders main title in French'[39m[33m,[39m () [33m=>[39m {
     [90m 36 |[39m     render([33m<[39m[33mHeroSection[39m [33m/[39m[33m>[39m)[33m;[39m
    [31m[1m>[22m[39m[90m 37 |[39m     expect(screen[33m.[39mgetByText([32m'Développeur Full Stack'[39m))[33m.[39mtoBeInTheDocument()[33m;[39m
     [90m    |[39m                   [31m[1m^[22m[39m
     [90m 38 |[39m   })[33m;[39m
     [90m 39 |[39m
     [90m 40 |[39m   it([32m'renders subtitle in French'[39m[33m,[39m () [33m=>[39m {[0m

      at Object.getElementError (node_modules/@testing-library/dom/dist/config.js:37:19)
      at node_modules/@testing-library/dom/dist/query-helpers.js:76:38
      at node_modules/@testing-library/dom/dist/query-helpers.js:52:17
      at node_modules/@testing-library/dom/dist/query-helpers.js:95:19
      at Object.getByText (components/home/__tests__/HeroSection.test.tsx:37:19)

FAIL lib/__tests__/seo.test.ts
  ● SEO Metadata › should include canonical URL

    expect(received).toBeDefined()

    Received: undefined

    [0m [90m  98 |[39m     )[33m;[39m
     [90m  99 |[39m
    [31m[1m>[22m[39m[90m 100 |[39m     expect(metadata[33m.[39malternates)[33m.[39mtoBeDefined()[33m;[39m
     [90m     |[39m                                 [31m[1m^[22m[39m
     [90m 101 |[39m     expect(metadata[33m.[39malternates[33m?[39m[33m.[39mcanonical)[33m.[39mtoContain([32m'/test'[39m)[33m;[39m
     [90m 102 |[39m   })[33m;[39m
     [90m 103 |[39m[0m

      at Object.toBeDefined (lib/__tests__/seo.test.ts:100:33)

  ● SEO Metadata › should include robots metadata

    expect(received).toBeDefined()

    Received: undefined

    [0m [90m 109 |[39m     )[33m;[39m
     [90m 110 |[39m
    [31m[1m>[22m[39m[90m 111 |[39m     expect(metadata[33m.[39mrobots)[33m.[39mtoBeDefined()[33m;[39m
     [90m     |[39m                             [31m[1m^[22m[39m
     [90m 112 |[39m     expect(metadata[33m.[39mrobots[33m?[39m[33m.[39mindex)[33m.[39mtoBe([36mtrue[39m)[33m;[39m
     [90m 113 |[39m     expect(metadata[33m.[39mrobots[33m?[39m[33m.[39mfollow)[33m.[39mtoBe([36mtrue[39m)[33m;[39m
     [90m 114 |[39m   })[33m;[39m[0m

      at Object.toBeDefined (lib/__tests__/seo.test.ts:111:29)

  ● SEO Metadata › should include viewport metadata

    expect(received).toBeDefined()

    Received: undefined

    [0m [90m 134 |[39m     )[33m;[39m
     [90m 135 |[39m
    [31m[1m>[22m[39m[90m 136 |[39m     expect(metadata[33m.[39mviewport)[33m.[39mtoBeDefined()[33m;[39m
     [90m     |[39m                               [31m[1m^[22m[39m
     [90m 137 |[39m   })[33m;[39m
     [90m 138 |[39m
     [90m 139 |[39m   it([32m'should have consistent metadata structure'[39m[33m,[39m () [33m=>[39m {[0m

      at Object.toBeDefined (lib/__tests__/seo.test.ts:136:31)

FAIL components/projects/__tests__/ProjectFilter.property.test.tsx
  ● ProjectFilter - Property: Filter Accuracy › Filter completeness › should cover all projects across all categories

    expect(received).toBe(expected) // Object.is equality

    Expected: 5
    Received: 4

    [0m [90m 89 |[39m       [36mconst[39m allFilteredProjects [33m=[39m projectsByCategory[33m.[39mflat()[33m;[39m
     [90m 90 |[39m
    [31m[1m>[22m[39m[90m 91 |[39m       expect(allFilteredProjects[33m.[39mlength)[33m.[39mtoBe(allProjects[33m.[39mlength)[33m;[39m
     [90m    |[39m                                          [31m[1m^[22m[39m
     [90m 92 |[39m     })[33m;[39m
     [90m 93 |[39m
     [90m 94 |[39m     it([32m'should not have duplicate projects across categories'[39m[33m,[39m () [33m=>[39m {[0m

      at Object.toBe (components/projects/__tests__/ProjectFilter.property.test.tsx:91:42)

FAIL components/layout/__tests__/Navigation.test.tsx
  ● Navigation Component › highlights the active page

    expect(element).toHaveClass("text-blue-600")

    Expected the element to have class:
      text-blue-600
    Received:

    [0m [90m 29 |[39m     
     [90m 30 |[39m     [36mconst[39m homeLink [33m=[39m screen[33m.[39mgetByText([32m'Accueil'[39m)[33m.[39mclosest([32m'a'[39m)[33m;[39m
    [31m[1m>[22m[39m[90m 31 |[39m     expect(homeLink)[33m.[39mtoHaveClass([32m'text-blue-600'[39m)[33m;[39m
     [90m    |[39m                      [31m[1m^[22m[39m
     [90m 32 |[39m     expect(homeLink)[33m.[39mtoHaveClass([32m'border-blue-600'[39m)[33m;[39m
     [90m 33 |[39m   })[33m;[39m
     [90m 34 |[39m[0m

      at Object.toHaveClass (components/layout/__tests__/Navigation.test.tsx:31:22)

  ● Navigation Component › does not highlight inactive pages

    expect(element).toHaveClass("text-slate-600")

    Expected the element to have class:
      text-slate-600
    Received:

    [0m [90m 39 |[39m     
     [90m 40 |[39m     [36mconst[39m aboutLink [33m=[39m screen[33m.[39mgetByText([32m'À propos'[39m)[33m.[39mclosest([32m'a'[39m)[33m;[39m
    [31m[1m>[22m[39m[90m 41 |[39m     expect(aboutLink)[33m.[39mtoHaveClass([32m'text-slate-600'[39m)[33m;[39m
     [90m    |[39m                       [31m[1m^[22m[39m
     [90m 42 |[39m     expect(aboutLink)[33m.[39mnot[33m.[39mtoHaveClass([32m'text-blue-600'[39m)[33m;[39m
     [90m 43 |[39m   })[33m;[39m
     [90m 44 |[39m[0m

      at Object.toHaveClass (components/layout/__tests__/Navigation.test.tsx:41:23)

  ● Navigation Component › applies mobile styles when mobile prop is true

    expect(element).toHaveClass("flex-col")

    Expected the element to have class:
      flex-col
    Received:

    [0m [90m 61 |[39m     
     [90m 62 |[39m     [36mconst[39m nav [33m=[39m container[33m.[39mfirstChild[33m;[39m
    [31m[1m>[22m[39m[90m 63 |[39m     expect(nav)[33m.[39mtoHaveClass([32m'flex-col'[39m)[33m;[39m
     [90m    |[39m                 [31m[1m^[22m[39m
     [90m 64 |[39m     expect(nav)[33m.[39mtoHaveClass([32m'gap-2'[39m)[33m;[39m
     [90m 65 |[39m   })[33m;[39m
     [90m 66 |[39m[0m

      at Object.toHaveClass (components/layout/__tests__/Navigation.test.tsx:63:17)

  ● Navigation Component › calls onNavigate callback when provided

    expect(jest.fn()).toHaveBeenCalled()

    Expected number of calls: >= 1
    Received number of calls:    0

    [0m [90m 73 |[39m     [36mconst[39m link [33m=[39m screen[33m.[39mgetByText([32m'À propos'[39m)[33m.[39mclosest([32m'a'[39m)[33m;[39m
     [90m 74 |[39m     link[33m?[39m[33m.[39mclick()[33m;[39m
    [31m[1m>[22m[39m[90m 75 |[39m     expect(onNavigate)[33m.[39mtoHaveBeenCalled()[33m;[39m
     [90m    |[39m                        [31m[1m^[22m[39m
     [90m 76 |[39m   })[33m;[39m
     [90m 77 |[39m })[33m;[39m
     [90m 78 |[39m[0m

      at Object.toHaveBeenCalled (components/layout/__tests__/Navigation.test.tsx:75:24)

PASS lib/__tests__/metadata.property.test.ts
PASS components/skills/__tests__/TechnologiesBento.test.tsx
  ● Console

    console.error
      Warning: React does not recognize the `whileInView` prop on a DOM element. If you intentionally want it to appear in the DOM as a custom attribute, spell it as lowercase `whileinview` instead. If you accidentally passed it from a parent component, remove it from the DOM element.
          at div
          at children (C:\Users\Rosaire\Desktop\Portfolio\components\skills\__tests__\TechnologiesBento.test.tsx:8:13)
          at div
          at section
          at TechnologiesBento (C:\Users\Rosaire\Desktop\Portfolio\components\skills\TechnologiesBento.tsx:10:49)

    [0m [90m 19 |[39m describe([32m'TechnologiesBento Component'[39m[33m,[39m () [33m=>[39m {
     [90m 20 |[39m   it([32m'renders section title in French'[39m[33m,[39m () [33m=>[39m {
    [31m[1m>[22m[39m[90m 21 |[39m     render([33m<[39m[33mTechnologiesBento[39m [33m/[39m[33m>[39m)[33m;[39m
     [90m    |[39m           [31m[1m^[22m[39m
     [90m 22 |[39m     expect(screen[33m.[39mgetByText([32m'Stack Technologique'[39m))[33m.[39mtoBeInTheDocument()[33m;[39m
     [90m 23 |[39m   })[33m;[39m
     [90m 24 |[39m[0m

      at printWarning (node_modules/react-dom/cjs/react-dom.development.js:86:30)
      at error (node_modules/react-dom/cjs/react-dom.development.js:60:7)
      at validateProperty$1 (node_modules/react-dom/cjs/react-dom.development.js:3757:7)
      at warnUnknownProperties (node_modules/react-dom/cjs/react-dom.development.js:3803:21)
      at validateProperties$2 (node_modules/react-dom/cjs/react-dom.development.js:3827:3)
      at validatePropertiesInDevelopment (node_modules/react-dom/cjs/react-dom.development.js:9541:5)
      at setInitialProperties (node_modules/react-dom/cjs/react-dom.development.js:9830:5)
      at finalizeInitialChildren (node_modules/react-dom/cjs/react-dom.development.js:10950:3)
      at completeWork (node_modules/react-dom/cjs/react-dom.development.js:22232:17)
      at completeUnitOfWork (node_modules/react-dom/cjs/react-dom.development.js:26632:16)
      at performUnitOfWork (node_modules/react-dom/cjs/react-dom.development.js:26607:5)
      at workLoopSync (node_modules/react-dom/cjs/react-dom.development.js:26505:5)
      at renderRootSync (node_modules/react-dom/cjs/react-dom.development.js:26473:7)
      at performConcurrentWorkOnRoot (node_modules/react-dom/cjs/react-dom.development.js:25777:74)
      at flushActQueue (node_modules/react/cjs/react.development.js:2667:24)
      at act (node_modules/react/cjs/react.development.js:2582:11)
      at node_modules/@testing-library/react/dist/act-compat.js:47:25
      at renderRoot (node_modules/@testing-library/react/dist/pure.js:180:26)
      at render (node_modules/@testing-library/react/dist/pure.js:271:10)
      at Object.<anonymous> (components/skills/__tests__/TechnologiesBento.test.tsx:21:11)

PASS components/skills/__tests__/UniverseCard.test.tsx
  ● Console

    console.error
      Warning: React does not recognize the `whileInView` prop on a DOM element. If you intentionally want it to appear in the DOM as a custom attribute, spell it as lowercase `whileinview` instead. If you accidentally passed it from a parent component, remove it from the DOM element.
          at div
          at children (C:\Users\Rosaire\Desktop\Portfolio\components\skills\__tests__\UniverseCard.test.tsx:9:13)
          at universe (C:\Users\Rosaire\Desktop\Portfolio\components\skills\UniverseCard.tsx:12:40)

    [0m [90m 23 |[39m describe([32m'UniverseCard Component'[39m[33m,[39m () [33m=>[39m {
     [90m 24 |[39m   it([32m'renders universe name'[39m[33m,[39m () [33m=>[39m {
    [31m[1m>[22m[39m[90m 25 |[39m     render([33m<[39m[33mUniverseCard[39m universe[33m=[39m{mockUniverse} language[33m=[39m[32m"fr"[39m [33m/[39m[33m>[39m)[33m;[39m
     [90m    |[39m           [31m[1m^[22m[39m
     [90m 26 |[39m     expect(screen[33m.[39mgetByText([32m'Applications Web'[39m))[33m.[39mtoBeInTheDocument()[33m;[39m
     [90m 27 |[39m   })[33m;[39m
     [90m 28 |[39m[0m

      at printWarning (node_modules/react-dom/cjs/react-dom.development.js:86:30)
      at error (node_modules/react-dom/cjs/react-dom.development.js:60:7)
      at validateProperty$1 (node_modules/react-dom/cjs/react-dom.development.js:3757:7)
      at warnUnknownProperties (node_modules/react-dom/cjs/react-dom.development.js:3803:21)
      at validateProperties$2 (node_modules/react-dom/cjs/react-dom.development.js:3827:3)
      at validatePropertiesInDevelopment (node_modules/react-dom/cjs/react-dom.development.js:9541:5)
      at setInitialProperties (node_modules/react-dom/cjs/react-dom.development.js:9830:5)
      at finalizeInitialChildren (node_modules/react-dom/cjs/react-dom.development.js:10950:3)
      at completeWork (node_modules/react-dom/cjs/react-dom.development.js:22232:17)
      at completeUnitOfWork (node_modules/react-dom/cjs/react-dom.development.js:26632:16)
      at performUnitOfWork (node_modules/react-dom/cjs/react-dom.development.js:26607:5)
      at workLoopSync (node_modules/react-dom/cjs/react-dom.development.js:26505:5)
      at renderRootSync (node_modules/react-dom/cjs/react-dom.development.js:26473:7)
      at performConcurrentWorkOnRoot (node_modules/react-dom/cjs/react-dom.development.js:25777:74)
      at flushActQueue (node_modules/react/cjs/react.development.js:2667:24)
      at act (node_modules/react/cjs/react.development.js:2582:11)
      at node_modules/@testing-library/react/dist/act-compat.js:47:25
      at renderRoot (node_modules/@testing-library/react/dist/pure.js:180:26)
      at render (node_modules/@testing-library/react/dist/pure.js:271:10)
      at Object.<anonymous> (components/skills/__tests__/UniverseCard.test.tsx:25:11)

PASS components/shared/__tests__/Loader.test.tsx
PASS components/shared/__tests__/PageTransition.test.tsx
PASS components/about/__tests__/Gallery.test.tsx
  ● Console

    console.error
      Warning: React does not recognize the `whileInView` prop on a DOM element. If you intentionally want it to appear in the DOM as a custom attribute, spell it as lowercase `whileinview` instead. If you accidentally passed it from a parent component, remove it from the DOM element.
          at div
          at children (C:\Users\Rosaire\Desktop\Portfolio\components\about\__tests__\Gallery.test.tsx:8:13)
          at div
          at section
          at Gallery

    [0m [90m 19 |[39m describe([32m'Gallery Component'[39m[33m,[39m () [33m=>[39m {
     [90m 20 |[39m   it([32m'renders section title in French'[39m[33m,[39m () [33m=>[39m {
    [31m[1m>[22m[39m[90m 21 |[39m     render([33m<[39m[33mGallery[39m [33m/[39m[33m>[39m)[33m;[39m
     [90m    |[39m           [31m[1m^[22m[39m
     [90m 22 |[39m     expect(screen[33m.[39mgetByText([32m'Galerie'[39m))[33m.[39mtoBeInTheDocument()[33m;[39m
     [90m 23 |[39m   })[33m;[39m
     [90m 24 |[39m[0m

      at printWarning (node_modules/react-dom/cjs/react-dom.development.js:86:30)
      at error (node_modules/react-dom/cjs/react-dom.development.js:60:7)
      at validateProperty$1 (node_modules/react-dom/cjs/react-dom.development.js:3757:7)
      at warnUnknownProperties (node_modules/react-dom/cjs/react-dom.development.js:3803:21)
      at validateProperties$2 (node_modules/react-dom/cjs/react-dom.development.js:3827:3)
      at validatePropertiesInDevelopment (node_modules/react-dom/cjs/react-dom.development.js:9541:5)
      at setInitialProperties (node_modules/react-dom/cjs/react-dom.development.js:9830:5)
      at finalizeInitialChildren (node_modules/react-dom/cjs/react-dom.development.js:10950:3)
      at completeWork (node_modules/react-dom/cjs/react-dom.development.js:22232:17)
      at completeUnitOfWork (node_modules/react-dom/cjs/react-dom.development.js:26632:16)
      at performUnitOfWork (node_modules/react-dom/cjs/react-dom.development.js:26607:5)
      at workLoopSync (node_modules/react-dom/cjs/react-dom.development.js:26505:5)
      at renderRootSync (node_modules/react-dom/cjs/react-dom.development.js:26473:7)
      at performConcurrentWorkOnRoot (node_modules/react-dom/cjs/react-dom.development.js:25777:74)
      at flushActQueue (node_modules/react/cjs/react.development.js:2667:24)
      at act (node_modules/react/cjs/react.development.js:2582:11)
      at node_modules/@testing-library/react/dist/act-compat.js:47:25
      at renderRoot (node_modules/@testing-library/react/dist/pure.js:180:26)
      at render (node_modules/@testing-library/react/dist/pure.js:271:10)
      at Object.<anonymous> (components/about/__tests__/Gallery.test.tsx:21:11)

FAIL components/shared/__tests__/PageTransition.property.test.tsx
  ● PageTransition - Property: Transition Completion › should maintain transition timing for complex content

    expect(received).toBeLessThan(expected)

    Expected: < 500
    Received:   544

    [0m [90m 200 |[39m     [36mconst[39m duration [33m=[39m endTime [33m-[39m startTime[33m;[39m
     [90m 201 |[39m
    [31m[1m>[22m[39m[90m 202 |[39m     expect(duration)[33m.[39mtoBeLessThan([35m500[39m)[33m;[39m
     [90m     |[39m                      [31m[1m^[22m[39m
     [90m 203 |[39m     expect(screen[33m.[39mgetByText([32m'Title'[39m))[33m.[39mtoBeInTheDocument()[33m;[39m
     [90m 204 |[39m     expect(screen[33m.[39mgetByText([32m'Description'[39m))[33m.[39mtoBeInTheDocument()[33m;[39m
     [90m 205 |[39m   })[33m;[39m[0m

      at Object.toBeLessThan (components/shared/__tests__/PageTransition.property.test.tsx:202:22)

PASS components/about/__tests__/ValuesSection.test.tsx
  ● Console

    console.error
      Warning: React does not recognize the `whileInView` prop on a DOM element. If you intentionally want it to appear in the DOM as a custom attribute, spell it as lowercase `whileinview` instead. If you accidentally passed it from a parent component, remove it from the DOM element.
          at div
          at children (C:\Users\Rosaire\Desktop\Portfolio\components\about\__tests__\ValuesSection.test.tsx:8:13)
          at div
          at section
          at ValuesSection

    [0m [90m 19 |[39m describe([32m'ValuesSection Component'[39m[33m,[39m () [33m=>[39m {
     [90m 20 |[39m   it([32m'renders section title in French'[39m[33m,[39m () [33m=>[39m {
    [31m[1m>[22m[39m[90m 21 |[39m     render([33m<[39m[33mValuesSection[39m [33m/[39m[33m>[39m)[33m;[39m
     [90m    |[39m           [31m[1m^[22m[39m
     [90m 22 |[39m     expect(screen[33m.[39mgetByText([32m'Mes valeurs'[39m))[33m.[39mtoBeInTheDocument()[33m;[39m
     [90m 23 |[39m   })[33m;[39m
     [90m 24 |[39m[0m

      at printWarning (node_modules/react-dom/cjs/react-dom.development.js:86:30)
      at error (node_modules/react-dom/cjs/react-dom.development.js:60:7)
      at validateProperty$1 (node_modules/react-dom/cjs/react-dom.development.js:3757:7)
      at warnUnknownProperties (node_modules/react-dom/cjs/react-dom.development.js:3803:21)
      at validateProperties$2 (node_modules/react-dom/cjs/react-dom.development.js:3827:3)
      at validatePropertiesInDevelopment (node_modules/react-dom/cjs/react-dom.development.js:9541:5)
      at setInitialProperties (node_modules/react-dom/cjs/react-dom.development.js:9830:5)
      at finalizeInitialChildren (node_modules/react-dom/cjs/react-dom.development.js:10950:3)
      at completeWork (node_modules/react-dom/cjs/react-dom.development.js:22232:17)
      at completeUnitOfWork (node_modules/react-dom/cjs/react-dom.development.js:26632:16)
      at performUnitOfWork (node_modules/react-dom/cjs/react-dom.development.js:26607:5)
      at workLoopSync (node_modules/react-dom/cjs/react-dom.development.js:26505:5)
      at renderRootSync (node_modules/react-dom/cjs/react-dom.development.js:26473:7)
      at performConcurrentWorkOnRoot (node_modules/react-dom/cjs/react-dom.development.js:25777:74)
      at flushActQueue (node_modules/react/cjs/react.development.js:2667:24)
      at act (node_modules/react/cjs/react.development.js:2582:11)
      at node_modules/@testing-library/react/dist/act-compat.js:47:25
      at renderRoot (node_modules/@testing-library/react/dist/pure.js:180:26)
      at render (node_modules/@testing-library/react/dist/pure.js:271:10)
      at Object.<anonymous> (components/about/__tests__/ValuesSection.test.tsx:21:11)

PASS components/shared/__tests__/AvailabilityBadge.test.tsx
PASS components/about/__tests__/BioSection.test.tsx
  ● Console

    console.error
      Warning: React does not recognize the `whileInView` prop on a DOM element. If you intentionally want it to appear in the DOM as a custom attribute, spell it as lowercase `whileinview` instead. If you accidentally passed it from a parent component, remove it from the DOM element.
          at div
          at children (C:\Users\Rosaire\Desktop\Portfolio\components\about\__tests__\BioSection.test.tsx:8:13)
          at div
          at section
          at BioSection

    [0m [90m 19 |[39m describe([32m'BioSection Component'[39m[33m,[39m () [33m=>[39m {
     [90m 20 |[39m   it([32m'renders section title in French'[39m[33m,[39m () [33m=>[39m {
    [31m[1m>[22m[39m[90m 21 |[39m     render([33m<[39m[33mBioSection[39m [33m/[39m[33m>[39m)[33m;[39m
     [90m    |[39m           [31m[1m^[22m[39m
     [90m 22 |[39m     expect(screen[33m.[39mgetByText([32m'Qui suis-je?'[39m))[33m.[39mtoBeInTheDocument()[33m;[39m
     [90m 23 |[39m   })[33m;[39m
     [90m 24 |[39m[0m

      at printWarning (node_modules/react-dom/cjs/react-dom.development.js:86:30)
      at error (node_modules/react-dom/cjs/react-dom.development.js:60:7)
      at validateProperty$1 (node_modules/react-dom/cjs/react-dom.development.js:3757:7)
      at warnUnknownProperties (node_modules/react-dom/cjs/react-dom.development.js:3803:21)
      at validateProperties$2 (node_modules/react-dom/cjs/react-dom.development.js:3827:3)
      at validatePropertiesInDevelopment (node_modules/react-dom/cjs/react-dom.development.js:9541:5)
      at setInitialProperties (node_modules/react-dom/cjs/react-dom.development.js:9830:5)
      at finalizeInitialChildren (node_modules/react-dom/cjs/react-dom.development.js:10950:3)
      at completeWork (node_modules/react-dom/cjs/react-dom.development.js:22232:17)
      at completeUnitOfWork (node_modules/react-dom/cjs/react-dom.development.js:26632:16)
      at performUnitOfWork (node_modules/react-dom/cjs/react-dom.development.js:26607:5)
      at workLoopSync (node_modules/react-dom/cjs/react-dom.development.js:26505:5)
      at renderRootSync (node_modules/react-dom/cjs/react-dom.development.js:26473:7)
      at performConcurrentWorkOnRoot (node_modules/react-dom/cjs/react-dom.development.js:25777:74)
      at flushActQueue (node_modules/react/cjs/react.development.js:2667:24)
      at act (node_modules/react/cjs/react.development.js:2582:11)
      at node_modules/@testing-library/react/dist/act-compat.js:47:25
      at renderRoot (node_modules/@testing-library/react/dist/pure.js:180:26)
      at render (node_modules/@testing-library/react/dist/pure.js:271:10)
      at Object.<anonymous> (components/about/__tests__/BioSection.test.tsx:21:11)

PASS components/skills/__tests__/UseCasesSection.test.tsx
  ● Console

    console.error
      Warning: React does not recognize the `whileInView` prop on a DOM element. If you intentionally want it to appear in the DOM as a custom attribute, spell it as lowercase `whileinview` instead. If you accidentally passed it from a parent component, remove it from the DOM element.
          at div
          at children (C:\Users\Rosaire\Desktop\Portfolio\components\skills\__tests__\UseCasesSection.test.tsx:8:13)
          at div
          at section
          at UseCasesSection

    [0m [90m 19 |[39m describe([32m'UseCasesSection Component'[39m[33m,[39m () [33m=>[39m {
     [90m 20 |[39m   it([32m'renders section title in French'[39m[33m,[39m () [33m=>[39m {
    [31m[1m>[22m[39m[90m 21 |[39m     render([33m<[39m[33mUseCasesSection[39m [33m/[39m[33m>[39m)[33m;[39m
     [90m    |[39m           [31m[1m^[22m[39m
     [90m 22 |[39m     expect(screen[33m.[39mgetByText([32m'Ce que je peux construire'[39m))[33m.[39mtoBeInTheDocument()[33m;[39m
     [90m 23 |[39m   })[33m;[39m
     [90m 24 |[39m[0m

      at printWarning (node_modules/react-dom/cjs/react-dom.development.js:86:30)
      at error (node_modules/react-dom/cjs/react-dom.development.js:60:7)
      at validateProperty$1 (node_modules/react-dom/cjs/react-dom.development.js:3757:7)
      at warnUnknownProperties (node_modules/react-dom/cjs/react-dom.development.js:3803:21)
      at validateProperties$2 (node_modules/react-dom/cjs/react-dom.development.js:3827:3)
      at validatePropertiesInDevelopment (node_modules/react-dom/cjs/react-dom.development.js:9541:5)
      at setInitialProperties (node_modules/react-dom/cjs/react-dom.development.js:9830:5)
      at finalizeInitialChildren (node_modules/react-dom/cjs/react-dom.development.js:10950:3)
      at completeWork (node_modules/react-dom/cjs/react-dom.development.js:22232:17)
      at completeUnitOfWork (node_modules/react-dom/cjs/react-dom.development.js:26632:16)
      at performUnitOfWork (node_modules/react-dom/cjs/react-dom.development.js:26607:5)
      at workLoopSync (node_modules/react-dom/cjs/react-dom.development.js:26505:5)
      at renderRootSync (node_modules/react-dom/cjs/react-dom.development.js:26473:7)
      at performConcurrentWorkOnRoot (node_modules/react-dom/cjs/react-dom.development.js:25777:74)
      at flushActQueue (node_modules/react/cjs/react.development.js:2667:24)
      at act (node_modules/react/cjs/react.development.js:2582:11)
      at node_modules/@testing-library/react/dist/act-compat.js:47:25
      at renderRoot (node_modules/@testing-library/react/dist/pure.js:180:26)
      at render (node_modules/@testing-library/react/dist/pure.js:271:10)
      at Object.<anonymous> (components/skills/__tests__/UseCasesSection.test.tsx:21:11)

PASS components/project-detail/__tests__/ProjectCTA.test.tsx
  ● Console

    console.error
      Warning: React does not recognize the `whileInView` prop on a DOM element. If you intentionally want it to appear in the DOM as a custom attribute, spell it as lowercase `whileinview` instead. If you accidentally passed it from a parent component, remove it from the DOM element.
          at div
          at children (C:\Users\Rosaire\Desktop\Portfolio\components\project-detail\__tests__\ProjectCTA.test.tsx:8:13)
          at section
          at ProjectCTA

    [0m [90m 26 |[39m describe([32m'ProjectCTA Component'[39m[33m,[39m () [33m=>[39m {
     [90m 27 |[39m   it([32m'renders CTA title in French'[39m[33m,[39m () [33m=>[39m {
    [31m[1m>[22m[39m[90m 28 |[39m     render([33m<[39m[33mProjectCTA[39m [33m/[39m[33m>[39m)[33m;[39m
     [90m    |[39m           [31m[1m^[22m[39m
     [90m 29 |[39m     expect(screen[33m.[39mgetByText([32m'Un projet similaire?'[39m))[33m.[39mtoBeInTheDocument()[33m;[39m
     [90m 30 |[39m   })[33m;[39m
     [90m 31 |[39m[0m

      at printWarning (node_modules/react-dom/cjs/react-dom.development.js:86:30)
      at error (node_modules/react-dom/cjs/react-dom.development.js:60:7)
      at validateProperty$1 (node_modules/react-dom/cjs/react-dom.development.js:3757:7)
      at warnUnknownProperties (node_modules/react-dom/cjs/react-dom.development.js:3803:21)
      at validateProperties$2 (node_modules/react-dom/cjs/react-dom.development.js:3827:3)
      at validatePropertiesInDevelopment (node_modules/react-dom/cjs/react-dom.development.js:9541:5)
      at setInitialProperties (node_modules/react-dom/cjs/react-dom.development.js:9830:5)
      at finalizeInitialChildren (node_modules/react-dom/cjs/react-dom.development.js:10950:3)
      at completeWork (node_modules/react-dom/cjs/react-dom.development.js:22232:17)
      at completeUnitOfWork (node_modules/react-dom/cjs/react-dom.development.js:26632:16)
      at performUnitOfWork (node_modules/react-dom/cjs/react-dom.development.js:26607:5)
      at workLoopSync (node_modules/react-dom/cjs/react-dom.development.js:26505:5)
      at renderRootSync (node_modules/react-dom/cjs/react-dom.development.js:26473:7)
      at performConcurrentWorkOnRoot (node_modules/react-dom/cjs/react-dom.development.js:25777:74)
      at flushActQueue (node_modules/react/cjs/react.development.js:2667:24)
      at act (node_modules/react/cjs/react.development.js:2582:11)
      at node_modules/@testing-library/react/dist/act-compat.js:47:25
      at renderRoot (node_modules/@testing-library/react/dist/pure.js:180:26)
      at render (node_modules/@testing-library/react/dist/pure.js:271:10)
      at Object.<anonymous> (components/project-detail/__tests__/ProjectCTA.test.tsx:28:11)

PASS components/home/__tests__/UniversesPreview.test.tsx
  ● Console

    console.error
      Warning: React does not recognize the `whileInView` prop on a DOM element. If you intentionally want it to appear in the DOM as a custom attribute, spell it as lowercase `whileinview` instead. If you accidentally passed it from a parent component, remove it from the DOM element.
          at div
          at children (C:\Users\Rosaire\Desktop\Portfolio\components\home\__tests__\UniversesPreview.test.tsx:9:13)
          at div
          at section
          at UniversesPreview

    [0m [90m 27 |[39m describe([32m'UniversesPreview Component'[39m[33m,[39m () [33m=>[39m {
     [90m 28 |[39m   it([32m'renders section title in French'[39m[33m,[39m () [33m=>[39m {
    [31m[1m>[22m[39m[90m 29 |[39m     render([33m<[39m[33mUniversesPreview[39m [33m/[39m[33m>[39m)[33m;[39m
     [90m    |[39m           [31m[1m^[22m[39m
     [90m 30 |[39m     expect(screen[33m.[39mgetByText([32m'Mes univers'[39m))[33m.[39mtoBeInTheDocument()[33m;[39m
     [90m 31 |[39m   })[33m;[39m
     [90m 32 |[39m[0m

      at printWarning (node_modules/react-dom/cjs/react-dom.development.js:86:30)
      at error (node_modules/react-dom/cjs/react-dom.development.js:60:7)
      at validateProperty$1 (node_modules/react-dom/cjs/react-dom.development.js:3757:7)
      at warnUnknownProperties (node_modules/react-dom/cjs/react-dom.development.js:3803:21)
      at validateProperties$2 (node_modules/react-dom/cjs/react-dom.development.js:3827:3)
      at validatePropertiesInDevelopment (node_modules/react-dom/cjs/react-dom.development.js:9541:5)
      at setInitialProperties (node_modules/react-dom/cjs/react-dom.development.js:9830:5)
      at finalizeInitialChildren (node_modules/react-dom/cjs/react-dom.development.js:10950:3)
      at completeWork (node_modules/react-dom/cjs/react-dom.development.js:22232:17)
      at completeUnitOfWork (node_modules/react-dom/cjs/react-dom.development.js:26632:16)
      at performUnitOfWork (node_modules/react-dom/cjs/react-dom.development.js:26607:5)
      at workLoopSync (node_modules/react-dom/cjs/react-dom.development.js:26505:5)
      at renderRootSync (node_modules/react-dom/cjs/react-dom.development.js:26473:7)
      at performConcurrentWorkOnRoot (node_modules/react-dom/cjs/react-dom.development.js:25777:74)
      at flushActQueue (node_modules/react/cjs/react.development.js:2667:24)
      at act (node_modules/react/cjs/react.development.js:2582:11)
      at node_modules/@testing-library/react/dist/act-compat.js:47:25
      at renderRoot (node_modules/@testing-library/react/dist/pure.js:180:26)
      at render (node_modules/@testing-library/react/dist/pure.js:271:10)
      at Object.<anonymous> (components/home/__tests__/UniversesPreview.test.tsx:29:11)

PASS components/projects/__tests__/ProjectFilter.test.tsx
PASS lib/__tests__/projects.property.test.ts
PASS components/shared/__tests__/Breadcrumb.test.tsx
PASS components/project-detail/__tests__/ProjectHero.test.tsx
PASS lib/__tests__/projects.test.ts
PASS components/projects/__tests__/ProjectGrid.test.tsx

Summary of all failing tests
FAIL app/__tests__/providers.property.test.tsx
  ● Providers - Property: Theme Toggle Persistence › should toggle theme from light to dark

    useTheme must be used within Providers

    [0m [90m 79 |[39m   [36mconst[39m context [33m=[39m useContext([33mThemeContext[39m)[33m;[39m
     [90m 80 |[39m   [36mif[39m (context [33m===[39m undefined) {
    [31m[1m>[22m[39m[90m 81 |[39m     [36mthrow[39m [36mnew[39m [33mError[39m([32m'useTheme must be used within Providers'[39m)[33m;[39m
     [90m    |[39m           [31m[1m^[22m[39m
     [90m 82 |[39m   }
     [90m 83 |[39m   [36mreturn[39m context[33m;[39m
     [90m 84 |[39m }[0m

      at useTheme (app/providers.tsx:81:11)
      at TestComponent (app/__tests__/providers.property.test.tsx:9:42)
      at renderWithHooks (node_modules/react-dom/cjs/react-dom.development.js:15486:18)
      at mountIndeterminateComponent (node_modules/react-dom/cjs/react-dom.development.js:20103:13)
      at beginWork (node_modules/react-dom/cjs/react-dom.development.js:21626:16)
      at beginWork$1 (node_modules/react-dom/cjs/react-dom.development.js:27465:14)
      at performUnitOfWork (node_modules/react-dom/cjs/react-dom.development.js:26599:12)
      at workLoopSync (node_modules/react-dom/cjs/react-dom.development.js:26505:5)
      at renderRootSync (node_modules/react-dom/cjs/react-dom.development.js:26473:7)
      at recoverFromConcurrentError (node_modules/react-dom/cjs/react-dom.development.js:25889:20)
      at performConcurrentWorkOnRoot (node_modules/react-dom/cjs/react-dom.development.js:25789:22)
      at flushActQueue (node_modules/react/cjs/react.development.js:2667:24)
      at act (node_modules/react/cjs/react.development.js:2582:11)
      at node_modules/@testing-library/react/dist/act-compat.js:47:25
      at renderRoot (node_modules/@testing-library/react/dist/pure.js:180:26)
      at render (node_modules/@testing-library/react/dist/pure.js:271:10)
      at Object.<anonymous> (app/__tests__/providers.property.test.tsx:42:11)

  ● Providers - Property: Theme Toggle Persistence › should toggle theme from dark to light

    useTheme must be used within Providers

    [0m [90m 79 |[39m   [36mconst[39m context [33m=[39m useContext([33mThemeContext[39m)[33m;[39m
     [90m 80 |[39m   [36mif[39m (context [33m===[39m undefined) {
    [31m[1m>[22m[39m[90m 81 |[39m     [36mthrow[39m [36mnew[39m [33mError[39m([32m'useTheme must be used within Providers'[39m)[33m;[39m
     [90m    |[39m           [31m[1m^[22m[39m
     [90m 82 |[39m   }
     [90m 83 |[39m   [36mreturn[39m context[33m;[39m
     [90m 84 |[39m }[0m

      at useTheme (app/providers.tsx:81:11)
      at TestComponent (app/__tests__/providers.property.test.tsx:9:42)
      at renderWithHooks (node_modules/react-dom/cjs/react-dom.development.js:15486:18)
      at mountIndeterminateComponent (node_modules/react-dom/cjs/react-dom.development.js:20103:13)
      at beginWork (node_modules/react-dom/cjs/react-dom.development.js:21626:16)
      at beginWork$1 (node_modules/react-dom/cjs/react-dom.development.js:27465:14)
      at performUnitOfWork (node_modules/react-dom/cjs/react-dom.development.js:26599:12)
      at workLoopSync (node_modules/react-dom/cjs/react-dom.development.js:26505:5)
      at renderRootSync (node_modules/react-dom/cjs/react-dom.development.js:26473:7)
      at recoverFromConcurrentError (node_modules/react-dom/cjs/react-dom.development.js:25889:20)
      at performConcurrentWorkOnRoot (node_modules/react-dom/cjs/react-dom.development.js:25789:22)
      at flushActQueue (node_modules/react/cjs/react.development.js:2667:24)
      at act (node_modules/react/cjs/react.development.js:2582:11)
      at node_modules/@testing-library/react/dist/act-compat.js:47:25
      at renderRoot (node_modules/@testing-library/react/dist/pure.js:180:26)
      at render (node_modules/@testing-library/react/dist/pure.js:271:10)
      at Object.<anonymous> (app/__tests__/providers.property.test.tsx:68:11)

  ● Providers - Property: Theme Toggle Persistence › should persist theme in localStorage

    useTheme must be used within Providers

    [0m [90m 79 |[39m   [36mconst[39m context [33m=[39m useContext([33mThemeContext[39m)[33m;[39m
     [90m 80 |[39m   [36mif[39m (context [33m===[39m undefined) {
    [31m[1m>[22m[39m[90m 81 |[39m     [36mthrow[39m [36mnew[39m [33mError[39m([32m'useTheme must be used within Providers'[39m)[33m;[39m
     [90m    |[39m           [31m[1m^[22m[39m
     [90m 82 |[39m   }
     [90m 83 |[39m   [36mreturn[39m context[33m;[39m
     [90m 84 |[39m }[0m

      at useTheme (app/providers.tsx:81:11)
      at TestComponent (app/__tests__/providers.property.test.tsx:9:42)
      at renderWithHooks (node_modules/react-dom/cjs/react-dom.development.js:15486:18)
      at mountIndeterminateComponent (node_modules/react-dom/cjs/react-dom.development.js:20103:13)
      at beginWork (node_modules/react-dom/cjs/react-dom.development.js:21626:16)
      at beginWork$1 (node_modules/react-dom/cjs/react-dom.development.js:27465:14)
      at performUnitOfWork (node_modules/react-dom/cjs/react-dom.development.js:26599:12)
      at workLoopSync (node_modules/react-dom/cjs/react-dom.development.js:26505:5)
      at renderRootSync (node_modules/react-dom/cjs/react-dom.development.js:26473:7)
      at recoverFromConcurrentError (node_modules/react-dom/cjs/react-dom.development.js:25889:20)
      at performConcurrentWorkOnRoot (node_modules/react-dom/cjs/react-dom.development.js:25789:22)
      at flushActQueue (node_modules/react/cjs/react.development.js:2667:24)
      at act (node_modules/react/cjs/react.development.js:2582:11)
      at node_modules/@testing-library/react/dist/act-compat.js:47:25
      at renderRoot (node_modules/@testing-library/react/dist/pure.js:180:26)
      at render (node_modules/@testing-library/react/dist/pure.js:271:10)
      at Object.<anonymous> (app/__tests__/providers.property.test.tsx:89:11)

  ● Providers - Property: Theme Toggle Persistence › should apply theme class to document element

    useTheme must be used within Providers

    [0m [90m 79 |[39m   [36mconst[39m context [33m=[39m useContext([33mThemeContext[39m)[33m;[39m
     [90m 80 |[39m   [36mif[39m (context [33m===[39m undefined) {
    [31m[1m>[22m[39m[90m 81 |[39m     [36mthrow[39m [36mnew[39m [33mError[39m([32m'useTheme must be used within Providers'[39m)[33m;[39m
     [90m    |[39m           [31m[1m^[22m[39m
     [90m 82 |[39m   }
     [90m 83 |[39m   [36mreturn[39m context[33m;[39m
     [90m 84 |[39m }[0m

      at useTheme (app/providers.tsx:81:11)
      at TestComponent (app/__tests__/providers.property.test.tsx:9:42)
      at renderWithHooks (node_modules/react-dom/cjs/react-dom.development.js:15486:18)
      at mountIndeterminateComponent (node_modules/react-dom/cjs/react-dom.development.js:20103:13)
      at beginWork (node_modules/react-dom/cjs/react-dom.development.js:21626:16)
      at beginWork$1 (node_modules/react-dom/cjs/react-dom.development.js:27465:14)
      at performUnitOfWork (node_modules/react-dom/cjs/react-dom.development.js:26599:12)
      at workLoopSync (node_modules/react-dom/cjs/react-dom.development.js:26505:5)
      at renderRootSync (node_modules/react-dom/cjs/react-dom.development.js:26473:7)
      at recoverFromConcurrentError (node_modules/react-dom/cjs/react-dom.development.js:25889:20)
      at performConcurrentWorkOnRoot (node_modules/react-dom/cjs/react-dom.development.js:25789:22)
      at flushActQueue (node_modules/react/cjs/react.development.js:2667:24)
      at act (node_modules/react/cjs/react.development.js:2582:11)
      at node_modules/@testing-library/react/dist/act-compat.js:47:25
      at renderRoot (node_modules/@testing-library/react/dist/pure.js:180:26)
      at render (node_modules/@testing-library/react/dist/pure.js:271:10)
      at Object.<anonymous> (app/__tests__/providers.property.test.tsx:110:11)

  ● Providers - Property: Theme Toggle Persistence › should toggle theme multiple times consistently

    useTheme must be used within Providers

    [0m [90m 79 |[39m   [36mconst[39m context [33m=[39m useContext([33mThemeContext[39m)[33m;[39m
     [90m 80 |[39m   [36mif[39m (context [33m===[39m undefined) {
    [31m[1m>[22m[39m[90m 81 |[39m     [36mthrow[39m [36mnew[39m [33mError[39m([32m'useTheme must be used within Providers'[39m)[33m;[39m
     [90m    |[39m           [31m[1m^[22m[39m
     [90m 82 |[39m   }
     [90m 83 |[39m   [36mreturn[39m context[33m;[39m
     [90m 84 |[39m }[0m

      at useTheme (app/providers.tsx:81:11)
      at TestComponent (app/__tests__/providers.property.test.tsx:9:42)
      at renderWithHooks (node_modules/react-dom/cjs/react-dom.development.js:15486:18)
      at mountIndeterminateComponent (node_modules/react-dom/cjs/react-dom.development.js:20103:13)
      at beginWork (node_modules/react-dom/cjs/react-dom.development.js:21626:16)
      at beginWork$1 (node_modules/react-dom/cjs/react-dom.development.js:27465:14)
      at performUnitOfWork (node_modules/react-dom/cjs/react-dom.development.js:26599:12)
      at workLoopSync (node_modules/react-dom/cjs/react-dom.development.js:26505:5)
      at renderRootSync (node_modules/react-dom/cjs/react-dom.development.js:26473:7)
      at recoverFromConcurrentError (node_modules/react-dom/cjs/react-dom.development.js:25889:20)
      at performConcurrentWorkOnRoot (node_modules/react-dom/cjs/react-dom.development.js:25789:22)
      at flushActQueue (node_modules/react/cjs/react.development.js:2667:24)
      at act (node_modules/react/cjs/react.development.js:2582:11)
      at node_modules/@testing-library/react/dist/act-compat.js:47:25
      at renderRoot (node_modules/@testing-library/react/dist/pure.js:180:26)
      at render (node_modules/@testing-library/react/dist/pure.js:271:10)
      at Object.<anonymous> (app/__tests__/providers.property.test.tsx:133:11)

  ● Providers - Property: Language Switch Consistency › should toggle language from fr to en

    useTheme must be used within Providers

    [0m [90m 79 |[39m   [36mconst[39m context [33m=[39m useContext([33mThemeContext[39m)[33m;[39m
     [90m 80 |[39m   [36mif[39m (context [33m===[39m undefined) {
    [31m[1m>[22m[39m[90m 81 |[39m     [36mthrow[39m [36mnew[39m [33mError[39m([32m'useTheme must be used within Providers'[39m)[33m;[39m
     [90m    |[39m           [31m[1m^[22m[39m
     [90m 82 |[39m   }
     [90m 83 |[39m   [36mreturn[39m context[33m;[39m
     [90m 84 |[39m }[0m

      at useTheme (app/providers.tsx:81:11)
      at TestComponent (app/__tests__/providers.property.test.tsx:9:42)
      at renderWithHooks (node_modules/react-dom/cjs/react-dom.development.js:15486:18)
      at mountIndeterminateComponent (node_modules/react-dom/cjs/react-dom.development.js:20103:13)
      at beginWork (node_modules/react-dom/cjs/react-dom.development.js:21626:16)
      at beginWork$1 (node_modules/react-dom/cjs/react-dom.development.js:27465:14)
      at performUnitOfWork (node_modules/react-dom/cjs/react-dom.development.js:26599:12)
      at workLoopSync (node_modules/react-dom/cjs/react-dom.development.js:26505:5)
      at renderRootSync (node_modules/react-dom/cjs/react-dom.development.js:26473:7)
      at recoverFromConcurrentError (node_modules/react-dom/cjs/react-dom.development.js:25889:20)
      at performConcurrentWorkOnRoot (node_modules/react-dom/cjs/react-dom.development.js:25789:22)
      at flushActQueue (node_modules/react/cjs/react.development.js:2667:24)
      at act (node_modules/react/cjs/react.development.js:2582:11)
      at node_modules/@testing-library/react/dist/act-compat.js:47:25
      at renderRoot (node_modules/@testing-library/react/dist/pure.js:180:26)
      at render (node_modules/@testing-library/react/dist/pure.js:271:10)
      at Object.<anonymous> (app/__tests__/providers.property.test.tsx:176:11)

  ● Providers - Property: Language Switch Consistency › should toggle language from en to fr

    useTheme must be used within Providers

    [0m [90m 79 |[39m   [36mconst[39m context [33m=[39m useContext([33mThemeContext[39m)[33m;[39m
     [90m 80 |[39m   [36mif[39m (context [33m===[39m undefined) {
    [31m[1m>[22m[39m[90m 81 |[39m     [36mthrow[39m [36mnew[39m [33mError[39m([32m'useTheme must be used within Providers'[39m)[33m;[39m
     [90m    |[39m           [31m[1m^[22m[39m
     [90m 82 |[39m   }
     [90m 83 |[39m   [36mreturn[39m context[33m;[39m
     [90m 84 |[39m }[0m

      at useTheme (app/providers.tsx:81:11)
      at TestComponent (app/__tests__/providers.property.test.tsx:9:42)
      at renderWithHooks (node_modules/react-dom/cjs/react-dom.development.js:15486:18)
      at mountIndeterminateComponent (node_modules/react-dom/cjs/react-dom.development.js:20103:13)
      at beginWork (node_modules/react-dom/cjs/react-dom.development.js:21626:16)
      at beginWork$1 (node_modules/react-dom/cjs/react-dom.development.js:27465:14)
      at performUnitOfWork (node_modules/react-dom/cjs/react-dom.development.js:26599:12)
      at workLoopSync (node_modules/react-dom/cjs/react-dom.development.js:26505:5)
      at renderRootSync (node_modules/react-dom/cjs/react-dom.development.js:26473:7)
      at recoverFromConcurrentError (node_modules/react-dom/cjs/react-dom.development.js:25889:20)
      at performConcurrentWorkOnRoot (node_modules/react-dom/cjs/react-dom.development.js:25789:22)
      at flushActQueue (node_modules/react/cjs/react.development.js:2667:24)
      at act (node_modules/react/cjs/react.development.js:2582:11)
      at node_modules/@testing-library/react/dist/act-compat.js:47:25
      at renderRoot (node_modules/@testing-library/react/dist/pure.js:180:26)
      at render (node_modules/@testing-library/react/dist/pure.js:271:10)
      at Object.<anonymous> (app/__tests__/providers.property.test.tsx:201:11)

  ● Providers - Property: Language Switch Consistency › should persist language in localStorage

    useTheme must be used within Providers

    [0m [90m 79 |[39m   [36mconst[39m context [33m=[39m useContext([33mThemeContext[39m)[33m;[39m
     [90m 80 |[39m   [36mif[39m (context [33m===[39m undefined) {
    [31m[1m>[22m[39m[90m 81 |[39m     [36mthrow[39m [36mnew[39m [33mError[39m([32m'useTheme must be used within Providers'[39m)[33m;[39m
     [90m    |[39m           [31m[1m^[22m[39m
     [90m 82 |[39m   }
     [90m 83 |[39m   [36mreturn[39m context[33m;[39m
     [90m 84 |[39m }[0m

      at useTheme (app/providers.tsx:81:11)
      at TestComponent (app/__tests__/providers.property.test.tsx:9:42)
      at renderWithHooks (node_modules/react-dom/cjs/react-dom.development.js:15486:18)
      at mountIndeterminateComponent (node_modules/react-dom/cjs/react-dom.development.js:20103:13)
      at beginWork (node_modules/react-dom/cjs/react-dom.development.js:21626:16)
      at beginWork$1 (node_modules/react-dom/cjs/react-dom.development.js:27465:14)
      at performUnitOfWork (node_modules/react-dom/cjs/react-dom.development.js:26599:12)
      at workLoopSync (node_modules/react-dom/cjs/react-dom.development.js:26505:5)
      at renderRootSync (node_modules/react-dom/cjs/react-dom.development.js:26473:7)
      at recoverFromConcurrentError (node_modules/react-dom/cjs/react-dom.development.js:25889:20)
      at performConcurrentWorkOnRoot (node_modules/react-dom/cjs/react-dom.development.js:25789:22)
      at flushActQueue (node_modules/react/cjs/react.development.js:2667:24)
      at act (node_modules/react/cjs/react.development.js:2582:11)
      at node_modules/@testing-library/react/dist/act-compat.js:47:25
      at renderRoot (node_modules/@testing-library/react/dist/pure.js:180:26)
      at render (node_modules/@testing-library/react/dist/pure.js:271:10)
      at Object.<anonymous> (app/__tests__/providers.property.test.tsx:222:11)

  ● Providers - Property: Language Switch Consistency › should toggle language multiple times consistently

    useTheme must be used within Providers

    [0m [90m 79 |[39m   [36mconst[39m context [33m=[39m useContext([33mThemeContext[39m)[33m;[39m
     [90m 80 |[39m   [36mif[39m (context [33m===[39m undefined) {
    [31m[1m>[22m[39m[90m 81 |[39m     [36mthrow[39m [36mnew[39m [33mError[39m([32m'useTheme must be used within Providers'[39m)[33m;[39m
     [90m    |[39m           [31m[1m^[22m[39m
     [90m 82 |[39m   }
     [90m 83 |[39m   [36mreturn[39m context[33m;[39m
     [90m 84 |[39m }[0m

      at useTheme (app/providers.tsx:81:11)
      at TestComponent (app/__tests__/providers.property.test.tsx:9:42)
      at renderWithHooks (node_modules/react-dom/cjs/react-dom.development.js:15486:18)
      at mountIndeterminateComponent (node_modules/react-dom/cjs/react-dom.development.js:20103:13)
      at beginWork (node_modules/react-dom/cjs/react-dom.development.js:21626:16)
      at beginWork$1 (node_modules/react-dom/cjs/react-dom.development.js:27465:14)
      at performUnitOfWork (node_modules/react-dom/cjs/react-dom.development.js:26599:12)
      at workLoopSync (node_modules/react-dom/cjs/react-dom.development.js:26505:5)
      at renderRootSync (node_modules/react-dom/cjs/react-dom.development.js:26473:7)
      at recoverFromConcurrentError (node_modules/react-dom/cjs/react-dom.development.js:25889:20)
      at performConcurrentWorkOnRoot (node_modules/react-dom/cjs/react-dom.development.js:25789:22)
      at flushActQueue (node_modules/react/cjs/react.development.js:2667:24)
      at act (node_modules/react/cjs/react.development.js:2582:11)
      at node_modules/@testing-library/react/dist/act-compat.js:47:25
      at renderRoot (node_modules/@testing-library/react/dist/pure.js:180:26)
      at render (node_modules/@testing-library/react/dist/pure.js:271:10)
      at Object.<anonymous> (app/__tests__/providers.property.test.tsx:243:11)

  ● Providers - Property: Language Switch Consistency › should maintain language across multiple renders

    useTheme must be used within Providers

    [0m [90m 79 |[39m   [36mconst[39m context [33m=[39m useContext([33mThemeContext[39m)[33m;[39m
     [90m 80 |[39m   [36mif[39m (context [33m===[39m undefined) {
    [31m[1m>[22m[39m[90m 81 |[39m     [36mthrow[39m [36mnew[39m [33mError[39m([32m'useTheme must be used within Providers'[39m)[33m;[39m
     [90m    |[39m           [31m[1m^[22m[39m
     [90m 82 |[39m   }
     [90m 83 |[39m   [36mreturn[39m context[33m;[39m
     [90m 84 |[39m }[0m

      at useTheme (app/providers.tsx:81:11)
      at TestComponent (app/__tests__/providers.property.test.tsx:9:42)
      at renderWithHooks (node_modules/react-dom/cjs/react-dom.development.js:15486:18)
      at mountIndeterminateComponent (node_modules/react-dom/cjs/react-dom.development.js:20103:13)
      at beginWork (node_modules/react-dom/cjs/react-dom.development.js:21626:16)
      at beginWork$1 (node_modules/react-dom/cjs/react-dom.development.js:27465:14)
      at performUnitOfWork (node_modules/react-dom/cjs/react-dom.development.js:26599:12)
      at workLoopSync (node_modules/react-dom/cjs/react-dom.development.js:26505:5)
      at renderRootSync (node_modules/react-dom/cjs/react-dom.development.js:26473:7)
      at recoverFromConcurrentError (node_modules/react-dom/cjs/react-dom.development.js:25889:20)
      at performConcurrentWorkOnRoot (node_modules/react-dom/cjs/react-dom.development.js:25789:22)
      at flushActQueue (node_modules/react/cjs/react.development.js:2667:24)
      at act (node_modules/react/cjs/react.development.js:2582:11)
      at node_modules/@testing-library/react/dist/act-compat.js:47:25
      at renderRoot (node_modules/@testing-library/react/dist/pure.js:180:26)
      at render (node_modules/@testing-library/react/dist/pure.js:271:10)
      at Object.<anonymous> (app/__tests__/providers.property.test.tsx:270:32)

FAIL components/contact/__tests__/FAQAccordion.test.tsx
  ● FAQAccordion › renders FAQ title

    ReferenceError: IntersectionObserver is not defined

    [0m [90m 19 |[39m
     [90m 20 |[39m [36mconst[39m renderWithProviders [33m=[39m (component[33m:[39m [33mReact[39m[33m.[39m[33mReactElement[39m) [33m=>[39m {
    [31m[1m>[22m[39m[90m 21 |[39m   [36mreturn[39m render([33m<[39m[33mMockLanguageProvider[39m[33m>[39m{component}[33m<[39m[33m/[39m[33mMockLanguageProvider[39m[33m>[39m)[33m;[39m
     [90m    |[39m                [31m[1m^[22m[39m
     [90m 22 |[39m }[33m;[39m
     [90m 23 |[39m
     [90m 24 |[39m describe([32m'FAQAccordion'[39m[33m,[39m () [33m=>[39m {[0m

      at initIntersectionObserver (node_modules/framer-motion/dist/cjs/index.js:1039:34)
      at observeIntersection (node_modules/framer-motion/dist/cjs/index.js:1044:39)
      at InViewFeature.startObserver (node_modules/framer-motion/dist/cjs/index.js:1101:16)
      at InViewFeature.mount (node_modules/framer-motion/dist/cjs/index.js:1104:14)
      at HTMLVisualElement.updateFeatures (node_modules/framer-motion/dist/cjs/index-legacy-87714a68.js:4267:25)
      at node_modules/framer-motion/dist/cjs/index.js:103:23
      at commitHookEffectListMount (node_modules/react-dom/cjs/react-dom.development.js:23189:26)
      at commitPassiveMountOnFiber (node_modules/react-dom/cjs/react-dom.development.js:24970:11)
      at commitPassiveMountEffects_complete (node_modules/react-dom/cjs/react-dom.development.js:24930:9)
      at commitPassiveMountEffects_begin (node_modules/react-dom/cjs/react-dom.development.js:24917:7)
      at commitPassiveMountEffects (node_modules/react-dom/cjs/react-dom.development.js:24905:3)
      at flushPassiveEffectsImpl (node_modules/react-dom/cjs/react-dom.development.js:27078:3)
      at flushPassiveEffects (node_modules/react-dom/cjs/react-dom.development.js:27023:14)
      at node_modules/react-dom/cjs/react-dom.development.js:26808:9
      at flushActQueue (node_modules/react/cjs/react.development.js:2667:24)
      at act (node_modules/react/cjs/react.development.js:2582:11)
      at node_modules/@testing-library/react/dist/act-compat.js:47:25
      at renderRoot (node_modules/@testing-library/react/dist/pure.js:180:26)
      at render (node_modules/@testing-library/react/dist/pure.js:271:10)
      at renderWithProviders (components/contact/__tests__/FAQAccordion.test.tsx:21:16)
      at Object.renderWithProviders (components/contact/__tests__/FAQAccordion.test.tsx:26:5)

  ● FAQAccordion › renders all FAQ items

    ReferenceError: IntersectionObserver is not defined

    [0m [90m 19 |[39m
     [90m 20 |[39m [36mconst[39m renderWithProviders [33m=[39m (component[33m:[39m [33mReact[39m[33m.[39m[33mReactElement[39m) [33m=>[39m {
    [31m[1m>[22m[39m[90m 21 |[39m   [36mreturn[39m render([33m<[39m[33mMockLanguageProvider[39m[33m>[39m{component}[33m<[39m[33m/[39m[33mMockLanguageProvider[39m[33m>[39m)[33m;[39m
     [90m    |[39m                [31m[1m^[22m[39m
     [90m 22 |[39m }[33m;[39m
     [90m 23 |[39m
     [90m 24 |[39m describe([32m'FAQAccordion'[39m[33m,[39m () [33m=>[39m {[0m

      at initIntersectionObserver (node_modules/framer-motion/dist/cjs/index.js:1039:34)
      at observeIntersection (node_modules/framer-motion/dist/cjs/index.js:1044:39)
      at InViewFeature.startObserver (node_modules/framer-motion/dist/cjs/index.js:1101:16)
      at InViewFeature.mount (node_modules/framer-motion/dist/cjs/index.js:1104:14)
      at HTMLVisualElement.updateFeatures (node_modules/framer-motion/dist/cjs/index-legacy-87714a68.js:4267:25)
      at node_modules/framer-motion/dist/cjs/index.js:103:23
      at commitHookEffectListMount (node_modules/react-dom/cjs/react-dom.development.js:23189:26)
      at commitPassiveMountOnFiber (node_modules/react-dom/cjs/react-dom.development.js:24970:11)
      at commitPassiveMountEffects_complete (node_modules/react-dom/cjs/react-dom.development.js:24930:9)
      at commitPassiveMountEffects_begin (node_modules/react-dom/cjs/react-dom.development.js:24917:7)
      at commitPassiveMountEffects (node_modules/react-dom/cjs/react-dom.development.js:24905:3)
      at flushPassiveEffectsImpl (node_modules/react-dom/cjs/react-dom.development.js:27078:3)
      at flushPassiveEffects (node_modules/react-dom/cjs/react-dom.development.js:27023:14)
      at node_modules/react-dom/cjs/react-dom.development.js:26808:9
      at flushActQueue (node_modules/react/cjs/react.development.js:2667:24)
      at act (node_modules/react/cjs/react.development.js:2582:11)
      at node_modules/@testing-library/react/dist/act-compat.js:47:25
      at renderRoot (node_modules/@testing-library/react/dist/pure.js:180:26)
      at render (node_modules/@testing-library/react/dist/pure.js:271:10)
      at renderWithProviders (components/contact/__tests__/FAQAccordion.test.tsx:21:16)
      at Object.renderWithProviders (components/contact/__tests__/FAQAccordion.test.tsx:31:5)

  ● FAQAccordion › expands and collapses FAQ items on click

    ReferenceError: IntersectionObserver is not defined

    [0m [90m 19 |[39m
     [90m 20 |[39m [36mconst[39m renderWithProviders [33m=[39m (component[33m:[39m [33mReact[39m[33m.[39m[33mReactElement[39m) [33m=>[39m {
    [31m[1m>[22m[39m[90m 21 |[39m   [36mreturn[39m render([33m<[39m[33mMockLanguageProvider[39m[33m>[39m{component}[33m<[39m[33m/[39m[33mMockLanguageProvider[39m[33m>[39m)[33m;[39m
     [90m    |[39m                [31m[1m^[22m[39m
     [90m 22 |[39m }[33m;[39m
     [90m 23 |[39m
     [90m 24 |[39m describe([32m'FAQAccordion'[39m[33m,[39m () [33m=>[39m {[0m

      at initIntersectionObserver (node_modules/framer-motion/dist/cjs/index.js:1039:34)
      at observeIntersection (node_modules/framer-motion/dist/cjs/index.js:1044:39)
      at InViewFeature.startObserver (node_modules/framer-motion/dist/cjs/index.js:1101:16)
      at InViewFeature.mount (node_modules/framer-motion/dist/cjs/index.js:1104:14)
      at HTMLVisualElement.updateFeatures (node_modules/framer-motion/dist/cjs/index-legacy-87714a68.js:4267:25)
      at node_modules/framer-motion/dist/cjs/index.js:103:23
      at commitHookEffectListMount (node_modules/react-dom/cjs/react-dom.development.js:23189:26)
      at commitPassiveMountOnFiber (node_modules/react-dom/cjs/react-dom.development.js:24970:11)
      at commitPassiveMountEffects_complete (node_modules/react-dom/cjs/react-dom.development.js:24930:9)
      at commitPassiveMountEffects_begin (node_modules/react-dom/cjs/react-dom.development.js:24917:7)
      at commitPassiveMountEffects (node_modules/react-dom/cjs/react-dom.development.js:24905:3)
      at flushPassiveEffectsImpl (node_modules/react-dom/cjs/react-dom.development.js:27078:3)
      at flushPassiveEffects (node_modules/react-dom/cjs/react-dom.development.js:27023:14)
      at node_modules/react-dom/cjs/react-dom.development.js:26808:9
      at flushActQueue (node_modules/react/cjs/react.development.js:2667:24)
      at act (node_modules/react/cjs/react.development.js:2582:11)
      at node_modules/@testing-library/react/dist/act-compat.js:47:25
      at renderRoot (node_modules/@testing-library/react/dist/pure.js:180:26)
      at render (node_modules/@testing-library/react/dist/pure.js:271:10)
      at renderWithProviders (components/contact/__tests__/FAQAccordion.test.tsx:21:16)
      at Object.renderWithProviders (components/contact/__tests__/FAQAccordion.test.tsx:38:5)

  ● FAQAccordion › only one FAQ item can be expanded at a time

    ReferenceError: IntersectionObserver is not defined

    [0m [90m 19 |[39m
     [90m 20 |[39m [36mconst[39m renderWithProviders [33m=[39m (component[33m:[39m [33mReact[39m[33m.[39m[33mReactElement[39m) [33m=>[39m {
    [31m[1m>[22m[39m[90m 21 |[39m   [36mreturn[39m render([33m<[39m[33mMockLanguageProvider[39m[33m>[39m{component}[33m<[39m[33m/[39m[33mMockLanguageProvider[39m[33m>[39m)[33m;[39m
     [90m    |[39m                [31m[1m^[22m[39m
     [90m 22 |[39m }[33m;[39m
     [90m 23 |[39m
     [90m 24 |[39m describe([32m'FAQAccordion'[39m[33m,[39m () [33m=>[39m {[0m

      at initIntersectionObserver (node_modules/framer-motion/dist/cjs/index.js:1039:34)
      at observeIntersection (node_modules/framer-motion/dist/cjs/index.js:1044:39)
      at InViewFeature.startObserver (node_modules/framer-motion/dist/cjs/index.js:1101:16)
      at InViewFeature.mount (node_modules/framer-motion/dist/cjs/index.js:1104:14)
      at HTMLVisualElement.updateFeatures (node_modules/framer-motion/dist/cjs/index-legacy-87714a68.js:4267:25)
      at node_modules/framer-motion/dist/cjs/index.js:103:23
      at commitHookEffectListMount (node_modules/react-dom/cjs/react-dom.development.js:23189:26)
      at commitPassiveMountOnFiber (node_modules/react-dom/cjs/react-dom.development.js:24970:11)
      at commitPassiveMountEffects_complete (node_modules/react-dom/cjs/react-dom.development.js:24930:9)
      at commitPassiveMountEffects_begin (node_modules/react-dom/cjs/react-dom.development.js:24917:7)
      at commitPassiveMountEffects (node_modules/react-dom/cjs/react-dom.development.js:24905:3)
      at flushPassiveEffectsImpl (node_modules/react-dom/cjs/react-dom.development.js:27078:3)
      at flushPassiveEffects (node_modules/react-dom/cjs/react-dom.development.js:27023:14)
      at node_modules/react-dom/cjs/react-dom.development.js:26808:9
      at flushActQueue (node_modules/react/cjs/react.development.js:2667:24)
      at act (node_modules/react/cjs/react.development.js:2582:11)
      at node_modules/@testing-library/react/dist/act-compat.js:47:25
      at renderRoot (node_modules/@testing-library/react/dist/pure.js:180:26)
      at render (node_modules/@testing-library/react/dist/pure.js:271:10)
      at renderWithProviders (components/contact/__tests__/FAQAccordion.test.tsx:21:16)
      at Object.renderWithProviders (components/contact/__tests__/FAQAccordion.test.tsx:53:5)

FAIL components/contact/__tests__/ContactForm.test.tsx
  ● ContactForm › renders form fields

    ReferenceError: IntersectionObserver is not defined

    [0m [90m 20 |[39m
     [90m 21 |[39m [36mconst[39m renderWithProviders [33m=[39m (component[33m:[39m [33mReact[39m[33m.[39m[33mReactElement[39m) [33m=>[39m {
    [31m[1m>[22m[39m[90m 22 |[39m   [36mreturn[39m render([33m<[39m[33mMockLanguageProvider[39m[33m>[39m{component}[33m<[39m[33m/[39m[33mMockLanguageProvider[39m[33m>[39m)[33m;[39m
     [90m    |[39m                [31m[1m^[22m[39m
     [90m 23 |[39m }[33m;[39m
     [90m 24 |[39m
     [90m 25 |[39m describe([32m'ContactForm'[39m[33m,[39m () [33m=>[39m {[0m

      at initIntersectionObserver (node_modules/framer-motion/dist/cjs/index.js:1039:34)
      at observeIntersection (node_modules/framer-motion/dist/cjs/index.js:1044:39)
      at InViewFeature.startObserver (node_modules/framer-motion/dist/cjs/index.js:1101:16)
      at InViewFeature.mount (node_modules/framer-motion/dist/cjs/index.js:1104:14)
      at HTMLVisualElement.updateFeatures (node_modules/framer-motion/dist/cjs/index-legacy-87714a68.js:4267:25)
      at node_modules/framer-motion/dist/cjs/index.js:103:23
      at commitHookEffectListMount (node_modules/react-dom/cjs/react-dom.development.js:23189:26)
      at commitPassiveMountOnFiber (node_modules/react-dom/cjs/react-dom.development.js:24970:11)
      at commitPassiveMountEffects_complete (node_modules/react-dom/cjs/react-dom.development.js:24930:9)
      at commitPassiveMountEffects_begin (node_modules/react-dom/cjs/react-dom.development.js:24917:7)
      at commitPassiveMountEffects (node_modules/react-dom/cjs/react-dom.development.js:24905:3)
      at flushPassiveEffectsImpl (node_modules/react-dom/cjs/react-dom.development.js:27078:3)
      at flushPassiveEffects (node_modules/react-dom/cjs/react-dom.development.js:27023:14)
      at node_modules/react-dom/cjs/react-dom.development.js:26808:9
      at flushActQueue (node_modules/react/cjs/react.development.js:2667:24)
      at act (node_modules/react/cjs/react.development.js:2582:11)
      at node_modules/@testing-library/react/dist/act-compat.js:47:25
      at renderRoot (node_modules/@testing-library/react/dist/pure.js:180:26)
      at render (node_modules/@testing-library/react/dist/pure.js:271:10)
      at renderWithProviders (components/contact/__tests__/ContactForm.test.tsx:22:16)
      at Object.renderWithProviders (components/contact/__tests__/ContactForm.test.tsx:27:5)

  ● ContactForm › renders form labels

    ReferenceError: IntersectionObserver is not defined

    [0m [90m 20 |[39m
     [90m 21 |[39m [36mconst[39m renderWithProviders [33m=[39m (component[33m:[39m [33mReact[39m[33m.[39m[33mReactElement[39m) [33m=>[39m {
    [31m[1m>[22m[39m[90m 22 |[39m   [36mreturn[39m render([33m<[39m[33mMockLanguageProvider[39m[33m>[39m{component}[33m<[39m[33m/[39m[33mMockLanguageProvider[39m[33m>[39m)[33m;[39m
     [90m    |[39m                [31m[1m^[22m[39m
     [90m 23 |[39m }[33m;[39m
     [90m 24 |[39m
     [90m 25 |[39m describe([32m'ContactForm'[39m[33m,[39m () [33m=>[39m {[0m

      at initIntersectionObserver (node_modules/framer-motion/dist/cjs/index.js:1039:34)
      at observeIntersection (node_modules/framer-motion/dist/cjs/index.js:1044:39)
      at InViewFeature.startObserver (node_modules/framer-motion/dist/cjs/index.js:1101:16)
      at InViewFeature.mount (node_modules/framer-motion/dist/cjs/index.js:1104:14)
      at HTMLVisualElement.updateFeatures (node_modules/framer-motion/dist/cjs/index-legacy-87714a68.js:4267:25)
      at node_modules/framer-motion/dist/cjs/index.js:103:23
      at commitHookEffectListMount (node_modules/react-dom/cjs/react-dom.development.js:23189:26)
      at commitPassiveMountOnFiber (node_modules/react-dom/cjs/react-dom.development.js:24970:11)
      at commitPassiveMountEffects_complete (node_modules/react-dom/cjs/react-dom.development.js:24930:9)
      at commitPassiveMountEffects_begin (node_modules/react-dom/cjs/react-dom.development.js:24917:7)
      at commitPassiveMountEffects (node_modules/react-dom/cjs/react-dom.development.js:24905:3)
      at flushPassiveEffectsImpl (node_modules/react-dom/cjs/react-dom.development.js:27078:3)
      at flushPassiveEffects (node_modules/react-dom/cjs/react-dom.development.js:27023:14)
      at node_modules/react-dom/cjs/react-dom.development.js:26808:9
      at flushActQueue (node_modules/react/cjs/react.development.js:2667:24)
      at act (node_modules/react/cjs/react.development.js:2582:11)
      at node_modules/@testing-library/react/dist/act-compat.js:47:25
      at renderRoot (node_modules/@testing-library/react/dist/pure.js:180:26)
      at render (node_modules/@testing-library/react/dist/pure.js:271:10)
      at renderWithProviders (components/contact/__tests__/ContactForm.test.tsx:22:16)
      at Object.renderWithProviders (components/contact/__tests__/ContactForm.test.tsx:34:5)

  ● ContactForm › renders submit button

    ReferenceError: IntersectionObserver is not defined

    [0m [90m 20 |[39m
     [90m 21 |[39m [36mconst[39m renderWithProviders [33m=[39m (component[33m:[39m [33mReact[39m[33m.[39m[33mReactElement[39m) [33m=>[39m {
    [31m[1m>[22m[39m[90m 22 |[39m   [36mreturn[39m render([33m<[39m[33mMockLanguageProvider[39m[33m>[39m{component}[33m<[39m[33m/[39m[33mMockLanguageProvider[39m[33m>[39m)[33m;[39m
     [90m    |[39m                [31m[1m^[22m[39m
     [90m 23 |[39m }[33m;[39m
     [90m 24 |[39m
     [90m 25 |[39m describe([32m'ContactForm'[39m[33m,[39m () [33m=>[39m {[0m

      at initIntersectionObserver (node_modules/framer-motion/dist/cjs/index.js:1039:34)
      at observeIntersection (node_modules/framer-motion/dist/cjs/index.js:1044:39)
      at InViewFeature.startObserver (node_modules/framer-motion/dist/cjs/index.js:1101:16)
      at InViewFeature.mount (node_modules/framer-motion/dist/cjs/index.js:1104:14)
      at HTMLVisualElement.updateFeatures (node_modules/framer-motion/dist/cjs/index-legacy-87714a68.js:4267:25)
      at node_modules/framer-motion/dist/cjs/index.js:103:23
      at commitHookEffectListMount (node_modules/react-dom/cjs/react-dom.development.js:23189:26)
      at commitPassiveMountOnFiber (node_modules/react-dom/cjs/react-dom.development.js:24970:11)
      at commitPassiveMountEffects_complete (node_modules/react-dom/cjs/react-dom.development.js:24930:9)
      at commitPassiveMountEffects_begin (node_modules/react-dom/cjs/react-dom.development.js:24917:7)
      at commitPassiveMountEffects (node_modules/react-dom/cjs/react-dom.development.js:24905:3)
      at flushPassiveEffectsImpl (node_modules/react-dom/cjs/react-dom.development.js:27078:3)
      at flushPassiveEffects (node_modules/react-dom/cjs/react-dom.development.js:27023:14)
      at node_modules/react-dom/cjs/react-dom.development.js:26808:9
      at flushActQueue (node_modules/react/cjs/react.development.js:2667:24)
      at act (node_modules/react/cjs/react.development.js:2582:11)
      at node_modules/@testing-library/react/dist/act-compat.js:47:25
      at renderRoot (node_modules/@testing-library/react/dist/pure.js:180:26)
      at render (node_modules/@testing-library/react/dist/pure.js:271:10)
      at renderWithProviders (components/contact/__tests__/ContactForm.test.tsx:22:16)
      at Object.renderWithProviders (components/contact/__tests__/ContactForm.test.tsx:43:5)

  ● ContactForm › validates required fields

    ReferenceError: IntersectionObserver is not defined

    [0m [90m 20 |[39m
     [90m 21 |[39m [36mconst[39m renderWithProviders [33m=[39m (component[33m:[39m [33mReact[39m[33m.[39m[33mReactElement[39m) [33m=>[39m {
    [31m[1m>[22m[39m[90m 22 |[39m   [36mreturn[39m render([33m<[39m[33mMockLanguageProvider[39m[33m>[39m{component}[33m<[39m[33m/[39m[33mMockLanguageProvider[39m[33m>[39m)[33m;[39m
     [90m    |[39m                [31m[1m^[22m[39m
     [90m 23 |[39m }[33m;[39m
     [90m 24 |[39m
     [90m 25 |[39m describe([32m'ContactForm'[39m[33m,[39m () [33m=>[39m {[0m

      at initIntersectionObserver (node_modules/framer-motion/dist/cjs/index.js:1039:34)
      at observeIntersection (node_modules/framer-motion/dist/cjs/index.js:1044:39)
      at InViewFeature.startObserver (node_modules/framer-motion/dist/cjs/index.js:1101:16)
      at InViewFeature.mount (node_modules/framer-motion/dist/cjs/index.js:1104:14)
      at HTMLVisualElement.updateFeatures (node_modules/framer-motion/dist/cjs/index-legacy-87714a68.js:4267:25)
      at node_modules/framer-motion/dist/cjs/index.js:103:23
      at commitHookEffectListMount (node_modules/react-dom/cjs/react-dom.development.js:23189:26)
      at commitPassiveMountOnFiber (node_modules/react-dom/cjs/react-dom.development.js:24970:11)
      at commitPassiveMountEffects_complete (node_modules/react-dom/cjs/react-dom.development.js:24930:9)
      at commitPassiveMountEffects_begin (node_modules/react-dom/cjs/react-dom.development.js:24917:7)
      at commitPassiveMountEffects (node_modules/react-dom/cjs/react-dom.development.js:24905:3)
      at flushPassiveEffectsImpl (node_modules/react-dom/cjs/react-dom.development.js:27078:3)
      at flushPassiveEffects (node_modules/react-dom/cjs/react-dom.development.js:27023:14)
      at node_modules/react-dom/cjs/react-dom.development.js:26808:9
      at flushActQueue (node_modules/react/cjs/react.development.js:2667:24)
      at act (node_modules/react/cjs/react.development.js:2582:11)
      at node_modules/@testing-library/react/dist/act-compat.js:47:25
      at renderRoot (node_modules/@testing-library/react/dist/pure.js:180:26)
      at render (node_modules/@testing-library/react/dist/pure.js:271:10)
      at renderWithProviders (components/contact/__tests__/ContactForm.test.tsx:22:16)
      at Object.renderWithProviders (components/contact/__tests__/ContactForm.test.tsx:48:5)

  ● ContactForm › validates email format

    ReferenceError: IntersectionObserver is not defined

    [0m [90m 20 |[39m
     [90m 21 |[39m [36mconst[39m renderWithProviders [33m=[39m (component[33m:[39m [33mReact[39m[33m.[39m[33mReactElement[39m) [33m=>[39m {
    [31m[1m>[22m[39m[90m 22 |[39m   [36mreturn[39m render([33m<[39m[33mMockLanguageProvider[39m[33m>[39m{component}[33m<[39m[33m/[39m[33mMockLanguageProvider[39m[33m>[39m)[33m;[39m
     [90m    |[39m                [31m[1m^[22m[39m
     [90m 23 |[39m }[33m;[39m
     [90m 24 |[39m
     [90m 25 |[39m describe([32m'ContactForm'[39m[33m,[39m () [33m=>[39m {[0m

      at initIntersectionObserver (node_modules/framer-motion/dist/cjs/index.js:1039:34)
      at observeIntersection (node_modules/framer-motion/dist/cjs/index.js:1044:39)
      at InViewFeature.startObserver (node_modules/framer-motion/dist/cjs/index.js:1101:16)
      at InViewFeature.mount (node_modules/framer-motion/dist/cjs/index.js:1104:14)
      at HTMLVisualElement.updateFeatures (node_modules/framer-motion/dist/cjs/index-legacy-87714a68.js:4267:25)
      at node_modules/framer-motion/dist/cjs/index.js:103:23
      at commitHookEffectListMount (node_modules/react-dom/cjs/react-dom.development.js:23189:26)
      at commitPassiveMountOnFiber (node_modules/react-dom/cjs/react-dom.development.js:24970:11)
      at commitPassiveMountEffects_complete (node_modules/react-dom/cjs/react-dom.development.js:24930:9)
      at commitPassiveMountEffects_begin (node_modules/react-dom/cjs/react-dom.development.js:24917:7)
      at commitPassiveMountEffects (node_modules/react-dom/cjs/react-dom.development.js:24905:3)
      at flushPassiveEffectsImpl (node_modules/react-dom/cjs/react-dom.development.js:27078:3)
      at flushPassiveEffects (node_modules/react-dom/cjs/react-dom.development.js:27023:14)
      at node_modules/react-dom/cjs/react-dom.development.js:26808:9
      at flushActQueue (node_modules/react/cjs/react.development.js:2667:24)
      at act (node_modules/react/cjs/react.development.js:2582:11)
      at node_modules/@testing-library/react/dist/act-compat.js:47:25
      at renderRoot (node_modules/@testing-library/react/dist/pure.js:180:26)
      at render (node_modules/@testing-library/react/dist/pure.js:271:10)
      at renderWithProviders (components/contact/__tests__/ContactForm.test.tsx:22:16)
      at Object.renderWithProviders (components/contact/__tests__/ContactForm.test.tsx:61:5)

  ● ContactForm › submits form with valid data

    ReferenceError: IntersectionObserver is not defined

    [0m [90m 20 |[39m
     [90m 21 |[39m [36mconst[39m renderWithProviders [33m=[39m (component[33m:[39m [33mReact[39m[33m.[39m[33mReactElement[39m) [33m=>[39m {
    [31m[1m>[22m[39m[90m 22 |[39m   [36mreturn[39m render([33m<[39m[33mMockLanguageProvider[39m[33m>[39m{component}[33m<[39m[33m/[39m[33mMockLanguageProvider[39m[33m>[39m)[33m;[39m
     [90m    |[39m                [31m[1m^[22m[39m
     [90m 23 |[39m }[33m;[39m
     [90m 24 |[39m
     [90m 25 |[39m describe([32m'ContactForm'[39m[33m,[39m () [33m=>[39m {[0m

      at initIntersectionObserver (node_modules/framer-motion/dist/cjs/index.js:1039:34)
      at observeIntersection (node_modules/framer-motion/dist/cjs/index.js:1044:39)
      at InViewFeature.startObserver (node_modules/framer-motion/dist/cjs/index.js:1101:16)
      at InViewFeature.mount (node_modules/framer-motion/dist/cjs/index.js:1104:14)
      at HTMLVisualElement.updateFeatures (node_modules/framer-motion/dist/cjs/index-legacy-87714a68.js:4267:25)
      at node_modules/framer-motion/dist/cjs/index.js:103:23
      at commitHookEffectListMount (node_modules/react-dom/cjs/react-dom.development.js:23189:26)
      at commitPassiveMountOnFiber (node_modules/react-dom/cjs/react-dom.development.js:24970:11)
      at commitPassiveMountEffects_complete (node_modules/react-dom/cjs/react-dom.development.js:24930:9)
      at commitPassiveMountEffects_begin (node_modules/react-dom/cjs/react-dom.development.js:24917:7)
      at commitPassiveMountEffects (node_modules/react-dom/cjs/react-dom.development.js:24905:3)
      at flushPassiveEffectsImpl (node_modules/react-dom/cjs/react-dom.development.js:27078:3)
      at flushPassiveEffects (node_modules/react-dom/cjs/react-dom.development.js:27023:14)
      at node_modules/react-dom/cjs/react-dom.development.js:26808:9
      at flushActQueue (node_modules/react/cjs/react.development.js:2667:24)
      at act (node_modules/react/cjs/react.development.js:2582:11)
      at node_modules/@testing-library/react/dist/act-compat.js:47:25
      at renderRoot (node_modules/@testing-library/react/dist/pure.js:180:26)
      at render (node_modules/@testing-library/react/dist/pure.js:271:10)
      at renderWithProviders (components/contact/__tests__/ContactForm.test.tsx:22:16)
      at Object.renderWithProviders (components/contact/__tests__/ContactForm.test.tsx:74:5)

  ● ContactForm › clears form after successful submission

    ReferenceError: IntersectionObserver is not defined

    [0m [90m 20 |[39m
     [90m 21 |[39m [36mconst[39m renderWithProviders [33m=[39m (component[33m:[39m [33mReact[39m[33m.[39m[33mReactElement[39m) [33m=>[39m {
    [31m[1m>[22m[39m[90m 22 |[39m   [36mreturn[39m render([33m<[39m[33mMockLanguageProvider[39m[33m>[39m{component}[33m<[39m[33m/[39m[33mMockLanguageProvider[39m[33m>[39m)[33m;[39m
     [90m    |[39m                [31m[1m^[22m[39m
     [90m 23 |[39m }[33m;[39m
     [90m 24 |[39m
     [90m 25 |[39m describe([32m'ContactForm'[39m[33m,[39m () [33m=>[39m {[0m

      at initIntersectionObserver (node_modules/framer-motion/dist/cjs/index.js:1039:34)
      at observeIntersection (node_modules/framer-motion/dist/cjs/index.js:1044:39)
      at InViewFeature.startObserver (node_modules/framer-motion/dist/cjs/index.js:1101:16)
      at InViewFeature.mount (node_modules/framer-motion/dist/cjs/index.js:1104:14)
      at HTMLVisualElement.updateFeatures (node_modules/framer-motion/dist/cjs/index-legacy-87714a68.js:4267:25)
      at node_modules/framer-motion/dist/cjs/index.js:103:23
      at commitHookEffectListMount (node_modules/react-dom/cjs/react-dom.development.js:23189:26)
      at commitPassiveMountOnFiber (node_modules/react-dom/cjs/react-dom.development.js:24970:11)
      at commitPassiveMountEffects_complete (node_modules/react-dom/cjs/react-dom.development.js:24930:9)
      at commitPassiveMountEffects_begin (node_modules/react-dom/cjs/react-dom.development.js:24917:7)
      at commitPassiveMountEffects (node_modules/react-dom/cjs/react-dom.development.js:24905:3)
      at flushPassiveEffectsImpl (node_modules/react-dom/cjs/react-dom.development.js:27078:3)
      at flushPassiveEffects (node_modules/react-dom/cjs/react-dom.development.js:27023:14)
      at node_modules/react-dom/cjs/react-dom.development.js:26808:9
      at flushActQueue (node_modules/react/cjs/react.development.js:2667:24)
      at act (node_modules/react/cjs/react.development.js:2582:11)
      at node_modules/@testing-library/react/dist/act-compat.js:47:25
      at renderRoot (node_modules/@testing-library/react/dist/pure.js:180:26)
      at render (node_modules/@testing-library/react/dist/pure.js:271:10)
      at renderWithProviders (components/contact/__tests__/ContactForm.test.tsx:22:16)
      at Object.renderWithProviders (components/contact/__tests__/ContactForm.test.tsx:92:5)

  ● ContactForm › renders optional fields

    ReferenceError: IntersectionObserver is not defined

    [0m [90m 20 |[39m
     [90m 21 |[39m [36mconst[39m renderWithProviders [33m=[39m (component[33m:[39m [33mReact[39m[33m.[39m[33mReactElement[39m) [33m=>[39m {
    [31m[1m>[22m[39m[90m 22 |[39m   [36mreturn[39m render([33m<[39m[33mMockLanguageProvider[39m[33m>[39m{component}[33m<[39m[33m/[39m[33mMockLanguageProvider[39m[33m>[39m)[33m;[39m
     [90m    |[39m                [31m[1m^[22m[39m
     [90m 23 |[39m }[33m;[39m
     [90m 24 |[39m
     [90m 25 |[39m describe([32m'ContactForm'[39m[33m,[39m () [33m=>[39m {[0m

      at initIntersectionObserver (node_modules/framer-motion/dist/cjs/index.js:1039:34)
      at observeIntersection (node_modules/framer-motion/dist/cjs/index.js:1044:39)
      at InViewFeature.startObserver (node_modules/framer-motion/dist/cjs/index.js:1101:16)
      at InViewFeature.mount (node_modules/framer-motion/dist/cjs/index.js:1104:14)
      at HTMLVisualElement.updateFeatures (node_modules/framer-motion/dist/cjs/index-legacy-87714a68.js:4267:25)
      at node_modules/framer-motion/dist/cjs/index.js:103:23
      at commitHookEffectListMount (node_modules/react-dom/cjs/react-dom.development.js:23189:26)
      at commitPassiveMountOnFiber (node_modules/react-dom/cjs/react-dom.development.js:24970:11)
      at commitPassiveMountEffects_complete (node_modules/react-dom/cjs/react-dom.development.js:24930:9)
      at commitPassiveMountEffects_begin (node_modules/react-dom/cjs/react-dom.development.js:24917:7)
      at commitPassiveMountEffects (node_modules/react-dom/cjs/react-dom.development.js:24905:3)
      at flushPassiveEffectsImpl (node_modules/react-dom/cjs/react-dom.development.js:27078:3)
      at flushPassiveEffects (node_modules/react-dom/cjs/react-dom.development.js:27023:14)
      at node_modules/react-dom/cjs/react-dom.development.js:26808:9
      at flushActQueue (node_modules/react/cjs/react.development.js:2667:24)
      at act (node_modules/react/cjs/react.development.js:2582:11)
      at node_modules/@testing-library/react/dist/act-compat.js:47:25
      at renderRoot (node_modules/@testing-library/react/dist/pure.js:180:26)
      at render (node_modules/@testing-library/react/dist/pure.js:271:10)
      at renderWithProviders (components/contact/__tests__/ContactForm.test.tsx:22:16)
      at Object.renderWithProviders (components/contact/__tests__/ContactForm.test.tsx:112:5)

FAIL app/__tests__/responsive.property.test.tsx
  ● Responsive Layout Adaptation - Property Tests › should maintain readable text size across all viewports

    Property failed after 1 tests
    { seed: -1342164936, path: "0:0", endOnFailure: true }
    Counterexample: [320]
    Shrunk 1 time(s)

    Hint: Enable verbose mode in order to have the list of all failing values encountered during the run

    [0m [90m 33 |[39m
     [90m 34 |[39m   it([32m'should maintain readable text size across all viewports'[39m[33m,[39m () [33m=>[39m {
    [31m[1m>[22m[39m[90m 35 |[39m     fc[33m.[39massert(
     [90m    |[39m        [31m[1m^[22m[39m
     [90m 36 |[39m       fc[33m.[39mproperty(fc[33m.[39minteger({ min[33m:[39m [35m320[39m[33m,[39m max[33m:[39m [35m2560[39m })[33m,[39m (width) [33m=>[39m {
     [90m 37 |[39m         [33mObject[39m[33m.[39mdefineProperty(window[33m,[39m [32m'innerWidth'[39m[33m,[39m {
     [90m 38 |[39m           writable[33m:[39m [36mtrue[39m[33m,[39m[0m

      at buildError (node_modules/fast-check/lib/cjs/fast-check.js:2456:16)
      at throwIfFailed (node_modules/fast-check/lib/cjs/fast-check.js:2463:8)
      at reportRunDetails (node_modules/fast-check/lib/cjs/fast-check.js:2479:14)
      at Module.assert (node_modules/fast-check/lib/cjs/fast-check.js:2536:7)
      at Object.assert (app/__tests__/responsive.property.test.tsx:35:8)

    Cause:
    expect(received).toBeGreaterThanOrEqual(expected)

    Expected: >= 12
    Received:    NaN

    [0m [90m 49 |[39m         [36mconst[39m fontSize [33m=[39m parseFloat(computedStyle[33m.[39mfontSize)[33m;[39m
     [90m 50 |[39m
    [31m[1m>[22m[39m[90m 51 |[39m         expect(fontSize)[33m.[39mtoBeGreaterThanOrEqual(minFontSize)[33m;[39m
     [90m    |[39m                          [31m[1m^[22m[39m
     [90m 52 |[39m       })
     [90m 53 |[39m     )[33m;[39m
     [90m 54 |[39m   })[33m;[39m[0m

      at toBeGreaterThanOrEqual (app/__tests__/responsive.property.test.tsx:51:26)
      at Property.predicate (node_modules/fast-check/lib/cjs/fast-check.js:1348:99)
      at Property.run (node_modules/fast-check/lib/cjs/fast-check.js:1317:24)
      at runIt (node_modules/fast-check/lib/cjs/fast-check.js:2499:24)
      at check (node_modules/fast-check/lib/cjs/fast-check.js:2531:204)
      at Module.assert (node_modules/fast-check/lib/cjs/fast-check.js:2534:14)
      at Object.assert (app/__tests__/responsive.property.test.tsx:35:8)

  ● Responsive Layout Adaptation - Property Tests › should adapt navigation menu for mobile viewports

    Property failed after 6 tests
    { seed: 204601148, path: "5", endOnFailure: true }
    Counterexample: [768]
    Shrunk 0 time(s)

    Hint: Enable verbose mode in order to have the list of all failing values encountered during the run

    [0m [90m 128 |[39m
     [90m 129 |[39m   it([32m'should adapt navigation menu for mobile viewports'[39m[33m,[39m () [33m=>[39m {
    [31m[1m>[22m[39m[90m 130 |[39m     fc[33m.[39massert(
     [90m     |[39m        [31m[1m^[22m[39m
     [90m 131 |[39m       fc[33m.[39mproperty(fc[33m.[39minteger({ min[33m:[39m [35m320[39m[33m,[39m max[33m:[39m [35m768[39m })[33m,[39m (width) [33m=>[39m {
     [90m 132 |[39m         [33mObject[39m[33m.[39mdefineProperty(window[33m,[39m [32m'innerWidth'[39m[33m,[39m {
     [90m 133 |[39m           writable[33m:[39m [36mtrue[39m[33m,[39m[0m

      at buildError (node_modules/fast-check/lib/cjs/fast-check.js:2456:16)
      at throwIfFailed (node_modules/fast-check/lib/cjs/fast-check.js:2463:8)
      at reportRunDetails (node_modules/fast-check/lib/cjs/fast-check.js:2479:14)
      at Module.assert (node_modules/fast-check/lib/cjs/fast-check.js:2536:7)
      at Object.assert (app/__tests__/responsive.property.test.tsx:130:8)

    Cause:
    expect(received).toBe(expected) // Object.is equality

    Expected: true
    Received: false

    [0m [90m 141 |[39m         [90m// This is a simplified check - actual implementation depends on component[39m
     [90m 142 |[39m         [36mconst[39m isMobile [33m=[39m width [33m<[39m [35m768[39m[33m;[39m
    [31m[1m>[22m[39m[90m 143 |[39m         expect(isMobile)[33m.[39mtoBe([36mtrue[39m)[33m;[39m
     [90m     |[39m                          [31m[1m^[22m[39m
     [90m 144 |[39m       })
     [90m 145 |[39m     )[33m;[39m
     [90m 146 |[39m   })[33m;[39m[0m

      at toBe (app/__tests__/responsive.property.test.tsx:143:26)
      at Property.predicate (node_modules/fast-check/lib/cjs/fast-check.js:1348:99)
      at Property.run (node_modules/fast-check/lib/cjs/fast-check.js:1317:24)
      at runIt (node_modules/fast-check/lib/cjs/fast-check.js:2499:24)
      at check (node_modules/fast-check/lib/cjs/fast-check.js:2531:204)
      at Module.assert (node_modules/fast-check/lib/cjs/fast-check.js:2534:14)
      at Object.assert (app/__tests__/responsive.property.test.tsx:130:8)

FAIL app/__tests__/transitions.test.tsx
  ● Page Transition Animations › should maintain content visibility

    expect(element).toBeVisible()

    Received element is not visible:
      <div data-testid="content" />

    [0m [90m 83 |[39m
     [90m 84 |[39m     [36mconst[39m content [33m=[39m screen[33m.[39mgetByTestId([32m'content'[39m)[33m;[39m
    [31m[1m>[22m[39m[90m 85 |[39m     expect(content)[33m.[39mtoBeVisible()[33m;[39m
     [90m    |[39m                     [31m[1m^[22m[39m
     [90m 86 |[39m   })[33m;[39m
     [90m 87 |[39m
     [90m 88 |[39m   it([32m'should not affect content interactivity'[39m[33m,[39m () [33m=>[39m {[0m

      at Object.toBeVisible (app/__tests__/transitions.test.tsx:85:21)

  ● Page Transition Animations › should preserve component state during transition

    TestingLibraryElementError: Unable to find an element with the text: Count: 1. This could be because the text is broken up by multiple elements. In this case, you can provide a function for your text matcher to make your matcher more flexible.

    Ignored nodes: comments, script, style
    [36m<body>[39m
      [36m<div>[39m
        [36m<div[39m
          [33mstyle[39m=[32m"opacity: 0; transform: translateY(20px) translateZ(0);"[39m
        [36m>[39m
          [36m<div>[39m
            [36m<p>[39m
              [0mCount: [0m
              [0m0[0m
            [36m</p>[39m
            [36m<button>[39m
              [0mIncrement[0m
            [36m</button>[39m
          [36m</div>[39m
        [36m</div>[39m
      [36m</div>[39m
    [36m</body>[39m

    [0m [90m 150 |[39m     button[33m.[39mclick()[33m;[39m
     [90m 151 |[39m
    [31m[1m>[22m[39m[90m 152 |[39m     expect(screen[33m.[39mgetByText([32m'Count: 1'[39m))[33m.[39mtoBeInTheDocument()[33m;[39m
     [90m     |[39m                   [31m[1m^[22m[39m
     [90m 153 |[39m   })[33m;[39m
     [90m 154 |[39m })[33m;[39m
     [90m 155 |[39m[0m

      at Object.getElementError (node_modules/@testing-library/dom/dist/config.js:37:19)
      at node_modules/@testing-library/dom/dist/query-helpers.js:76:38
      at node_modules/@testing-library/dom/dist/query-helpers.js:52:17
      at node_modules/@testing-library/dom/dist/query-helpers.js:95:19
      at Object.getByText (app/__tests__/transitions.test.tsx:152:19)

FAIL app/__tests__/journey.test.tsx
  ● Journey Page › renders all timeline events

    TestingLibraryElementError: Unable to find an element with the text: Google. This could be because the text is broken up by multiple elements. In this case, you can provide a function for your text matcher to make your matcher more flexible.

    Ignored nodes: comments, script, style
    [36m<body>[39m
      [36m<div>[39m
        [36m<div[39m
          [33manimate[39m=[32m"[object Object]"[39m
          [33mexit[39m=[32m"[object Object]"[39m
          [33minitial[39m=[32m"[object Object]"[39m
          [33mtransition[39m=[32m"[object Object]"[39m
        [36m>[39m
          [36m<div[39m
            [33mclass[39m=[32m"max-w-4xl mx-auto px-4 sm:px-6 lg:px-8 py-20"[39m
          [36m>[39m
            [36m<div[39m
              [33mclass[39m=[32m"mb-16"[39m
            [36m>[39m
              [36m<h1[39m
                [33mclass[39m=[32m"text-4xl md:text-5xl font-bold mb-4 text-slate-900 dark:text-white"[39m
              [36m>[39m
                [0mMon Parcours[0m
              [36m</h1>[39m
              [36m<p[39m
                [33mclass[39m=[32m"text-lg text-slate-600 dark:text-slate-400"[39m
              [36m>[39m
                [0mUne chronologie de mes formations, certifications et expériences marquantes.[0m
              [36m</p>[39m
            [36m</div>[39m
            [36m<div[39m
              [33mclass[39m=[32m"relative"[39m
              [33minitial[39m=[32m"hidden"[39m
              [33mvariants[39m=[32m"[object Object]"[39m
              [33mviewport[39m=[32m"[object Object]"[39m
              [33mwhileinview[39m=[32m"visible"[39m
            [36m>[39m
              [36m<div[39m
                [33mclass[39m=[32m"absolute left-0 md:left-1/2 top-0 bottom-0 w-1 bg-gradient-to-b from-blue-500 to-indigo-500 transform md:-translate-x-1/2"[39m
              [36m/>[39m
              [36m<div[39m
                [33mclass[39m=[32m"space-y-12 md:space-y-16"[39m
              [36m>[39m
                [36m<div[39m
                  [33mclass[39m=[32m"relative pl-8 md:pl-0 md:pr-1/2 md:text-right"[39m
                  [33mvariants[39m=[32m"[object Object]"[39m
                [36m>[39m
                  [36m<div[39m
                    [33mclass[39m=[32m"absolute left-0 md:left-1/2 top-0 w-4 h-4 bg-blue-600 dark:bg-blue-400 rounded-full transform -translate-x-1.5 md:-translate-x-1/2 mt-1"[39m
                  [36m/>[39m
                  [36m<div[39m
                    [33mclass[39m=[32m"bg-white dark:bg-slate-800 p-6 rounded-lg shadow-md border border-slate-200 dark:border-slate-700 hover:shadow-lg transition-shadow"[39m
                  [36m>[39m
                    [36m<div[39m
                      [33mclass[39m=[32m"flex items-center gap-2 mb-2"[39m
                    [36m>[39m
                      [36m<span[39m
                        [33mclass[39m=[32m"text-2xl"[39m
                      [36m>[39m
                        [0m��[0m
                      [36m</span>[39m
                      [36m<span[39m
                        [33mclass[39m=[32m"text-sm font-semibold text-blue-600 dark:text-blue-400 uppercase tracking-wide"[39m
                      [36m>[39m
                        [0meducation[0m
                      [36m</span>[39m
                    [36m</div>[39m
                    [36m<h3[39m
                      [33mclass[39m=[32m"text-xl font-bold text-slate-900 dark:text-white mb-1"[39m
                    [36m>[39m
                      [0mFormation Google IT Support[0m
                    [36m</h3>[39m
                    [36m<p[39m
                      [33mclass[39m=[32m"text-sm text-slate-500 dark:text-slate-400 mb-3"[39m
                    [36m>[39m
                      [0mGoogle[0m
                      [0m • [0m
                      [0m2023[0m
                    [36m</p>[39m
                    [36m<p[39m
                      [33mclass[39m=[32m"text-slate-600 dark:text-slate-300"[39m
                    [36m>[39m
                      [0mCertification en support informatique[0m
                    [36m</p>[39m
                  [36m</div>[39m
                [36m</div>[39m
                [36m<div[39m
                  [33mclass[39m=[32m"relative pl-8 md:pl-0 md:pl-1/2 md:ml-auto"[39m
                  [33mvariants[39m=[32m"[object Object]"[39m
                [36m>[39m
                  [36m<div[39m
                    [33mclass[39m=[32m"absolute left-0 md:left-1/2 top-0 w-4 h-4 bg-blue-600 dark:bg-blue-400 rounded-full transform -translate-x-1.5 md:-translate-x-1/2 mt-1"[39m
                  [36m/>[39m
                  [36m<div[39m
                    [33mclass[39m=[32m"bg-white dark:bg-slate-800 p-6 rounded-lg shadow-md border border-slate-200 dark:border-slate-700 hover:shadow-lg transition-shadow"[39m
                  [36m>[39m
                    [36m<div[39m
                      [33mclass[39m=[32m"flex items-center gap-2 mb-2"[39m
                    [36m>[39m
                      [36m<span[39m
                        [33mclass[39m=[32m"text-2xl"[39m
                      [36m>[39m
                        [0m��[0m
                      [36m</span>[39m
                      [36m<span[39m
                        [33mclass[39m=[32m"text-sm font-semibold text-blue-600 dark:text-blue-400 uppercase tracking-wide"[39m
                      [36m>[39m
                        [0mcertification[0m
                      [36m</span>[39m
                    [36m</div>[39m
                    [36m<h3[39m
                      [33mclass[39m=[32m"text-xl font-bold text-slate-900 dark:text-white mb-1"[39m
                    [36m>[39m
                      [0mCertification freeCodeCamp[0m
                    [36m</h3>[39m
                    [36m<p[39m
                      [33mclass[39m=[32m"text-sm text-slate-500 dark:text-slate-400 mb-3"[39m
                    [36m>[39m
                      [0mfreeCodeCamp[0m
                      [0m • [0m
                      [0m2023[0m
                    [36m</p>[39m
                    [36m<p[39m
                      [33mclass[39m=[32m"text-slate-600 dark:text-slate-300"[39m
                    [36m>[39m
                      [0mDéveloppement web full-stack[0m
                    [36m</p>[39m
                  [36m</div>[39m
                [36m</div>[39m
                [36m<div[39m
                  [33mclass[39m=[32m"relative pl-8 md:pl-0 md:pr-1/2 md:text-right"[39m
                  [33mvariants[39m=[32m"[object Object]"[39m
                [36m>[39m
                  [36m<div[39m
                    [33mclass[39m=[32m"absolute left-0 md:left-1/2 top-0 w-4 h-4 bg-blue-600 dark:bg-blue-400 rounded-full transform -translate-x-1.5 md:-translate-x-1/2 mt-1"[39m
                  [36m/>[39m
                  [36m<div[39m
                    [33mclass[39m=[32m"bg-white dark:bg-slate-800 p-6 rounded-lg shadow-md border border-slate-200 dark:border-slate-700 hover:shadow-lg transition-shadow"[39m
                  [36m>[39m
                    [36m<div[39m
                      [33mclass[39m=[32m"flex items-center gap-2 mb-2"[39m
                    [36m>[39m
                      [36m<span[39m
                        [33mclass[39m=[32m"text-2xl"[39m
                      [36m>[39m
                        [0m⚡[0m
                      [36m</span>[39m
                      [36m<span[39m
                        [33mclass[39m=[32m"text-sm font-semibold text-blue-600 dark:text-blue-400 uppercase tracking-wide"[39m
                      [36m>[39m
                        [0mevent[0m
                      [36m</span>[39m
                    [36m</div>[39m
                    [36m<h3[39m
                      [33mclass[39m=[32m"text-xl font-bold text-slate-900 dark:text-white mb-1"[39m
                    [36m>[39m
                      [0mHackathon MIABE[0m
                    [36m</h3>[39m
                    [36m<p[39m
                      [33mclass[39m=[32m"text-sm text-slate-500 dark:text-slate-400 mb-3"[39m
                    [36m>[39m
                      [0mMIABE[0m
                      [0m • [0m
                      [0m2024[0m
                    [36m</p>[39m
                    [36m<p[39m
                      [33mclass[39m=[32m"text-slate-600 dark:text-slate-300"[39m
                    [36m>[39m
                      [0mParticipation à un hackathon national[0m
                    [36m</p>[39m
                  [36m</div>[39m
                [36m</div>[39m
                [36m<div[39m
                  [33mclass[39m=[32m"relative pl-8 md:pl-0 md:pl-1/2 md:ml-auto"[39m
                  [33mvariants[39m=[32m"[object Object]"[39m
                [36m>[39m
                  [36m<div[39m
                    [33mclass[39m=[32m"absolute left-0 md:left-1/2 top-0 w-4 h-4 bg-blue-600 dark:bg-blue-400 rounded-full transform -translate-x-1.5 md:-translate-x-1/2 mt-1"[39m
                  [36m/>[39m
                  [36m<div[39m
                    [33mclass[39m=[32m"bg-white dark:bg-slate-800 p-6 rounded-lg shadow-md border border-slate-200 dark:border-slate-700 hover:shadow-lg transition-shadow"[39m
                  [36m>[39m
                    [36m<div[39m
                      [33mclass[39m=[32m"flex items-center gap-2 mb-2"[39m
                    [36m>[39m
                      [36m<span[39m
                        [33mclass[39m=[32m"text-2xl"[39m
                      [36m>[39m
                        [0m⚡[0m
                      [36m</span>[39m
                      [36m<span[39m
                        [33mclass[39m=[32m"text-sm font-semibold text-blue-600 dark:text-blue-400 uppercase tracking-wide"[39m
                      [36m>[39m
                        [0mevent[0m
                      [36m</span>[39m
                    [36m</div>[39m
                    [36m<h3[39m
                      [33mclass[39m=[32m"text-xl font-bold text-slate-900 dark:text-white mb-1"[39m
                    [36m>[39m
                      [0mArduino Days 2026[0m
                    [36m</h3>[39m
                    [36m<p[39m
                      [33mclass[39m=[32m"text-sm text-slate-500 dark:text-slate-400 mb-3"[39m
                    [36m>[39m
                      [0mArduino[0m
                      [0m • [0m
                      [0m2026[0m
                    [36m</p>[39m
                    [36m<p[39m
                      [33mclass[39m=[32m"text-slate-600 dark:text-slate-300"[39m
                    [36m>[39m
                      [0mPrésentation de projets IoT[0m
                    [36m</p>[39m
                  [36m</div>[39m
                [36m</div>[39m
              [36m</div>[39m
            [36m</div>[39m
            [36m<div[39m
              [33mclass[39m=[32m"mt-20 p-8 bg-gradient-to-r from-blue-50 to-indigo-50 dark:from-slate-800 dark:to-slate-700 rounded-lg text-center"[39m
              [33minitial[39m=[32m"[object Object]"[39m
              [33mtransition[39m=[32m"[object Object]"[39m
              [33mviewport[39m=[32m"[object Object]"[39m
              [33mwhileinview[39m=[32m"[object Object]"[39m
            [36m>[39m
              [36m<h2[39m
                [33mclass[39m=[32m"text-2xl font-bold text-slate-900 dark:text-white mb-4"[39m
              [36m>[39m
                [0mIntéressé par une collaboration?[0m
              [36m</h2>[39m
              [36m<p[39m
                [33mclass[39m=[32m"text-slate-600 dark:text-slate-400 mb-6"[39m
              [36m>[39m
                [0mDécouvrez comment je peux contribuer à votre projet.[0m
              [36m</p>[39m
              [36m<a[39m
                [33mclass[39m=[32m"inline-block px-8 py-3 bg-blue-600 hover:bg-blue-700 text-white rounded-lg font-semibold transition-colors"[39m
                [33mhref[39m=[32m"/contact"[39m
              [36m>[39m
                [0mMe Contacter[0m
              [36m</a>[39m
            [36m</div>[39m
          [36m</div>[39m
        [36m</div>[39m
      [36m</div>[39m
    [36m</body>[39m

    [0m [90m 27 |[39m     [33mTIMELINE_EVENTS[39m[33m.[39mforEach((event) [33m=>[39m {
     [90m 28 |[39m       expect(screen[33m.[39mgetByText(event[33m.[39mtitle))[33m.[39mtoBeInTheDocument()[33m;[39m
    [31m[1m>[22m[39m[90m 29 |[39m       expect(screen[33m.[39mgetByText(event[33m.[39morganization))[33m.[39mtoBeInTheDocument()[33m;[39m
     [90m    |[39m                     [31m[1m^[22m[39m
     [90m 30 |[39m     })[33m;[39m
     [90m 31 |[39m   })[33m;[39m
     [90m 32 |[39m[0m

      at Object.getElementError (node_modules/@testing-library/dom/dist/config.js:37:19)
      at node_modules/@testing-library/dom/dist/query-helpers.js:76:38
      at node_modules/@testing-library/dom/dist/query-helpers.js:52:17
      at node_modules/@testing-library/dom/dist/query-helpers.js:95:19
      at getByText (app/__tests__/journey.test.tsx:29:21)
          at Array.forEach (<anonymous>)
      at Object.forEach (app/__tests__/journey.test.tsx:27:21)

  ● Journey Page › renders timeline event dates

    TestingLibraryElementError: Found multiple elements with the text: /2023/

    Here are the matching elements:

    Ignored nodes: comments, script, style
    [36m<p[39m
      [33mclass[39m=[32m"text-sm text-slate-500 dark:text-slate-400 mb-3"[39m
    [36m>[39m
      [0mGoogle[0m
      [0m • [0m
      [0m2023[0m
    [36m</p>[39m

    Ignored nodes: comments, script, style
    [36m<p[39m
      [33mclass[39m=[32m"text-sm text-slate-500 dark:text-slate-400 mb-3"[39m
    [36m>[39m
      [0mfreeCodeCamp[0m
      [0m • [0m
      [0m2023[0m
    [36m</p>[39m

    (If this is intentional, then use the `*AllBy*` variant of the query (like `queryAllByText`, `getAllByText`, or `findAllByText`)).

    Ignored nodes: comments, script, style
    [36m<body>[39m
      [36m<div>[39m
        [36m<div[39m
          [33manimate[39m=[32m"[object Object]"[39m
          [33mexit[39m=[32m"[object Object]"[39m
          [33minitial[39m=[32m"[object Object]"[39m
          [33mtransition[39m=[32m"[object Object]"[39m
        [36m>[39m
          [36m<div[39m
            [33mclass[39m=[32m"max-w-4xl mx-auto px-4 sm:px-6 lg:px-8 py-20"[39m
          [36m>[39m
            [36m<div[39m
              [33mclass[39m=[32m"mb-16"[39m
            [36m>[39m
              [36m<h1[39m
                [33mclass[39m=[32m"text-4xl md:text-5xl font-bold mb-4 text-slate-900 dark:text-white"[39m
              [36m>[39m
                [0mMon Parcours[0m
              [36m</h1>[39m
              [36m<p[39m
                [33mclass[39m=[32m"text-lg text-slate-600 dark:text-slate-400"[39m
              [36m>[39m
                [0mUne chronologie de mes formations, certifications et expériences marquantes.[0m
              [36m</p>[39m
            [36m</div>[39m
            [36m<div[39m
              [33mclass[39m=[32m"relative"[39m
              [33minitial[39m=[32m"hidden"[39m
              [33mvariants[39m=[32m"[object Object]"[39m
              [33mviewport[39m=[32m"[object Object]"[39m
              [33mwhileinview[39m=[32m"visible"[39m
            [36m>[39m
              [36m<div[39m
                [33mclass[39m=[32m"absolute left-0 md:left-1/2 top-0 bottom-0 w-1 bg-gradient-to-b from-blue-500 to-indigo-500 transform md:-translate-x-1/2"[39m
              [36m/>[39m
              [36m<div[39m
                [33mclass[39m=[32m"space-y-12 md:space-y-16"[39m
              [36m>[39m
                [36m<div[39m
                  [33mclass[39m=[32m"relative pl-8 md:pl-0 md:pr-1/2 md:text-right"[39m
                  [33mvariants[39m=[32m"[object Object]"[39m
                [36m>[39m
                  [36m<div[39m
                    [33mclass[39m=[32m"absolute left-0 md:left-1/2 top-0 w-4 h-4 bg-blue-600 dark:bg-blue-400 rounded-full transform -translate-x-1.5 md:-translate-x-1/2 mt-1"[39m
                  [36m/>[39m
                  [36m<div[39m
                    [33mclass[39m=[32m"bg-white dark:bg-slate-800 p-6 rounded-lg shadow-md border border-slate-200 dark:border-slate-700 hover:shadow-lg transition-shadow"[39m
                  [36m>[39m
                    [36m<div[39m
                      [33mclass[39m=[32m"flex items-center gap-2 mb-2"[39m
                    [36m>[39m
                      [36m<span[39m
                        [33mclass[39m=[32m"text-2xl"[39m
                      [36m>[39m
                        [0m��[0m
                      [36m</span>[39m
                      [36m<span[39m
                        [33mclass[39m=[32m"text-sm font-semibold text-blue-600 dark:text-blue-400 uppercase tracking-wide"[39m
                      [36m>[39m
                        [0meducation[0m
                      [36m</span>[39m
                    [36m</div>[39m
                    [36m<h3[39m
                      [33mclass[39m=[32m"text-xl font-bold text-slate-900 dark:text-white mb-1"[39m
                    [36m>[39m
                      [0mFormation Google IT Support[0m
                    [36m</h3>[39m
                    [36m<p[39m
                      [33mclass[39m=[32m"text-sm text-slate-500 dark:text-slate-400 mb-3"[39m
                    [36m>[39m
                      [0mGoogle[0m
                      [0m • [0m
                      [0m2023[0m
                    [36m</p>[39m
                    [36m<p[39m
                      [33mclass[39m=[32m"text-slate-600 dark:text-slate-300"[39m
                    [36m>[39m
                      [0mCertification en support informatique[0m
                    [36m</p>[39m
                  [36m</div>[39m
                [36m</div>[39m
                [36m<div[39m
                  [33mclass[39m=[32m"relative pl-8 md:pl-0 md:pl-1/2 md:ml-auto"[39m
                  [33mvariants[39m=[32m"[object Object]"[39m
                [36m>[39m
                  [36m<div[39m
                    [33mclass[39m=[32m"absolute left-0 md:left-1/2 top-0 w-4 h-4 bg-blue-600 dark:bg-blue-400 rounded-full transform -translate-x-1.5 md:-translate-x-1/2 mt-1"[39m
                  [36m/>[39m
                  [36m<div[39m
                    [33mclass[39m=[32m"bg-white dark:bg-slate-800 p-6 rounded-lg shadow-md border border-slate-200 dark:border-slate-700 hover:shadow-lg transition-shadow"[39m
                  [36m>[39m
                    [36m<div[39m
                      [33mclass[39m=[32m"flex items-center gap-2 mb-2"[39m
                    [36m>[39m
                      [36m<span[39m
                        [33mclass[39m=[32m"text-2xl"[39m
                      [36m>[39m
                        [0m��[0m
                      [36m</span>[39m
                      [36m<span[39m
                        [33mclass[39m=[32m"text-sm font-semibold text-blue-600 dark:text-blue-400 uppercase tracking-wide"[39m
                      [36m>[39m
                        [0mcertification[0m
                      [36m</span>[39m
                    [36m</div>[39m
                    [36m<h3[39m
                      [33mclass[39m=[32m"text-xl font-bold text-slate-900 dark:text-white mb-1"[39m
                    [36m>[39m
                      [0mCertification freeCodeCamp[0m
                    [36m</h3>[39m
                    [36m<p[39m
                      [33mclass[39m=[32m"text-sm text-slate-500 dark:text-slate-400 mb-3"[39m
                    [36m>[39m
                      [0mfreeCodeCamp[0m
                      [0m • [0m
                      [0m2023[0m
                    [36m</p>[39m
                    [36m<p[39m
                      [33mclass[39m=[32m"text-slate-600 dark:text-slate-300"[39m
                    [36m>[39m
                      [0mDéveloppement web full-stack[0m
                    [36m</p>[39m
                  [36m</div>[39m
                [36m</div>[39m
                [36m<div[39m
                  [33mclass[39m=[32m"relative pl-8 md:pl-0 md:pr-1/2 md:text-right"[39m
                  [33mvariants[39m=[32m"[object Object]"[39m
                [36m>[39m
                  [36m<div[39m
                    [33mclass[39m=[32m"absolute left-0 md:left-1/2 top-0 w-4 h-4 bg-blue-600 dark:bg-blue-400 rounded-full transform -translate-x-1.5 md:-translate-x-1/2 mt-1"[39m
                  [36m/>[39m
                  [36m<div[39m
                    [33mclass[39m=[32m"bg-white dark:bg-slate-800 p-6 rounded-lg shadow-md border border-slate-200 dark:border-slate-700 hover:shadow-lg transition-shadow"[39m
                  [36m>[39m
                    [36m<div[39m
                      [33mclass[39m=[32m"flex items-center gap-2 mb-2"[39m
                    [36m>[39m
                      [36m<span[39m
                        [33mclass[39m=[32m"text-2xl"[39m
                      [36m>[39m
                        [0m⚡[0m
                      [36m</span>[39m
                      [36m<span[39m
                        [33mclass[39m=[32m"text-sm font-semibold text-blue-600 dark:text-blue-400 uppercase tracking-wide"[39m
                      [36m>[39m
                        [0mevent[0m
                      [36m</span>[39m
                    [36m</div>[39m
                    [36m<h3[39m
                      [33mclass[39m=[32m"text-xl font-bold text-slate-900 dark:text-white mb-1"[39m
                    [36m>[39m
                      [0mHackathon MIABE[0m
                    [36m</h3>[39m
                    [36m<p[39m
                      [33mclass[39m=[32m"text-sm text-slate-500 dark:text-slate-400 mb-3"[39m
                    [36m>[39m
                      [0mMIABE[0m
                      [0m • [0m
                      [0m2024[0m
                    [36m</p>[39m
                    [36m<p[39m
                      [33mclass[39m=[32m"text-slate-600 dark:text-slate-300"[39m
                    [36m>[39m
                      [0mParticipation à un hackathon national[0m
                    [36m</p>[39m
                  [36m</div>[39m
                [36m</div>[39m
                [36m<div[39m
                  [33mclass[39m=[32m"relative pl-8 md:pl-0 md:pl-1/2 md:ml-auto"[39m
                  [33mvariants[39m=[32m"[object Object]"[39m
                [36m>[39m
                  [36m<div[39m
                    [33mclass[39m=[32m"absolute left-0 md:left-1/2 top-0 w-4 h-4 bg-blue-600 dark:bg-blue-400 rounded-full transform -translate-x-1.5 md:-translate-x-1/2 mt-1"[39m
                  [36m/>[39m
                  [36m<div[39m
                    [33mclass[39m=[32m"bg-white dark:bg-slate-800 p-6 rounded-lg shadow-md border border-slate-200 dark:border-slate-700 hover:shadow-lg transition-shadow"[39m
                  [36m>[39m
                    [36m<div[39m
                      [33mclass[39m=[32m"flex items-center gap-2 mb-2"[39m
                    [36m>[39m
                      [36m<span[39m
                        [33mclass[39m=[32m"text-2xl"[39m
                      [36m>[39m
                        [0m⚡[0m
                      [36m</span>[39m
                      [36m<span[39m
                        [33mclass[39m=[32m"text-sm font-semibold text-blue-600 dark:text-blue-400 uppercase tracking-wide"[39m
                      [36m>[39m
                        [0mevent[0m
                      [36m</span>[39m
                    [36m</div>[39m
                    [36m<h3[39m
                      [33mclass[39m=[32m"text-xl font-bold text-slate-900 dark:text-white mb-1"[39m
                    [36m>[39m
                      [0mArduino Days 2026[0m
                    [36m</h3>[39m
                    [36m<p[39m
                      [33mclass[39m=[32m"text-sm text-slate-500 dark:text-slate-400 mb-3"[39m
                    [36m>[39m
                      [0mArduino[0m
                      [0m • [0m
                      [0m2026[0m
                    [36m</p>[39m
                    [36m<p[39m
                      [33mclass[39m=[32m"text-slate-600 dark:text-slate-300"[39m
                    [36m>[39m
                      [0mPrésentation de projets IoT[0m
                    [36m</p>[39m
                  [36m</div>[39m
                [36m</div>[39m
              [36m</div>[39m
            [36m</div>[39m
            [36m<div[39m
              [33mclass[39m=[32m"mt-20 p-8 bg-gradient-to-r from-blue-50 to-indigo-50 dark:from-slate-800 dark:to-slate-700 rounded-lg text-center"[39m
              [33minitial[39m=[32m"[object Object]"[39m
              [33mtransition[39m=[32m"[object Object]"[39m
              [33mviewport[39m=[32m"[object Object]"[39m
              [33mwhileinview[39m=[32m"[object Object]"[39m
            [36m>[39m
              [36m<h2[39m
                [33mclass[39m=[32m"text-2xl font-bold text-slate-900 dark:text-white mb-4"[39m
              [36m>[39m
                [0mIntéressé par une collaboration?[0m
              [36m</h2>[39m
              [36m<p[39m
                [33mclass[39m=[32m"text-slate-600 dark:text-slate-400 mb-6"[39m
              [36m>[39m
                [0mDécouvrez comment je peux contribuer à votre projet.[0m
              [36m</p>[39m
              [36m<a[39m
                [33mclass[39m=[32m"inline-block px-8 py-3 bg-blue-600 hover:bg-blue-700 text-white rounded-lg font-semibold transition-colors"[39m
                [33mhref[39m=[32m"/contact"[39m
              [36m>[39m
                [0mMe Contacter[0m
              [36m</a>[39m
            [36m</div>[39m
          [36m</div>[39m
        [36m</div>[39m
      [36m</div>[39m
    [36m</body>[39m

    [0m [90m 34 |[39m     render([33m<[39m[33mJourney[39m [33m/[39m[33m>[39m)[33m;[39m
     [90m 35 |[39m     [33mTIMELINE_EVENTS[39m[33m.[39mforEach((event) [33m=>[39m {
    [31m[1m>[22m[39m[90m 36 |[39m       expect(screen[33m.[39mgetByText([36mnew[39m [33mRegExp[39m(event[33m.[39mdate)))[33m.[39mtoBeInTheDocument()[33m;[39m
     [90m    |[39m                     [31m[1m^[22m[39m
     [90m 37 |[39m     })[33m;[39m
     [90m 38 |[39m   })[33m;[39m
     [90m 39 |[39m[0m

      at Object.getElementError (node_modules/@testing-library/dom/dist/config.js:37:19)
      at getElementError (node_modules/@testing-library/dom/dist/query-helpers.js:20:35)
      at getMultipleElementsFoundError (node_modules/@testing-library/dom/dist/query-helpers.js:23:10)
      at node_modules/@testing-library/dom/dist/query-helpers.js:55:13
      at node_modules/@testing-library/dom/dist/query-helpers.js:95:19
      at getByText (app/__tests__/journey.test.tsx:36:21)
          at Array.forEach (<anonymous>)
      at Object.forEach (app/__tests__/journey.test.tsx:35:21)

  ● Journey Page › renders timeline event types as badges

    TestingLibraryElementError: Found multiple elements with the text: /certification/i

    Here are the matching elements:

    Ignored nodes: comments, script, style
    [36m<p[39m
      [33mclass[39m=[32m"text-lg text-slate-600 dark:text-slate-400"[39m
    [36m>[39m
      [0mUne chronologie de mes formations, certifications et expériences marquantes.[0m
    [36m</p>[39m

    Ignored nodes: comments, script, style
    [36m<p[39m
      [33mclass[39m=[32m"text-slate-600 dark:text-slate-300"[39m
    [36m>[39m
      [0mCertification en support informatique[0m
    [36m</p>[39m

    Ignored nodes: comments, script, style
    [36m<span[39m
      [33mclass[39m=[32m"text-sm font-semibold text-blue-600 dark:text-blue-400 uppercase tracking-wide"[39m
    [36m>[39m
      [0mcertification[0m
    [36m</span>[39m

    Ignored nodes: comments, script, style
    [36m<h3[39m
      [33mclass[39m=[32m"text-xl font-bold text-slate-900 dark:text-white mb-1"[39m
    [36m>[39m
      [0mCertification freeCodeCamp[0m
    [36m</h3>[39m

    (If this is intentional, then use the `*AllBy*` variant of the query (like `queryAllByText`, `getAllByText`, or `findAllByText`)).

    Ignored nodes: comments, script, style
    [36m<body>[39m
      [36m<div>[39m
        [36m<div[39m
          [33manimate[39m=[32m"[object Object]"[39m
          [33mexit[39m=[32m"[object Object]"[39m
          [33minitial[39m=[32m"[object Object]"[39m
          [33mtransition[39m=[32m"[object Object]"[39m
        [36m>[39m
          [36m<div[39m
            [33mclass[39m=[32m"max-w-4xl mx-auto px-4 sm:px-6 lg:px-8 py-20"[39m
          [36m>[39m
            [36m<div[39m
              [33mclass[39m=[32m"mb-16"[39m
            [36m>[39m
              [36m<h1[39m
                [33mclass[39m=[32m"text-4xl md:text-5xl font-bold mb-4 text-slate-900 dark:text-white"[39m
              [36m>[39m
                [0mMon Parcours[0m
              [36m</h1>[39m
              [36m<p[39m
                [33mclass[39m=[32m"text-lg text-slate-600 dark:text-slate-400"[39m
              [36m>[39m
                [0mUne chronologie de mes formations, certifications et expériences marquantes.[0m
              [36m</p>[39m
            [36m</div>[39m
            [36m<div[39m
              [33mclass[39m=[32m"relative"[39m
              [33minitial[39m=[32m"hidden"[39m
              [33mvariants[39m=[32m"[object Object]"[39m
              [33mviewport[39m=[32m"[object Object]"[39m
              [33mwhileinview[39m=[32m"visible"[39m
            [36m>[39m
              [36m<div[39m
                [33mclass[39m=[32m"absolute left-0 md:left-1/2 top-0 bottom-0 w-1 bg-gradient-to-b from-blue-500 to-indigo-500 transform md:-translate-x-1/2"[39m
              [36m/>[39m
              [36m<div[39m
                [33mclass[39m=[32m"space-y-12 md:space-y-16"[39m
              [36m>[39m
                [36m<div[39m
                  [33mclass[39m=[32m"relative pl-8 md:pl-0 md:pr-1/2 md:text-right"[39m
                  [33mvariants[39m=[32m"[object Object]"[39m
                [36m>[39m
                  [36m<div[39m
                    [33mclass[39m=[32m"absolute left-0 md:left-1/2 top-0 w-4 h-4 bg-blue-600 dark:bg-blue-400 rounded-full transform -translate-x-1.5 md:-translate-x-1/2 mt-1"[39m
                  [36m/>[39m
                  [36m<div[39m
                    [33mclass[39m=[32m"bg-white dark:bg-slate-800 p-6 rounded-lg shadow-md border border-slate-200 dark:border-slate-700 hover:shadow-lg transition-shadow"[39m
                  [36m>[39m
                    [36m<div[39m
                      [33mclass[39m=[32m"flex items-center gap-2 mb-2"[39m
                    [36m>[39m
                      [36m<span[39m
                        [33mclass[39m=[32m"text-2xl"[39m
                      [36m>[39m
                        [0m��[0m
                      [36m</span>[39m
                      [36m<span[39m
                        [33mclass[39m=[32m"text-sm font-semibold text-blue-600 dark:text-blue-400 uppercase tracking-wide"[39m
                      [36m>[39m
                        [0meducation[0m
                      [36m</span>[39m
                    [36m</div>[39m
                    [36m<h3[39m
                      [33mclass[39m=[32m"text-xl font-bold text-slate-900 dark:text-white mb-1"[39m
                    [36m>[39m
                      [0mFormation Google IT Support[0m
                    [36m</h3>[39m
                    [36m<p[39m
                      [33mclass[39m=[32m"text-sm text-slate-500 dark:text-slate-400 mb-3"[39m
                    [36m>[39m
                      [0mGoogle[0m
                      [0m • [0m
                      [0m2023[0m
                    [36m</p>[39m
                    [36m<p[39m
                      [33mclass[39m=[32m"text-slate-600 dark:text-slate-300"[39m
                    [36m>[39m
                      [0mCertification en support informatique[0m
                    [36m</p>[39m
                  [36m</div>[39m
                [36m</div>[39m
                [36m<div[39m
                  [33mclass[39m=[32m"relative pl-8 md:pl-0 md:pl-1/2 md:ml-auto"[39m
                  [33mvariants[39m=[32m"[object Object]"[39m
                [36m>[39m
                  [36m<div[39m
                    [33mclass[39m=[32m"absolute left-0 md:left-1/2 top-0 w-4 h-4 bg-blue-600 dark:bg-blue-400 rounded-full transform -translate-x-1.5 md:-translate-x-1/2 mt-1"[39m
                  [36m/>[39m
                  [36m<div[39m
                    [33mclass[39m=[32m"bg-white dark:bg-slate-800 p-6 rounded-lg shadow-md border border-slate-200 dark:border-slate-700 hover:shadow-lg transition-shadow"[39m
                  [36m>[39m
                    [36m<div[39m
                      [33mclass[39m=[32m"flex items-center gap-2 mb-2"[39m
                    [36m>[39m
                      [36m<span[39m
                        [33mclass[39m=[32m"text-2xl"[39m
                      [36m>[39m
                        [0m��[0m
                      [36m</span>[39m
                      [36m<span[39m
                        [33mclass[39m=[32m"text-sm font-semibold text-blue-600 dark:text-blue-400 uppercase tracking-wide"[39m
                      [36m>[39m
                        [0mcertification[0m
                      [36m</span>[39m
                    [36m</div>[39m
                    [36m<h3[39m
                      [33mclass[39m=[32m"text-xl font-bold text-slate-900 dark:text-white mb-1"[39m
                    [36m>[39m
                      [0mCertification freeCodeCamp[0m
                    [36m</h3>[39m
                    [36m<p[39m
                      [33mclass[39m=[32m"text-sm text-slate-500 dark:text-slate-400 mb-3"[39m
                    [36m>[39m
                      [0mfreeCodeCamp[0m
                      [0m • [0m
                      [0m2023[0m
                    [36m</p>[39m
                    [36m<p[39m
                      [33mclass[39m=[32m"text-slate-600 dark:text-slate-300"[39m
                    [36m>[39m
                      [0mDéveloppement web full-stack[0m
                    [36m</p>[39m
                  [36m</div>[39m
                [36m</div>[39m
                [36m<div[39m
                  [33mclass[39m=[32m"relative pl-8 md:pl-0 md:pr-1/2 md:text-right"[39m
                  [33mvariants[39m=[32m"[object Object]"[39m
                [36m>[39m
                  [36m<div[39m
                    [33mclass[39m=[32m"absolute left-0 md:left-1/2 top-0 w-4 h-4 bg-blue-600 dark:bg-blue-400 rounded-full transform -translate-x-1.5 md:-translate-x-1/2 mt-1"[39m
                  [36m/>[39m
                  [36m<div[39m
                    [33mclass[39m=[32m"bg-white dark:bg-slate-800 p-6 rounded-lg shadow-md border border-slate-200 dark:border-slate-700 hover:shadow-lg transition-shadow"[39m
                  [36m>[39m
                    [36m<div[39m
                      [33mclass[39m=[32m"flex items-center gap-2 mb-2"[39m
                    [36m>[39m
                      [36m<span[39m
                        [33mclass[39m=[32m"text-2xl"[39m
                      [36m>[39m
                        [0m⚡[0m
                      [36m</span>[39m
                      [36m<span[39m
                        [33mclass[39m=[32m"text-sm font-semibold text-blue-600 dark:text-blue-400 uppercase tracking-wide"[39m
                      [36m>[39m
                        [0mevent[0m
                      [36m</span>[39m
                    [36m</div>[39m
                    [36m<h3[39m
                      [33mclass[39m=[32m"text-xl font-bold text-slate-900 dark:text-white mb-1"[39m
                    [36m>[39m
                      [0mHackathon MIABE[0m
                    [36m</h3>[39m
                    [36m<p[39m
                      [33mclass[39m=[32m"text-sm text-slate-500 dark:text-slate-400 mb-3"[39m
                    [36m>[39m
                      [0mMIABE[0m
                      [0m • [0m
                      [0m2024[0m
                    [36m</p>[39m
                    [36m<p[39m
                      [33mclass[39m=[32m"text-slate-600 dark:text-slate-300"[39m
                    [36m>[39m
                      [0mParticipation à un hackathon national[0m
                    [36m</p>[39m
                  [36m</div>[39m
                [36m</div>[39m
                [36m<div[39m
                  [33mclass[39m=[32m"relative pl-8 md:pl-0 md:pl-1/2 md:ml-auto"[39m
                  [33mvariants[39m=[32m"[object Object]"[39m
                [36m>[39m
                  [36m<div[39m
                    [33mclass[39m=[32m"absolute left-0 md:left-1/2 top-0 w-4 h-4 bg-blue-600 dark:bg-blue-400 rounded-full transform -translate-x-1.5 md:-translate-x-1/2 mt-1"[39m
                  [36m/>[39m
                  [36m<div[39m
                    [33mclass[39m=[32m"bg-white dark:bg-slate-800 p-6 rounded-lg shadow-md border border-slate-200 dark:border-slate-700 hover:shadow-lg transition-shadow"[39m
                  [36m>[39m
                    [36m<div[39m
                      [33mclass[39m=[32m"flex items-center gap-2 mb-2"[39m
                    [36m>[39m
                      [36m<span[39m
                        [33mclass[39m=[32m"text-2xl"[39m
                      [36m>[39m
                        [0m⚡[0m
                      [36m</span>[39m
                      [36m<span[39m
                        [33mclass[39m=[32m"text-sm font-semibold text-blue-600 dark:text-blue-400 uppercase tracking-wide"[39m
                      [36m>[39m
                        [0mevent[0m
                      [36m</span>[39m
                    [36m</div>[39m
                    [36m<h3[39m
                      [33mclass[39m=[32m"text-xl font-bold text-slate-900 dark:text-white mb-1"[39m
                    [36m>[39m
                      [0mArduino Days 2026[0m
                    [36m</h3>[39m
                    [36m<p[39m
                      [33mclass[39m=[32m"text-sm text-slate-500 dark:text-slate-400 mb-3"[39m
                    [36m>[39m
                      [0mArduino[0m
                      [0m • [0m
                      [0m2026[0m
                    [36m</p>[39m
                    [36m<p[39m
                      [33mclass[39m=[32m"text-slate-600 dark:text-slate-300"[39m
                    [36m>[39m
                      [0mPrésentation de projets IoT[0m
                    [36m</p>[39m
                  [36m</div>[39m
                [36m</div>[39m
              [36m</div>[39m
            [36m</div>[39m
            [36m<div[39m
              [33mclass[39m=[32m"mt-20 p-8 bg-gradient-to-r from-blue-50 to-indigo-50 dark:from-slate-800 dark:to-slate-700 rounded-lg text-center"[39m
              [33minitial[39m=[32m"[object Object]"[39m
              [33mtransition[39m=[32m"[object Object]"[39m
              [33mviewport[39m=[32m"[object Object]"[39m
              [33mwhileinview[39m=[32m"[object Object]"[39m
            [36m>[39m
              [36m<h2[39m
                [33mclass[39m=[32m"text-2xl font-bold text-slate-900 dark:text-white mb-4"[39m
              [36m>[39m
                [0mIntéressé par une collaboration?[0m
              [36m</h2>[39m
              [36m<p[39m
                [33mclass[39m=[32m"text-slate-600 dark:text-slate-400 mb-6"[39m
              [36m>[39m
                [0mDécouvrez comment je peux contribuer à votre projet.[0m
              [36m</p>[39m
              [36m<a[39m
                [33mclass[39m=[32m"inline-block px-8 py-3 bg-blue-600 hover:bg-blue-700 text-white rounded-lg font-semibold transition-colors"[39m
                [33mhref[39m=[32m"/contact"[39m
              [36m>[39m
                [0mMe Contacter[0m
              [36m</a>[39m
            [36m</div>[39m
          [36m</div>[39m
        [36m</div>[39m
      [36m</div>[39m
    [36m</body>[39m

    [0m [90m 60 |[39m     [36mconst[39m eventTypes [33m=[39m [36mnew[39m [33mSet[39m([33mTIMELINE_EVENTS[39m[33m.[39mmap((e) [33m=>[39m e[33m.[39mtype))[33m;[39m
     [90m 61 |[39m     eventTypes[33m.[39mforEach((type) [33m=>[39m {
    [31m[1m>[22m[39m[90m 62 |[39m       expect(screen[33m.[39mgetByText([36mnew[39m [33mRegExp[39m(type[33m,[39m [32m'i'[39m)))[33m.[39mtoBeInTheDocument()[33m;[39m
     [90m    |[39m                     [31m[1m^[22m[39m
     [90m 63 |[39m     })[33m;[39m
     [90m 64 |[39m   })[33m;[39m
     [90m 65 |[39m[0m

      at Object.getElementError (node_modules/@testing-library/dom/dist/config.js:37:19)
      at getElementError (node_modules/@testing-library/dom/dist/query-helpers.js:20:35)
      at getMultipleElementsFoundError (node_modules/@testing-library/dom/dist/query-helpers.js:23:10)
      at node_modules/@testing-library/dom/dist/query-helpers.js:55:13
      at node_modules/@testing-library/dom/dist/query-helpers.js:95:19
      at getByText (app/__tests__/journey.test.tsx:62:21)
          at Set.forEach (<anonymous>)
      at Object.forEach (app/__tests__/journey.test.tsx:61:16)

FAIL components/layout/__tests__/Navigation.property.test.tsx
  ● Navigation - Property: Active State Consistency › should highlight only the active link for pathname: /

    expect(element).toHaveClass("text-blue-600")

    Expected the element to have class:
      text-blue-600
    Received:

    [0m [90m 36 |[39m       [90m// Check that the active link is highlighted[39m
     [90m 37 |[39m       [36mconst[39m activeLink [33m=[39m screen[33m.[39mgetByText(expectedActive)[33m.[39mclosest([32m'a'[39m)[33m;[39m
    [31m[1m>[22m[39m[90m 38 |[39m       expect(activeLink)[33m.[39mtoHaveClass([32m'text-blue-600'[39m)[33m;[39m
     [90m    |[39m                          [31m[1m^[22m[39m
     [90m 39 |[39m       expect(activeLink)[33m.[39mtoHaveClass([32m'border-blue-600'[39m)[33m;[39m
     [90m 40 |[39m       expect(activeLink)[33m.[39mtoHaveClass([32m'font-semibold'[39m)[33m;[39m
     [90m 41 |[39m[0m

      at Object.toHaveClass (components/layout/__tests__/Navigation.property.test.tsx:38:26)

  ● Navigation - Property: Active State Consistency › should highlight only the active link for pathname: /a-propos

    expect(element).toHaveClass("text-blue-600")

    Expected the element to have class:
      text-blue-600
    Received:

    [0m [90m 36 |[39m       [90m// Check that the active link is highlighted[39m
     [90m 37 |[39m       [36mconst[39m activeLink [33m=[39m screen[33m.[39mgetByText(expectedActive)[33m.[39mclosest([32m'a'[39m)[33m;[39m
    [31m[1m>[22m[39m[90m 38 |[39m       expect(activeLink)[33m.[39mtoHaveClass([32m'text-blue-600'[39m)[33m;[39m
     [90m    |[39m                          [31m[1m^[22m[39m
     [90m 39 |[39m       expect(activeLink)[33m.[39mtoHaveClass([32m'border-blue-600'[39m)[33m;[39m
     [90m 40 |[39m       expect(activeLink)[33m.[39mtoHaveClass([32m'font-semibold'[39m)[33m;[39m
     [90m 41 |[39m[0m

      at Object.toHaveClass (components/layout/__tests__/Navigation.property.test.tsx:38:26)

  ● Navigation - Property: Active State Consistency › should highlight only the active link for pathname: /competences

    expect(element).toHaveClass("text-blue-600")

    Expected the element to have class:
      text-blue-600
    Received:

    [0m [90m 36 |[39m       [90m// Check that the active link is highlighted[39m
     [90m 37 |[39m       [36mconst[39m activeLink [33m=[39m screen[33m.[39mgetByText(expectedActive)[33m.[39mclosest([32m'a'[39m)[33m;[39m
    [31m[1m>[22m[39m[90m 38 |[39m       expect(activeLink)[33m.[39mtoHaveClass([32m'text-blue-600'[39m)[33m;[39m
     [90m    |[39m                          [31m[1m^[22m[39m
     [90m 39 |[39m       expect(activeLink)[33m.[39mtoHaveClass([32m'border-blue-600'[39m)[33m;[39m
     [90m 40 |[39m       expect(activeLink)[33m.[39mtoHaveClass([32m'font-semibold'[39m)[33m;[39m
     [90m 41 |[39m[0m

      at Object.toHaveClass (components/layout/__tests__/Navigation.property.test.tsx:38:26)

  ● Navigation - Property: Active State Consistency › should highlight only the active link for pathname: /projets

    expect(element).toHaveClass("text-blue-600")

    Expected the element to have class:
      text-blue-600
    Received:

    [0m [90m 36 |[39m       [90m// Check that the active link is highlighted[39m
     [90m 37 |[39m       [36mconst[39m activeLink [33m=[39m screen[33m.[39mgetByText(expectedActive)[33m.[39mclosest([32m'a'[39m)[33m;[39m
    [31m[1m>[22m[39m[90m 38 |[39m       expect(activeLink)[33m.[39mtoHaveClass([32m'text-blue-600'[39m)[33m;[39m
     [90m    |[39m                          [31m[1m^[22m[39m
     [90m 39 |[39m       expect(activeLink)[33m.[39mtoHaveClass([32m'border-blue-600'[39m)[33m;[39m
     [90m 40 |[39m       expect(activeLink)[33m.[39mtoHaveClass([32m'font-semibold'[39m)[33m;[39m
     [90m 41 |[39m[0m

      at Object.toHaveClass (components/layout/__tests__/Navigation.property.test.tsx:38:26)

  ● Navigation - Property: Active State Consistency › should highlight only the active link for pathname: /contact

    expect(element).toHaveClass("text-blue-600")

    Expected the element to have class:
      text-blue-600
    Received:

    [0m [90m 36 |[39m       [90m// Check that the active link is highlighted[39m
     [90m 37 |[39m       [36mconst[39m activeLink [33m=[39m screen[33m.[39mgetByText(expectedActive)[33m.[39mclosest([32m'a'[39m)[33m;[39m
    [31m[1m>[22m[39m[90m 38 |[39m       expect(activeLink)[33m.[39mtoHaveClass([32m'text-blue-600'[39m)[33m;[39m
     [90m    |[39m                          [31m[1m^[22m[39m
     [90m 39 |[39m       expect(activeLink)[33m.[39mtoHaveClass([32m'border-blue-600'[39m)[33m;[39m
     [90m 40 |[39m       expect(activeLink)[33m.[39mtoHaveClass([32m'font-semibold'[39m)[33m;[39m
     [90m 41 |[39m[0m

      at Object.toHaveClass (components/layout/__tests__/Navigation.property.test.tsx:38:26)

  ● Navigation - Property: Active State Consistency › should have exactly one active link for any pathname

    expect(received).toBe(expected) // Object.is equality

    Expected: 1
    Received: 0

    [0m [90m 57 |[39m
     [90m 58 |[39m       [36mconst[39m activeLinks [33m=[39m container[33m.[39mquerySelectorAll([32m'a.text-blue-600'[39m)[33m;[39m
    [31m[1m>[22m[39m[90m 59 |[39m       expect(activeLinks[33m.[39mlength)[33m.[39mtoBe([35m1[39m)[33m;[39m
     [90m    |[39m                                  [31m[1m^[22m[39m
     [90m 60 |[39m     })[33m;[39m
     [90m 61 |[39m   })[33m;[39m
     [90m 62 |[39m[0m

      at toBe (components/layout/__tests__/Navigation.property.test.tsx:59:34)
          at Array.forEach (<anonymous>)
      at Object.forEach (components/layout/__tests__/Navigation.property.test.tsx:53:22)

  ● Navigation - Property: Active State Consistency › should maintain active state consistency across language changes

    expect(element).toHaveClass("text-blue-600")

    Expected the element to have class:
      text-blue-600
    Received:

    [0m [90m 67 |[39m
     [90m 68 |[39m     [36mlet[39m activeLink [33m=[39m screen[33m.[39mgetByText([32m'Projets'[39m)[33m.[39mclosest([32m'a'[39m)[33m;[39m
    [31m[1m>[22m[39m[90m 69 |[39m     expect(activeLink)[33m.[39mtoHaveClass([32m'text-blue-600'[39m)[33m;[39m
     [90m    |[39m                        [31m[1m^[22m[39m
     [90m 70 |[39m
     [90m 71 |[39m     rerender(
     [90m 72 |[39m       [33m<[39m[33mNavigation[39m pathname[33m=[39m[32m"/projets"[39m language[33m=[39m[32m"en"[39m [33m/[39m[33m>[39m[0m

      at Object.toHaveClass (components/layout/__tests__/Navigation.property.test.tsx:69:24)

FAIL components/about/__tests__/Timeline.test.tsx
  ● Timeline Component › renders event dates

    TestingLibraryElementError: Found multiple elements with the text: 2023

    Here are the matching elements:

    Ignored nodes: comments, script, style
    [36m<span[39m
      [33mclass[39m=[32m"px-3 py-1 bg-blue-100 dark:bg-blue-900 text-blue-800 dark:text-blue-100 rounded-full text-sm font-medium"[39m
    [36m>[39m
      [0m2023[0m
    [36m</span>[39m

    Ignored nodes: comments, script, style
    [36m<span[39m
      [33mclass[39m=[32m"px-3 py-1 bg-blue-100 dark:bg-blue-900 text-blue-800 dark:text-blue-100 rounded-full text-sm font-medium"[39m
    [36m>[39m
      [0m2023[0m
    [36m</span>[39m

    (If this is intentional, then use the `*AllBy*` variant of the query (like `queryAllByText`, `getAllByText`, or `findAllByText`)).

    Ignored nodes: comments, script, style
    [36m<body>[39m
      [36m<div>[39m
        [36m<section[39m
          [33mclass[39m=[32m"py-20 px-4 bg-slate-50 dark:bg-slate-900"[39m
        [36m>[39m
          [36m<div[39m
            [33mclass[39m=[32m"max-w-4xl mx-auto"[39m
          [36m>[39m
            [36m<div[39m
              [33mclass[39m=[32m"text-center mb-16"[39m
              [33minitial[39m=[32m"[object Object]"[39m
              [33mtransition[39m=[32m"[object Object]"[39m
              [33mviewport[39m=[32m"[object Object]"[39m
              [33mwhileinview[39m=[32m"[object Object]"[39m
            [36m>[39m
              [36m<h2[39m
                [33mclass[39m=[32m"text-4xl md:text-5xl font-bold text-slate-900 dark:text-white mb-4"[39m
              [36m>[39m
                [0mMon parcours[0m
              [36m</h2>[39m
              [36m<p[39m
                [33mclass[39m=[32m"text-lg text-slate-600 dark:text-slate-400"[39m
              [36m>[39m
                [0mFormations, certifications et expériences marquantes[0m
              [36m</p>[39m
            [36m</div>[39m
            [36m<div[39m
              [33mclass[39m=[32m"space-y-8"[39m
              [33minitial[39m=[32m"hidden"[39m
              [33mvariants[39m=[32m"[object Object]"[39m
              [33mviewport[39m=[32m"[object Object]"[39m
              [33mwhileinview[39m=[32m"visible"[39m
            [36m>[39m
              [36m<div[39m
                [33mvariants[39m=[32m"[object Object]"[39m
              [36m>[39m
                [36m<div[39m
                  [33mclass[39m=[32m"flex gap-6"[39m
                [36m>[39m
                  [36m<div[39m
                    [33mclass[39m=[32m"flex flex-col items-center"[39m
                  [36m>[39m
                    [36m<div[39m
                      [33mclass[39m=[32m"w-12 h-12 bg-blue-600 dark:bg-blue-500 rounded-full flex items-center justify-center text-white font-bold text-lg"[39m
                    [36m>[39m
                      [0mbook[0m
                    [36m</div>[39m
                    [36m<div[39m
                      [33mclass[39m=[32m"w-1 h-24 bg-blue-200 dark:bg-blue-900 mt-4"[39m
                    [36m/>[39m
                  [36m</div>[39m
                  [36m<div[39m
                    [33mclass[39m=[32m"flex-1 pb-8"[39m
                  [36m>[39m
                    [36m<button[39m
                      [33mclass[39m=[32m"w-full text-left"[39m
                    [36m>[39m
                      [36m<div[39m
                        [33mclass[39m=[32m"bg-white dark:bg-slate-800 p-6 rounded-lg shadow-md hover:shadow-lg transition-shadow border border-slate-200 dark:border-slate-700 cursor-pointer"[39m
                      [36m>[39m
                        [36m<div[39m
                          [33mclass[39m=[32m"flex justify-between items-start mb-2"[39m
                        [36m>[39m
                          [36m<div>[39m
                            [36m<h3[39m
                              [33mclass[39m=[32m"text-xl font-bold text-slate-900 dark:text-white"[39m
                            [36m>[39m
                              [0mFormation Google IT Support[0m
                            [36m</h3>[39m
                            [36m<p[39m
                              [33mclass[39m=[32m"text-slate-600 dark:text-slate-400"[39m
                            [36m>[39m
                              [0mGoogle[0m
                            [36m</p>[39m
                          [36m</div>[39m
                          [36m<span[39m
                            [33mclass[39m=[32m"px-3 py-1 bg-blue-100 dark:bg-blue-900 text-blue-800 dark:text-blue-100 rounded-full text-sm font-medium"[39m
                          [36m>[39m
                            [0m2023[0m
                          [36m</span>[39m
                        [36m</div>[39m
                        [36m<div[39m
                          [33mclass[39m=[32m"mt-2 text-blue-600 dark:text-blue-400 text-sm font-medium"[39m
                        [36m>[39m
                          [0mAfficher plus[0m
                        [36m</div>[39m
                      [36m</div>[39m
                    [36m</button>[39m
                  [36m</div>[39m
                [36m</div>[39m
              [36m</div>[39m
              [36m<div[39m
                [33mvariants[39m=[32m"[object Object]"[39m
              [36m>[39m
                [36m<div[39m
                  [33mclass[39m=[32m"flex gap-6"[39m
                [36m>[39m
                  [36m<div[39m
                    [33mclass[39m=[32m"flex flex-col items-center"[39m
                  [36m>[39m
                    [36m<div[39m
                      [33mclass[39m=[32m"w-12 h-12 bg-blue-600 dark:bg-blue-500 rounded-full flex items-center justify-center text-white font-bold text-lg"[39m
                    [36m>[39m
                      [0maward[0m
                    [36m</div>[39m
                    [36m<div[39m
                      [33mclass[39m=[32m"w-1 h-24 bg-blue-200 dark:bg-blue-900 mt-4"[39m
                    [36m/>[39m
                  [36m</div>[39m
                  [36m<div[39m
                    [33mclass[39m=[32m"flex-1 pb-8"[39m
                  [36m>[39m
                    [36m<button[39m
                      [33mclass[39m=[32m"w-full text-left"[39m
                    [36m>[39m
                      [36m<div[39m
                        [33mclass[39m=[32m"bg-white dark:bg-slate-800 p-6 rounded-lg shadow-md hover:shadow-lg transition-shadow border border-slate-200 dark:border-slate-700 cursor-pointer"[39m
                      [36m>[39m
                        [36m<div[39m
                          [33mclass[39m=[32m"flex justify-between items-start mb-2"[39m
                        [36m>[39m
                          [36m<div>[39m
                            [36m<h3[39m
                              [33mclass[39m=[32m"text-xl font-bold text-slate-900 dark:text-white"[39m
                            [36m>[39m
                              [0mCertification freeCodeCamp[0m
                            [36m</h3>[39m
                            [36m<p[39m
                              [33mclass[39m=[32m"text-slate-600 dark:text-slate-400"[39m
                            [36m>[39m
                              [0mfreeCodeCamp[0m
                            [36m</p>[39m
                          [36m</div>[39m
                          [36m<span[39m
                            [33mclass[39m=[32m"px-3 py-1 bg-blue-100 dark:bg-blue-900 text-blue-800 dark:text-blue-100 rounded-full text-sm font-medium"[39m
                          [36m>[39m
                            [0m2023[0m
                          [36m</span>[39m
                        [36m</div>[39m
                        [36m<div[39m
                          [33mclass[39m=[32m"mt-2 text-blue-600 dark:text-blue-400 text-sm font-medium"[39m
                        [36m>[39m
                          [0mAfficher plus[0m
                        [36m</div>[39m
                      [36m</div>[39m
                    [36m</button>[39m
                  [36m</div>[39m
                [36m</div>[39m
              [36m</div>[39m
              [36m<div[39m
                [33mvariants[39m=[32m"[object Object]"[39m
              [36m>[39m
                [36m<div[39m
                  [33mclass[39m=[32m"flex gap-6"[39m
                [36m>[39m
                  [36m<div[39m
                    [33mclass[39m=[32m"flex flex-col items-center"[39m
                  [36m>[39m
                    [36m<div[39m
                      [33mclass[39m=[32m"w-12 h-12 bg-blue-600 dark:bg-blue-500 rounded-full flex items-center justify-center text-white font-bold text-lg"[39m
                    [36m>[39m
                      [0mzap[0m
                    [36m</div>[39m
                    [36m<div[39m
                      [33mclass[39m=[32m"w-1 h-24 bg-blue-200 dark:bg-blue-900 mt-4"[39m
                    [36m/>[39m
                  [36m</div>[39m
                  [36m<div[39m
                    [33mclass[39m=[32m"flex-1 pb-8"[39m
                  [36m>[39m
                    [36m<button[39m
                      [33mclass[39m=[32m"w-full text-left"[39m
                    [36m>[39m
                      [36m<div[39m
                        [33mclass[39m=[32m"bg-white dark:bg-slate-800 p-6 rounded-lg shadow-md hover:shadow-lg transition-shadow border border-slate-200 dark:border-slate-700 cursor-pointer"[39m
                      [36m>[39m
                        [36m<div[39m
                          [33mclass[39m=[32m"flex justify-between items-start mb-2"[39m
                        [36m>[39m
                          [36m<div>[39m
                            [36m<h3[39m
                              [33mclass[39m=[32m"text-xl font-bold text-slate-900 dark:text-white"[39m
                            [36m>[39m
                              [0mHackathon MIABE[0m
                            [36m</h3>[39m
                            [36m<p[39m
                              [33mclass[39m=[32m"text-slate-600 dark:text-slate-400"[39m
                            [36m>[39m
                              [0mMIABE[0m
                            [36m</p>[39m
                          [36m</div>[39m
                          [36m<span[39m
                            [33mclass[39m=[32m"px-3 py-1 bg-blue-100 dark:bg-blue-900 text-blue-800 dark:text-blue-100 rounded-full text-sm font-medium"[39m
                          [36m>[39m
                            [0m2024[0m
                          [36m</span>[39m
                        [36m</div>[39m
                        [36m<div[39m
                          [33mclass[39m=[32m"mt-2 text-blue-600 dark:text-blue-400 text-sm font-medium"[39m
                        [36m>[39m
                          [0mAfficher plus[0m
                        [36m</div>[39m
                      [36m</div>[39m
                    [36m</button>[39m
                  [36m</div>[39m
                [36m</div>[39m
              [36m</div>[39m
              [36m<div[39m
                [33mvariants[39m=[32m"[object Object]"[39m
              [36m>[39m
                [36m<div[39m
                  [33mclass[39m=[32m"flex gap-6"[39m
                [36m>[39m
                  [36m<div[39m
                    [33mclass[39m=[32m"flex flex-col items-center"[39m
                  [36m>[39m
                    [36m<div[39m
                      [33mclass[39m=[32m"w-12 h-12 bg-blue-600 dark:bg-blue-500 rounded-full flex items-center justify-center text-white font-bold text-lg"[39m
                    [36m>[39m
                      [0mcpu[0m
                    [36m</div>[39m
                  [36m</div>[39m
                  [36m<div[39m
                    [33mclass[39m=[32m"flex-1 pb-8"[39m
                  [36m>[39m
                    [36m<button[39m
                      [33mclass[39m=[32m"w-full text-left"[39m
                    [36m>[39m
                      [36m<div[39m
                        [33mclass[39m=[32m"bg-white dark:bg-slate-800 p-6 rounded-lg shadow-md hover:shadow-lg transition-shadow border border-slate-200 dark:border-slate-700 cursor-pointer"[39m
                      [36m>[39m
                        [36m<div[39m
                          [33mclass[39m=[32m"flex justify-between items-start mb-2"[39m
                        [36m>[39m
                          [36m<div>[39m
                            [36m<h3[39m
                              [33mclass[39m=[32m"text-xl font-bold text-slate-900 dark:text-white"[39m
                            [36m>[39m
                              [0mArduino Days 2026[0m
                            [36m</h3>[39m
                            [36m<p[39m
                              [33mclass[39m=[32m"text-slate-600 dark:text-slate-400"[39m
                            [36m>[39m
                              [0mArduino[0m
                            [36m</p>[39m
                          [36m</div>[39m
                          [36m<span[39m
                            [33mclass[39m=[32m"px-3 py-1 bg-blue-100 dark:bg-blue-900 text-blue-800 dark:text-blue-100 rounded-full text-sm font-medium"[39m
                          [36m>[39m
                            [0m2026[0m
                          [36m</span>[39m
                        [36m</div>[39m
                        [36m<div[39m
                          [33mclass[39m=[32m"mt-2 text-blue-600 dark:text-blue-400 text-sm font-medium"[39m
                        [36m>[39m
                          [0mAfficher plus[0m
                        [36m</div>[39m
                      [36m</div>[39m
                    [36m</button>[39m
                  [36m</div>[39m
                [36m</div>[39m
              [36m</div>[39m
            [36m</div>[39m
          [36m</div>[39m
        [36m</section>[39m
      [36m</div>[39m
    [36m</body>[39m

    [0m [90m 31 |[39m   it([32m'renders event dates'[39m[33m,[39m () [33m=>[39m {
     [90m 32 |[39m     render([33m<[39m[33mTimeline[39m [33m/[39m[33m>[39m)[33m;[39m
    [31m[1m>[22m[39m[90m 33 |[39m     expect(screen[33m.[39mgetByText([32m'2023'[39m))[33m.[39mtoBeInTheDocument()[33m;[39m
     [90m    |[39m                   [31m[1m^[22m[39m
     [90m 34 |[39m     expect(screen[33m.[39mgetByText([32m'2024'[39m))[33m.[39mtoBeInTheDocument()[33m;[39m
     [90m 35 |[39m   })[33m;[39m
     [90m 36 |[39m[0m

      at Object.getElementError (node_modules/@testing-library/dom/dist/config.js:37:19)
      at getElementError (node_modules/@testing-library/dom/dist/query-helpers.js:20:35)
      at getMultipleElementsFoundError (node_modules/@testing-library/dom/dist/query-helpers.js:23:10)
      at node_modules/@testing-library/dom/dist/query-helpers.js:55:13
      at node_modules/@testing-library/dom/dist/query-helpers.js:95:19
      at Object.getByText (components/about/__tests__/Timeline.test.tsx:33:19)

FAIL components/contact/__tests__/ContactForm.property.test.tsx
  ● ContactForm - Property-Based Tests › should validate that all required fields must be filled before submission

    property expects at least two parameters

    [0m [90m 27 |[39m   it([32m'should validate that all required fields must be filled before submission'[39m[33m,[39m () [33m=>[39m {
     [90m 28 |[39m     fc[33m.[39massert(
    [31m[1m>[22m[39m[90m 29 |[39m       fc[33m.[39mproperty(
     [90m    |[39m          [31m[1m^[22m[39m
     [90m 30 |[39m         fc[33m.[39mrecord({
     [90m 31 |[39m           name[33m:[39m fc[33m.[39moneof(fc[33m.[39mconstant([32m''[39m)[33m,[39m fc[33m.[39mstring())[33m,[39m
     [90m 32 |[39m           email[33m:[39m fc[33m.[39moneof(fc[33m.[39mconstant([32m''[39m)[33m,[39m fc[33m.[39mstring())[33m,[39m[0m

      at Module.property (node_modules/fast-check/lib/cjs/fast-check.js:1344:29)
      at Object.property (components/contact/__tests__/ContactForm.property.test.tsx:29:10)

  ● ContactForm - Property-Based Tests › should validate email format consistently

    Property failed after 1 tests
    { seed: 828342434, path: "0:0", endOnFailure: true }
    Counterexample: [""]
    Shrunk 1 time(s)

    Hint: Enable verbose mode in order to have the list of all failing values encountered during the run

    [0m [90m 67 |[39m
     [90m 68 |[39m   it([32m'should validate email format consistently'[39m[33m,[39m () [33m=>[39m {
    [31m[1m>[22m[39m[90m 69 |[39m     fc[33m.[39massert(
     [90m    |[39m        [31m[1m^[22m[39m
     [90m 70 |[39m       fc[33m.[39mproperty(fc[33m.[39mstring()[33m,[39m (email) [33m=>[39m {
     [90m 71 |[39m         [36mconst[39m { unmount } [33m=[39m render(
     [90m 72 |[39m           [33m<[39m[33mLanguageProvider[39m[33m>[39m[0m

      at buildError (node_modules/fast-check/lib/cjs/fast-check.js:2456:16)
      at throwIfFailed (node_modules/fast-check/lib/cjs/fast-check.js:2463:8)
      at reportRunDetails (node_modules/fast-check/lib/cjs/fast-check.js:2479:14)
      at Module.assert (node_modules/fast-check/lib/cjs/fast-check.js:2536:7)
      at Object.assert (components/contact/__tests__/ContactForm.property.test.tsx:69:8)

    Cause:
    ReferenceError: LanguageProvider is not defined

    [0m [90m 70 |[39m       fc[33m.[39mproperty(fc[33m.[39mstring()[33m,[39m (email) [33m=>[39m {
     [90m 71 |[39m         [36mconst[39m { unmount } [33m=[39m render(
    [31m[1m>[22m[39m[90m 72 |[39m           [33m<[39m[33mLanguageProvider[39m[33m>[39m
     [90m    |[39m            [31m[1m^[22m[39m
     [90m 73 |[39m             [33m<[39m[33mContactForm[39m [33m/[39m[33m>[39m
     [90m 74 |[39m           [33m<[39m[33m/[39m[33mLanguageProvider[39m[33m>[39m
     [90m 75 |[39m         )[33m;[39m[0m

      at LanguageProvider (components/contact/__tests__/ContactForm.property.test.tsx:72:12)
      at Property.predicate (node_modules/fast-check/lib/cjs/fast-check.js:1348:99)
      at Property.run (node_modules/fast-check/lib/cjs/fast-check.js:1317:24)
      at runIt (node_modules/fast-check/lib/cjs/fast-check.js:2499:24)
      at check (node_modules/fast-check/lib/cjs/fast-check.js:2531:204)
      at Module.assert (node_modules/fast-check/lib/cjs/fast-check.js:2534:14)
      at Object.assert (components/contact/__tests__/ContactForm.property.test.tsx:69:8)

  ● ContactForm - Property-Based Tests › should clear form fields after successful submission

    property expects at least two parameters

    [0m [90m 100 |[39m   it([32m'should clear form fields after successful submission'[39m[33m,[39m () [33m=>[39m {
     [90m 101 |[39m     fc[33m.[39massert(
    [31m[1m>[22m[39m[90m 102 |[39m       fc[33m.[39mproperty(
     [90m     |[39m          [31m[1m^[22m[39m
     [90m 103 |[39m         fc[33m.[39mrecord({
     [90m 104 |[39m           name[33m:[39m fc[33m.[39mstring({ minLength[33m:[39m [35m1[39m })[33m,[39m
     [90m 105 |[39m           email[33m:[39m fc[33m.[39memailAddress()[33m,[39m[0m

      at Module.property (node_modules/fast-check/lib/cjs/fast-check.js:1344:29)
      at Object.property (components/contact/__tests__/ContactForm.property.test.tsx:102:10)

  ● ContactForm - Property-Based Tests › should maintain form state consistency during user input

    property expects at least two parameters

    [0m [90m 138 |[39m   it([32m'should maintain form state consistency during user input'[39m[33m,[39m () [33m=>[39m {
     [90m 139 |[39m     fc[33m.[39massert(
    [31m[1m>[22m[39m[90m 140 |[39m       fc[33m.[39mproperty(
     [90m     |[39m          [31m[1m^[22m[39m
     [90m 141 |[39m         fc[33m.[39mrecord({
     [90m 142 |[39m           name[33m:[39m fc[33m.[39mstring()[33m,[39m
     [90m 143 |[39m           email[33m:[39m fc[33m.[39mstring()[33m,[39m[0m

      at Module.property (node_modules/fast-check/lib/cjs/fast-check.js:1344:29)
      at Object.property (components/contact/__tests__/ContactForm.property.test.tsx:140:10)

FAIL components/home/__tests__/Testimonial.test.tsx
  ● Testimonial Component › renders 5 stars

    SyntaxError: 'span:contains(,,⭐,' is not a valid selector

    [0m [90m 20 |[39m   it([32m'renders 5 stars'[39m[33m,[39m () [33m=>[39m {
     [90m 21 |[39m     [36mconst[39m { container } [33m=[39m render([33m<[39m[33mTestimonial[39m [33m/[39m[33m>[39m)[33m;[39m
    [31m[1m>[22m[39m[90m 22 |[39m     [36mconst[39m stars [33m=[39m container[33m.[39mquerySelectorAll([32m'span:contains("⭐")'[39m)[33m;[39m
     [90m    |[39m                             [31m[1m^[22m[39m
     [90m 23 |[39m     expect(stars[33m.[39mlength)[33m.[39mtoBeGreaterThanOrEqual([35m0[39m)[33m;[39m
     [90m 24 |[39m   })[33m;[39m
     [90m 25 |[39m[0m

      at emit (node_modules/nwsapi/src/nwsapi.js:670:17)
      at parse (node_modules/nwsapi/src/nwsapi.js:1612:13)
      at Object._querySelectorAll [as select] (node_modules/nwsapi/src/nwsapi.js:1701:44)
      at HTMLDivElementImpl.querySelectorAll (node_modules/jsdom/lib/jsdom/living/nodes/ParentNode-impl.js:80:26)
      at HTMLDivElement.querySelectorAll (node_modules/jsdom/lib/jsdom/living/generated/Element.js:1119:58)
      at Object.querySelectorAll (components/home/__tests__/Testimonial.test.tsx:22:29)

FAIL components/contact/__tests__/ContactInfo.test.tsx
  ● ContactInfo › renders contact info title

    ReferenceError: IntersectionObserver is not defined

    [0m [90m 20 |[39m
     [90m 21 |[39m [36mconst[39m renderWithProviders [33m=[39m (component[33m:[39m [33mReact[39m[33m.[39m[33mReactElement[39m) [33m=>[39m {
    [31m[1m>[22m[39m[90m 22 |[39m   [36mreturn[39m render([33m<[39m[33mMockLanguageProvider[39m[33m>[39m{component}[33m<[39m[33m/[39m[33mMockLanguageProvider[39m[33m>[39m)[33m;[39m
     [90m    |[39m                [31m[1m^[22m[39m
     [90m 23 |[39m }[33m;[39m
     [90m 24 |[39m
     [90m 25 |[39m describe([32m'ContactInfo'[39m[33m,[39m () [33m=>[39m {[0m

      at initIntersectionObserver (node_modules/framer-motion/dist/cjs/index.js:1039:34)
      at observeIntersection (node_modules/framer-motion/dist/cjs/index.js:1044:39)
      at InViewFeature.startObserver (node_modules/framer-motion/dist/cjs/index.js:1101:16)
      at InViewFeature.mount (node_modules/framer-motion/dist/cjs/index.js:1104:14)
      at HTMLVisualElement.updateFeatures (node_modules/framer-motion/dist/cjs/index-legacy-87714a68.js:4267:25)
      at node_modules/framer-motion/dist/cjs/index.js:103:23
      at commitHookEffectListMount (node_modules/react-dom/cjs/react-dom.development.js:23189:26)
      at commitPassiveMountOnFiber (node_modules/react-dom/cjs/react-dom.development.js:24970:11)
      at commitPassiveMountEffects_complete (node_modules/react-dom/cjs/react-dom.development.js:24930:9)
      at commitPassiveMountEffects_begin (node_modules/react-dom/cjs/react-dom.development.js:24917:7)
      at commitPassiveMountEffects (node_modules/react-dom/cjs/react-dom.development.js:24905:3)
      at flushPassiveEffectsImpl (node_modules/react-dom/cjs/react-dom.development.js:27078:3)
      at flushPassiveEffects (node_modules/react-dom/cjs/react-dom.development.js:27023:14)
      at node_modules/react-dom/cjs/react-dom.development.js:26808:9
      at flushActQueue (node_modules/react/cjs/react.development.js:2667:24)
      at act (node_modules/react/cjs/react.development.js:2582:11)
      at node_modules/@testing-library/react/dist/act-compat.js:47:25
      at renderRoot (node_modules/@testing-library/react/dist/pure.js:180:26)
      at render (node_modules/@testing-library/react/dist/pure.js:271:10)
      at renderWithProviders (components/contact/__tests__/ContactInfo.test.tsx:22:16)
      at Object.renderWithProviders (components/contact/__tests__/ContactInfo.test.tsx:27:5)

  ● ContactInfo › renders all contact info items

    ReferenceError: IntersectionObserver is not defined

    [0m [90m 20 |[39m
     [90m 21 |[39m [36mconst[39m renderWithProviders [33m=[39m (component[33m:[39m [33mReact[39m[33m.[39m[33mReactElement[39m) [33m=>[39m {
    [31m[1m>[22m[39m[90m 22 |[39m   [36mreturn[39m render([33m<[39m[33mMockLanguageProvider[39m[33m>[39m{component}[33m<[39m[33m/[39m[33mMockLanguageProvider[39m[33m>[39m)[33m;[39m
     [90m    |[39m                [31m[1m^[22m[39m
     [90m 23 |[39m }[33m;[39m
     [90m 24 |[39m
     [90m 25 |[39m describe([32m'ContactInfo'[39m[33m,[39m () [33m=>[39m {[0m

      at initIntersectionObserver (node_modules/framer-motion/dist/cjs/index.js:1039:34)
      at observeIntersection (node_modules/framer-motion/dist/cjs/index.js:1044:39)
      at InViewFeature.startObserver (node_modules/framer-motion/dist/cjs/index.js:1101:16)
      at InViewFeature.mount (node_modules/framer-motion/dist/cjs/index.js:1104:14)
      at HTMLVisualElement.updateFeatures (node_modules/framer-motion/dist/cjs/index-legacy-87714a68.js:4267:25)
      at node_modules/framer-motion/dist/cjs/index.js:103:23
      at commitHookEffectListMount (node_modules/react-dom/cjs/react-dom.development.js:23189:26)
      at commitPassiveMountOnFiber (node_modules/react-dom/cjs/react-dom.development.js:24970:11)
      at commitPassiveMountEffects_complete (node_modules/react-dom/cjs/react-dom.development.js:24930:9)
      at commitPassiveMountEffects_begin (node_modules/react-dom/cjs/react-dom.development.js:24917:7)
      at commitPassiveMountEffects (node_modules/react-dom/cjs/react-dom.development.js:24905:3)
      at flushPassiveEffectsImpl (node_modules/react-dom/cjs/react-dom.development.js:27078:3)
      at flushPassiveEffects (node_modules/react-dom/cjs/react-dom.development.js:27023:14)
      at node_modules/react-dom/cjs/react-dom.development.js:26808:9
      at flushActQueue (node_modules/react/cjs/react.development.js:2667:24)
      at act (node_modules/react/cjs/react.development.js:2582:11)
      at node_modules/@testing-library/react/dist/act-compat.js:47:25
      at renderRoot (node_modules/@testing-library/react/dist/pure.js:180:26)
      at render (node_modules/@testing-library/react/dist/pure.js:271:10)
      at renderWithProviders (components/contact/__tests__/ContactInfo.test.tsx:22:16)
      at Object.renderWithProviders (components/contact/__tests__/ContactInfo.test.tsx:32:5)

  ● ContactInfo › renders contact info values

    ReferenceError: IntersectionObserver is not defined

    [0m [90m 20 |[39m
     [90m 21 |[39m [36mconst[39m renderWithProviders [33m=[39m (component[33m:[39m [33mReact[39m[33m.[39m[33mReactElement[39m) [33m=>[39m {
    [31m[1m>[22m[39m[90m 22 |[39m   [36mreturn[39m render([33m<[39m[33mMockLanguageProvider[39m[33m>[39m{component}[33m<[39m[33m/[39m[33mMockLanguageProvider[39m[33m>[39m)[33m;[39m
     [90m    |[39m                [31m[1m^[22m[39m
     [90m 23 |[39m }[33m;[39m
     [90m 24 |[39m
     [90m 25 |[39m describe([32m'ContactInfo'[39m[33m,[39m () [33m=>[39m {[0m

      at initIntersectionObserver (node_modules/framer-motion/dist/cjs/index.js:1039:34)
      at observeIntersection (node_modules/framer-motion/dist/cjs/index.js:1044:39)
      at InViewFeature.startObserver (node_modules/framer-motion/dist/cjs/index.js:1101:16)
      at InViewFeature.mount (node_modules/framer-motion/dist/cjs/index.js:1104:14)
      at HTMLVisualElement.updateFeatures (node_modules/framer-motion/dist/cjs/index-legacy-87714a68.js:4267:25)
      at node_modules/framer-motion/dist/cjs/index.js:103:23
      at commitHookEffectListMount (node_modules/react-dom/cjs/react-dom.development.js:23189:26)
      at commitPassiveMountOnFiber (node_modules/react-dom/cjs/react-dom.development.js:24970:11)
      at commitPassiveMountEffects_complete (node_modules/react-dom/cjs/react-dom.development.js:24930:9)
      at commitPassiveMountEffects_begin (node_modules/react-dom/cjs/react-dom.development.js:24917:7)
      at commitPassiveMountEffects (node_modules/react-dom/cjs/react-dom.development.js:24905:3)
      at flushPassiveEffectsImpl (node_modules/react-dom/cjs/react-dom.development.js:27078:3)
      at flushPassiveEffects (node_modules/react-dom/cjs/react-dom.development.js:27023:14)
      at node_modules/react-dom/cjs/react-dom.development.js:26808:9
      at flushActQueue (node_modules/react/cjs/react.development.js:2667:24)
      at act (node_modules/react/cjs/react.development.js:2582:11)
      at node_modules/@testing-library/react/dist/act-compat.js:47:25
      at renderRoot (node_modules/@testing-library/react/dist/pure.js:180:26)
      at render (node_modules/@testing-library/react/dist/pure.js:271:10)
      at renderWithProviders (components/contact/__tests__/ContactInfo.test.tsx:22:16)
      at Object.renderWithProviders (components/contact/__tests__/ContactInfo.test.tsx:39:5)

  ● ContactInfo › renders contact info icons

    ReferenceError: IntersectionObserver is not defined

    [0m [90m 20 |[39m
     [90m 21 |[39m [36mconst[39m renderWithProviders [33m=[39m (component[33m:[39m [33mReact[39m[33m.[39m[33mReactElement[39m) [33m=>[39m {
    [31m[1m>[22m[39m[90m 22 |[39m   [36mreturn[39m render([33m<[39m[33mMockLanguageProvider[39m[33m>[39m{component}[33m<[39m[33m/[39m[33mMockLanguageProvider[39m[33m>[39m)[33m;[39m
     [90m    |[39m                [31m[1m^[22m[39m
     [90m 23 |[39m }[33m;[39m
     [90m 24 |[39m
     [90m 25 |[39m describe([32m'ContactInfo'[39m[33m,[39m () [33m=>[39m {[0m

      at initIntersectionObserver (node_modules/framer-motion/dist/cjs/index.js:1039:34)
      at observeIntersection (node_modules/framer-motion/dist/cjs/index.js:1044:39)
      at InViewFeature.startObserver (node_modules/framer-motion/dist/cjs/index.js:1101:16)
      at InViewFeature.mount (node_modules/framer-motion/dist/cjs/index.js:1104:14)
      at HTMLVisualElement.updateFeatures (node_modules/framer-motion/dist/cjs/index-legacy-87714a68.js:4267:25)
      at node_modules/framer-motion/dist/cjs/index.js:103:23
      at commitHookEffectListMount (node_modules/react-dom/cjs/react-dom.development.js:23189:26)
      at commitPassiveMountOnFiber (node_modules/react-dom/cjs/react-dom.development.js:24970:11)
      at commitPassiveMountEffects_complete (node_modules/react-dom/cjs/react-dom.development.js:24930:9)
      at commitPassiveMountEffects_begin (node_modules/react-dom/cjs/react-dom.development.js:24917:7)
      at commitPassiveMountEffects (node_modules/react-dom/cjs/react-dom.development.js:24905:3)
      at flushPassiveEffectsImpl (node_modules/react-dom/cjs/react-dom.development.js:27078:3)
      at flushPassiveEffects (node_modules/react-dom/cjs/react-dom.development.js:27023:14)
      at node_modules/react-dom/cjs/react-dom.development.js:26808:9
      at flushActQueue (node_modules/react/cjs/react.development.js:2667:24)
      at act (node_modules/react/cjs/react.development.js:2582:11)
      at node_modules/@testing-library/react/dist/act-compat.js:47:25
      at renderRoot (node_modules/@testing-library/react/dist/pure.js:180:26)
      at render (node_modules/@testing-library/react/dist/pure.js:271:10)
      at renderWithProviders (components/contact/__tests__/ContactInfo.test.tsx:22:16)
      at Object.renderWithProviders (components/contact/__tests__/ContactInfo.test.tsx:46:5)

  ● ContactInfo › renders three info items in a grid

    ReferenceError: IntersectionObserver is not defined

    [0m [90m 20 |[39m
     [90m 21 |[39m [36mconst[39m renderWithProviders [33m=[39m (component[33m:[39m [33mReact[39m[33m.[39m[33mReactElement[39m) [33m=>[39m {
    [31m[1m>[22m[39m[90m 22 |[39m   [36mreturn[39m render([33m<[39m[33mMockLanguageProvider[39m[33m>[39m{component}[33m<[39m[33m/[39m[33mMockLanguageProvider[39m[33m>[39m)[33m;[39m
     [90m    |[39m                [31m[1m^[22m[39m
     [90m 23 |[39m }[33m;[39m
     [90m 24 |[39m
     [90m 25 |[39m describe([32m'ContactInfo'[39m[33m,[39m () [33m=>[39m {[0m

      at initIntersectionObserver (node_modules/framer-motion/dist/cjs/index.js:1039:34)
      at observeIntersection (node_modules/framer-motion/dist/cjs/index.js:1044:39)
      at InViewFeature.startObserver (node_modules/framer-motion/dist/cjs/index.js:1101:16)
      at InViewFeature.mount (node_modules/framer-motion/dist/cjs/index.js:1104:14)
      at HTMLVisualElement.updateFeatures (node_modules/framer-motion/dist/cjs/index-legacy-87714a68.js:4267:25)
      at node_modules/framer-motion/dist/cjs/index.js:103:23
      at commitHookEffectListMount (node_modules/react-dom/cjs/react-dom.development.js:23189:26)
      at commitPassiveMountOnFiber (node_modules/react-dom/cjs/react-dom.development.js:24970:11)
      at commitPassiveMountEffects_complete (node_modules/react-dom/cjs/react-dom.development.js:24930:9)
      at commitPassiveMountEffects_begin (node_modules/react-dom/cjs/react-dom.development.js:24917:7)
      at commitPassiveMountEffects (node_modules/react-dom/cjs/react-dom.development.js:24905:3)
      at flushPassiveEffectsImpl (node_modules/react-dom/cjs/react-dom.development.js:27078:3)
      at flushPassiveEffects (node_modules/react-dom/cjs/react-dom.development.js:27023:14)
      at node_modules/react-dom/cjs/react-dom.development.js:26808:9
      at flushActQueue (node_modules/react/cjs/react.development.js:2667:24)
      at act (node_modules/react/cjs/react.development.js:2582:11)
      at node_modules/@testing-library/react/dist/act-compat.js:47:25
      at renderRoot (node_modules/@testing-library/react/dist/pure.js:180:26)
      at render (node_modules/@testing-library/react/dist/pure.js:271:10)
      at renderWithProviders (components/contact/__tests__/ContactInfo.test.tsx:22:16)
      at Object.renderWithProviders (components/contact/__tests__/ContactInfo.test.tsx:53:27)

FAIL components/home/__tests__/FeaturedProjects.test.tsx
  ● FeaturedProjects Component › renders project years

    TestingLibraryElementError: Found multiple elements with the text: 2024

    Here are the matching elements:

    Ignored nodes: comments, script, style
    [36m<span[39m
      [33mclass[39m=[32m"text-sm text-slate-500 dark:text-slate-400"[39m
    [36m>[39m
      [0m2024[0m
    [36m</span>[39m

    Ignored nodes: comments, script, style
    [36m<span[39m
      [33mclass[39m=[32m"text-sm text-slate-500 dark:text-slate-400"[39m
    [36m>[39m
      [0m2024[0m
    [36m</span>[39m

    (If this is intentional, then use the `*AllBy*` variant of the query (like `queryAllByText`, `getAllByText`, or `findAllByText`)).

    Ignored nodes: comments, script, style
    [36m<body>[39m
      [36m<div>[39m
        [36m<section[39m
          [33mclass[39m=[32m"py-20 px-4"[39m
        [36m>[39m
          [36m<div[39m
            [33mclass[39m=[32m"max-w-7xl mx-auto"[39m
          [36m>[39m
            [36m<div[39m
              [33mclass[39m=[32m"text-center mb-16"[39m
              [33minitial[39m=[32m"[object Object]"[39m
              [33mtransition[39m=[32m"[object Object]"[39m
              [33mviewport[39m=[32m"[object Object]"[39m
              [33mwhileinview[39m=[32m"[object Object]"[39m
            [36m>[39m
              [36m<h2[39m
                [33mclass[39m=[32m"text-4xl md:text-5xl font-bold text-slate-900 dark:text-white mb-4"[39m
              [36m>[39m
                [0mProjets vedettes[0m
              [36m</h2>[39m
              [36m<p[39m
                [33mclass[39m=[32m"text-lg text-slate-600 dark:text-slate-400"[39m
              [36m>[39m
                [0mDécouvrez mes réalisations les plus remarquables[0m
              [36m</p>[39m
            [36m</div>[39m
            [36m<div[39m
              [33mclass[39m=[32m"grid grid-cols-1 md:grid-cols-2 lg:grid-cols-3 gap-8"[39m
              [33minitial[39m=[32m"hidden"[39m
              [33mvariants[39m=[32m"[object Object]"[39m
              [33mviewport[39m=[32m"[object Object]"[39m
              [33mwhileinview[39m=[32m"visible"[39m
            [36m>[39m
              [36m<div[39m
                [33mvariants[39m=[32m"[object Object]"[39m
              [36m>[39m
                [36m<a[39m
                  [33mhref[39m=[32m"/projets/ecommerce-platform"[39m
                [36m>[39m
                  [36m<div[39m
                    [33mclass[39m=[32m"h-full bg-white dark:bg-slate-800 rounded-lg shadow-md hover:shadow-lg transition-shadow overflow-hidden cursor-pointer border border-slate-200 dark:border-slate-700"[39m
                  [36m>[39m
                    [36m<div[39m
                      [33mclass[39m=[32m"h-48 bg-gradient-to-br from-blue-400 to-blue-600 flex items-center justify-center"[39m
                    [36m>[39m
                      [36m<span[39m
                        [33mclass[39m=[32m"text-4xl"[39m
                      [36m>[39m
                        [0m��[0m
                      [36m</span>[39m
                    [36m</div>[39m
                    [36m<div[39m
                      [33mclass[39m=[32m"p-6"[39m
                    [36m>[39m
                      [36m<div[39m
                        [33mclass[39m=[32m"flex items-center gap-2 mb-3"[39m
                      [36m>[39m
                        [36m<span[39m
                          [33mclass[39m=[32m"px-3 py-1 bg-blue-100 dark:bg-blue-900 text-blue-800 dark:text-blue-100 rounded-full text-sm font-medium"[39m
                        [36m>[39m
                          [0mecommerce[0m
                        [36m</span>[39m
                        [36m<span[39m
                          [33mclass[39m=[32m"text-sm text-slate-500 dark:text-slate-400"[39m
                        [36m>[39m
                          [0m2024[0m
                        [36m</span>[39m
                      [36m</div>[39m
                      [36m<h3[39m
                        [33mclass[39m=[32m"text-xl font-bold text-slate-900 dark:text-white mb-2"[39m
                      [36m>[39m
                        [0mPlateforme E-commerce[0m
                      [36m</h3>[39m
                      [36m<p[39m
                        [33mclass[39m=[32m"text-slate-600 dark:text-slate-400 mb-4 line-clamp-2"[39m
                      [36m>[39m
                        [0mSolution e-commerce complète avec intégration de paiement[0m
                      [36m</p>[39m
                      [36m<div[39m
                        [33mclass[39m=[32m"flex flex-wrap gap-2"[39m
                      [36m>[39m
                        [36m<span[39m
                          [33mclass[39m=[32m"px-2 py-1 bg-slate-100 dark:bg-slate-700 text-slate-700 dark:text-slate-300 rounded text-xs font-medium"[39m
                        [36m>[39m
                          [0mNext.js[0m
                        [36m</span>[39m
                        [36m<span[39m
                          [33mclass[39m=[32m"px-2 py-1 bg-slate-100 dark:bg-slate-700 text-slate-700 dark:text-slate-300 rounded text-xs font-medium"[39m
                        [36m>[39m
                          [0mTypeScript[0m
                        [36m</span>[39m
                        [36m<span[39m
                          [33mclass[39m=[32m"px-2 py-1 bg-slate-100 dark:bg-slate-700 text-slate-700 dark:text-slate-300 rounded text-xs font-medium"[39m
                        [36m>[39m
                          [0mStripe[0m
                        [36m</span>[39m
                        [36m<span[39m
                          [33mclass[39m=[32m"px-2 py-1 bg-slate-100 dark:bg-slate-700 text-slate-700 dark:text-slate-300 rounded text-xs font-medium"[39m
                        [36m>[39m
                          [0m+[0m
                          [0m2[0m
                        [36m</span>[39m
                      [36m</div>[39m
                    [36m</div>[39m
                  [36m</div>[39m
                [36m</a>[39m
              [36m</div>[39m
              [36m<div[39m
                [33mvariants[39m=[32m"[object Object]"[39m
              [36m>[39m
                [36m<a[39m
                  [33mhref[39m=[32m"/projets/mobile-app"[39m
                [36m>[39m
                  [36m<div[39m
                    [33mclass[39m=[32m"h-full bg-white dark:bg-slate-800 rounded-lg shadow-md hover:shadow-lg transition-shadow overflow-hidden cursor-pointer border border-slate-200 dark:border-slate-700"[39m
                  [36m>[39m
                    [36m<div[39m
                      [33mclass[39m=[32m"h-48 bg-gradient-to-br from-blue-400 to-blue-600 flex items-center justify-center"[39m
                    [36m>[39m
                      [36m<span[39m
                        [33mclass[39m=[32m"text-4xl"[39m
                      [36m>[39m
                        [0m��[0m
                      [36m</span>[39m
                    [36m</div>[39m
                    [36m<div[39m
                      [33mclass[39m=[32m"p-6"[39m
                    [36m>[39m
                      [36m<div[39m
                        [33mclass[39m=[32m"flex items-center gap-2 mb-3"[39m
                      [36m>[39m
                        [36m<span[39m
                          [33mclass[39m=[32m"px-3 py-1 bg-blue-100 dark:bg-blue-900 text-blue-800 dark:text-blue-100 rounded-full text-sm font-medium"[39m
                        [36m>[39m
                          [0mmobile[0m
                        [36m</span>[39m
                        [36m<span[39m
                          [33mclass[39m=[32m"text-sm text-slate-500 dark:text-slate-400"[39m
                        [36m>[39m
                          [0m2024[0m
                        [36m</span>[39m
                      [36m</div>[39m
                      [36m<h3[39m
                        [33mclass[39m=[32m"text-xl font-bold text-slate-900 dark:text-white mb-2"[39m
                      [36m>[39m
                        [0mApplication Mobile[0m
                      [36m</h3>[39m
                      [36m<p[39m
                        [33mclass[39m=[32m"text-slate-600 dark:text-slate-400 mb-4 line-clamp-2"[39m
                      [36m>[39m
                        [0mApplication mobile cross-platform pour la gestion de tâches[0m
                      [36m</p>[39m
                      [36m<div[39m
                        [33mclass[39m=[32m"flex flex-wrap gap-2"[39m
                      [36m>[39m
                        [36m<span[39m
                          [33mclass[39m=[32m"px-2 py-1 bg-slate-100 dark:bg-slate-700 text-slate-700 dark:text-slate-300 rounded text-xs font-medium"[39m
                        [36m>[39m
                          [0mReact Native[0m
                        [36m</span>[39m
                        [36m<span[39m
                          [33mclass[39m=[32m"px-2 py-1 bg-slate-100 dark:bg-slate-700 text-slate-700 dark:text-slate-300 rounded text-xs font-medium"[39m
                        [36m>[39m
                          [0mFirebase[0m
                        [36m</span>[39m
                        [36m<span[39m
                          [33mclass[39m=[32m"px-2 py-1 bg-slate-100 dark:bg-slate-700 text-slate-700 dark:text-slate-300 rounded text-xs font-medium"[39m
                        [36m>[39m
                          [0mRedux[0m
                        [36m</span>[39m
                        [36m<span[39m
                          [33mclass[39m=[32m"px-2 py-1 bg-slate-100 dark:bg-slate-700 text-slate-700 dark:text-slate-300 rounded text-xs font-medium"[39m
                        [36m>[39m
                          [0m+[0m
                          [0m1[0m
                        [36m</span>[39m
                      [36m</div>[39m
                    [36m</div>[39m
                  [36m</div>[39m
                [36m</a>[39m
              [36m</div>[39m
              [36m<div[39m
                [33mvariants[39m=[32m"[object Object]"[39m
              [36m>[39m
                [36m<a[39m
                  [33mhref[39m=[32m"/projets/iot-smart-home"[39m
                [36m>[39m
                  [36m<div[39m
                    [33mclass[39m=[32m"h-full bg-white dark:bg-slate-800 rounded-lg shadow-md hover:shadow-lg transition-shadow overflow-hidden cursor-pointer border border-slate-200 dark:border-slate-700"[39m
                  [36m>[39m
                    [36m<div[39m
                      [33mclass[39m=[32m"h-48 bg-gradient-to-br from-blue-400 to-blue-600 flex items-center justify-center"[39m
                    [36m>[39m
                      [36m<span[39m
                        [33mclass[39m=[32m"text-4xl"[39m
                      [36m>[39m
                        [0m��[0m
                      [36m</span>[39m
                    [36m</div>[39m
                    [36m<div[39m
                      [33mclass[39m=[32m"p-6"[39m
                    [36m>[39m
                      [36m<div[39m
                        [33mclass[39m=[32m"flex items-center gap-2 mb-3"[39m
                      [36m>[39m
                        [36m<span[39m
                          [33mclass[39m=[32m"px-3 py-1 bg-blue-100 dark:bg-blue-900 text-blue-800 dark:text-blue-100 rounded-full text-sm font-medium"[39m
                        [36m>[39m
                          [0miot[0m
                        [36m</span>[39m
                        [36m<span[39m
                          [33mclass[39m=[32m"text-sm text-slate-500 dark:text-slate-400"[39m
                        [36m>[39m
                          [0m2023[0m
                        [36m</span>[39m
                      [36m</div>[39m
                      [36m<h3[39m
                        [33mclass[39m=[32m"text-xl font-bold text-slate-900 dark:text-white mb-2"[39m
                      [36m>[39m
                        [0mSystème Domotique IoT[0m
                      [36m</h3>[39m
                      [36m<p[39m
                        [33mclass[39m=[32m"text-slate-600 dark:text-slate-400 mb-4 line-clamp-2"[39m
                      [36m>[39m
                        [0mSystème de domotique connecté avec contrôle via application[0m
                      [36m</p>[39m
                      [36m<div[39m
                        [33mclass[39m=[32m"flex flex-wrap gap-2"[39m
                      [36m>[39m
                        [36m<span[39m
                          [33mclass[39m=[32m"px-2 py-1 bg-slate-100 dark:bg-slate-700 text-slate-700 dark:text-slate-300 rounded text-xs font-medium"[39m
                        [36m>[39m
                          [0mArduino[0m
                        [36m</span>[39m
                        [36m<span[39m
                          [33mclass[39m=[32m"px-2 py-1 bg-slate-100 dark:bg-slate-700 text-slate-700 dark:text-slate-300 rounded text-xs font-medium"[39m
                        [36m>[39m
                          [0mPython[0m
                        [36m</span>[39m
                        [36m<span[39m
                          [33mclass[39m=[32m"px-2 py-1 bg-slate-100 dark:bg-slate-700 text-slate-700 dark:text-slate-300 rounded text-xs font-medium"[39m
                        [36m>[39m
                          [0mMQTT[0m
                        [36m</span>[39m
                        [36m<span[39m
                          [33mclass[39m=[32m"px-2 py-1 bg-slate-100 dark:bg-slate-700 text-slate-700 dark:text-slate-300 rounded text-xs font-medium"[39m
                        [36m>[39m
                          [0m+[0m
                          [0m1[0m
                        [36m</span>[39m
                      [36m</div>[39m
                    [36m</div>[39m
                  [36m</div>[39m
                [36m</a>[39m
              [36m</div>[39m
            [36m</div>[39m
            [36m<div[39m
              [33mclass[39m=[32m"text-center mt-12"[39m
              [33minitial[39m=[32m"[object Object]"[39m
              [33mtransition[39m=[32m"[object Object]"[39m
              [33mviewport[39m=[32m"[object Object]"[39m
              [33mwhileinview[39m=[32m"[object Object]"[39m
            [36m>[39m
              [36m<a[39m
                [33mhref[39m=[32m"/projets"[39m
              [36m>[39m
                [0mVoir tous les projets[0m
              [36m</a>[39m
            [36m</div>[39m
          [36m</div>[39m
        [36m</section>[39m
      [36m</div>[39m
    [36m</body>[39m

    [0m [90m 51 |[39m   it([32m'renders project years'[39m[33m,[39m () [33m=>[39m {
     [90m 52 |[39m     render([33m<[39m[33mFeaturedProjects[39m [33m/[39m[33m>[39m)[33m;[39m
    [31m[1m>[22m[39m[90m 53 |[39m     expect(screen[33m.[39mgetByText([32m'2024'[39m))[33m.[39mtoBeInTheDocument()[33m;[39m
     [90m    |[39m                   [31m[1m^[22m[39m
     [90m 54 |[39m   })[33m;[39m
     [90m 55 |[39m
     [90m 56 |[39m   it([32m'renders project technologies'[39m[33m,[39m () [33m=>[39m {[0m

      at Object.getElementError (node_modules/@testing-library/dom/dist/config.js:37:19)
      at getElementError (node_modules/@testing-library/dom/dist/query-helpers.js:20:35)
      at getMultipleElementsFoundError (node_modules/@testing-library/dom/dist/query-helpers.js:23:10)
      at node_modules/@testing-library/dom/dist/query-helpers.js:55:13
      at node_modules/@testing-library/dom/dist/query-helpers.js:95:19
      at Object.getByText (components/home/__tests__/FeaturedProjects.test.tsx:53:19)

FAIL components/layout/__tests__/Header.test.tsx
  ● Header Component › toggles mobile menu on button click

    expect(element).not.toBeInTheDocument()

    expected document not to contain element, found <a class="transition-colors pb-1 border-b-2 text-blue-600 dark:text-blue-400 border-blue-600 dark:border-blue-400 font-semibold" href="/">Accueil</a> instead

    [0m [90m 56 |[39m     
     [90m 57 |[39m     [90m// Initially, mobile menu should not be visible[39m
    [31m[1m>[22m[39m[90m 58 |[39m     expect(screen[33m.[39mqueryByText([32m'Accueil'[39m))[33m.[39mnot[33m.[39mtoBeInTheDocument()[33m;[39m
     [90m    |[39m                                               [31m[1m^[22m[39m
     [90m 59 |[39m     
     [90m 60 |[39m     [90m// Click to open[39m
     [90m 61 |[39m     fireEvent[33m.[39mclick(mobileMenuButton)[33m;[39m[0m

      at Object.toBeInTheDocument (components/layout/__tests__/Header.test.tsx:58:47)

FAIL components/project-detail/__tests__/ProjectContent.test.tsx
  ● ProjectContent Component › renders testimonial section

    TestingLibraryElementError: Unable to find an element with the text: Great work!. This could be because the text is broken up by multiple elements. In this case, you can provide a function for your text matcher to make your matcher more flexible.

    Ignored nodes: comments, script, style
    [36m<body>[39m
      [36m<div>[39m
        [36m<section[39m
          [33mclass[39m=[32m"py-20 px-4"[39m
        [36m>[39m
          [36m<div[39m
            [33mclass[39m=[32m"max-w-4xl mx-auto"[39m
          [36m>[39m
            [36m<div[39m
              [33mclass[39m=[32m"space-y-16"[39m
              [33minitial[39m=[32m"hidden"[39m
              [33mvariants[39m=[32m"[object Object]"[39m
              [33mviewport[39m=[32m"[object Object]"[39m
              [33mwhileinview[39m=[32m"visible"[39m
            [36m>[39m
              [36m<div[39m
                [33mvariants[39m=[32m"[object Object]"[39m
              [36m>[39m
                [36m<h2[39m
                  [33mclass[39m=[32m"text-3xl font-bold text-slate-900 dark:text-white mb-4"[39m
                [36m>[39m
                  [0mLe contexte[0m
                [36m</h2>[39m
                [36m<p[39m
                  [33mclass[39m=[32m"text-lg text-slate-600 dark:text-slate-400 leading-relaxed"[39m
                [36m>[39m
                  [0mTest context[0m
                [36m</p>[39m
              [36m</div>[39m
              [36m<div[39m
                [33mvariants[39m=[32m"[object Object]"[39m
              [36m>[39m
                [36m<h2[39m
                  [33mclass[39m=[32m"text-3xl font-bold text-slate-900 dark:text-white mb-4"[39m
                [36m>[39m
                  [0mLa solution[0m
                [36m</h2>[39m
                [36m<p[39m
                  [33mclass[39m=[32m"text-lg text-slate-600 dark:text-slate-400 leading-relaxed"[39m
                [36m>[39m
                  [0mTest solution[0m
                [36m</p>[39m
              [36m</div>[39m
              [36m<div[39m
                [33mvariants[39m=[32m"[object Object]"[39m
              [36m>[39m
                [36m<h2[39m
                  [33mclass[39m=[32m"text-3xl font-bold text-slate-900 dark:text-white mb-4"[39m
                [36m>[39m
                  [0mTechnologies utilisées[0m
                [36m</h2>[39m
                [36m<div[39m
                  [33mclass[39m=[32m"flex flex-wrap gap-3"[39m
                [36m>[39m
                  [36m<span[39m
                    [33mclass[39m=[32m"px-4 py-2 bg-blue-100 dark:bg-blue-900 text-blue-800 dark:text-blue-100 rounded-full font-semibold"[39m
                  [36m>[39m
                    [0mReact[0m
                  [36m</span>[39m
                  [36m<span[39m
                    [33mclass[39m=[32m"px-4 py-2 bg-blue-100 dark:bg-blue-900 text-blue-800 dark:text-blue-100 rounded-full font-semibold"[39m
                  [36m>[39m
                    [0mTypeScript[0m
                  [36m</span>[39m
                [36m</div>[39m
              [36m</div>[39m
              [36m<div[39m
                [33mvariants[39m=[32m"[object Object]"[39m
              [36m>[39m
                [36m<h2[39m
                  [33mclass[39m=[32m"text-3xl font-bold text-slate-900 dark:text-white mb-4"[39m
                [36m>[39m
                  [0mRésultats[0m
                [36m</h2>[39m
                [36m<ul[39m
                  [33mclass[39m=[32m"space-y-3"[39m
                [36m>[39m
                  [36m<li[39m
                    [33mclass[39m=[32m"flex items-start gap-3 text-lg text-slate-600 dark:text-slate-400"[39m
                  [36m>[39m
                    [36m<span[39m
                      [33mclass[39m=[32m"text-green-600 dark:text-green-400 font-bold mt-1"[39m
                    [36m>[39m
                      [0m✓[0m
                    [36m</span>[39m
                    [36m<span>[39m
                      [0mResult 1[0m
                    [36m</span>[39m
                  [36m</li>[39m
                  [36m<li[39m
                    [33mclass[39m=[32m"flex items-start gap-3 text-lg text-slate-600 dark:text-slate-400"[39m
                  [36m>[39m
                    [36m<span[39m
                      [33mclass[39m=[32m"text-green-600 dark:text-green-400 font-bold mt-1"[39m
                    [36m>[39m
                      [0m✓[0m
                    [36m</span>[39m
                    [36m<span>[39m
                      [0mResult 2[0m
                    [36m</span>[39m
                  [36m</li>[39m
                [36m</ul>[39m
              [36m</div>[39m
              [36m<div[39m
                [33mvariants[39m=[32m"[object Object]"[39m
              [36m>[39m
                [36m<h2[39m
                  [33mclass[39m=[32m"text-3xl font-bold text-slate-900 dark:text-white mb-4"[39m
                [36m>[39m
                  [0mTémoignage[0m
                [36m</h2>[39m
                [36m<div[39m
                  [33mclass[39m=[32m"bg-slate-50 dark:bg-slate-800 p-8 rounded-lg border border-slate-200 dark:border-slate-700"[39m
                [36m>[39m
                  [36m<blockquote[39m
                    [33mclass[39m=[32m"text-lg text-slate-600 dark:text-slate-400 italic mb-4"[39m
                  [36m>[39m
                    [0m"[0m
                    [0mGreat work![0m
                    [0m"[0m
                  [36m</blockquote>[39m
                  [36m<div>[39m
                    [36m<p[39m
                      [33mclass[39m=[32m"font-bold text-slate-900 dark:text-white"[39m
                    [36m>[39m
                      [0mJohn Doe[0m
                    [36m</p>[39m
                    [36m<p[39m
                      [33mclass[39m=[32m"text-slate-600 dark:text-slate-400"[39m
                    [36m>[39m
                      [0mCEO[0m
                    [36m</p>[39m
                  [36m</div>[39m
                [36m</div>[39m
              [36m</div>[39m
            [36m</div>[39m
          [36m</div>[39m
        [36m</section>[39m
      [36m</div>[39m
    [36m</body>[39m

    [0m [90m 69 |[39m     render([33m<[39m[33mProjectContent[39m project[33m=[39m{mockProject} [33m/[39m[33m>[39m)[33m;[39m
     [90m 70 |[39m     expect(screen[33m.[39mgetByText([32m'Témoignage'[39m))[33m.[39mtoBeInTheDocument()[33m;[39m
    [31m[1m>[22m[39m[90m 71 |[39m     expect(screen[33m.[39mgetByText([32m'Great work!'[39m))[33m.[39mtoBeInTheDocument()[33m;[39m
     [90m    |[39m                   [31m[1m^[22m[39m
     [90m 72 |[39m     expect(screen[33m.[39mgetByText([32m'John Doe'[39m))[33m.[39mtoBeInTheDocument()[33m;[39m
     [90m 73 |[39m     expect(screen[33m.[39mgetByText([32m'CEO'[39m))[33m.[39mtoBeInTheDocument()[33m;[39m
     [90m 74 |[39m   })[33m;[39m[0m

      at Object.getElementError (node_modules/@testing-library/dom/dist/config.js:37:19)
      at node_modules/@testing-library/dom/dist/query-helpers.js:76:38
      at node_modules/@testing-library/dom/dist/query-helpers.js:52:17
      at node_modules/@testing-library/dom/dist/query-helpers.js:95:19
      at Object.getByText (components/project-detail/__tests__/ProjectContent.test.tsx:71:19)

FAIL components/contact/__tests__/ContactMethods.test.tsx
  ● ContactMethods › renders contact methods title

    ReferenceError: IntersectionObserver is not defined

    [0m [90m 20 |[39m
     [90m 21 |[39m [36mconst[39m renderWithProviders [33m=[39m (component[33m:[39m [33mReact[39m[33m.[39m[33mReactElement[39m) [33m=>[39m {
    [31m[1m>[22m[39m[90m 22 |[39m   [36mreturn[39m render([33m<[39m[33mMockLanguageProvider[39m[33m>[39m{component}[33m<[39m[33m/[39m[33mMockLanguageProvider[39m[33m>[39m)[33m;[39m
     [90m    |[39m                [31m[1m^[22m[39m
     [90m 23 |[39m }[33m;[39m
     [90m 24 |[39m
     [90m 25 |[39m describe([32m'ContactMethods'[39m[33m,[39m () [33m=>[39m {[0m

      at initIntersectionObserver (node_modules/framer-motion/dist/cjs/index.js:1039:34)
      at observeIntersection (node_modules/framer-motion/dist/cjs/index.js:1044:39)
      at InViewFeature.startObserver (node_modules/framer-motion/dist/cjs/index.js:1101:16)
      at InViewFeature.mount (node_modules/framer-motion/dist/cjs/index.js:1104:14)
      at HTMLVisualElement.updateFeatures (node_modules/framer-motion/dist/cjs/index-legacy-87714a68.js:4267:25)
      at node_modules/framer-motion/dist/cjs/index.js:103:23
      at commitHookEffectListMount (node_modules/react-dom/cjs/react-dom.development.js:23189:26)
      at commitPassiveMountOnFiber (node_modules/react-dom/cjs/react-dom.development.js:24970:11)
      at commitPassiveMountEffects_complete (node_modules/react-dom/cjs/react-dom.development.js:24930:9)
      at commitPassiveMountEffects_begin (node_modules/react-dom/cjs/react-dom.development.js:24917:7)
      at commitPassiveMountEffects (node_modules/react-dom/cjs/react-dom.development.js:24905:3)
      at flushPassiveEffectsImpl (node_modules/react-dom/cjs/react-dom.development.js:27078:3)
      at flushPassiveEffects (node_modules/react-dom/cjs/react-dom.development.js:27023:14)
      at node_modules/react-dom/cjs/react-dom.development.js:26808:9
      at flushActQueue (node_modules/react/cjs/react.development.js:2667:24)
      at act (node_modules/react/cjs/react.development.js:2582:11)
      at node_modules/@testing-library/react/dist/act-compat.js:47:25
      at renderRoot (node_modules/@testing-library/react/dist/pure.js:180:26)
      at render (node_modules/@testing-library/react/dist/pure.js:271:10)
      at renderWithProviders (components/contact/__tests__/ContactMethods.test.tsx:22:16)
      at Object.renderWithProviders (components/contact/__tests__/ContactMethods.test.tsx:27:5)

  ● ContactMethods › renders all contact method buttons

    ReferenceError: IntersectionObserver is not defined

    [0m [90m 20 |[39m
     [90m 21 |[39m [36mconst[39m renderWithProviders [33m=[39m (component[33m:[39m [33mReact[39m[33m.[39m[33mReactElement[39m) [33m=>[39m {
    [31m[1m>[22m[39m[90m 22 |[39m   [36mreturn[39m render([33m<[39m[33mMockLanguageProvider[39m[33m>[39m{component}[33m<[39m[33m/[39m[33mMockLanguageProvider[39m[33m>[39m)[33m;[39m
     [90m    |[39m                [31m[1m^[22m[39m
     [90m 23 |[39m }[33m;[39m
     [90m 24 |[39m
     [90m 25 |[39m describe([32m'ContactMethods'[39m[33m,[39m () [33m=>[39m {[0m

      at initIntersectionObserver (node_modules/framer-motion/dist/cjs/index.js:1039:34)
      at observeIntersection (node_modules/framer-motion/dist/cjs/index.js:1044:39)
      at InViewFeature.startObserver (node_modules/framer-motion/dist/cjs/index.js:1101:16)
      at InViewFeature.mount (node_modules/framer-motion/dist/cjs/index.js:1104:14)
      at HTMLVisualElement.updateFeatures (node_modules/framer-motion/dist/cjs/index-legacy-87714a68.js:4267:25)
      at node_modules/framer-motion/dist/cjs/index.js:103:23
      at commitHookEffectListMount (node_modules/react-dom/cjs/react-dom.development.js:23189:26)
      at commitPassiveMountOnFiber (node_modules/react-dom/cjs/react-dom.development.js:24970:11)
      at commitPassiveMountEffects_complete (node_modules/react-dom/cjs/react-dom.development.js:24930:9)
      at commitPassiveMountEffects_begin (node_modules/react-dom/cjs/react-dom.development.js:24917:7)
      at commitPassiveMountEffects (node_modules/react-dom/cjs/react-dom.development.js:24905:3)
      at flushPassiveEffectsImpl (node_modules/react-dom/cjs/react-dom.development.js:27078:3)
      at flushPassiveEffects (node_modules/react-dom/cjs/react-dom.development.js:27023:14)
      at node_modules/react-dom/cjs/react-dom.development.js:26808:9
      at flushActQueue (node_modules/react/cjs/react.development.js:2667:24)
      at act (node_modules/react/cjs/react.development.js:2582:11)
      at node_modules/@testing-library/react/dist/act-compat.js:47:25
      at renderRoot (node_modules/@testing-library/react/dist/pure.js:180:26)
      at render (node_modules/@testing-library/react/dist/pure.js:271:10)
      at renderWithProviders (components/contact/__tests__/ContactMethods.test.tsx:22:16)
      at Object.renderWithProviders (components/contact/__tests__/ContactMethods.test.tsx:32:5)

  ● ContactMethods › renders contact method links with correct href attributes

    ReferenceError: IntersectionObserver is not defined

    [0m [90m 20 |[39m
     [90m 21 |[39m [36mconst[39m renderWithProviders [33m=[39m (component[33m:[39m [33mReact[39m[33m.[39m[33mReactElement[39m) [33m=>[39m {
    [31m[1m>[22m[39m[90m 22 |[39m   [36mreturn[39m render([33m<[39m[33mMockLanguageProvider[39m[33m>[39m{component}[33m<[39m[33m/[39m[33mMockLanguageProvider[39m[33m>[39m)[33m;[39m
     [90m    |[39m                [31m[1m^[22m[39m
     [90m 23 |[39m }[33m;[39m
     [90m 24 |[39m
     [90m 25 |[39m describe([32m'ContactMethods'[39m[33m,[39m () [33m=>[39m {[0m

      at initIntersectionObserver (node_modules/framer-motion/dist/cjs/index.js:1039:34)
      at observeIntersection (node_modules/framer-motion/dist/cjs/index.js:1044:39)
      at InViewFeature.startObserver (node_modules/framer-motion/dist/cjs/index.js:1101:16)
      at InViewFeature.mount (node_modules/framer-motion/dist/cjs/index.js:1104:14)
      at HTMLVisualElement.updateFeatures (node_modules/framer-motion/dist/cjs/index-legacy-87714a68.js:4267:25)
      at node_modules/framer-motion/dist/cjs/index.js:103:23
      at commitHookEffectListMount (node_modules/react-dom/cjs/react-dom.development.js:23189:26)
      at commitPassiveMountOnFiber (node_modules/react-dom/cjs/react-dom.development.js:24970:11)
      at commitPassiveMountEffects_complete (node_modules/react-dom/cjs/react-dom.development.js:24930:9)
      at commitPassiveMountEffects_begin (node_modules/react-dom/cjs/react-dom.development.js:24917:7)
      at commitPassiveMountEffects (node_modules/react-dom/cjs/react-dom.development.js:24905:3)
      at flushPassiveEffectsImpl (node_modules/react-dom/cjs/react-dom.development.js:27078:3)
      at flushPassiveEffects (node_modules/react-dom/cjs/react-dom.development.js:27023:14)
      at node_modules/react-dom/cjs/react-dom.development.js:26808:9
      at flushActQueue (node_modules/react/cjs/react.development.js:2667:24)
      at act (node_modules/react/cjs/react.development.js:2582:11)
      at node_modules/@testing-library/react/dist/act-compat.js:47:25
      at renderRoot (node_modules/@testing-library/react/dist/pure.js:180:26)
      at render (node_modules/@testing-library/react/dist/pure.js:271:10)
      at renderWithProviders (components/contact/__tests__/ContactMethods.test.tsx:22:16)
      at Object.renderWithProviders (components/contact/__tests__/ContactMethods.test.tsx:40:5)

  ● ContactMethods › renders contact method links with target="_blank"

    ReferenceError: IntersectionObserver is not defined

    [0m [90m 20 |[39m
     [90m 21 |[39m [36mconst[39m renderWithProviders [33m=[39m (component[33m:[39m [33mReact[39m[33m.[39m[33mReactElement[39m) [33m=>[39m {
    [31m[1m>[22m[39m[90m 22 |[39m   [36mreturn[39m render([33m<[39m[33mMockLanguageProvider[39m[33m>[39m{component}[33m<[39m[33m/[39m[33mMockLanguageProvider[39m[33m>[39m)[33m;[39m
     [90m    |[39m                [31m[1m^[22m[39m
     [90m 23 |[39m }[33m;[39m
     [90m 24 |[39m
     [90m 25 |[39m describe([32m'ContactMethods'[39m[33m,[39m () [33m=>[39m {[0m

      at initIntersectionObserver (node_modules/framer-motion/dist/cjs/index.js:1039:34)
      at observeIntersection (node_modules/framer-motion/dist/cjs/index.js:1044:39)
      at InViewFeature.startObserver (node_modules/framer-motion/dist/cjs/index.js:1101:16)
      at InViewFeature.mount (node_modules/framer-motion/dist/cjs/index.js:1104:14)
      at HTMLVisualElement.updateFeatures (node_modules/framer-motion/dist/cjs/index-legacy-87714a68.js:4267:25)
      at node_modules/framer-motion/dist/cjs/index.js:103:23
      at commitHookEffectListMount (node_modules/react-dom/cjs/react-dom.development.js:23189:26)
      at commitPassiveMountOnFiber (node_modules/react-dom/cjs/react-dom.development.js:24970:11)
      at commitPassiveMountEffects_complete (node_modules/react-dom/cjs/react-dom.development.js:24930:9)
      at commitPassiveMountEffects_begin (node_modules/react-dom/cjs/react-dom.development.js:24917:7)
      at commitPassiveMountEffects (node_modules/react-dom/cjs/react-dom.development.js:24905:3)
      at flushPassiveEffectsImpl (node_modules/react-dom/cjs/react-dom.development.js:27078:3)
      at flushPassiveEffects (node_modules/react-dom/cjs/react-dom.development.js:27023:14)
      at node_modules/react-dom/cjs/react-dom.development.js:26808:9
      at flushActQueue (node_modules/react/cjs/react.development.js:2667:24)
      at act (node_modules/react/cjs/react.development.js:2582:11)
      at node_modules/@testing-library/react/dist/act-compat.js:47:25
      at renderRoot (node_modules/@testing-library/react/dist/pure.js:180:26)
      at render (node_modules/@testing-library/react/dist/pure.js:271:10)
      at renderWithProviders (components/contact/__tests__/ContactMethods.test.tsx:22:16)
      at Object.renderWithProviders (components/contact/__tests__/ContactMethods.test.tsx:52:5)

  ● ContactMethods › renders contact method icons

    ReferenceError: IntersectionObserver is not defined

    [0m [90m 20 |[39m
     [90m 21 |[39m [36mconst[39m renderWithProviders [33m=[39m (component[33m:[39m [33mReact[39m[33m.[39m[33mReactElement[39m) [33m=>[39m {
    [31m[1m>[22m[39m[90m 22 |[39m   [36mreturn[39m render([33m<[39m[33mMockLanguageProvider[39m[33m>[39m{component}[33m<[39m[33m/[39m[33mMockLanguageProvider[39m[33m>[39m)[33m;[39m
     [90m    |[39m                [31m[1m^[22m[39m
     [90m 23 |[39m }[33m;[39m
     [90m 24 |[39m
     [90m 25 |[39m describe([32m'ContactMethods'[39m[33m,[39m () [33m=>[39m {[0m

      at initIntersectionObserver (node_modules/framer-motion/dist/cjs/index.js:1039:34)
      at observeIntersection (node_modules/framer-motion/dist/cjs/index.js:1044:39)
      at InViewFeature.startObserver (node_modules/framer-motion/dist/cjs/index.js:1101:16)
      at InViewFeature.mount (node_modules/framer-motion/dist/cjs/index.js:1104:14)
      at HTMLVisualElement.updateFeatures (node_modules/framer-motion/dist/cjs/index-legacy-87714a68.js:4267:25)
      at node_modules/framer-motion/dist/cjs/index.js:103:23
      at commitHookEffectListMount (node_modules/react-dom/cjs/react-dom.development.js:23189:26)
      at commitPassiveMountOnFiber (node_modules/react-dom/cjs/react-dom.development.js:24970:11)
      at commitPassiveMountEffects_complete (node_modules/react-dom/cjs/react-dom.development.js:24930:9)
      at commitPassiveMountEffects_begin (node_modules/react-dom/cjs/react-dom.development.js:24917:7)
      at commitPassiveMountEffects (node_modules/react-dom/cjs/react-dom.development.js:24905:3)
      at flushPassiveEffectsImpl (node_modules/react-dom/cjs/react-dom.development.js:27078:3)
      at flushPassiveEffects (node_modules/react-dom/cjs/react-dom.development.js:27023:14)
      at node_modules/react-dom/cjs/react-dom.development.js:26808:9
      at flushActQueue (node_modules/react/cjs/react.development.js:2667:24)
      at act (node_modules/react/cjs/react.development.js:2582:11)
      at node_modules/@testing-library/react/dist/act-compat.js:47:25
      at renderRoot (node_modules/@testing-library/react/dist/pure.js:180:26)
      at render (node_modules/@testing-library/react/dist/pure.js:271:10)
      at renderWithProviders (components/contact/__tests__/ContactMethods.test.tsx:22:16)
      at Object.renderWithProviders (components/contact/__tests__/ContactMethods.test.tsx:62:5)

FAIL components/layout/__tests__/Footer.test.tsx
  ● Footer Component › renders footer with all sections

    TestingLibraryElementError: Found multiple elements with the text: Contact

    Here are the matching elements:

    Ignored nodes: comments, script, style
    [36m<a[39m
      [33mhref[39m=[32m"/contact"[39m
    [36m>[39m
      [0mContact[0m
    [36m</a>[39m

    Ignored nodes: comments, script, style
    [36m<h4[39m
      [33mclass[39m=[32m"font-semibold mb-4"[39m
    [36m>[39m
      [0mContact[0m
    [36m</h4>[39m

    (If this is intentional, then use the `*AllBy*` variant of the query (like `queryAllByText`, `getAllByText`, or `findAllByText`)).

    Ignored nodes: comments, script, style
    [36m<body>[39m
      [36m<div>[39m
        [36m<footer[39m
          [33mclass[39m=[32m"bg-slate-900 dark:bg-slate-950 text-white py-12 border-t border-slate-800"[39m
        [36m>[39m
          [36m<div[39m
            [33mclass[39m=[32m"max-w-7xl mx-auto px-4 sm:px-6 lg:px-8"[39m
          [36m>[39m
            [36m<div[39m
              [33mclass[39m=[32m"grid grid-cols-1 md:grid-cols-4 gap-8 mb-8"[39m
            [36m>[39m
              [36m<div>[39m
                [36m<h3[39m
                  [33mclass[39m=[32m"text-2xl font-bold mb-2"[39m
                [36m>[39m
                  [0mRosaire Kakpo[0m
                [36m</h3>[39m
                [36m<p[39m
                  [33mclass[39m=[32m"text-slate-400 text-sm"[39m
                [36m>[39m
                  [0mDéveloppeur Full Stack spécialisé en web, mobile, e-commerce et IoT.[0m
                [36m</p>[39m
              [36m</div>[39m
              [36m<div>[39m
                [36m<h4[39m
                  [33mclass[39m=[32m"font-semibold mb-4"[39m
                [36m>[39m
                  [0mNavigation[0m
                [36m</h4>[39m
                [36m<ul[39m
                  [33mclass[39m=[32m"space-y-2"[39m
                [36m>[39m
                  [36m<li>[39m
                    [36m<a[39m
                      [33mhref[39m=[32m"/"[39m
                    [36m>[39m
                      [0mAccueil[0m
                    [36m</a>[39m
                  [36m</li>[39m
                  [36m<li>[39m
                    [36m<a[39m
                      [33mhref[39m=[32m"/a-propos"[39m
                    [36m>[39m
                      [0mÀ propos[0m
                    [36m</a>[39m
                  [36m</li>[39m
                  [36m<li>[39m
                    [36m<a[39m
                      [33mhref[39m=[32m"/competences"[39m
                    [36m>[39m
                      [0mCompétences[0m
                    [36m</a>[39m
                  [36m</li>[39m
                  [36m<li>[39m
                    [36m<a[39m
                      [33mhref[39m=[32m"/projets"[39m
                    [36m>[39m
                      [0mProjets[0m
                    [36m</a>[39m
                  [36m</li>[39m
                  [36m<li>[39m
                    [36m<a[39m
                      [33mhref[39m=[32m"/contact"[39m
                    [36m>[39m
                      [0mContact[0m
                    [36m</a>[39m
                  [36m</li>[39m
                [36m</ul>[39m
              [36m</div>[39m
              [36m<div>[39m
                [36m<h4[39m
                  [33mclass[39m=[32m"font-semibold mb-4"[39m
                [36m>[39m
                  [0mRéseaux[0m
                [36m</h4>[39m
                [36m<ul[39m
                  [33mclass[39m=[32m"space-y-2"[39m
                [36m>[39m
                  [36m<li>[39m
                    [36m<a[39m
                      [33mclass[39m=[32m"text-slate-400 hover:text-white transition-colors text-sm"[39m
                      [33mhref[39m=[32m"https://github.com"[39m
                      [33mrel[39m=[32m"noopener noreferrer"[39m
                      [33mtarget[39m=[32m"_blank"[39m
                    [36m>[39m
                      [0mGitHub[0m
                    [36m</a>[39m
                  [36m</li>[39m
                  [36m<li>[39m
                    [36m<a[39m
                      [33mclass[39m=[32m"text-slate-400 hover:text-white transition-colors text-sm"[39m
                      [33mhref[39m=[32m"https://linkedin.com"[39m
                      [33mrel[39m=[32m"noopener noreferrer"[39m
                      [33mtarget[39m=[32m"_blank"[39m
                    [36m>[39m
                      [0mLinkedIn[0m
                    [36m</a>[39m
                  [36m</li>[39m
                  [36m<li>[39m
                    [36m<a[39m
                      [33mclass[39m=[32m"text-slate-400 hover:text-white transition-colors text-sm"[39m
                      [33mhref[39m=[32m"https://twitter.com"[39m
                      [33mrel[39m=[32m"noopener noreferrer"[39m
                      [33mtarget[39m=[32m"_blank"[39m
                    [36m>[39m
                      [0mTwitter[0m
                    [36m</a>[39m
                  [36m</li>[39m
                [36m</ul>[39m
              [36m</div>[39m
              [36m<div>[39m
                [36m<h4[39m
                  [33mclass[39m=[32m"font-semibold mb-4"[39m
                [36m>[39m
                  [0mContact[0m
                [36m</h4>[39m
                [36m<ul[39m
                  [33mclass[39m=[32m"space-y-2 text-sm text-slate-400"[39m
                [36m>[39m
                  [36m<li>[39m
                    [0mCotonou, Bénin[0m
                  [36m</li>[39m
                  [36m<li>[39m
                    [36m<a[39m
                      [33mclass[39m=[32m"hover:text-white transition-colors"[39m
                      [33mhref[39m=[32m"mailto:contact@rosairekakpo.com"[39m
                    [36m>[39m
                      [0mcontact@rosairekakpo.com[0m
                    [36m</a>[39m
                  [36m</li>[39m
                  [36m<li[39m
                    [33mclass[39m=[32m"text-green-400 font-semibold"[39m
                  [36m>[39m
                    [0m✓ Disponible[0m
                  [36m</li>[39m
                [36m</ul>[39m
              [36m</div>[39m
            [36m</div>[39m
            [36m<div[39m
              [33mclass[39m=[32m"border-t border-slate-800 pt-8"[39m
            [36m>[39m
              [36m<div[39m
                [33mclass[39m=[32m"flex flex-col md:flex-row justify-between items-center text-sm text-slate-400"[39m
              [36m>[39m
                [36m<p>[39m
                  [0m© 2024 Rosaire Kakpo.[0m
                  [0m [0m
                  [0mTous droits réservés.[0m
                [36m</p>[39m
                [36m<p>[39m
                  [0mConçu et développé par Rosaire Kakpo[0m
                [36m</p>[39m
              [36m</div>[39m
            [36m</div>[39m
          [36m</div>[39m
        [36m</footer>[39m
      [36m</div>[39m
    [36m</body>[39m

    [0m [90m 24 |[39m     expect(screen[33m.[39mgetByText([32m'Navigation'[39m))[33m.[39mtoBeInTheDocument()[33m;[39m
     [90m 25 |[39m     expect(screen[33m.[39mgetByText([32m'Réseaux'[39m))[33m.[39mtoBeInTheDocument()[33m;[39m
    [31m[1m>[22m[39m[90m 26 |[39m     expect(screen[33m.[39mgetByText([32m'Contact'[39m))[33m.[39mtoBeInTheDocument()[33m;[39m
     [90m    |[39m                   [31m[1m^[22m[39m
     [90m 27 |[39m   })[33m;[39m
     [90m 28 |[39m
     [90m 29 |[39m   it([32m'renders all navigation links'[39m[33m,[39m () [33m=>[39m {[0m

      at Object.getElementError (node_modules/@testing-library/dom/dist/config.js:37:19)
      at getElementError (node_modules/@testing-library/dom/dist/query-helpers.js:20:35)
      at getMultipleElementsFoundError (node_modules/@testing-library/dom/dist/query-helpers.js:23:10)
      at node_modules/@testing-library/dom/dist/query-helpers.js:55:13
      at node_modules/@testing-library/dom/dist/query-helpers.js:95:19
      at Object.getByText (components/layout/__tests__/Footer.test.tsx:26:19)

  ● Footer Component › renders all navigation links

    TestingLibraryElementError: Found multiple elements with the text: Contact

    Here are the matching elements:

    Ignored nodes: comments, script, style
    [36m<a[39m
      [33mhref[39m=[32m"/contact"[39m
    [36m>[39m
      [0mContact[0m
    [36m</a>[39m

    Ignored nodes: comments, script, style
    [36m<h4[39m
      [33mclass[39m=[32m"font-semibold mb-4"[39m
    [36m>[39m
      [0mContact[0m
    [36m</h4>[39m

    (If this is intentional, then use the `*AllBy*` variant of the query (like `queryAllByText`, `getAllByText`, or `findAllByText`)).

    Ignored nodes: comments, script, style
    [36m<body>[39m
      [36m<div>[39m
        [36m<footer[39m
          [33mclass[39m=[32m"bg-slate-900 dark:bg-slate-950 text-white py-12 border-t border-slate-800"[39m
        [36m>[39m
          [36m<div[39m
            [33mclass[39m=[32m"max-w-7xl mx-auto px-4 sm:px-6 lg:px-8"[39m
          [36m>[39m
            [36m<div[39m
              [33mclass[39m=[32m"grid grid-cols-1 md:grid-cols-4 gap-8 mb-8"[39m
            [36m>[39m
              [36m<div>[39m
                [36m<h3[39m
                  [33mclass[39m=[32m"text-2xl font-bold mb-2"[39m
                [36m>[39m
                  [0mRosaire Kakpo[0m
                [36m</h3>[39m
                [36m<p[39m
                  [33mclass[39m=[32m"text-slate-400 text-sm"[39m
                [36m>[39m
                  [0mDéveloppeur Full Stack spécialisé en web, mobile, e-commerce et IoT.[0m
                [36m</p>[39m
              [36m</div>[39m
              [36m<div>[39m
                [36m<h4[39m
                  [33mclass[39m=[32m"font-semibold mb-4"[39m
                [36m>[39m
                  [0mNavigation[0m
                [36m</h4>[39m
                [36m<ul[39m
                  [33mclass[39m=[32m"space-y-2"[39m
                [36m>[39m
                  [36m<li>[39m
                    [36m<a[39m
                      [33mhref[39m=[32m"/"[39m
                    [36m>[39m
                      [0mAccueil[0m
                    [36m</a>[39m
                  [36m</li>[39m
                  [36m<li>[39m
                    [36m<a[39m
                      [33mhref[39m=[32m"/a-propos"[39m
                    [36m>[39m
                      [0mÀ propos[0m
                    [36m</a>[39m
                  [36m</li>[39m
                  [36m<li>[39m
                    [36m<a[39m
                      [33mhref[39m=[32m"/competences"[39m
                    [36m>[39m
                      [0mCompétences[0m
                    [36m</a>[39m
                  [36m</li>[39m
                  [36m<li>[39m
                    [36m<a[39m
                      [33mhref[39m=[32m"/projets"[39m
                    [36m>[39m
                      [0mProjets[0m
                    [36m</a>[39m
                  [36m</li>[39m
                  [36m<li>[39m
                    [36m<a[39m
                      [33mhref[39m=[32m"/contact"[39m
                    [36m>[39m
                      [0mContact[0m
                    [36m</a>[39m
                  [36m</li>[39m
                [36m</ul>[39m
              [36m</div>[39m
              [36m<div>[39m
                [36m<h4[39m
                  [33mclass[39m=[32m"font-semibold mb-4"[39m
                [36m>[39m
                  [0mRéseaux[0m
                [36m</h4>[39m
                [36m<ul[39m
                  [33mclass[39m=[32m"space-y-2"[39m
                [36m>[39m
                  [36m<li>[39m
                    [36m<a[39m
                      [33mclass[39m=[32m"text-slate-400 hover:text-white transition-colors text-sm"[39m
                      [33mhref[39m=[32m"https://github.com"[39m
                      [33mrel[39m=[32m"noopener noreferrer"[39m
                      [33mtarget[39m=[32m"_blank"[39m
                    [36m>[39m
                      [0mGitHub[0m
                    [36m</a>[39m
                  [36m</li>[39m
                  [36m<li>[39m
                    [36m<a[39m
                      [33mclass[39m=[32m"text-slate-400 hover:text-white transition-colors text-sm"[39m
                      [33mhref[39m=[32m"https://linkedin.com"[39m
                      [33mrel[39m=[32m"noopener noreferrer"[39m
                      [33mtarget[39m=[32m"_blank"[39m
                    [36m>[39m
                      [0mLinkedIn[0m
                    [36m</a>[39m
                  [36m</li>[39m
                  [36m<li>[39m
                    [36m<a[39m
                      [33mclass[39m=[32m"text-slate-400 hover:text-white transition-colors text-sm"[39m
                      [33mhref[39m=[32m"https://twitter.com"[39m
                      [33mrel[39m=[32m"noopener noreferrer"[39m
                      [33mtarget[39m=[32m"_blank"[39m
                    [36m>[39m
                      [0mTwitter[0m
                    [36m</a>[39m
                  [36m</li>[39m
                [36m</ul>[39m
              [36m</div>[39m
              [36m<div>[39m
                [36m<h4[39m
                  [33mclass[39m=[32m"font-semibold mb-4"[39m
                [36m>[39m
                  [0mContact[0m
                [36m</h4>[39m
                [36m<ul[39m
                  [33mclass[39m=[32m"space-y-2 text-sm text-slate-400"[39m
                [36m>[39m
                  [36m<li>[39m
                    [0mCotonou, Bénin[0m
                  [36m</li>[39m
                  [36m<li>[39m
                    [36m<a[39m
                      [33mclass[39m=[32m"hover:text-white transition-colors"[39m
                      [33mhref[39m=[32m"mailto:contact@rosairekakpo.com"[39m
                    [36m>[39m
                      [0mcontact@rosairekakpo.com[0m
                    [36m</a>[39m
                  [36m</li>[39m
                  [36m<li[39m
                    [33mclass[39m=[32m"text-green-400 font-semibold"[39m
                  [36m>[39m
                    [0m✓ Disponible[0m
                  [36m</li>[39m
                [36m</ul>[39m
              [36m</div>[39m
            [36m</div>[39m
            [36m<div[39m
              [33mclass[39m=[32m"border-t border-slate-800 pt-8"[39m
            [36m>[39m
              [36m<div[39m
                [33mclass[39m=[32m"flex flex-col md:flex-row justify-between items-center text-sm text-slate-400"[39m
              [36m>[39m
                [36m<p>[39m
                  [0m© 2024 Rosaire Kakpo.[0m
                  [0m [0m
                  [0mTous droits réservés.[0m
                [36m</p>[39m
                [36m<p>[39m
                  [0mConçu et développé par Rosaire Kakpo[0m
                [36m</p>[39m
              [36m</div>[39m
            [36m</div>[39m
          [36m</div>[39m
        [36m</footer>[39m
      [36m</div>[39m
    [36m</body>[39m

    [0m [90m 34 |[39m     expect(screen[33m.[39mgetByText([32m'Compétences'[39m))[33m.[39mtoBeInTheDocument()[33m;[39m
     [90m 35 |[39m     expect(screen[33m.[39mgetByText([32m'Projets'[39m))[33m.[39mtoBeInTheDocument()[33m;[39m
    [31m[1m>[22m[39m[90m 36 |[39m     expect(screen[33m.[39mgetByText([32m'Contact'[39m))[33m.[39mtoBeInTheDocument()[33m;[39m
     [90m    |[39m                   [31m[1m^[22m[39m
     [90m 37 |[39m   })[33m;[39m
     [90m 38 |[39m
     [90m 39 |[39m   it([32m'renders social media links'[39m[33m,[39m () [33m=>[39m {[0m

      at Object.getElementError (node_modules/@testing-library/dom/dist/config.js:37:19)
      at getElementError (node_modules/@testing-library/dom/dist/query-helpers.js:20:35)
      at getMultipleElementsFoundError (node_modules/@testing-library/dom/dist/query-helpers.js:23:10)
      at node_modules/@testing-library/dom/dist/query-helpers.js:55:13
      at node_modules/@testing-library/dom/dist/query-helpers.js:95:19
      at Object.getByText (components/layout/__tests__/Footer.test.tsx:36:19)

FAIL components/projects/__tests__/ProjectCard.test.tsx
  ● ProjectCard Component › renders first result

    TestingLibraryElementError: Unable to find an element with the text: 50% increase in performance. This could be because the text is broken up by multiple elements. In this case, you can provide a function for your text matcher to make your matcher more flexible.

    Ignored nodes: comments, script, style
    [36m<body>[39m
      [36m<div>[39m
        [36m<div[39m
          [33minitial[39m=[32m"[object Object]"[39m
          [33mtransition[39m=[32m"[object Object]"[39m
          [33mviewport[39m=[32m"[object Object]"[39m
          [33mwhileinview[39m=[32m"[object Object]"[39m
        [36m>[39m
          [36m<a[39m
            [33mhref[39m=[32m"/projets/test-project"[39m
          [36m>[39m
            [36m<div[39m
              [33mclass[39m=[32m"h-full bg-white dark:bg-slate-800 rounded-lg shadow-md hover:shadow-lg transition-shadow overflow-hidden cursor-pointer border border-slate-200 dark:border-slate-700 group"[39m
            [36m>[39m
              [36m<div[39m
                [33mclass[39m=[32m"h-48 bg-gradient-to-br from-blue-400 to-blue-600 dark:from-blue-600 dark:to-blue-800 flex items-center justify-center overflow-hidden relative"[39m
              [36m>[39m
                [36m<div[39m
                  [33mclass[39m=[32m"text-6xl group-hover:scale-110 transition-transform duration-300"[39m
                [36m>[39m
                  [0m��[0m
                [36m</div>[39m
              [36m</div>[39m
              [36m<div[39m
                [33mclass[39m=[32m"p-6"[39m
              [36m>[39m
                [36m<div[39m
                  [33mclass[39m=[32m"flex items-center gap-2 mb-3"[39m
                [36m>[39m
                  [36m<span[39m
                    [33mclass[39m=[32m"px-3 py-1 bg-blue-100 dark:bg-blue-900 text-blue-800 dark:text-blue-100 rounded-full text-sm font-medium"[39m
                  [36m>[39m
                    [0mweb[0m
                  [36m</span>[39m
                  [36m<span[39m
                    [33mclass[39m=[32m"text-sm text-slate-500 dark:text-slate-400"[39m
                  [36m>[39m
                    [0m2024[0m
                  [36m</span>[39m
                [36m</div>[39m
                [36m<h3[39m
                  [33mclass[39m=[32m"text-xl font-bold text-slate-900 dark:text-white mb-2 group-hover:text-blue-600 dark:group-hover:text-blue-400 transition-colors"[39m
                [36m>[39m
                  [0mTest Project[0m
                [36m</h3>[39m
                [36m<p[39m
                  [33mclass[39m=[32m"text-slate-600 dark:text-slate-400 mb-4 line-clamp-2 text-sm"[39m
                [36m>[39m
                  [0mA test project description[0m
                [36m</p>[39m
                [36m<div[39m
                  [33mclass[39m=[32m"flex flex-wrap gap-2 mb-4"[39m
                [36m>[39m
                  [36m<span[39m
                    [33mclass[39m=[32m"px-2 py-1 bg-slate-100 dark:bg-slate-700 text-slate-700 dark:text-slate-300 rounded text-xs font-medium"[39m
                  [36m>[39m
                    [0mReact[0m
                  [36m</span>[39m
                  [36m<span[39m
                    [33mclass[39m=[32m"px-2 py-1 bg-slate-100 dark:bg-slate-700 text-slate-700 dark:text-slate-300 rounded text-xs font-medium"[39m
                  [36m>[39m
                    [0mTypeScript[0m
                  [36m</span>[39m
                  [36m<span[39m
                    [33mclass[39m=[32m"px-2 py-1 bg-slate-100 dark:bg-slate-700 text-slate-700 dark:text-slate-300 rounded text-xs font-medium"[39m
                  [36m>[39m
                    [0mTailwind CSS[0m
                  [36m</span>[39m
                  [36m<span[39m
                    [33mclass[39m=[32m"px-2 py-1 bg-slate-100 dark:bg-slate-700 text-slate-700 dark:text-slate-300 rounded text-xs font-medium"[39m
                  [36m>[39m
                    [0m+[0m
                    [0m1[0m
                  [36m</span>[39m
                [36m</div>[39m
                [36m<p[39m
                  [33mclass[39m=[32m"text-sm text-blue-600 dark:text-blue-400 font-semibold"[39m
                [36m>[39m
                  [0m✓ [0m
                  [0m50% increase in performance[0m
                [36m</p>[39m
              [36m</div>[39m
            [36m</div>[39m
          [36m</a>[39m
        [36m</div>[39m
      [36m</div>[39m
    [36m</body>[39m

    [0m [90m 72 |[39m   it([32m'renders first result'[39m[33m,[39m () [33m=>[39m {
     [90m 73 |[39m     render([33m<[39m[33mProjectCard[39m project[33m=[39m{mockProject} language[33m=[39m[32m"fr"[39m [33m/[39m[33m>[39m)[33m;[39m
    [31m[1m>[22m[39m[90m 74 |[39m     expect(screen[33m.[39mgetByText([32m'50% increase in performance'[39m))[33m.[39mtoBeInTheDocument()[33m;[39m
     [90m    |[39m                   [31m[1m^[22m[39m
     [90m 75 |[39m   })[33m;[39m
     [90m 76 |[39m
     [90m 77 |[39m   it([32m'renders link to project detail page'[39m[33m,[39m () [33m=>[39m {[0m

      at Object.getElementError (node_modules/@testing-library/dom/dist/config.js:37:19)
      at node_modules/@testing-library/dom/dist/query-helpers.js:76:38
      at node_modules/@testing-library/dom/dist/query-helpers.js:52:17
      at node_modules/@testing-library/dom/dist/query-helpers.js:95:19
      at Object.getByText (components/projects/__tests__/ProjectCard.test.tsx:74:19)

FAIL components/project-detail/__tests__/ProjectNavigation.test.tsx
  ● ProjectNavigation Component › renders previous project link

    TestingLibraryElementError: Unable to find an element with the text: Projet précédent. This could be because the text is broken up by multiple elements. In this case, you can provide a function for your text matcher to make your matcher more flexible.

    Ignored nodes: comments, script, style
    [36m<body>[39m
      [36m<div>[39m
        [36m<section[39m
          [33mclass[39m=[32m"py-20 px-4 bg-slate-50 dark:bg-slate-900"[39m
        [36m>[39m
          [36m<div[39m
            [33mclass[39m=[32m"max-w-7xl mx-auto"[39m
          [36m>[39m
            [36m<div[39m
              [33mclass[39m=[32m"grid grid-cols-1 md:grid-cols-2 gap-8"[39m
            [36m>[39m
              [36m<div[39m
                [33minitial[39m=[32m"[object Object]"[39m
                [33mtransition[39m=[32m"[object Object]"[39m
                [33mviewport[39m=[32m"[object Object]"[39m
                [33mwhileinview[39m=[32m"[object Object]"[39m
              [36m>[39m
                [36m<a[39m
                  [33mhref[39m=[32m"/projets/previous"[39m
                [36m>[39m
                  [36m<div[39m
                    [33mclass[39m=[32m"bg-white dark:bg-slate-800 p-6 rounded-lg shadow-md hover:shadow-lg transition-shadow border border-slate-200 dark:border-slate-700 cursor-pointer"[39m
                  [36m>[39m
                    [36m<p[39m
                      [33mclass[39m=[32m"text-sm text-slate-600 dark:text-slate-400 mb-2"[39m
                    [36m>[39m
                      [0m← [0m
                      [0mProjet précédent[0m
                    [36m</p>[39m
                    [36m<h3[39m
                      [33mclass[39m=[32m"text-xl font-bold text-slate-900 dark:text-white hover:text-blue-600 dark:hover:text-blue-400 transition-colors"[39m
                    [36m>[39m
                      [0mPrevious Project[0m
                    [36m</h3>[39m
                  [36m</div>[39m
                [36m</a>[39m
              [36m</div>[39m
              [36m<div />[39m
            [36m</div>[39m
          [36m</div>[39m
        [36m</section>[39m
      [36m</div>[39m
    [36m</body>[39m

    [0m [90m 47 |[39m       [33m<[39m[33mProjectNavigation[39m previousProject[33m=[39m{previousProject} nextProject[33m=[39m{[36mnull[39m} [33m/[39m[33m>[39m
     [90m 48 |[39m     )[33m;[39m
    [31m[1m>[22m[39m[90m 49 |[39m     expect(screen[33m.[39mgetByText([32m'Projet précédent'[39m))[33m.[39mtoBeInTheDocument()[33m;[39m
     [90m    |[39m                   [31m[1m^[22m[39m
     [90m 50 |[39m     expect(screen[33m.[39mgetByText([32m'Previous Project'[39m))[33m.[39mtoBeInTheDocument()[33m;[39m
     [90m 51 |[39m   })[33m;[39m
     [90m 52 |[39m[0m

      at Object.getElementError (node_modules/@testing-library/dom/dist/config.js:37:19)
      at node_modules/@testing-library/dom/dist/query-helpers.js:76:38
      at node_modules/@testing-library/dom/dist/query-helpers.js:52:17
      at node_modules/@testing-library/dom/dist/query-helpers.js:95:19
      at Object.getByText (components/project-detail/__tests__/ProjectNavigation.test.tsx:49:19)

  ● ProjectNavigation Component › renders next project link

    TestingLibraryElementError: Unable to find an element with the text: Projet suivant. This could be because the text is broken up by multiple elements. In this case, you can provide a function for your text matcher to make your matcher more flexible.

    Ignored nodes: comments, script, style
    [36m<body>[39m
      [36m<div>[39m
        [36m<section[39m
          [33mclass[39m=[32m"py-20 px-4 bg-slate-50 dark:bg-slate-900"[39m
        [36m>[39m
          [36m<div[39m
            [33mclass[39m=[32m"max-w-7xl mx-auto"[39m
          [36m>[39m
            [36m<div[39m
              [33mclass[39m=[32m"grid grid-cols-1 md:grid-cols-2 gap-8"[39m
            [36m>[39m
              [36m<div />[39m
              [36m<div[39m
                [33mclass[39m=[32m"md:text-right"[39m
                [33minitial[39m=[32m"[object Object]"[39m
                [33mtransition[39m=[32m"[object Object]"[39m
                [33mviewport[39m=[32m"[object Object]"[39m
                [33mwhileinview[39m=[32m"[object Object]"[39m
              [36m>[39m
                [36m<a[39m
                  [33mhref[39m=[32m"/projets/next"[39m
                [36m>[39m
                  [36m<div[39m
                    [33mclass[39m=[32m"bg-white dark:bg-slate-800 p-6 rounded-lg shadow-md hover:shadow-lg transition-shadow border border-slate-200 dark:border-slate-700 cursor-pointer"[39m
                  [36m>[39m
                    [36m<p[39m
                      [33mclass[39m=[32m"text-sm text-slate-600 dark:text-slate-400 mb-2"[39m
                    [36m>[39m
                      [0mProjet suivant[0m
                      [0m →[0m
                    [36m</p>[39m
                    [36m<h3[39m
                      [33mclass[39m=[32m"text-xl font-bold text-slate-900 dark:text-white hover:text-blue-600 dark:hover:text-blue-400 transition-colors"[39m
                    [36m>[39m
                      [0mNext Project[0m
                    [36m</h3>[39m
                  [36m</div>[39m
                [36m</a>[39m
              [36m</div>[39m
            [36m</div>[39m
          [36m</div>[39m
        [36m</section>[39m
      [36m</div>[39m
    [36m</body>[39m

    [0m [90m 56 |[39m       [33m<[39m[33mProjectNavigation[39m previousProject[33m=[39m{[36mnull[39m} nextProject[33m=[39m{nextProject} [33m/[39m[33m>[39m
     [90m 57 |[39m     )[33m;[39m
    [31m[1m>[22m[39m[90m 58 |[39m     expect(screen[33m.[39mgetByText([32m'Projet suivant'[39m))[33m.[39mtoBeInTheDocument()[33m;[39m
     [90m    |[39m                   [31m[1m^[22m[39m
     [90m 59 |[39m     expect(screen[33m.[39mgetByText([32m'Next Project'[39m))[33m.[39mtoBeInTheDocument()[33m;[39m
     [90m 60 |[39m   })[33m;[39m
     [90m 61 |[39m[0m

      at Object.getElementError (node_modules/@testing-library/dom/dist/config.js:37:19)
      at node_modules/@testing-library/dom/dist/query-helpers.js:76:38
      at node_modules/@testing-library/dom/dist/query-helpers.js:52:17
      at node_modules/@testing-library/dom/dist/query-helpers.js:95:19
      at Object.getByText (components/project-detail/__tests__/ProjectNavigation.test.tsx:58:19)

  ● ProjectNavigation Component › renders both navigation links

    TestingLibraryElementError: Unable to find an element with the text: Projet précédent. This could be because the text is broken up by multiple elements. In this case, you can provide a function for your text matcher to make your matcher more flexible.

    Ignored nodes: comments, script, style
    [36m<body>[39m
      [36m<div>[39m
        [36m<section[39m
          [33mclass[39m=[32m"py-20 px-4 bg-slate-50 dark:bg-slate-900"[39m
        [36m>[39m
          [36m<div[39m
            [33mclass[39m=[32m"max-w-7xl mx-auto"[39m
          [36m>[39m
            [36m<div[39m
              [33mclass[39m=[32m"grid grid-cols-1 md:grid-cols-2 gap-8"[39m
            [36m>[39m
              [36m<div[39m
                [33minitial[39m=[32m"[object Object]"[39m
                [33mtransition[39m=[32m"[object Object]"[39m
                [33mviewport[39m=[32m"[object Object]"[39m
                [33mwhileinview[39m=[32m"[object Object]"[39m
              [36m>[39m
                [36m<a[39m
                  [33mhref[39m=[32m"/projets/previous"[39m
                [36m>[39m
                  [36m<div[39m
                    [33mclass[39m=[32m"bg-white dark:bg-slate-800 p-6 rounded-lg shadow-md hover:shadow-lg transition-shadow border border-slate-200 dark:border-slate-700 cursor-pointer"[39m
                  [36m>[39m
                    [36m<p[39m
                      [33mclass[39m=[32m"text-sm text-slate-600 dark:text-slate-400 mb-2"[39m
                    [36m>[39m
                      [0m← [0m
                      [0mProjet précédent[0m
                    [36m</p>[39m
                    [36m<h3[39m
                      [33mclass[39m=[32m"text-xl font-bold text-slate-900 dark:text-white hover:text-blue-600 dark:hover:text-blue-400 transition-colors"[39m
                    [36m>[39m
                      [0mPrevious[0m
                    [36m</h3>[39m
                  [36m</div>[39m
                [36m</a>[39m
              [36m</div>[39m
              [36m<div[39m
                [33mclass[39m=[32m"md:text-right"[39m
                [33minitial[39m=[32m"[object Object]"[39m
                [33mtransition[39m=[32m"[object Object]"[39m
                [33mviewport[39m=[32m"[object Object]"[39m
                [33mwhileinview[39m=[32m"[object Object]"[39m
              [36m>[39m
                [36m<a[39m
                  [33mhref[39m=[32m"/projets/next"[39m
                [36m>[39m
                  [36m<div[39m
                    [33mclass[39m=[32m"bg-white dark:bg-slate-800 p-6 rounded-lg shadow-md hover:shadow-lg transition-shadow border border-slate-200 dark:border-slate-700 cursor-pointer"[39m
                  [36m>[39m
                    [36m<p[39m
                      [33mclass[39m=[32m"text-sm text-slate-600 dark:text-slate-400 mb-2"[39m
                    [36m>[39m
                      [0mProjet suivant[0m
                      [0m →[0m
                    [36m</p>[39m
                    [36m<h3[39m
                      [33mclass[39m=[32m"text-xl font-bold text-slate-900 dark:text-white hover:text-blue-600 dark:hover:text-blue-400 transition-colors"[39m
                    [36m>[39m
                      [0mNext[0m
                    [36m</h3>[39m
                  [36m</div>[39m
                [36m</a>[39m
              [36m</div>[39m
            [36m</div>[39m
          [36m</div>[39m
        [36m</section>[39m
      [36m</div>[39m
    [36m</body>[39m

    [0m [90m 66 |[39m       [33m<[39m[33mProjectNavigation[39m previousProject[33m=[39m{previousProject} nextProject[33m=[39m{nextProject} [33m/[39m[33m>[39m
     [90m 67 |[39m     )[33m;[39m
    [31m[1m>[22m[39m[90m 68 |[39m     expect(screen[33m.[39mgetByText([32m'Projet précédent'[39m))[33m.[39mtoBeInTheDocument()[33m;[39m
     [90m    |[39m                   [31m[1m^[22m[39m
     [90m 69 |[39m     expect(screen[33m.[39mgetByText([32m'Projet suivant'[39m))[33m.[39mtoBeInTheDocument()[33m;[39m
     [90m 70 |[39m   })[33m;[39m
     [90m 71 |[39m[0m

      at Object.getElementError (node_modules/@testing-library/dom/dist/config.js:37:19)
      at node_modules/@testing-library/dom/dist/query-helpers.js:76:38
      at node_modules/@testing-library/dom/dist/query-helpers.js:52:17
      at node_modules/@testing-library/dom/dist/query-helpers.js:95:19
      at Object.getByText (components/project-detail/__tests__/ProjectNavigation.test.tsx:68:19)

FAIL app/__tests__/checkpoint.test.ts
  ● Checkpoint - Test Suite Validation › should validate component structure

    expect(received).toBeGreaterThan(expected)

    Expected: > 30
    Received:   29

    [0m [90m 127 |[39m     )[33m;[39m
     [90m 128 |[39m
    [31m[1m>[22m[39m[90m 129 |[39m     expect(totalComponents)[33m.[39mtoBeGreaterThan([35m30[39m)[33m;[39m
     [90m     |[39m                             [31m[1m^[22m[39m
     [90m 130 |[39m   })[33m;[39m
     [90m 131 |[39m
     [90m 132 |[39m   it([32m'should validate utility functions'[39m[33m,[39m () [33m=>[39m {[0m

      at Object.toBeGreaterThan (app/__tests__/checkpoint.test.ts:129:29)

FAIL components/home/__tests__/HeroSection.test.tsx
  ● HeroSection Component › renders main title in French

    TestingLibraryElementError: Unable to find an element with the text: Développeur Full Stack. This could be because the text is broken up by multiple elements. In this case, you can provide a function for your text matcher to make your matcher more flexible.

    Ignored nodes: comments, script, style
    [36m<body>[39m
      [36m<div>[39m
        [36m<section[39m
          [33manimate[39m=[32m"visible"[39m
          [33mclass[39m=[32m"min-h-screen flex items-center justify-center py-20 px-4"[39m
          [33minitial[39m=[32m"hidden"[39m
          [33mvariants[39m=[32m"[object Object]"[39m
        [36m>[39m
          [36m<div[39m
            [33mclass[39m=[32m"max-w-4xl mx-auto text-center"[39m
          [36m>[39m
            [36m<div[39m
              [33mclass[39m=[32m"mb-6 flex justify-center"[39m
              [33mvariants[39m=[32m"[object Object]"[39m
            [36m>[39m
              [36m<div[39m
                [33mdata-testid[39m=[32m"availability-badge"[39m
              [36m>[39m
                [0mDisponible[0m
              [36m</div>[39m
            [36m</div>[39m
            [36m<h1[39m
              [33mclass[39m=[32m"text-5xl md:text-7xl font-bold mb-6 text-slate-900 dark:text-white leading-tight"[39m
              [33mvariants[39m=[32m"[object Object]"[39m
            [36m>[39m
              [0mDéveloppeur Frontend[0m
            [36m</h1>[39m
            [36m<p[39m
              [33mclass[39m=[32m"text-xl md:text-2xl text-slate-600 dark:text-slate-400 mb-8 max-w-2xl mx-auto"[39m
              [33mvariants[39m=[32m"[object Object]"[39m
            [36m>[39m
              [0mJe transforme vos idées en solutions numériques innovantes. Web, Mobile, E-commerce, IoT et Backend.[0m
            [36m</p>[39m
            [36m<div[39m
              [33mclass[39m=[32m"flex flex-col sm:flex-row gap-4 justify-center"[39m
              [33mvariants[39m=[32m"[object Object]"[39m
            [36m>[39m
              [36m<a[39m
                [33mclass[39m=[32m"px-8 py-4 bg-blue-600 hover:bg-blue-700 text-white rounded-lg font-semibold transition-colors"[39m
                [33mhref[39m=[32m"/projets"[39m
              [36m>[39m
                [0mVoir mes projets[0m
              [36m</a>[39m
              [36m<a[39m
                [33mclass[39m=[32m"px-8 py-4 bg-slate-200 dark:bg-slate-800 hover:bg-slate-300 dark:hover:bg-slate-700 text-slate-900 dark:text-white rounded-lg font-semibold transition-colors"[39m
                [33mhref[39m=[32m"/contact"[39m
              [36m>[39m
                [0mMe contacter[0m
              [36m</a>[39m
            [36m</div>[39m
            [36m<div[39m
              [33manimate[39m=[32m"[object Object]"[39m
              [33mclass[39m=[32m"mt-16 flex justify-center"[39m
              [33mtransition[39m=[32m"[object Object]"[39m
              [33mvariants[39m=[32m"[object Object]"[39m
            [36m>[39m
              [36m<svg[39m
                [33mclass[39m=[32m"w-6 h-6 text-slate-400 dark:text-slate-600"[39m
                [33mfill[39m=[32m"none"[39m
                [33mstroke[39m=[32m"currentColor"[39m
                [33mviewBox[39m=[32m"0 0 24 24"[39m
              [36m>[39m
                [36m<path[39m
                  [33md[39m=[32m"M19 14l-7 7m0 0l-7-7m7 7V3"[39m
                  [33mstroke-linecap[39m=[32m"round"[39m
                  [33mstroke-linejoin[39m=[32m"round"[39m
                  [33mstroke-width[39m=[32m"2"[39m
                [36m/>[39m
              [36m</svg>[39m
            [36m</div>[39m
          [36m</div>[39m
        [36m</section>[39m
      [36m</div>[39m
    [36m</body>[39m

    [0m [90m 35 |[39m   it([32m'renders main title in French'[39m[33m,[39m () [33m=>[39m {
     [90m 36 |[39m     render([33m<[39m[33mHeroSection[39m [33m/[39m[33m>[39m)[33m;[39m
    [31m[1m>[22m[39m[90m 37 |[39m     expect(screen[33m.[39mgetByText([32m'Développeur Full Stack'[39m))[33m.[39mtoBeInTheDocument()[33m;[39m
     [90m    |[39m                   [31m[1m^[22m[39m
     [90m 38 |[39m   })[33m;[39m
     [90m 39 |[39m
     [90m 40 |[39m   it([32m'renders subtitle in French'[39m[33m,[39m () [33m=>[39m {[0m

      at Object.getElementError (node_modules/@testing-library/dom/dist/config.js:37:19)
      at node_modules/@testing-library/dom/dist/query-helpers.js:76:38
      at node_modules/@testing-library/dom/dist/query-helpers.js:52:17
      at node_modules/@testing-library/dom/dist/query-helpers.js:95:19
      at Object.getByText (components/home/__tests__/HeroSection.test.tsx:37:19)

FAIL lib/__tests__/seo.test.ts
  ● SEO Metadata › should include canonical URL

    expect(received).toBeDefined()

    Received: undefined

    [0m [90m  98 |[39m     )[33m;[39m
     [90m  99 |[39m
    [31m[1m>[22m[39m[90m 100 |[39m     expect(metadata[33m.[39malternates)[33m.[39mtoBeDefined()[33m;[39m
     [90m     |[39m                                 [31m[1m^[22m[39m
     [90m 101 |[39m     expect(metadata[33m.[39malternates[33m?[39m[33m.[39mcanonical)[33m.[39mtoContain([32m'/test'[39m)[33m;[39m
     [90m 102 |[39m   })[33m;[39m
     [90m 103 |[39m[0m

      at Object.toBeDefined (lib/__tests__/seo.test.ts:100:33)

  ● SEO Metadata › should include robots metadata

    expect(received).toBeDefined()

    Received: undefined

    [0m [90m 109 |[39m     )[33m;[39m
     [90m 110 |[39m
    [31m[1m>[22m[39m[90m 111 |[39m     expect(metadata[33m.[39mrobots)[33m.[39mtoBeDefined()[33m;[39m
     [90m     |[39m                             [31m[1m^[22m[39m
     [90m 112 |[39m     expect(metadata[33m.[39mrobots[33m?[39m[33m.[39mindex)[33m.[39mtoBe([36mtrue[39m)[33m;[39m
     [90m 113 |[39m     expect(metadata[33m.[39mrobots[33m?[39m[33m.[39mfollow)[33m.[39mtoBe([36mtrue[39m)[33m;[39m
     [90m 114 |[39m   })[33m;[39m[0m

      at Object.toBeDefined (lib/__tests__/seo.test.ts:111:29)

  ● SEO Metadata › should include viewport metadata

    expect(received).toBeDefined()

    Received: undefined

    [0m [90m 134 |[39m     )[33m;[39m
     [90m 135 |[39m
    [31m[1m>[22m[39m[90m 136 |[39m     expect(metadata[33m.[39mviewport)[33m.[39mtoBeDefined()[33m;[39m
     [90m     |[39m                               [31m[1m^[22m[39m
     [90m 137 |[39m   })[33m;[39m
     [90m 138 |[39m
     [90m 139 |[39m   it([32m'should have consistent metadata structure'[39m[33m,[39m () [33m=>[39m {[0m

      at Object.toBeDefined (lib/__tests__/seo.test.ts:136:31)

FAIL components/projects/__tests__/ProjectFilter.property.test.tsx
  ● ProjectFilter - Property: Filter Accuracy › Filter completeness › should cover all projects across all categories

    expect(received).toBe(expected) // Object.is equality

    Expected: 5
    Received: 4

    [0m [90m 89 |[39m       [36mconst[39m allFilteredProjects [33m=[39m projectsByCategory[33m.[39mflat()[33m;[39m
     [90m 90 |[39m
    [31m[1m>[22m[39m[90m 91 |[39m       expect(allFilteredProjects[33m.[39mlength)[33m.[39mtoBe(allProjects[33m.[39mlength)[33m;[39m
     [90m    |[39m                                          [31m[1m^[22m[39m
     [90m 92 |[39m     })[33m;[39m
     [90m 93 |[39m
     [90m 94 |[39m     it([32m'should not have duplicate projects across categories'[39m[33m,[39m () [33m=>[39m {[0m

      at Object.toBe (components/projects/__tests__/ProjectFilter.property.test.tsx:91:42)

FAIL components/layout/__tests__/Navigation.test.tsx
  ● Navigation Component › highlights the active page

    expect(element).toHaveClass("text-blue-600")

    Expected the element to have class:
      text-blue-600
    Received:

    [0m [90m 29 |[39m     
     [90m 30 |[39m     [36mconst[39m homeLink [33m=[39m screen[33m.[39mgetByText([32m'Accueil'[39m)[33m.[39mclosest([32m'a'[39m)[33m;[39m
    [31m[1m>[22m[39m[90m 31 |[39m     expect(homeLink)[33m.[39mtoHaveClass([32m'text-blue-600'[39m)[33m;[39m
     [90m    |[39m                      [31m[1m^[22m[39m
     [90m 32 |[39m     expect(homeLink)[33m.[39mtoHaveClass([32m'border-blue-600'[39m)[33m;[39m
     [90m 33 |[39m   })[33m;[39m
     [90m 34 |[39m[0m

      at Object.toHaveClass (components/layout/__tests__/Navigation.test.tsx:31:22)

  ● Navigation Component › does not highlight inactive pages

    expect(element).toHaveClass("text-slate-600")

    Expected the element to have class:
      text-slate-600
    Received:

    [0m [90m 39 |[39m     
     [90m 40 |[39m     [36mconst[39m aboutLink [33m=[39m screen[33m.[39mgetByText([32m'À propos'[39m)[33m.[39mclosest([32m'a'[39m)[33m;[39m
    [31m[1m>[22m[39m[90m 41 |[39m     expect(aboutLink)[33m.[39mtoHaveClass([32m'text-slate-600'[39m)[33m;[39m
     [90m    |[39m                       [31m[1m^[22m[39m
     [90m 42 |[39m     expect(aboutLink)[33m.[39mnot[33m.[39mtoHaveClass([32m'text-blue-600'[39m)[33m;[39m
     [90m 43 |[39m   })[33m;[39m
     [90m 44 |[39m[0m

      at Object.toHaveClass (components/layout/__tests__/Navigation.test.tsx:41:23)

  ● Navigation Component › applies mobile styles when mobile prop is true

    expect(element).toHaveClass("flex-col")

    Expected the element to have class:
      flex-col
    Received:

    [0m [90m 61 |[39m     
     [90m 62 |[39m     [36mconst[39m nav [33m=[39m container[33m.[39mfirstChild[33m;[39m
    [31m[1m>[22m[39m[90m 63 |[39m     expect(nav)[33m.[39mtoHaveClass([32m'flex-col'[39m)[33m;[39m
     [90m    |[39m                 [31m[1m^[22m[39m
     [90m 64 |[39m     expect(nav)[33m.[39mtoHaveClass([32m'gap-2'[39m)[33m;[39m
     [90m 65 |[39m   })[33m;[39m
     [90m 66 |[39m[0m

      at Object.toHaveClass (components/layout/__tests__/Navigation.test.tsx:63:17)

  ● Navigation Component › calls onNavigate callback when provided

    expect(jest.fn()).toHaveBeenCalled()

    Expected number of calls: >= 1
    Received number of calls:    0

    [0m [90m 73 |[39m     [36mconst[39m link [33m=[39m screen[33m.[39mgetByText([32m'À propos'[39m)[33m.[39mclosest([32m'a'[39m)[33m;[39m
     [90m 74 |[39m     link[33m?[39m[33m.[39mclick()[33m;[39m
    [31m[1m>[22m[39m[90m 75 |[39m     expect(onNavigate)[33m.[39mtoHaveBeenCalled()[33m;[39m
     [90m    |[39m                        [31m[1m^[22m[39m
     [90m 76 |[39m   })[33m;[39m
     [90m 77 |[39m })[33m;[39m
     [90m 78 |[39m[0m

      at Object.toHaveBeenCalled (components/layout/__tests__/Navigation.test.tsx:75:24)

FAIL components/shared/__tests__/PageTransition.property.test.tsx
  ● PageTransition - Property: Transition Completion › should maintain transition timing for complex content

    expect(received).toBeLessThan(expected)

    Expected: < 500
    Received:   544

    [0m [90m 200 |[39m     [36mconst[39m duration [33m=[39m endTime [33m-[39m startTime[33m;[39m
     [90m 201 |[39m
    [31m[1m>[22m[39m[90m 202 |[39m     expect(duration)[33m.[39mtoBeLessThan([35m500[39m)[33m;[39m
     [90m     |[39m                      [31m[1m^[22m[39m
     [90m 203 |[39m     expect(screen[33m.[39mgetByText([32m'Title'[39m))[33m.[39mtoBeInTheDocument()[33m;[39m
     [90m 204 |[39m     expect(screen[33m.[39mgetByText([32m'Description'[39m))[33m.[39mtoBeInTheDocument()[33m;[39m
     [90m 205 |[39m   })[33m;[39m[0m

      at Object.toBeLessThan (components/shared/__tests__/PageTransition.property.test.tsx:202:22)


Test Suites: 24 failed, 18 passed, 42 total
Tests:       72 failed, 253 passed, 325 total
Snapshots:   0 total
Time:        18.223 s
Ran all test suites.
